checking @repository/capabilities/profiles/T78-password/aes-128-stream-crypt-array.pdf
PDF Version: 1.7
R = 4
P = -4
[credential redacted]
Supplied password is user password
extract for accessibility: allowed
extract for any purpose: allowed
print low resolution: allowed
print high resolution: allowed
modify document assembly: allowed
modify forms: allowed
modify annotations: allowed
modify other: allowed
modify anything: allowed
stream encryption method: AESv2
string encryption method: AESv2
file encryption method: AESv2
File is not linearized
No syntax or stream encoding errors found; the file may still contain
errors that qpdf cannot detect
