[INFO] Scanning for projects...
[INFO] ------------------------------------------------------------------------
[INFO] Reactor Build Order:
[INFO] 
[INFO] Folio PDF by ZeroCloud - Parent                                    [pom]
[INFO] Folio PDF by ZeroCloud - Capability Provider Contract              [jar]
[INFO] Folio PDF by ZeroCloud - Conversion                                [jar]
[INFO] Folio PDF by ZeroCloud - Document Engine                           [jar]
[INFO] Folio PDF by ZeroCloud - Stable iText 7 Migration Facade           [jar]
[INFO] Folio PDF by ZeroCloud - Preview iText 7 Migration Facade          [jar]
[INFO] 
[INFO] ----------------------< net.zerocloud:pdf-parent >----------------------
[INFO] Building Folio PDF by ZeroCloud - Parent 0.1.0-SNAPSHOT            [1/6]
[INFO]   from pom.xml
[INFO] --------------------------------[ pom ]---------------------------------
[INFO] 
[INFO] --- enforcer:3.6.2:enforce (enforce-build-runtime) @ pdf-parent ---
[INFO] Rule 0: org.apache.maven.enforcer.rules.version.RequireMavenVersion passed
[INFO] Rule 1: org.apache.maven.enforcer.rules.version.RequireJavaVersion passed
[INFO] 
[INFO] ----------------< net.zerocloud:pdf-provider-contract >-----------------
[INFO] Building Folio PDF by ZeroCloud - Capability Provider Contract 0.1.0-SNAPSHOT [2/6]
[INFO]   from pdf-provider-contract/pom.xml
[INFO] --------------------------------[ jar ]---------------------------------
[INFO] 
[INFO] --- enforcer:3.6.2:enforce (enforce-build-runtime) @ pdf-provider-contract ---
[INFO] 
[INFO] --- resources:3.3.1:resources (default-resources) @ pdf-provider-contract ---
[INFO] Copying 1 resource from src/main/resources to target/classes
[INFO] Copying 2 resources from .. to target/classes/META-INF
[INFO] 
[INFO] --- compiler:3.15.0:compile (default-compile) @ pdf-provider-contract ---
[INFO] Nothing to compile - all classes are up to date.
[INFO] 
[INFO] --- resources:3.3.1:testResources (default-testResources) @ pdf-provider-contract ---
[INFO] skip non existing resourceDirectory /home/ubuntu/IdeaProjects/open-pdf/pdf-provider-contract/src/test/resources
[INFO] 
[INFO] --- compiler:3.15.0:testCompile (default-testCompile) @ pdf-provider-contract ---
[INFO] Nothing to compile - all classes are up to date.
[INFO] 
[INFO] --- surefire:3.5.4:test (default-test) @ pdf-provider-contract ---
[INFO] 
[INFO] --- jar:3.4.2:jar (default-jar) @ pdf-provider-contract ---
[INFO] Building jar: /home/ubuntu/IdeaProjects/open-pdf/pdf-provider-contract/target/pdf-provider-contract-0.1.0-SNAPSHOT.jar
[INFO] 
[INFO] --------------------< net.zerocloud:pdf-conversion >--------------------
[INFO] Building Folio PDF by ZeroCloud - Conversion 0.1.0-SNAPSHOT        [3/6]
[INFO]   from pdf-conversion/pom.xml
[INFO] --------------------------------[ jar ]---------------------------------
[INFO] 
[INFO] --- enforcer:3.6.2:enforce (enforce-build-runtime) @ pdf-conversion ---
[INFO] 
[INFO] --- resources:3.3.1:resources (default-resources) @ pdf-conversion ---
[INFO] skip non existing resourceDirectory /home/ubuntu/IdeaProjects/open-pdf/pdf-conversion/src/main/resources
[INFO] Copying 2 resources from .. to target/classes/META-INF
[INFO] 
[INFO] --- compiler:3.15.0:compile (default-compile) @ pdf-conversion ---
[INFO] Recompiling the module because of changed dependency.
[INFO] Compiling 3 source files with javac [debug parameters release 8] to target/classes
[INFO] 
[INFO] --- resources:3.3.1:testResources (default-testResources) @ pdf-conversion ---
[INFO] skip non existing resourceDirectory /home/ubuntu/IdeaProjects/open-pdf/pdf-conversion/src/test/resources
[INFO] Copying 1 resource from ../pdf-acceptance/src/main/resources/net/zerocloud/pdf/acceptance/fonts/noto to target/test-classes/net/zerocloud/pdf/fixtures/noto
[INFO] 
[INFO] --- compiler:3.15.0:testCompile (default-testCompile) @ pdf-conversion ---
[INFO] Recompiling the module because of changed dependency.
[INFO] Compiling 5 source files with javac [debug parameters release 8] to target/test-classes
[INFO] 
[INFO] --- surefire:3.5.4:test (default-test) @ pdf-conversion ---
[INFO] 
[INFO] --- jar:3.4.2:jar (default-jar) @ pdf-conversion ---
[INFO] Building jar: /home/ubuntu/IdeaProjects/open-pdf/pdf-conversion/target/pdf-conversion-0.1.0-SNAPSHOT.jar
[INFO] 
[INFO] --- failsafe:3.5.4:integration-test (default) @ pdf-conversion ---
[INFO] Using auto detected provider org.apache.maven.surefire.junit4.JUnit4Provider
[INFO] 
[INFO] -------------------------------------------------------
[INFO]  T E S T S
[INFO] -------------------------------------------------------
[INFO] Running net.zerocloud.pdf.conversion.contract.JarContractIT
[INFO] Tests run: 1, Failures: 0, Errors: 0, Skipped: 0, Time elapsed: 0.059 s -- in net.zerocloud.pdf.conversion.contract.JarContractIT
[INFO] Running net.zerocloud.pdf.conversion.contract.PublicApiLeakageIT
[INFO] Tests run: 1, Failures: 0, Errors: 0, Skipped: 0, Time elapsed: 0.016 s -- in net.zerocloud.pdf.conversion.contract.PublicApiLeakageIT
[INFO] 
[INFO] Results:
[INFO] 
[INFO] Tests run: 2, Failures: 0, Errors: 0, Skipped: 0
[INFO] 
[INFO] 
[INFO] --- failsafe:3.5.4:verify (default) @ pdf-conversion ---
[INFO] 
[INFO] ---------------------< net.zerocloud:pdf-document >---------------------
[INFO] Building Folio PDF by ZeroCloud - Document Engine 0.1.0-SNAPSHOT   [4/6]
[INFO]   from pdf-document/pom.xml
[INFO] --------------------------------[ jar ]---------------------------------
[INFO] 
[INFO] --- enforcer:3.6.2:enforce (enforce-build-runtime) @ pdf-document ---
[INFO] 
[INFO] --- resources:3.3.1:resources (default-resources) @ pdf-document ---
[INFO] Copying 1 resource from src/main/resources to target/classes
[INFO] Copying 2 resources from .. to target/classes/META-INF
[INFO] 
[INFO] --- compiler:3.15.0:compile (default-compile) @ pdf-document ---
[INFO] Recompiling the module because of changed dependency.
[INFO] Compiling 274 source files with javac [debug parameters release 8] to target/classes
[INFO] 
[INFO] --- resources:3.3.1:testResources (default-testResources) @ pdf-document ---
[INFO] Copying 12 resources from src/test/resources to target/test-classes
[INFO] Copying 15 resources from ../pdf-acceptance/src/main/resources/net/zerocloud/pdf/acceptance/fonts/noto to target/test-classes/net/zerocloud/pdf/fixtures/noto
[INFO] 
[INFO] --- compiler:3.15.0:testCompile (default-testCompile) @ pdf-document ---
[INFO] Recompiling the module because of changed dependency.
[INFO] Compiling 44 source files with javac [debug parameters release 8] to target/test-classes
[INFO] /home/ubuntu/IdeaProjects/open-pdf/pdf-document/src/test/java/net/zerocloud/pdf/consumer/BlankDocumentWorkflowTest.java: Some input files use or override a deprecated API.
[INFO] /home/ubuntu/IdeaProjects/open-pdf/pdf-document/src/test/java/net/zerocloud/pdf/consumer/BlankDocumentWorkflowTest.java: Recompile with -Xlint:deprecation for details.
[INFO] 
[INFO] --- surefire:3.5.4:test (default-test) @ pdf-document ---
[INFO] Using auto detected provider org.apache.maven.surefire.junit4.JUnit4Provider
[INFO] 
[INFO] -------------------------------------------------------
[INFO]  T E S T S
[INFO] -------------------------------------------------------
[INFO] Running net.zerocloud.pdf.consumer.TextStructureExtractionWorkflowTest
Sep 13, 2026 5:25:49 AM org.apache.pdfbox.pdmodel.font.PDCIDFontType2 findFontOrSubstitute
WARNING: Using fallback font LiberationSans for CID-keyed TrueType font FolioT75
Sep 13, 2026 5:25:49 AM org.apache.pdfbox.pdmodel.font.PDCIDFontType2 findFontOrSubstitute
WARNING: Using fallback font LiberationSans for CID-keyed TrueType font FolioT75
Sep 13, 2026 5:25:49 AM org.apache.pdfbox.pdmodel.font.PDCIDFontType0 <init>
WARNING: Using fallback LiberationSans for CID-keyed font FolioT75
Sep 13, 2026 5:25:49 AM org.apache.pdfbox.pdmodel.font.PDCIDFontType2 findFontOrSubstitute
WARNING: Using fallback font LiberationSans for CID-keyed TrueType font FolioT75
Sep 13, 2026 5:25:49 AM org.apache.pdfbox.pdmodel.font.PDCIDFontType0 <init>
WARNING: Using fallback LiberationSans for CID-keyed font FolioT75
Sep 13, 2026 5:25:49 AM org.apache.pdfbox.pdmodel.font.PDCIDFontType2 findFontOrSubstitute
WARNING: Using fallback font LiberationSans for CID-keyed TrueType font FolioT75
Sep 13, 2026 5:25:49 AM org.apache.pdfbox.pdmodel.font.PDCIDFontType2 findFontOrSubstitute
WARNING: Using fallback font LiberationSans for CID-keyed TrueType font FolioT75
Sep 13, 2026 5:25:49 AM org.apache.pdfbox.pdmodel.font.PDCIDFontType2 findFontOrSubstitute
WARNING: Using fallback font LiberationSans for CID-keyed TrueType font FolioT75
Sep 13, 2026 5:25:49 AM org.apache.pdfbox.pdmodel.font.PDCIDFontType2 findFontOrSubstitute
WARNING: Using fallback font LiberationSans for CID-keyed TrueType font FolioT75
Sep 13, 2026 5:25:49 AM org.apache.pdfbox.pdmodel.font.PDCIDFontType2 findFontOrSubstitute
WARNING: Using fallback font LiberationSans for CID-keyed TrueType font FolioT75
Sep 13, 2026 5:25:49 AM org.apache.pdfbox.pdmodel.font.PDCIDFontType2 findFontOrSubstitute
WARNING: Using fallback font LiberationSans for CID-keyed TrueType font FolioT75
Sep 13, 2026 5:25:49 AM org.apache.pdfbox.pdmodel.font.PDCIDFontType2 findFontOrSubstitute
WARNING: Using fallback font LiberationSans for CID-keyed TrueType font FolioT75
Sep 13, 2026 5:25:49 AM org.apache.pdfbox.pdmodel.font.PDCIDFontType2 findFontOrSubstitute
WARNING: Using fallback font LiberationSans for CID-keyed TrueType font FolioT75
Sep 13, 2026 5:25:49 AM org.apache.pdfbox.pdmodel.font.PDCIDFontType2 findFontOrSubstitute
WARNING: Using fallback font LiberationSans for CID-keyed TrueType font FolioT75
Sep 13, 2026 5:25:49 AM org.apache.pdfbox.pdmodel.font.PDCIDFontType2 findFontOrSubstitute
WARNING: Using fallback font LiberationSans for CID-keyed TrueType font FolioT75
Sep 13, 2026 5:25:49 AM org.apache.pdfbox.pdmodel.font.PDCIDFontType2 findFontOrSubstitute
WARNING: Using fallback font LiberationSans for CID-keyed TrueType font FolioT75
Sep 13, 2026 5:25:49 AM org.apache.pdfbox.pdmodel.font.PDCIDFontType2 findFontOrSubstitute
WARNING: Using fallback font LiberationSans for CID-keyed TrueType font FolioT75
Sep 13, 2026 5:25:49 AM org.apache.pdfbox.pdmodel.font.PDCIDFontType2 findFontOrSubstitute
WARNING: Using fallback font LiberationSans for CID-keyed TrueType font FolioT75
Sep 13, 2026 5:25:49 AM org.apache.pdfbox.pdmodel.font.PDCIDFontType2 findFontOrSubstitute
WARNING: Using fallback font LiberationSans for CID-keyed TrueType font FolioT75
Sep 13, 2026 5:25:49 AM org.apache.pdfbox.pdmodel.font.PDCIDFontType2 findFontOrSubstitute
WARNING: Using fallback font LiberationSans for CID-keyed TrueType font FolioT75
Sep 13, 2026 5:25:49 AM org.apache.pdfbox.pdmodel.font.PDCIDFontType2 findFontOrSubstitute
WARNING: Using fallback font LiberationSans for CID-keyed TrueType font FolioT75
Sep 13, 2026 5:25:49 AM org.apache.pdfbox.pdmodel.font.PDCIDFontType2 findFontOrSubstitute
WARNING: Using fallback font LiberationSans for CID-keyed TrueType font FolioT75
Sep 13, 2026 5:25:49 AM org.apache.pdfbox.pdmodel.font.PDCIDFontType2 findFontOrSubstitute
WARNING: Using fallback font LiberationSans for CID-keyed TrueType font FolioT75
Sep 13, 2026 5:25:49 AM org.apache.pdfbox.pdmodel.font.PDCIDFontType2 findFontOrSubstitute
WARNING: Using fallback font LiberationSans for CID-keyed TrueType font FolioT75
Sep 13, 2026 5:25:49 AM org.apache.pdfbox.pdmodel.font.PDCIDFontType2 findFontOrSubstitute
WARNING: Using fallback font LiberationSans for CID-keyed TrueType font FolioT75
Sep 13, 2026 5:25:49 AM org.apache.pdfbox.pdmodel.font.PDCIDFontType2 findFontOrSubstitute
WARNING: Using fallback font LiberationSans for CID-keyed TrueType font FolioT75
Sep 13, 2026 5:25:49 AM org.apache.pdfbox.pdmodel.font.PDCIDFontType2 findFontOrSubstitute
WARNING: Using fallback font LiberationSans for CID-keyed TrueType font FolioT75
Sep 13, 2026 5:25:49 AM org.apache.pdfbox.pdmodel.font.PDCIDFontType2 findFontOrSubstitute
WARNING: Using fallback font LiberationSans for CID-keyed TrueType font FolioT75
Sep 13, 2026 5:25:49 AM org.apache.pdfbox.pdmodel.font.PDCIDFontType2 findFontOrSubstitute
WARNING: Using fallback font LiberationSans for CID-keyed TrueType font FolioT75
Sep 13, 2026 5:25:49 AM org.apache.pdfbox.pdmodel.font.PDCIDFontType2 findFontOrSubstitute
WARNING: Using fallback font LiberationSans for CID-keyed TrueType font FolioT75
Sep 13, 2026 5:25:49 AM org.apache.pdfbox.pdmodel.font.PDCIDFontType2 findFontOrSubstitute
WARNING: Using fallback font LiberationSans for CID-keyed TrueType font FolioT75
Sep 13, 2026 5:25:49 AM org.apache.pdfbox.pdmodel.font.PDCIDFontType2 findFontOrSubstitute
WARNING: Using fallback font LiberationSans for CID-keyed TrueType font FolioT75
Sep 13, 2026 5:25:49 AM org.apache.pdfbox.pdmodel.font.PDCIDFontType2 findFontOrSubstitute
WARNING: Using fallback font LiberationSans for CID-keyed TrueType font FolioT75
Sep 13, 2026 5:25:50 AM org.apache.pdfbox.pdmodel.font.PDCIDFontType2 findFontOrSubstitute
WARNING: Using fallback font LiberationSans for CID-keyed TrueType font FolioT75
Sep 13, 2026 5:25:50 AM org.apache.pdfbox.pdmodel.font.PDCIDFontType2 findFontOrSubstitute
WARNING: Using fallback font LiberationSans for CID-keyed TrueType font FolioT75
Sep 13, 2026 5:25:50 AM org.apache.pdfbox.pdmodel.font.PDCIDFontType2 findFontOrSubstitute
WARNING: Using fallback font LiberationSans for CID-keyed TrueType font FolioT75
Sep 13, 2026 5:25:50 AM org.apache.pdfbox.pdmodel.font.PDCIDFontType2 findFontOrSubstitute
WARNING: Using fallback font LiberationSans for CID-keyed TrueType font FolioT75
Sep 13, 2026 5:25:50 AM org.apache.pdfbox.pdmodel.font.PDCIDFontType2 findFontOrSubstitute
WARNING: Using fallback font LiberationSans for CID-keyed TrueType font FolioT75
Sep 13, 2026 5:25:50 AM org.apache.pdfbox.pdmodel.font.PDCIDFontType2 findFontOrSubstitute
WARNING: Using fallback font LiberationSans for CID-keyed TrueType font FolioT75
Sep 13, 2026 5:25:50 AM org.apache.pdfbox.pdmodel.font.PDCIDFontType2 findFontOrSubstitute
WARNING: Using fallback font LiberationSans for CID-keyed TrueType font FolioT75
Sep 13, 2026 5:25:50 AM org.apache.pdfbox.pdmodel.font.PDCIDFontType2 findFontOrSubstitute
WARNING: Using fallback font LiberationSans for CID-keyed TrueType font FolioT75
Sep 13, 2026 5:25:50 AM org.apache.pdfbox.pdmodel.font.PDCIDFontType2 findFontOrSubstitute
WARNING: Using fallback font LiberationSans for CID-keyed TrueType font FolioT75
Sep 13, 2026 5:25:50 AM org.apache.pdfbox.pdmodel.font.PDCIDFontType2 findFontOrSubstitute
WARNING: Using fallback font LiberationSans for CID-keyed TrueType font FolioT75
Sep 13, 2026 5:25:50 AM org.apache.pdfbox.pdmodel.font.PDCIDFontType2 findFontOrSubstitute
WARNING: Using fallback font LiberationSans for CID-keyed TrueType font FolioT75
Sep 13, 2026 5:25:50 AM org.apache.pdfbox.pdmodel.font.PDCIDFontType2 findFontOrSubstitute
WARNING: Using fallback font LiberationSans for CID-keyed TrueType font FolioT75
Sep 13, 2026 5:25:50 AM org.apache.pdfbox.pdmodel.font.PDCIDFontType2 findFontOrSubstitute
WARNING: Using fallback font LiberationSans for CID-keyed TrueType font FolioT75
Sep 13, 2026 5:25:50 AM org.apache.pdfbox.pdmodel.font.PDCIDFontType2 findFontOrSubstitute
WARNING: Using fallback font LiberationSans for CID-keyed TrueType font FolioT75
Sep 13, 2026 5:25:50 AM org.apache.pdfbox.pdmodel.font.PDCIDFontType2 findFontOrSubstitute
WARNING: Using fallback font LiberationSans for CID-keyed TrueType font FolioT75
Sep 13, 2026 5:25:50 AM org.apache.pdfbox.pdmodel.font.PDCIDFontType2 findFontOrSubstitute
WARNING: Using fallback font LiberationSans for CID-keyed TrueType font FolioT75
Sep 13, 2026 5:25:50 AM org.apache.pdfbox.pdmodel.font.PDCIDFontType2 findFontOrSubstitute
WARNING: Using fallback font LiberationSans for CID-keyed TrueType font FolioT75
Sep 13, 2026 5:25:50 AM org.apache.pdfbox.pdmodel.font.PDCIDFontType2 findFontOrSubstitute
WARNING: Using fallback font LiberationSans for CID-keyed TrueType font FolioT75
Sep 13, 2026 5:25:50 AM org.apache.pdfbox.pdmodel.font.PDCIDFontType2 findFontOrSubstitute
WARNING: Using fallback font LiberationSans for CID-keyed TrueType font FolioT75
Sep 13, 2026 5:25:50 AM org.apache.pdfbox.pdmodel.font.PDCIDFontType2 findFontOrSubstitute
WARNING: Using fallback font LiberationSans for CID-keyed TrueType font FolioT75
Sep 13, 2026 5:25:50 AM org.apache.pdfbox.pdmodel.font.PDCIDFontType2 findFontOrSubstitute
WARNING: Using fallback font LiberationSans for CID-keyed TrueType font FolioT75
Sep 13, 2026 5:25:50 AM org.apache.pdfbox.pdmodel.font.PDCIDFontType2 findFontOrSubstitute
WARNING: Using fallback font LiberationSans for CID-keyed TrueType font FolioT75
Sep 13, 2026 5:25:50 AM org.apache.pdfbox.pdmodel.font.PDCIDFontType2 findFontOrSubstitute
WARNING: Using fallback font LiberationSans for CID-keyed TrueType font FolioT75
Sep 13, 2026 5:25:50 AM org.apache.pdfbox.pdmodel.font.PDCIDFontType2 findFontOrSubstitute
WARNING: Using fallback font LiberationSans for CID-keyed TrueType font FolioT75
Sep 13, 2026 5:25:50 AM org.apache.pdfbox.pdmodel.font.PDCIDFontType2 findFontOrSubstitute
WARNING: Using fallback font LiberationSans for CID-keyed TrueType font FolioT75
Sep 13, 2026 5:25:50 AM org.apache.pdfbox.pdmodel.font.PDCIDFontType2 findFontOrSubstitute
WARNING: Using fallback font LiberationSans for CID-keyed TrueType font FolioT75
Sep 13, 2026 5:25:50 AM org.apache.pdfbox.pdmodel.font.PDCIDFontType2 findFontOrSubstitute
WARNING: Using fallback font LiberationSans for CID-keyed TrueType font FolioT75
Sep 13, 2026 5:25:50 AM org.apache.pdfbox.pdmodel.font.PDCIDFontType2 findFontOrSubstitute
WARNING: Using fallback font LiberationSans for CID-keyed TrueType font FolioT75
Sep 13, 2026 5:25:50 AM org.apache.pdfbox.pdmodel.font.PDCIDFontType2 findFontOrSubstitute
WARNING: Using fallback font LiberationSans for CID-keyed TrueType font FolioT75
Sep 13, 2026 5:25:50 AM org.apache.pdfbox.pdmodel.font.PDCIDFontType2 findFontOrSubstitute
WARNING: Using fallback font LiberationSans for CID-keyed TrueType font FolioT75
Sep 13, 2026 5:25:50 AM org.apache.pdfbox.pdmodel.font.PDCIDFontType2 findFontOrSubstitute
WARNING: Using fallback font LiberationSans for CID-keyed TrueType font FolioT75
Sep 13, 2026 5:25:50 AM org.apache.pdfbox.pdmodel.font.PDCIDFontType2 findFontOrSubstitute
WARNING: Using fallback font LiberationSans for CID-keyed TrueType font FolioT75
Sep 13, 2026 5:25:50 AM org.apache.pdfbox.pdmodel.font.PDCIDFontType2 findFontOrSubstitute
WARNING: Using fallback font LiberationSans for CID-keyed TrueType font FolioT75
Sep 13, 2026 5:25:50 AM org.apache.pdfbox.pdmodel.font.PDCIDFontType2 findFontOrSubstitute
WARNING: Using fallback font LiberationSans for CID-keyed TrueType font FolioT75
Sep 13, 2026 5:25:50 AM org.apache.pdfbox.pdmodel.font.PDCIDFontType2 findFontOrSubstitute
WARNING: Using fallback font LiberationSans for CID-keyed TrueType font FolioT75
Sep 13, 2026 5:25:50 AM org.apache.pdfbox.pdmodel.font.PDCIDFontType2 findFontOrSubstitute
WARNING: Using fallback font LiberationSans for CID-keyed TrueType font FolioT13
Sep 13, 2026 5:25:50 AM org.apache.pdfbox.pdmodel.font.PDCIDFontType2 findFontOrSubstitute
WARNING: Using fallback font LiberationSans for CID-keyed TrueType font FolioT75
Sep 13, 2026 5:25:50 AM org.apache.pdfbox.pdmodel.font.PDCIDFontType2 findFontOrSubstitute
WARNING: Using fallback font LiberationSans for CID-keyed TrueType font FolioT75
Sep 13, 2026 5:25:50 AM org.apache.pdfbox.pdmodel.font.PDCIDFontType2 findFontOrSubstitute
WARNING: Using fallback font LiberationSans for CID-keyed TrueType font FolioT75
Sep 13, 2026 5:25:50 AM org.apache.pdfbox.pdmodel.font.PDCIDFontType2 findFontOrSubstitute
WARNING: Using fallback font LiberationSans for CID-keyed TrueType font FolioT75
Sep 13, 2026 5:25:51 AM org.apache.pdfbox.pdmodel.font.PDCIDFontType2 findFontOrSubstitute
WARNING: Using fallback font LiberationSans for CID-keyed TrueType font FolioT13
Sep 13, 2026 5:25:51 AM org.apache.pdfbox.pdfparser.BaseParser parseDirObject
WARNING: Skipped unexpected dir object = '__folio_pdf_content_stream_terminal_probe__' at offset 68 (start offset: 25)
Sep 13, 2026 5:25:51 AM org.apache.pdfbox.pdfparser.BaseParser parseCOSArray
WARNING: Corrupt array element at offset 68, start offset: 23
Sep 13, 2026 5:25:51 AM org.apache.pdfbox.pdfparser.BaseParser parseDirObject
WARNING: Skipped unexpected dir object = '__folio_pdf_content_stream_terminal_probe__' at offset 68 (start offset: 25)
Sep 13, 2026 5:25:51 AM org.apache.pdfbox.pdfparser.BaseParser parseCOSArray
WARNING: Corrupt array element at offset 68, start offset: 23
Sep 13, 2026 5:25:51 AM org.apache.pdfbox.pdmodel.font.PDCIDFontType2 findFontOrSubstitute
WARNING: Using fallback font LiberationSans for CID-keyed TrueType font FolioT75
Sep 13, 2026 5:25:51 AM org.apache.pdfbox.pdmodel.font.PDCIDFontType2 findFontOrSubstitute
WARNING: Using fallback font LiberationSans for CID-keyed TrueType font FolioT75
Sep 13, 2026 5:25:51 AM org.apache.pdfbox.pdmodel.font.PDCIDFontType2 findFontOrSubstitute
WARNING: Using fallback font LiberationSans for CID-keyed TrueType font FolioT75
Sep 13, 2026 5:25:51 AM org.apache.pdfbox.pdmodel.font.PDCIDFontType2 findFontOrSubstitute
WARNING: Using fallback font LiberationSans for CID-keyed TrueType font FolioT75
Sep 13, 2026 5:25:52 AM org.apache.pdfbox.pdmodel.font.PDCIDFontType2 findFontOrSubstitute
WARNING: Using fallback font LiberationSans for CID-keyed TrueType font FolioT75
Sep 13, 2026 5:25:52 AM org.apache.pdfbox.pdmodel.font.PDCIDFontType2 findFontOrSubstitute
WARNING: Using fallback font LiberationSans for CID-keyed TrueType font FolioT75
Sep 13, 2026 5:25:52 AM org.apache.pdfbox.pdmodel.font.PDCIDFontType2 findFontOrSubstitute
WARNING: Using fallback font LiberationSans for CID-keyed TrueType font FolioT75
[INFO] Tests run: 109, Failures: 0, Errors: 0, Skipped: 0, Time elapsed: 6.076 s -- in net.zerocloud.pdf.consumer.TextStructureExtractionWorkflowTest
[INFO] Running net.zerocloud.pdf.PdfBoxCMapPreflightTest
[INFO] Tests run: 9, Failures: 0, Errors: 0, Skipped: 0, Time elapsed: 0.001 s -- in net.zerocloud.pdf.PdfBoxCMapPreflightTest
[INFO] Running net.zerocloud.pdf.PdfBoxFontMetricPreflightTest
[INFO] Tests run: 5, Failures: 0, Errors: 0, Skipped: 0, Time elapsed: 0.003 s -- in net.zerocloud.pdf.PdfBoxFontMetricPreflightTest
[INFO] Running net.zerocloud.pdf.WorkerCodecContractTest
[INFO] Tests run: 11, Failures: 0, Errors: 0, Skipped: 0, Time elapsed: 0.402 s -- in net.zerocloud.pdf.WorkerCodecContractTest
[INFO] 
[INFO] Results:
[INFO] 
[INFO] Tests run: 134, Failures: 0, Errors: 0, Skipped: 0
[INFO] 
[INFO] 
[INFO] --- jar:3.4.2:jar (default-jar) @ pdf-document ---
[INFO] Building jar: /home/ubuntu/IdeaProjects/open-pdf/pdf-document/target/pdf-document-0.1.0-SNAPSHOT.jar
[INFO] 
[INFO] --- failsafe:3.5.4:integration-test (default) @ pdf-document ---
[INFO] Using auto detected provider org.apache.maven.surefire.junit4.JUnit4Provider
[INFO] 
[INFO] -------------------------------------------------------
[INFO]  T E S T S
[INFO] -------------------------------------------------------
[INFO] Running net.zerocloud.pdf.contract.JarContractIT
[INFO] Tests run: 1, Failures: 0, Errors: 0, Skipped: 0, Time elapsed: 0.082 s -- in net.zerocloud.pdf.contract.JarContractIT
[INFO] Running net.zerocloud.pdf.contract.PublicApiLeakageIT
[INFO] Tests run: 2, Failures: 0, Errors: 0, Skipped: 0, Time elapsed: 0.240 s -- in net.zerocloud.pdf.contract.PublicApiLeakageIT
[INFO] 
[INFO] Results:
[INFO] 
[INFO] Tests run: 3, Failures: 0, Errors: 0, Skipped: 0
[INFO] 
[INFO] 
[INFO] --- failsafe:3.5.4:verify (default) @ pdf-document ---
[INFO] 
[INFO] -----------------< net.zerocloud:pdf-migration-itext7 >-----------------
[INFO] Building Folio PDF by ZeroCloud - Stable iText 7 Migration Facade 0.1.0-SNAPSHOT [5/6]
[INFO]   from pdf-migration-itext7/pom.xml
[INFO] --------------------------------[ jar ]---------------------------------
[INFO] 
[INFO] --- enforcer:3.6.2:enforce (enforce-build-runtime) @ pdf-migration-itext7 ---
[INFO] 
[INFO] --- resources:3.3.1:resources (default-resources) @ pdf-migration-itext7 ---
[INFO] Copying 1 resource from src/main/resources to target/classes
[INFO] Copying 2 resources from .. to target/classes/META-INF
[INFO] 
[INFO] --- compiler:3.15.0:compile (default-compile) @ pdf-migration-itext7 ---
[INFO] Recompiling the module because of changed dependency.
[INFO] Compiling 29 source files with javac [debug parameters release 8] to target/classes
[INFO] 
[INFO] --- resources:3.3.1:testResources (default-testResources) @ pdf-migration-itext7 ---
[INFO] Copying 5 resources from ../pdf-document/src/test/resources to target/test-classes
[INFO] 
[INFO] --- compiler:3.15.0:testCompile (default-testCompile) @ pdf-migration-itext7 ---
[INFO] Recompiling the module because of changed dependency.
[INFO] Compiling 10 source files with javac [debug parameters release 8] to target/test-classes
[INFO] 
[INFO] --- surefire:3.5.4:test (default-test) @ pdf-migration-itext7 ---
[INFO] Using auto detected provider org.apache.maven.surefire.junit4.JUnit4Provider
[INFO] 
[INFO] -------------------------------------------------------
[INFO]  T E S T S
[INFO] -------------------------------------------------------
[INFO] Running net.zerocloud.pdf.itext7.consumer.TextStructureFacadeTest
[INFO] Tests run: 9, Failures: 0, Errors: 0, Skipped: 0, Time elapsed: 0.876 s -- in net.zerocloud.pdf.itext7.consumer.TextStructureFacadeTest
[INFO] 
[INFO] Results:
[INFO] 
[INFO] Tests run: 9, Failures: 0, Errors: 0, Skipped: 0
[INFO] 
[INFO] 
[INFO] --- jar:3.4.2:jar (default-jar) @ pdf-migration-itext7 ---
[INFO] Building jar: /home/ubuntu/IdeaProjects/open-pdf/pdf-migration-itext7/target/pdf-migration-itext7-0.1.0-SNAPSHOT.jar
[INFO] 
[INFO] -------------< net.zerocloud:pdf-migration-itext7-preview >-------------
[INFO] Building Folio PDF by ZeroCloud - Preview iText 7 Migration Facade 0.1.0-SNAPSHOT [6/6]
[INFO]   from pdf-migration-itext7-preview/pom.xml
[INFO] --------------------------------[ jar ]---------------------------------
[INFO] 
[INFO] --- enforcer:3.6.2:enforce (enforce-build-runtime) @ pdf-migration-itext7-preview ---
[INFO] 
[INFO] --- resources:3.3.1:resources (default-resources) @ pdf-migration-itext7-preview ---
[INFO] Copying 1 resource from src/main/resources to target/classes
[INFO] Copying 2 resources from .. to target/classes/META-INF
[INFO] 
[INFO] --- compiler:3.15.0:compile (default-compile) @ pdf-migration-itext7-preview ---
[INFO] Recompiling the module because of changed dependency.
[INFO] Compiling 29 source files with javac [debug parameters release 8] to target/classes
[INFO] 
[INFO] --- resources:3.3.1:testResources (default-testResources) @ pdf-migration-itext7-preview ---
[INFO] Copying 5 resources from ../pdf-document/src/test/resources to target/test-classes
[INFO] 
[INFO] --- compiler:3.15.0:testCompile (default-testCompile) @ pdf-migration-itext7-preview ---
[INFO] Recompiling the module because of changed dependency.
[INFO] Compiling 10 source files with javac [debug parameters release 8] to target/test-classes
[INFO] 
[INFO] --- surefire:3.5.4:test (default-test) @ pdf-migration-itext7-preview ---
[INFO] Using auto detected provider org.apache.maven.surefire.junit4.JUnit4Provider
[INFO] 
[INFO] -------------------------------------------------------
[INFO]  T E S T S
[INFO] -------------------------------------------------------
[INFO] Running net.zerocloud.pdf.itext7.consumer.TextStructureFacadeTest
[INFO] Tests run: 9, Failures: 0, Errors: 0, Skipped: 0, Time elapsed: 0.941 s -- in net.zerocloud.pdf.itext7.consumer.TextStructureFacadeTest
[INFO] 
[INFO] Results:
[INFO] 
[INFO] Tests run: 9, Failures: 0, Errors: 0, Skipped: 0
[INFO] 
[INFO] 
[INFO] --- jar:3.4.2:jar (default-jar) @ pdf-migration-itext7-preview ---
[INFO] Building jar: /home/ubuntu/IdeaProjects/open-pdf/pdf-migration-itext7-preview/target/pdf-migration-itext7-preview-0.1.0-SNAPSHOT.jar
[INFO] 
[INFO] --- failsafe:3.5.4:integration-test (default) @ pdf-migration-itext7-preview ---
[INFO] Using auto detected provider org.apache.maven.surefire.junit4.JUnit4Provider
[INFO] 
[INFO] -------------------------------------------------------
[INFO]  T E S T S
[INFO] -------------------------------------------------------
[INFO] Running net.zerocloud.pdf.migration.itext7.contract.ClasspathExclusivityIT
[INFO] Tests run: 1, Failures: 0, Errors: 0, Skipped: 0, Time elapsed: 4.140 s -- in net.zerocloud.pdf.migration.itext7.contract.ClasspathExclusivityIT
[INFO] Running net.zerocloud.pdf.migration.itext7.contract.JarContractIT
[INFO] Tests run: 1, Failures: 0, Errors: 0, Skipped: 0, Time elapsed: 0.231 s -- in net.zerocloud.pdf.migration.itext7.contract.JarContractIT
[INFO] 
[INFO] Results:
[INFO] 
[INFO] Tests run: 2, Failures: 0, Errors: 0, Skipped: 0
[INFO] 
[INFO] 
[INFO] --- failsafe:3.5.4:verify (default) @ pdf-migration-itext7-preview ---
[INFO] ------------------------------------------------------------------------
[INFO] Reactor Summary for Folio PDF by ZeroCloud - Parent 0.1.0-SNAPSHOT:
[INFO] 
[INFO] Folio PDF by ZeroCloud - Parent .................... SUCCESS [  0.432 s]
[INFO] Folio PDF by ZeroCloud - Capability Provider Contract SUCCESS [  1.039 s]
[INFO] Folio PDF by ZeroCloud - Conversion ................ SUCCESS [  1.513 s]
[INFO] Folio PDF by ZeroCloud - Document Engine ........... SUCCESS [ 15.969 s]
[INFO] Folio PDF by ZeroCloud - Stable iText 7 Migration Facade SUCCESS [  1.835 s]
[INFO] Folio PDF by ZeroCloud - Preview iText 7 Migration Facade SUCCESS [  6.555 s]
[INFO] ------------------------------------------------------------------------
[INFO] BUILD SUCCESS
[INFO] ------------------------------------------------------------------------
[INFO] Total time:  27.595 s
[INFO] Finished at: 2026-09-13T05:26:03+08:00
[INFO] ------------------------------------------------------------------------
