checking @repository/capabilities/profiles/T80-embedded-files-only/aes-256-explicit-assembly.pdf
PDF Version: 1.7 extension level 8
R = 6
P = -4
[credential redacted]
Supplied password is user password
extract for accessibility: allowed
extract for any purpose: allowed
print low resolution: allowed
print high resolution: allowed
modify document assembly: allowed
modify forms: allowed
modify annotations: allowed
modify other: allowed
modify anything: allowed
stream encryption method: none
string encryption method: none
file encryption method: none
File is not linearized
No syntax or stream encoding errors found; the file may still contain
errors that qpdf cannot detect
