source-embedded-font-inheritance True
source-embedded-font-kinds True
source-marked-structure True
source-nested-split-type3 True
source-uncertain-geometry True
boolean-mcid True
catalog-pdf2-form-caller-font True
concatenate-inside-text True
dictionary-name-alias True
dictionary-word True
different-font-name-byte True
different-font-name-utf8 True
duplicate-mcid True
font-box-too-small True
font-restored-to-unset True
font-size-name True
form-does-not-pop-caller-graphics True
form-in-text-object True
form-name True
form-used-as-font True
glyph-missing-header True
glyph-outside-d1-bounds True
glyph-rectangle-arity True
glyph-rectangle-name True
glyph-repeated-header True
glyph-unpainted-path True
graphics-crosses-marked True
graphics-unclosed True
graphics-underflow True
marked-crosses-graphics True
marked-crosses-text True
marked-unclosed True
marked-underflow True
matrix-outside-text True
missing-font-resource True
missing-form-resource True
missing-name-escape True
missing-property-resource True
name-alternate True
name-mcid True
named-property-wrong-type True
negative-mcid True
nested-form-caller-font True
nested-text True
no-selected-font True
nonhex-name-escape True
null-name-escape True
numeric-language True
numeric-replacement True
real-mcid True
restore-inside-text True
rgb-name True
save-inside-text True
show-name True
show-outside-text True
text-crosses-marked True
text-matrix-arity True
text-matrix-name True
unmatched-text-end True
unterminated-text True
/tmp/t75-content-review-observations-69l7w0cj
