test_binary_font_controls_change_the_program_header_with_valid_pdf_storage (scripts.tests.test_t13_standards.T13StandardsTest.test_binary_font_controls_change_the_program_header_with_valid_pdf_storage) ... ok
test_cff_kind_controls_keep_the_declared_subtype_and_swap_only_the_binary_program (scripts.tests.test_t13_standards.T13StandardsTest.test_cff_kind_controls_keep_the_declared_subtype_and_swap_only_the_binary_program) ... ok
test_cid_and_composite_declarations_have_separate_qualified_profiles (scripts.tests.test_t13_standards.T13StandardsTest.test_cid_and_composite_declarations_have_separate_qualified_profiles) ... ok
test_cmap_dictionary_controls_distinguish_encoding_and_tounicode_requirements (scripts.tests.test_t13_standards.T13StandardsTest.test_cmap_dictionary_controls_distinguish_encoding_and_tounicode_requirements) ... ok
test_content_controls_isolate_operand_defects_in_the_original_page_and_forms (scripts.tests.test_t13_standards.T13StandardsTest.test_content_controls_isolate_operand_defects_in_the_original_page_and_forms) ... ok
test_decoded_program_controls_and_legal_inheritance_examples_are_original (scripts.tests.test_t13_standards.T13StandardsTest.test_decoded_program_controls_and_legal_inheritance_examples_are_original) ... ok
test_font_descriptor_and_vertical_width_defects_have_original_reproducible_pdf_controls (scripts.tests.test_t13_standards.T13StandardsTest.test_font_descriptor_and_vertical_width_defects_have_original_reproducible_pdf_controls) ... ok
test_font_descriptors_and_program_streams_have_source_bound_controls (scripts.tests.test_t13_standards.T13StandardsTest.test_font_descriptors_and_program_streams_have_source_bound_controls) ... ok
test_font_layout_outline_and_binding_controls_have_isolated_public_recipes (scripts.tests.test_t13_standards.T13StandardsTest.test_font_layout_outline_and_binding_controls_have_isolated_public_recipes) ... ok
test_font_metric_controls_isolate_simple_and_cid_advance_disagreements (scripts.tests.test_t13_standards.T13StandardsTest.test_font_metric_controls_isolate_simple_and_cid_advance_disagreements) ... ok
test_font_profile_requires_each_control_identity_and_a_specific_checker_diagnostic (scripts.tests.test_t13_standards.T13StandardsTest.test_font_profile_requires_each_control_identity_and_a_specific_checker_diagnostic) ... ok
test_glyph_profile_keeps_legal_boundaries_separate_from_unobserved_mappings (scripts.tests.test_t13_standards.T13StandardsTest.test_glyph_profile_keeps_legal_boundaries_separate_from_unobserved_mappings) ... ok
test_program_qualification_authors_direct_font_and_exact_budget_boundaries (scripts.tests.test_t13_standards.T13StandardsTest.test_program_qualification_authors_direct_font_and_exact_budget_boundaries) ... ok
test_required_core_rules_retain_their_original_negative_identities (scripts.tests.test_t13_standards.T13StandardsTest.test_required_core_rules_retain_their_original_negative_identities) ... ok
test_required_simple_font_entries_treat_null_as_missing (scripts.tests.test_t13_standards.T13StandardsTest.test_required_simple_font_entries_treat_null_as_missing) ... ok
test_shared_descriptor_is_compared_to_the_second_owning_font (scripts.tests.test_t13_standards.T13StandardsTest.test_shared_descriptor_is_compared_to_the_second_owning_font) ... ok
test_simple_font_declarations_have_type_specific_controls (scripts.tests.test_t13_standards.T13StandardsTest.test_simple_font_declarations_have_type_specific_controls) ... ok
test_tounicode_owner_controls_preserve_valid_xref_and_change_only_the_character_domain (scripts.tests.test_t13_standards.T13StandardsTest.test_tounicode_owner_controls_preserve_valid_xref_and_change_only_the_character_domain) ... ok
test_type3_dictionary_obligations_have_isolated_source_grounded_controls (scripts.tests.test_t13_standards.T13StandardsTest.test_type3_dictionary_obligations_have_isolated_source_grounded_controls) ... ok
test_type3_glyph_headers_and_declared_widths_have_independent_negative_controls (scripts.tests.test_t13_standards.T13StandardsTest.test_type3_glyph_headers_and_declared_widths_have_independent_negative_controls) ... ok
test_type3_names_have_matching_and_optional_positives_and_an_illegal_mismatch (scripts.tests.test_t13_standards.T13StandardsTest.test_type3_names_have_matching_and_optional_positives_and_an_illegal_mismatch) ... ok
test_userunit_rules_bind_original_positive_and_non_numeric_and_zero_controls (scripts.tests.test_t13_standards.T13StandardsTest.test_userunit_rules_bind_original_positive_and_non_numeric_and_zero_controls) ... ok

----------------------------------------------------------------------
Ran 22 tests in 4.207s

OK
