test_content_names_comments_and_dictionary_values_follow_pdf_lexical_rules (scripts.tests.test_t13_program_standards.T13ProgramStandardsTest.test_content_names_comments_and_dictionary_values_follow_pdf_lexical_rules) ... 
  test_content_names_comments_and_dictionary_values_follow_pdf_lexical_rules (scripts.tests.test_t13_program_standards.T13ProgramStandardsTest.test_content_names_comments_and_dictionary_values_follow_pdf_lexical_rules) (lexical='brace-name-tag') ... FAIL
  test_content_names_comments_and_dictionary_values_follow_pdf_lexical_rules (scripts.tests.test_t13_program_standards.T13ProgramStandardsTest.test_content_names_comments_and_dictionary_values_follow_pdf_lexical_rules) (lexical='brace-name-key') ... FAIL

======================================================================
FAIL: test_content_names_comments_and_dictionary_values_follow_pdf_lexical_rules (scripts.tests.test_t13_program_standards.T13ProgramStandardsTest.test_content_names_comments_and_dictionary_values_follow_pdf_lexical_rules) (lexical='brace-name-tag')
----------------------------------------------------------------------
Traceback (most recent call last):
  File "/home/ubuntu/IdeaProjects/open-pdf/scripts/tests/test_t13_program_standards.py", line 217, in test_content_names_comments_and_dictionary_values_follow_pdf_lexical_rules
    self.observe(directory, pdf, expected, 'program-token' if expected == 'fail' else None, scope='content')
  File "/home/ubuntu/IdeaProjects/open-pdf/scripts/tests/test_t13_program_standards.py", line 828, in observe
    self.assertEqual(expected, values['standards'], pdf.name + ': ' + values['finding'])
AssertionError: 'pass' != 'fail'
- pass
+ fail
 : brace-name-tag.pdf: Unexpected delimiter

======================================================================
FAIL: test_content_names_comments_and_dictionary_values_follow_pdf_lexical_rules (scripts.tests.test_t13_program_standards.T13ProgramStandardsTest.test_content_names_comments_and_dictionary_values_follow_pdf_lexical_rules) (lexical='brace-name-key')
----------------------------------------------------------------------
Traceback (most recent call last):
  File "/home/ubuntu/IdeaProjects/open-pdf/scripts/tests/test_t13_program_standards.py", line 217, in test_content_names_comments_and_dictionary_values_follow_pdf_lexical_rules
    self.observe(directory, pdf, expected, 'program-token' if expected == 'fail' else None, scope='content')
  File "/home/ubuntu/IdeaProjects/open-pdf/scripts/tests/test_t13_program_standards.py", line 828, in observe
    self.assertEqual(expected, values['standards'], pdf.name + ': ' + values['finding'])
AssertionError: 'pass' != 'fail'
- pass
+ fail
 : brace-name-key.pdf: Unexpected delimiter

----------------------------------------------------------------------
Ran 1 test in 2.896s

FAILED (failures=2)
