test_marked_properties_resolve_named_resources_and_identify_unique_sequences (scripts.tests.test_t13_program_standards.T13ProgramStandardsTest.test_marked_properties_resolve_named_resources_and_identify_unique_sequences) ... 
  test_marked_properties_resolve_named_resources_and_identify_unique_sequences (scripts.tests.test_t13_program_standards.T13ProgramStandardsTest.test_marked_properties_resolve_named_resources_and_identify_unique_sequences) (properties='negative-mcid') ... FAIL
  test_marked_properties_resolve_named_resources_and_identify_unique_sequences (scripts.tests.test_t13_program_standards.T13ProgramStandardsTest.test_marked_properties_resolve_named_resources_and_identify_unique_sequences) (properties='name-mcid') ... FAIL
  test_marked_properties_resolve_named_resources_and_identify_unique_sequences (scripts.tests.test_t13_program_standards.T13ProgramStandardsTest.test_marked_properties_resolve_named_resources_and_identify_unique_sequences) (properties='real-mcid') ... FAIL
  test_marked_properties_resolve_named_resources_and_identify_unique_sequences (scripts.tests.test_t13_program_standards.T13ProgramStandardsTest.test_marked_properties_resolve_named_resources_and_identify_unique_sequences) (properties='boolean-mcid') ... FAIL
  test_marked_properties_resolve_named_resources_and_identify_unique_sequences (scripts.tests.test_t13_program_standards.T13ProgramStandardsTest.test_marked_properties_resolve_named_resources_and_identify_unique_sequences) (properties='numeric-language') ... FAIL
  test_marked_properties_resolve_named_resources_and_identify_unique_sequences (scripts.tests.test_t13_program_standards.T13ProgramStandardsTest.test_marked_properties_resolve_named_resources_and_identify_unique_sequences) (properties='numeric-replacement') ... FAIL
  test_marked_properties_resolve_named_resources_and_identify_unique_sequences (scripts.tests.test_t13_program_standards.T13ProgramStandardsTest.test_marked_properties_resolve_named_resources_and_identify_unique_sequences) (properties='name-alternate') ... FAIL
  test_marked_properties_resolve_named_resources_and_identify_unique_sequences (scripts.tests.test_t13_program_standards.T13ProgramStandardsTest.test_marked_properties_resolve_named_resources_and_identify_unique_sequences) (properties='missing-property-resource') ... FAIL
  test_marked_properties_resolve_named_resources_and_identify_unique_sequences (scripts.tests.test_t13_program_standards.T13ProgramStandardsTest.test_marked_properties_resolve_named_resources_and_identify_unique_sequences) (properties='duplicate-mcid') ... FAIL
  test_marked_properties_resolve_named_resources_and_identify_unique_sequences (scripts.tests.test_t13_program_standards.T13ProgramStandardsTest.test_marked_properties_resolve_named_resources_and_identify_unique_sequences) (properties='named-property-wrong-type') ... FAIL

======================================================================
FAIL: test_marked_properties_resolve_named_resources_and_identify_unique_sequences (scripts.tests.test_t13_program_standards.T13ProgramStandardsTest.test_marked_properties_resolve_named_resources_and_identify_unique_sequences) (properties='negative-mcid')
----------------------------------------------------------------------
Traceback (most recent call last):
  File "/home/ubuntu/IdeaProjects/open-pdf/scripts/tests/test_t13_program_standards.py", line 37, in test_marked_properties_resolve_named_resources_and_identify_unique_sequences
    self.observe(directory, pdf, expected, rule, scope='content')
  File "/home/ubuntu/IdeaProjects/open-pdf/scripts/tests/test_t13_program_standards.py", line 757, in observe
    self.assertEqual(expected, values['standards'], pdf.name + ': ' + values['finding'])
AssertionError: 'fail' != 'pass'
- fail
+ pass
 : negative-mcid.pdf: Page and nested Form content satisfy the qualified operand grammar.

======================================================================
FAIL: test_marked_properties_resolve_named_resources_and_identify_unique_sequences (scripts.tests.test_t13_program_standards.T13ProgramStandardsTest.test_marked_properties_resolve_named_resources_and_identify_unique_sequences) (properties='name-mcid')
----------------------------------------------------------------------
Traceback (most recent call last):
  File "/home/ubuntu/IdeaProjects/open-pdf/scripts/tests/test_t13_program_standards.py", line 37, in test_marked_properties_resolve_named_resources_and_identify_unique_sequences
    self.observe(directory, pdf, expected, rule, scope='content')
  File "/home/ubuntu/IdeaProjects/open-pdf/scripts/tests/test_t13_program_standards.py", line 757, in observe
    self.assertEqual(expected, values['standards'], pdf.name + ': ' + values['finding'])
AssertionError: 'fail' != 'pass'
- fail
+ pass
 : name-mcid.pdf: Page and nested Form content satisfy the qualified operand grammar.

======================================================================
FAIL: test_marked_properties_resolve_named_resources_and_identify_unique_sequences (scripts.tests.test_t13_program_standards.T13ProgramStandardsTest.test_marked_properties_resolve_named_resources_and_identify_unique_sequences) (properties='real-mcid')
----------------------------------------------------------------------
Traceback (most recent call last):
  File "/home/ubuntu/IdeaProjects/open-pdf/scripts/tests/test_t13_program_standards.py", line 37, in test_marked_properties_resolve_named_resources_and_identify_unique_sequences
    self.observe(directory, pdf, expected, rule, scope='content')
  File "/home/ubuntu/IdeaProjects/open-pdf/scripts/tests/test_t13_program_standards.py", line 757, in observe
    self.assertEqual(expected, values['standards'], pdf.name + ': ' + values['finding'])
AssertionError: 'fail' != 'pass'
- fail
+ pass
 : real-mcid.pdf: Page and nested Form content satisfy the qualified operand grammar.

======================================================================
FAIL: test_marked_properties_resolve_named_resources_and_identify_unique_sequences (scripts.tests.test_t13_program_standards.T13ProgramStandardsTest.test_marked_properties_resolve_named_resources_and_identify_unique_sequences) (properties='boolean-mcid')
----------------------------------------------------------------------
Traceback (most recent call last):
  File "/home/ubuntu/IdeaProjects/open-pdf/scripts/tests/test_t13_program_standards.py", line 37, in test_marked_properties_resolve_named_resources_and_identify_unique_sequences
    self.observe(directory, pdf, expected, rule, scope='content')
  File "/home/ubuntu/IdeaProjects/open-pdf/scripts/tests/test_t13_program_standards.py", line 757, in observe
    self.assertEqual(expected, values['standards'], pdf.name + ': ' + values['finding'])
AssertionError: 'fail' != 'pass'
- fail
+ pass
 : boolean-mcid.pdf: Page and nested Form content satisfy the qualified operand grammar.

======================================================================
FAIL: test_marked_properties_resolve_named_resources_and_identify_unique_sequences (scripts.tests.test_t13_program_standards.T13ProgramStandardsTest.test_marked_properties_resolve_named_resources_and_identify_unique_sequences) (properties='numeric-language')
----------------------------------------------------------------------
Traceback (most recent call last):
  File "/home/ubuntu/IdeaProjects/open-pdf/scripts/tests/test_t13_program_standards.py", line 37, in test_marked_properties_resolve_named_resources_and_identify_unique_sequences
    self.observe(directory, pdf, expected, rule, scope='content')
  File "/home/ubuntu/IdeaProjects/open-pdf/scripts/tests/test_t13_program_standards.py", line 757, in observe
    self.assertEqual(expected, values['standards'], pdf.name + ': ' + values['finding'])
AssertionError: 'fail' != 'pass'
- fail
+ pass
 : numeric-language.pdf: Page and nested Form content satisfy the qualified operand grammar.

======================================================================
FAIL: test_marked_properties_resolve_named_resources_and_identify_unique_sequences (scripts.tests.test_t13_program_standards.T13ProgramStandardsTest.test_marked_properties_resolve_named_resources_and_identify_unique_sequences) (properties='numeric-replacement')
----------------------------------------------------------------------
Traceback (most recent call last):
  File "/home/ubuntu/IdeaProjects/open-pdf/scripts/tests/test_t13_program_standards.py", line 37, in test_marked_properties_resolve_named_resources_and_identify_unique_sequences
    self.observe(directory, pdf, expected, rule, scope='content')
  File "/home/ubuntu/IdeaProjects/open-pdf/scripts/tests/test_t13_program_standards.py", line 757, in observe
    self.assertEqual(expected, values['standards'], pdf.name + ': ' + values['finding'])
AssertionError: 'fail' != 'pass'
- fail
+ pass
 : numeric-replacement.pdf: Page and nested Form content satisfy the qualified operand grammar.

======================================================================
FAIL: test_marked_properties_resolve_named_resources_and_identify_unique_sequences (scripts.tests.test_t13_program_standards.T13ProgramStandardsTest.test_marked_properties_resolve_named_resources_and_identify_unique_sequences) (properties='name-alternate')
----------------------------------------------------------------------
Traceback (most recent call last):
  File "/home/ubuntu/IdeaProjects/open-pdf/scripts/tests/test_t13_program_standards.py", line 37, in test_marked_properties_resolve_named_resources_and_identify_unique_sequences
    self.observe(directory, pdf, expected, rule, scope='content')
  File "/home/ubuntu/IdeaProjects/open-pdf/scripts/tests/test_t13_program_standards.py", line 757, in observe
    self.assertEqual(expected, values['standards'], pdf.name + ': ' + values['finding'])
AssertionError: 'fail' != 'pass'
- fail
+ pass
 : name-alternate.pdf: Page and nested Form content satisfy the qualified operand grammar.

======================================================================
FAIL: test_marked_properties_resolve_named_resources_and_identify_unique_sequences (scripts.tests.test_t13_program_standards.T13ProgramStandardsTest.test_marked_properties_resolve_named_resources_and_identify_unique_sequences) (properties='missing-property-resource')
----------------------------------------------------------------------
Traceback (most recent call last):
  File "/home/ubuntu/IdeaProjects/open-pdf/scripts/tests/test_t13_program_standards.py", line 37, in test_marked_properties_resolve_named_resources_and_identify_unique_sequences
    self.observe(directory, pdf, expected, rule, scope='content')
  File "/home/ubuntu/IdeaProjects/open-pdf/scripts/tests/test_t13_program_standards.py", line 757, in observe
    self.assertEqual(expected, values['standards'], pdf.name + ': ' + values['finding'])
AssertionError: 'fail' != 'pass'
- fail
+ pass
 : missing-property-resource.pdf: Page and nested Form content satisfy the qualified operand grammar.

======================================================================
FAIL: test_marked_properties_resolve_named_resources_and_identify_unique_sequences (scripts.tests.test_t13_program_standards.T13ProgramStandardsTest.test_marked_properties_resolve_named_resources_and_identify_unique_sequences) (properties='duplicate-mcid')
----------------------------------------------------------------------
Traceback (most recent call last):
  File "/home/ubuntu/IdeaProjects/open-pdf/scripts/tests/test_t13_program_standards.py", line 43, in test_marked_properties_resolve_named_resources_and_identify_unique_sequences
    self.observe(directory, pdf, 'fail', 'content-properties', scope='content')
  File "/home/ubuntu/IdeaProjects/open-pdf/scripts/tests/test_t13_program_standards.py", line 757, in observe
    self.assertEqual(expected, values['standards'], pdf.name + ': ' + values['finding'])
AssertionError: 'fail' != 'pass'
- fail
+ pass
 : duplicate-mcid.pdf: Page and nested Form content satisfy the qualified operand grammar.

======================================================================
FAIL: test_marked_properties_resolve_named_resources_and_identify_unique_sequences (scripts.tests.test_t13_program_standards.T13ProgramStandardsTest.test_marked_properties_resolve_named_resources_and_identify_unique_sequences) (properties='named-property-wrong-type')
----------------------------------------------------------------------
Traceback (most recent call last):
  File "/home/ubuntu/IdeaProjects/open-pdf/scripts/tests/test_t13_program_standards.py", line 55, in test_marked_properties_resolve_named_resources_and_identify_unique_sequences
    self.observe(directory, pdf, expected, 'content-resource' if expected == 'fail' else None, scope='content')
  File "/home/ubuntu/IdeaProjects/open-pdf/scripts/tests/test_t13_program_standards.py", line 757, in observe
    self.assertEqual(expected, values['standards'], pdf.name + ': ' + values['finding'])
AssertionError: 'fail' != 'pass'
- fail
+ pass
 : named-property-wrong-type.pdf: Page and nested Form content satisfy the qualified operand grammar.

----------------------------------------------------------------------
Ran 1 test in 2.988s

FAILED (failures=10)
