FFFFFFFFFFFFFF
======================================================================
FAIL: test_cid_and_composite_declarations_have_separate_qualified_profiles (test_t13_standards.T13StandardsTest.test_cid_and_composite_declarations_have_separate_qualified_profiles)
----------------------------------------------------------------------
Traceback (most recent call last):
  File "/home/ubuntu/IdeaProjects/open-pdf/scripts/tests/test_t13_standards.py", line 89, in test_cid_and_composite_declarations_have_separate_qualified_profiles
    self.assertEqual(0, result.returncode, result.stderr)
AssertionError: 0 != 1 : Traceback (most recent call last):
  File "/home/ubuntu/IdeaProjects/open-pdf/scripts/generate-t13-standards.py", line 414, in <module>
    generate(Path(sys.argv[1]))
  File "/home/ubuntu/IdeaProjects/open-pdf/scripts/generate-t13-standards.py", line 379, in generate
    add_text('cmap-' + kind + '-' + label + '-required', inherited, number, field, '',
  File "/home/ubuntu/IdeaProjects/open-pdf/scripts/generate-t13-standards.py", line 143, in add_text
    data = change_original_object(source, number, before.encode('ascii'), after.ljust(len(before)).encode('ascii'))
           ^^^^^^^^^^^^^^^^^^^^^^^^^^^^^^^^^^^^^^^^^^^^^^^^^^^^^^^^^^^^^^^^^^^^^^^^^^^^^^^^^^^^^^^^^^^^^^^^^^^^^^^^
  File "/home/ubuntu/IdeaProjects/open-pdf/scripts/generate-t13-standards.py", line 26, in change_original_object
    raise ValueError('T13 control does not select one original field')
ValueError: T13 control does not select one original field


======================================================================
FAIL: test_cmap_dictionary_controls_distinguish_encoding_and_tounicode_requirements (test_t13_standards.T13StandardsTest.test_cmap_dictionary_controls_distinguish_encoding_and_tounicode_requirements)
----------------------------------------------------------------------
Traceback (most recent call last):
  File "/home/ubuntu/IdeaProjects/open-pdf/scripts/tests/test_t13_standards.py", line 22, in test_cmap_dictionary_controls_distinguish_encoding_and_tounicode_requirements
    self.assertEqual(0, result.returncode, result.stderr)
AssertionError: 0 != 1 : Traceback (most recent call last):
  File "/home/ubuntu/IdeaProjects/open-pdf/scripts/generate-t13-standards.py", line 414, in <module>
    generate(Path(sys.argv[1]))
  File "/home/ubuntu/IdeaProjects/open-pdf/scripts/generate-t13-standards.py", line 379, in generate
    add_text('cmap-' + kind + '-' + label + '-required', inherited, number, field, '',
  File "/home/ubuntu/IdeaProjects/open-pdf/scripts/generate-t13-standards.py", line 143, in add_text
    data = change_original_object(source, number, before.encode('ascii'), after.ljust(len(before)).encode('ascii'))
           ^^^^^^^^^^^^^^^^^^^^^^^^^^^^^^^^^^^^^^^^^^^^^^^^^^^^^^^^^^^^^^^^^^^^^^^^^^^^^^^^^^^^^^^^^^^^^^^^^^^^^^^^
  File "/home/ubuntu/IdeaProjects/open-pdf/scripts/generate-t13-standards.py", line 26, in change_original_object
    raise ValueError('T13 control does not select one original field')
ValueError: T13 control does not select one original field


======================================================================
FAIL: test_font_descriptor_and_vertical_width_defects_have_original_reproducible_pdf_controls (test_t13_standards.T13StandardsTest.test_font_descriptor_and_vertical_width_defects_have_original_reproducible_pdf_controls)
----------------------------------------------------------------------
Traceback (most recent call last):
  File "/home/ubuntu/IdeaProjects/open-pdf/scripts/tests/test_t13_standards.py", line 277, in test_font_descriptor_and_vertical_width_defects_have_original_reproducible_pdf_controls
    self.assertEqual(0, result.returncode, result.stderr)
AssertionError: 0 != 1 : Traceback (most recent call last):
  File "/home/ubuntu/IdeaProjects/open-pdf/scripts/generate-t13-standards.py", line 414, in <module>
    generate(Path(sys.argv[1]))
  File "/home/ubuntu/IdeaProjects/open-pdf/scripts/generate-t13-standards.py", line 379, in generate
    add_text('cmap-' + kind + '-' + label + '-required', inherited, number, field, '',
  File "/home/ubuntu/IdeaProjects/open-pdf/scripts/generate-t13-standards.py", line 143, in add_text
    data = change_original_object(source, number, before.encode('ascii'), after.ljust(len(before)).encode('ascii'))
           ^^^^^^^^^^^^^^^^^^^^^^^^^^^^^^^^^^^^^^^^^^^^^^^^^^^^^^^^^^^^^^^^^^^^^^^^^^^^^^^^^^^^^^^^^^^^^^^^^^^^^^^^
  File "/home/ubuntu/IdeaProjects/open-pdf/scripts/generate-t13-standards.py", line 26, in change_original_object
    raise ValueError('T13 control does not select one original field')
ValueError: T13 control does not select one original field


======================================================================
FAIL: test_font_descriptors_and_program_streams_have_source_bound_controls (test_t13_standards.T13StandardsTest.test_font_descriptors_and_program_streams_have_source_bound_controls)
----------------------------------------------------------------------
Traceback (most recent call last):
  File "/home/ubuntu/IdeaProjects/open-pdf/scripts/tests/test_t13_standards.py", line 46, in test_font_descriptors_and_program_streams_have_source_bound_controls
    self.assertEqual(0, result.returncode, result.stderr)
AssertionError: 0 != 1 : Traceback (most recent call last):
  File "/home/ubuntu/IdeaProjects/open-pdf/scripts/generate-t13-standards.py", line 414, in <module>
    generate(Path(sys.argv[1]))
  File "/home/ubuntu/IdeaProjects/open-pdf/scripts/generate-t13-standards.py", line 379, in generate
    add_text('cmap-' + kind + '-' + label + '-required', inherited, number, field, '',
  File "/home/ubuntu/IdeaProjects/open-pdf/scripts/generate-t13-standards.py", line 143, in add_text
    data = change_original_object(source, number, before.encode('ascii'), after.ljust(len(before)).encode('ascii'))
           ^^^^^^^^^^^^^^^^^^^^^^^^^^^^^^^^^^^^^^^^^^^^^^^^^^^^^^^^^^^^^^^^^^^^^^^^^^^^^^^^^^^^^^^^^^^^^^^^^^^^^^^^
  File "/home/ubuntu/IdeaProjects/open-pdf/scripts/generate-t13-standards.py", line 26, in change_original_object
    raise ValueError('T13 control does not select one original field')
ValueError: T13 control does not select one original field


======================================================================
FAIL: test_font_profile_requires_each_control_identity_and_a_specific_checker_diagnostic (test_t13_standards.T13StandardsTest.test_font_profile_requires_each_control_identity_and_a_specific_checker_diagnostic)
----------------------------------------------------------------------
Traceback (most recent call last):
  File "/home/ubuntu/IdeaProjects/open-pdf/scripts/tests/test_t13_standards.py", line 256, in test_font_profile_requires_each_control_identity_and_a_specific_checker_diagnostic
    self.assertEqual(0, result.returncode, result.stderr)
AssertionError: 0 != 1 : Traceback (most recent call last):
  File "/home/ubuntu/IdeaProjects/open-pdf/scripts/generate-t13-standards.py", line 414, in <module>
    generate(Path(sys.argv[1]))
  File "/home/ubuntu/IdeaProjects/open-pdf/scripts/generate-t13-standards.py", line 379, in generate
    add_text('cmap-' + kind + '-' + label + '-required', inherited, number, field, '',
  File "/home/ubuntu/IdeaProjects/open-pdf/scripts/generate-t13-standards.py", line 143, in add_text
    data = change_original_object(source, number, before.encode('ascii'), after.ljust(len(before)).encode('ascii'))
           ^^^^^^^^^^^^^^^^^^^^^^^^^^^^^^^^^^^^^^^^^^^^^^^^^^^^^^^^^^^^^^^^^^^^^^^^^^^^^^^^^^^^^^^^^^^^^^^^^^^^^^^^
  File "/home/ubuntu/IdeaProjects/open-pdf/scripts/generate-t13-standards.py", line 26, in change_original_object
    raise ValueError('T13 control does not select one original field')
ValueError: T13 control does not select one original field


======================================================================
FAIL: test_glyph_profile_keeps_legal_boundaries_separate_from_unobserved_mappings (test_t13_standards.T13StandardsTest.test_glyph_profile_keeps_legal_boundaries_separate_from_unobserved_mappings)
----------------------------------------------------------------------
Traceback (most recent call last):
  File "/home/ubuntu/IdeaProjects/open-pdf/scripts/tests/test_t13_standards.py", line 121, in test_glyph_profile_keeps_legal_boundaries_separate_from_unobserved_mappings
    self.assertEqual(0, result.returncode, result.stderr)
AssertionError: 0 != 1 : Traceback (most recent call last):
  File "/home/ubuntu/IdeaProjects/open-pdf/scripts/generate-t13-standards.py", line 414, in <module>
    generate(Path(sys.argv[1]))
  File "/home/ubuntu/IdeaProjects/open-pdf/scripts/generate-t13-standards.py", line 379, in generate
    add_text('cmap-' + kind + '-' + label + '-required', inherited, number, field, '',
  File "/home/ubuntu/IdeaProjects/open-pdf/scripts/generate-t13-standards.py", line 143, in add_text
    data = change_original_object(source, number, before.encode('ascii'), after.ljust(len(before)).encode('ascii'))
           ^^^^^^^^^^^^^^^^^^^^^^^^^^^^^^^^^^^^^^^^^^^^^^^^^^^^^^^^^^^^^^^^^^^^^^^^^^^^^^^^^^^^^^^^^^^^^^^^^^^^^^^^
  File "/home/ubuntu/IdeaProjects/open-pdf/scripts/generate-t13-standards.py", line 26, in change_original_object
    raise ValueError('T13 control does not select one original field')
ValueError: T13 control does not select one original field


======================================================================
FAIL: test_required_core_rules_retain_their_original_negative_identities (test_t13_standards.T13StandardsTest.test_required_core_rules_retain_their_original_negative_identities)
----------------------------------------------------------------------
Traceback (most recent call last):
  File "/home/ubuntu/IdeaProjects/open-pdf/scripts/tests/test_t13_standards.py", line 219, in test_required_core_rules_retain_their_original_negative_identities
    self.assertEqual(0, result.returncode, result.stderr)
AssertionError: 0 != 1 : Traceback (most recent call last):
  File "/home/ubuntu/IdeaProjects/open-pdf/scripts/generate-t13-standards.py", line 414, in <module>
    generate(Path(sys.argv[1]))
  File "/home/ubuntu/IdeaProjects/open-pdf/scripts/generate-t13-standards.py", line 379, in generate
    add_text('cmap-' + kind + '-' + label + '-required', inherited, number, field, '',
  File "/home/ubuntu/IdeaProjects/open-pdf/scripts/generate-t13-standards.py", line 143, in add_text
    data = change_original_object(source, number, before.encode('ascii'), after.ljust(len(before)).encode('ascii'))
           ^^^^^^^^^^^^^^^^^^^^^^^^^^^^^^^^^^^^^^^^^^^^^^^^^^^^^^^^^^^^^^^^^^^^^^^^^^^^^^^^^^^^^^^^^^^^^^^^^^^^^^^^
  File "/home/ubuntu/IdeaProjects/open-pdf/scripts/generate-t13-standards.py", line 26, in change_original_object
    raise ValueError('T13 control does not select one original field')
ValueError: T13 control does not select one original field


======================================================================
FAIL: test_required_simple_font_entries_treat_null_as_missing (test_t13_standards.T13StandardsTest.test_required_simple_font_entries_treat_null_as_missing)
----------------------------------------------------------------------
Traceback (most recent call last):
  File "/home/ubuntu/IdeaProjects/open-pdf/scripts/tests/test_t13_standards.py", line 61, in test_required_simple_font_entries_treat_null_as_missing
    self.assertEqual(0, result.returncode, result.stderr)
AssertionError: 0 != 1 : Traceback (most recent call last):
  File "/home/ubuntu/IdeaProjects/open-pdf/scripts/generate-t13-standards.py", line 414, in <module>
    generate(Path(sys.argv[1]))
  File "/home/ubuntu/IdeaProjects/open-pdf/scripts/generate-t13-standards.py", line 379, in generate
    add_text('cmap-' + kind + '-' + label + '-required', inherited, number, field, '',
  File "/home/ubuntu/IdeaProjects/open-pdf/scripts/generate-t13-standards.py", line 143, in add_text
    data = change_original_object(source, number, before.encode('ascii'), after.ljust(len(before)).encode('ascii'))
           ^^^^^^^^^^^^^^^^^^^^^^^^^^^^^^^^^^^^^^^^^^^^^^^^^^^^^^^^^^^^^^^^^^^^^^^^^^^^^^^^^^^^^^^^^^^^^^^^^^^^^^^^
  File "/home/ubuntu/IdeaProjects/open-pdf/scripts/generate-t13-standards.py", line 26, in change_original_object
    raise ValueError('T13 control does not select one original field')
ValueError: T13 control does not select one original field


======================================================================
FAIL: test_shared_descriptor_is_compared_to_the_second_owning_font (test_t13_standards.T13StandardsTest.test_shared_descriptor_is_compared_to_the_second_owning_font)
----------------------------------------------------------------------
Traceback (most recent call last):
  File "/home/ubuntu/IdeaProjects/open-pdf/scripts/tests/test_t13_standards.py", line 243, in test_shared_descriptor_is_compared_to_the_second_owning_font
    self.assertEqual(0, result.returncode, result.stderr)
AssertionError: 0 != 1 : Traceback (most recent call last):
  File "/home/ubuntu/IdeaProjects/open-pdf/scripts/generate-t13-standards.py", line 414, in <module>
    generate(Path(sys.argv[1]))
  File "/home/ubuntu/IdeaProjects/open-pdf/scripts/generate-t13-standards.py", line 379, in generate
    add_text('cmap-' + kind + '-' + label + '-required', inherited, number, field, '',
  File "/home/ubuntu/IdeaProjects/open-pdf/scripts/generate-t13-standards.py", line 143, in add_text
    data = change_original_object(source, number, before.encode('ascii'), after.ljust(len(before)).encode('ascii'))
           ^^^^^^^^^^^^^^^^^^^^^^^^^^^^^^^^^^^^^^^^^^^^^^^^^^^^^^^^^^^^^^^^^^^^^^^^^^^^^^^^^^^^^^^^^^^^^^^^^^^^^^^^
  File "/home/ubuntu/IdeaProjects/open-pdf/scripts/generate-t13-standards.py", line 26, in change_original_object
    raise ValueError('T13 control does not select one original field')
ValueError: T13 control does not select one original field


======================================================================
FAIL: test_simple_font_declarations_have_type_specific_controls (test_t13_standards.T13StandardsTest.test_simple_font_declarations_have_type_specific_controls)
----------------------------------------------------------------------
Traceback (most recent call last):
  File "/home/ubuntu/IdeaProjects/open-pdf/scripts/tests/test_t13_standards.py", line 107, in test_simple_font_declarations_have_type_specific_controls
    self.assertEqual(0, result.returncode, result.stderr)
AssertionError: 0 != 1 : Traceback (most recent call last):
  File "/home/ubuntu/IdeaProjects/open-pdf/scripts/generate-t13-standards.py", line 414, in <module>
    generate(Path(sys.argv[1]))
  File "/home/ubuntu/IdeaProjects/open-pdf/scripts/generate-t13-standards.py", line 379, in generate
    add_text('cmap-' + kind + '-' + label + '-required', inherited, number, field, '',
  File "/home/ubuntu/IdeaProjects/open-pdf/scripts/generate-t13-standards.py", line 143, in add_text
    data = change_original_object(source, number, before.encode('ascii'), after.ljust(len(before)).encode('ascii'))
           ^^^^^^^^^^^^^^^^^^^^^^^^^^^^^^^^^^^^^^^^^^^^^^^^^^^^^^^^^^^^^^^^^^^^^^^^^^^^^^^^^^^^^^^^^^^^^^^^^^^^^^^^
  File "/home/ubuntu/IdeaProjects/open-pdf/scripts/generate-t13-standards.py", line 26, in change_original_object
    raise ValueError('T13 control does not select one original field')
ValueError: T13 control does not select one original field


======================================================================
FAIL: test_type3_dictionary_obligations_have_isolated_source_grounded_controls (test_t13_standards.T13StandardsTest.test_type3_dictionary_obligations_have_isolated_source_grounded_controls)
----------------------------------------------------------------------
Traceback (most recent call last):
  File "/home/ubuntu/IdeaProjects/open-pdf/scripts/tests/test_t13_standards.py", line 164, in test_type3_dictionary_obligations_have_isolated_source_grounded_controls
    self.assertEqual(0, result.returncode, result.stderr)
AssertionError: 0 != 1 : Traceback (most recent call last):
  File "/home/ubuntu/IdeaProjects/open-pdf/scripts/generate-t13-standards.py", line 414, in <module>
    generate(Path(sys.argv[1]))
  File "/home/ubuntu/IdeaProjects/open-pdf/scripts/generate-t13-standards.py", line 379, in generate
    add_text('cmap-' + kind + '-' + label + '-required', inherited, number, field, '',
  File "/home/ubuntu/IdeaProjects/open-pdf/scripts/generate-t13-standards.py", line 143, in add_text
    data = change_original_object(source, number, before.encode('ascii'), after.ljust(len(before)).encode('ascii'))
           ^^^^^^^^^^^^^^^^^^^^^^^^^^^^^^^^^^^^^^^^^^^^^^^^^^^^^^^^^^^^^^^^^^^^^^^^^^^^^^^^^^^^^^^^^^^^^^^^^^^^^^^^
  File "/home/ubuntu/IdeaProjects/open-pdf/scripts/generate-t13-standards.py", line 26, in change_original_object
    raise ValueError('T13 control does not select one original field')
ValueError: T13 control does not select one original field


======================================================================
FAIL: test_type3_glyph_headers_and_declared_widths_have_independent_negative_controls (test_t13_standards.T13StandardsTest.test_type3_glyph_headers_and_declared_widths_have_independent_negative_controls)
----------------------------------------------------------------------
Traceback (most recent call last):
  File "/home/ubuntu/IdeaProjects/open-pdf/scripts/tests/test_t13_standards.py", line 144, in test_type3_glyph_headers_and_declared_widths_have_independent_negative_controls
    self.assertEqual(0, result.returncode, result.stderr)
AssertionError: 0 != 1 : Traceback (most recent call last):
  File "/home/ubuntu/IdeaProjects/open-pdf/scripts/generate-t13-standards.py", line 414, in <module>
    generate(Path(sys.argv[1]))
  File "/home/ubuntu/IdeaProjects/open-pdf/scripts/generate-t13-standards.py", line 379, in generate
    add_text('cmap-' + kind + '-' + label + '-required', inherited, number, field, '',
  File "/home/ubuntu/IdeaProjects/open-pdf/scripts/generate-t13-standards.py", line 143, in add_text
    data = change_original_object(source, number, before.encode('ascii'), after.ljust(len(before)).encode('ascii'))
           ^^^^^^^^^^^^^^^^^^^^^^^^^^^^^^^^^^^^^^^^^^^^^^^^^^^^^^^^^^^^^^^^^^^^^^^^^^^^^^^^^^^^^^^^^^^^^^^^^^^^^^^^
  File "/home/ubuntu/IdeaProjects/open-pdf/scripts/generate-t13-standards.py", line 26, in change_original_object
    raise ValueError('T13 control does not select one original field')
ValueError: T13 control does not select one original field


======================================================================
FAIL: test_type3_names_have_matching_and_optional_positives_and_an_illegal_mismatch (test_t13_standards.T13StandardsTest.test_type3_names_have_matching_and_optional_positives_and_an_illegal_mismatch)
----------------------------------------------------------------------
Traceback (most recent call last):
  File "/home/ubuntu/IdeaProjects/open-pdf/scripts/tests/test_t13_standards.py", line 198, in test_type3_names_have_matching_and_optional_positives_and_an_illegal_mismatch
    self.assertEqual(0, result.returncode, result.stderr)
AssertionError: 0 != 1 : Traceback (most recent call last):
  File "/home/ubuntu/IdeaProjects/open-pdf/scripts/generate-t13-standards.py", line 414, in <module>
    generate(Path(sys.argv[1]))
  File "/home/ubuntu/IdeaProjects/open-pdf/scripts/generate-t13-standards.py", line 379, in generate
    add_text('cmap-' + kind + '-' + label + '-required', inherited, number, field, '',
  File "/home/ubuntu/IdeaProjects/open-pdf/scripts/generate-t13-standards.py", line 143, in add_text
    data = change_original_object(source, number, before.encode('ascii'), after.ljust(len(before)).encode('ascii'))
           ^^^^^^^^^^^^^^^^^^^^^^^^^^^^^^^^^^^^^^^^^^^^^^^^^^^^^^^^^^^^^^^^^^^^^^^^^^^^^^^^^^^^^^^^^^^^^^^^^^^^^^^^
  File "/home/ubuntu/IdeaProjects/open-pdf/scripts/generate-t13-standards.py", line 26, in change_original_object
    raise ValueError('T13 control does not select one original field')
ValueError: T13 control does not select one original field


======================================================================
FAIL: test_userunit_rules_bind_original_positive_and_non_numeric_and_zero_controls (test_t13_standards.T13StandardsTest.test_userunit_rules_bind_original_positive_and_non_numeric_and_zero_controls)
----------------------------------------------------------------------
Traceback (most recent call last):
  File "/home/ubuntu/IdeaProjects/open-pdf/scripts/tests/test_t13_standards.py", line 182, in test_userunit_rules_bind_original_positive_and_non_numeric_and_zero_controls
    self.assertEqual(0, result.returncode, result.stderr)
AssertionError: 0 != 1 : Traceback (most recent call last):
  File "/home/ubuntu/IdeaProjects/open-pdf/scripts/generate-t13-standards.py", line 414, in <module>
    generate(Path(sys.argv[1]))
  File "/home/ubuntu/IdeaProjects/open-pdf/scripts/generate-t13-standards.py", line 379, in generate
    add_text('cmap-' + kind + '-' + label + '-required', inherited, number, field, '',
  File "/home/ubuntu/IdeaProjects/open-pdf/scripts/generate-t13-standards.py", line 143, in add_text
    data = change_original_object(source, number, before.encode('ascii'), after.ljust(len(before)).encode('ascii'))
           ^^^^^^^^^^^^^^^^^^^^^^^^^^^^^^^^^^^^^^^^^^^^^^^^^^^^^^^^^^^^^^^^^^^^^^^^^^^^^^^^^^^^^^^^^^^^^^^^^^^^^^^^
  File "/home/ubuntu/IdeaProjects/open-pdf/scripts/generate-t13-standards.py", line 26, in change_original_object
    raise ValueError('T13 control does not select one original field')
ValueError: T13 control does not select one original field


----------------------------------------------------------------------
Ran 14 tests in 2.579s

FAILED (failures=14)
