{
  "catalog-version": null,
  "extensions": {},
  "pages": [
    {
      "content-sha256": [
        "c26b257c863cd6d34bbf59ab5d7561bf53b8aeca11e5ffdbe761c30425c7eaae"
      ],
      "media-box": [
        0,
        0,
        72,
        72
      ]
    }
  ],
  "security": {
    "EFF": "/StdCF",
    "EncryptMetadata": false,
    "Filter": "/Standard",
    "Length": 256,
    "O-length": 48,
    "OE-length": 32,
    "P": -3904,
    "Perms-length": 16,
    "R": 5,
    "StdCF": {
      "AuthEvent": "/EFOpen",
      "CFM": "/AESV3",
      "Length": 32
    },
    "StmF": "/Identity",
    "StrF": "/Identity",
    "U-length": 48,
    "UE-length": 32,
    "V": 5
  },
  "title-sha256": "b6a40f0ee7f931673b2f6d6a4a84a44efea01167d0f5ec2d9b3bd94f8f3b9399"
}
