....F......
======================================================================
FAIL: test_required_core_rules_retain_their_original_negative_identities (test_t13_standards.T13StandardsTest.test_required_core_rules_retain_their_original_negative_identities)
----------------------------------------------------------------------
Traceback (most recent call last):
  File "/home/ubuntu/IdeaProjects/open-pdf/scripts/tests/test_t13_standards.py", line 176, in test_required_core_rules_retain_their_original_negative_identities
    self.assertEqual(set(assignments), assigned)
AssertionError: Items in the first set but not the second:
'cid2-dw-number'
'cid2-descriptor-dictionary'
'type0-descendants-required'
'cid0-dw2-cardinality'
'cid0-w-array'
'cid2-descriptor-required'
'cid0-basefont-name'
'cid0-dw-number'
'cid2-w2-array'
'cid0-ros-dictionary'
'type0-basefont-required'
'cid2-registry-required'
'type0-basefont-name'
'cid2-supplement-required'
'cid0-ordering-string'
'cid0-supplement-required'
'cid0-w-numbers'
'cid2-registry-string'
'cid2-ros-dictionary'
'cid0-w2-numbers'
'type0-descendants-nonempty'
'cid2-dw2-array'
'cid2-supplement-integer'
'cid2-w-array'
'cid0-registry-required'
'type0-descendants-array'
'type0-tounicode-stream'
'cid0-ros-required'
'cid2-dw2-numbers'
'cid0-descriptor-dictionary'
'cid2-w2-numbers'
'cid2-ordering-string'
'cid0-dw2-array'
'cid2-dw2-cardinality'
'cid0-w2-array'
'cid2-ordering-required'
'cid2-ros-required'
'type0-encoding-required'
'cid2-w-numbers'
'cid2-map-name'
'cid0-descriptor-required'
'cid0-dw2-numbers'
'cid0-registry-string'
'cid2-map-type'
'cid0-ordering-required'
'type0-encoding-type'
'cid2-basefont-name'
'cid2-basefont-required'
'cid0-basefont-required'
'cid0-supplement-integer'

----------------------------------------------------------------------
Ran 11 tests in 1.004s

FAILED (failures=1)
