exit=0
patching file TestGrammar/CMakeLists.txt
patching file TestGrammar/src/ArlingtonPDFShim.h
patching file TestGrammar/src/ArlingtonPDFShimPDFium.cpp
patching file TestGrammar/src/FolioAnnotationChecks.h
patching file TestGrammar/src/FolioMetadataChecks.h
patching file TestGrammar/src/FolioTextChecks.h
patching file TestGrammar/src/PDFFile.cpp
patching file TestGrammar/src/ParseObjects.cpp
patching file TestGrammar/src/ParseObjects.h
patching file TestGrammar/src/PredicateProcessor.cpp
patching file TestGrammar/src/TestGrammarVers.h
patching file tsv/latest/CMapStream.tsv
patching file tsv/latest/FontMultipleMaster.tsv
patching file tsv/latest/FontTrueType.tsv
patching file tsv/latest/FontType3.tsv
patching file tsv/latest/PageObject.tsv
patching file tsv/latest/ToUnicodeCMapStream.tsv
identical 2a0be6244443e1a21f041d8be0d2f115b29ad8567ba0d1da141dd01aa7e8dc89 TestGrammar/CMakeLists.txt
identical 8279aa36ed87c4cb6ab1416cc4a0e374e121e54d8fcfcb2131c998a6478d62d2 TestGrammar/src/ArlingtonPDFShim.h
identical 87fb4793dff510bed1abf45af30413f43f0474d30cdd9b90d2e60aac88770341 TestGrammar/src/ArlingtonPDFShimPDFium.cpp
identical 1682490dde6dd54de8dd684a0bf7d03c12bc26a0f09a72bc3fedf671575de6d6 TestGrammar/src/FolioAnnotationChecks.h
identical 2b9d4d75899366e4d27d3d22f26124e879f84384974a90738448704572b59674 TestGrammar/src/FolioMetadataChecks.h
identical 456cf804222343662c0e4d8a1d790d57ff86f48015c2814d6c90a01d39e5b804 TestGrammar/src/FolioTextChecks.h
identical 7b1b2c4238e9ada02e27d87f3d25fb6aa49783d654f18cb59253a556500e18e8 TestGrammar/src/PDFFile.cpp
identical 76c0973df0937350d826491f3f853224d1bdf04c1b6eaab2d78c7d81bd8a07dc TestGrammar/src/ParseObjects.cpp
identical 27366730ff605dea90e5fea8f3500e353d56d6862355f9e41b1b13f7e83a1fc2 TestGrammar/src/ParseObjects.h
identical 10a301640ac42af2e42c247fb680a54947a97e2a192c1b7c1348e212fef33804 TestGrammar/src/PredicateProcessor.cpp
identical 9c84d883b247104aa2f8b787adc1dfc88e74e28a73451e07d2685769577111d8 TestGrammar/src/TestGrammarVers.h
identical 93a413ce3cdb0cfea2570aab7a57b0844b00e490d5e8040818f5f5906939aa39 tsv/latest/CMapStream.tsv
identical f3deec4b4a8fd624e788c972904f93230c6f9c4868c9e359a65d944aff4a7944 tsv/latest/FontMultipleMaster.tsv
identical 8f7fa49dca3e6ee0f31a309be55f7635147b57e0dc2e24fce9aacd3b1e3d5ff9 tsv/latest/FontTrueType.tsv
identical bec9ba59f3ce2a468faa48f026f71f5785fbf97e15bf59b5bb74e238cbc5e4eb tsv/latest/FontType3.tsv
identical f04e2aaed67f9be008981a61e8bf4bf5ccb7ce6f3a9e04fa5313c449e60497d6 tsv/latest/PageObject.tsv
identical 9379d53c0a70c7d1d6cacaf1fc8fc2a3b08340516afad8ba59e681d777ff4324 tsv/latest/ToUnicodeCMapStream.tsv
patch-sha256=b6e0ae70e1c5efa9cbe901a8d56a69ee7f331385523d8d5646e1e2f0d32e8a23

