{
  "version": 2,
  "parameters": {
    "decodelevel": "none"
  },
  "pages": [
    {
      "contents": [
        "5 0 R"
      ],
      "images": [],
      "label": null,
      "object": "3 0 R",
      "outlines": [],
      "pageposfrom1": 1
    },
    {
      "contents": [
        "5 0 R"
      ],
      "images": [],
      "label": null,
      "object": "4 0 R",
      "outlines": [],
      "pageposfrom1": 2
    }
  ],
  "qpdf": [
    {
      "jsonversion": 2,
      "pdfversion": "1.7",
      "pushedinheritedpageresources": false,
      "calledgetallpages": true,
      "maxobjectid": 13
    },
    {
      "obj:1 0 R": {
        "value": {
          "/AcroForm": "6 0 R",
          "/FolioKeep": "11 0 R",
          "/Pages": "2 0 R",
          "/Perms": {
            "/DocMDP": "8 0 R"
          },
          "/Type": "/Catalog"
        }
      },
      "obj:2 0 R": {
        "value": {
          "/Count": 2,
          "/Kids": [
            "3 0 R",
            "4 0 R"
          ],
          "/Type": "/Pages"
        }
      },
      "obj:3 0 R": {
        "value": {
          "/Annots": [
            "7 0 R",
            "13 0 R"
          ],
          "/Contents": "5 0 R",
          "/MediaBox": [
            0,
            0,
            100,
            100
          ],
          "/Parent": "2 0 R",
          "/Resources": {},
          "/Type": "/Page"
        }
      },
      "obj:4 0 R": {
        "value": {
          "/Contents": "5 0 R",
          "/MediaBox": [
            0,
            0,
            100,
            100
          ],
          "/Parent": "2 0 R",
          "/Resources": {},
          "/Type": "/Page"
        }
      },
      "obj:5 0 R": {
        "stream": {
          "data": "MCAwIDEgcmcgMTAgMTAgMjAgMjAgcmUgZgo=",
          "dict": {}
        }
      },
      "obj:6 0 R": {
        "value": {
          "/Fields": [
            "7 0 R"
          ],
          "/SigFlags": 3
        }
      },
      "obj:7 0 R": {
        "value": {
          "/F": 2,
          "/FT": "/Sig",
          "/NM": "u:signature-widget",
          "/P": "3 0 R",
          "/Rect": [
            0,
            0,
            1,
            1
          ],
          "/Subtype": "/Widget",
          "/T": "u:FolioSignature",
          "/Type": "/Annot",
          "/V": "8 0 R"
        }
      },
      "obj:8 0 R": {
        "value": {
          "/ByteRange": [
            0,
            848,
            1106,
            799
          ],
          "/Contents": "b:0000000000000000000000000000000000000000000000000000000000000000000000000000000000000000000000000000000000000000000000000000000000000000000000000000000000000000000000000000000000000000000000000000000000000000000000000000000000000000000000000000000000000000",
          "/Filter": "/Adobe.PPKLite",
          "/Reference": [
            {
              "/TransformMethod": "/DocMDP",
              "/TransformParams": {
                "/P": 3,
                "/Type": "/TransformParams",
                "/V": "/1.2"
              },
              "/Type": "/SigRef"
            }
          ],
          "/SubFilter": "/adbe.pkcs7.detached",
          "/Type": "/Sig"
        }
      },
      "obj:9 0 R": {
        "value": {
          "/AP": {
            "/N": "10 0 R"
          },
          "/Contents": "u:Original",
          "/F": 4,
          "/NM": "u:existing",
          "/Name": "/Approved",
          "/P": "3 0 R",
          "/Rect": [
            40,
            40,
            60,
            60
          ],
          "/Subtype": "/Stamp",
          "/Type": "/Annot"
        }
      },
      "obj:10 0 R": {
        "stream": {
          "data": "MSAwIDAgcmcgMCAwIDIwIDIwIHJlIGYK",
          "dict": {
            "/BBox": [
              0,
              0,
              20,
              20
            ],
            "/FormType": 1,
            "/Resources": {},
            "/Subtype": "/Form",
            "/Type": "/XObject"
          }
        }
      },
      "obj:11 0 R": {
        "value": {
          "/Numbers": [
            1,
            2,
            3
          ],
          "/Token": "u:Unrelated"
        }
      },
      "obj:12 0 R": {
        "stream": {
          "data": "MCAxIDAgcmcgMCAwIDIwIDIwIHJlIGYK",
          "dict": {
            "/BBox": [
              0,
              0,
              20,
              20
            ],
            "/FormType": 1,
            "/Resources": {},
            "/Subtype": "/Form",
            "/Type": "/XObject"
          }
        }
      },
      "obj:13 0 R": {
        "value": {
          "/AP": {
            "/N": "12 0 R"
          },
          "/Contents": "u:Replacement",
          "/F": 4,
          "/NM": "u:existing",
          "/Name": "/Approved",
          "/P": "3 0 R",
          "/Rect": [
            40,
            40,
            60,
            60
          ],
          "/Subtype": "/Stamp",
          "/Type": "/Annot"
        }
      },
      "trailer": {
        "value": {
          "/ID": [
            "b:f566728690a3c94d08803329cfdb4b4f74db2c67d7e8e90a50e43d96970cac5e",
            "b:f566728690a3c94d08803329cfdb4b4f74db2c67d7e8e90a50e43d96970cac5e"
          ],
          "/Prev": 1599,
          "/Root": "1 0 R",
          "/Size": 14
        }
      }
    }
  ]
}
