{
  "catalog-version": null,
  "extensions": {},
  "pages": [
    {
      "content-sha256": [
        "c26b257c863cd6d34bbf59ab5d7561bf53b8aeca11e5ffdbe761c30425c7eaae"
      ],
      "media-box": [
        0,
        0,
        72,
        72
      ]
    }
  ],
  "security": {
    "EFF": null,
    "EncryptMetadata": true,
    "Filter": "/Standard",
    "Length": 128,
    "O-length": 32,
    "OE-length": null,
    "P": -3904,
    "Perms-length": null,
    "R": 3,
    "StdCF": {
      "AuthEvent": null,
      "CFM": null,
      "Length": null
    },
    "StmF": null,
    "StrF": null,
    "U-length": 32,
    "UE-length": null,
    "V": 2
  },
  "title-sha256": "8248a757d7b6dde52a0e7a694ab35570a5c9808c001b9419af9a5fa3965f59e2"
}
