checking @repository/capabilities/profiles/T79-clear-metadata/rc4-cf-assembly.pdf
PDF Version: 1.7
R = 4
P = -4
[credential redacted]
Supplied password is user password
extract for accessibility: allowed
extract for any purpose: allowed
print low resolution: allowed
print high resolution: allowed
modify document assembly: allowed
modify forms: allowed
modify annotations: allowed
modify other: allowed
modify anything: allowed
stream encryption method: RC4
string encryption method: RC4
file encryption method: RC4
File is not linearized
No syntax or stream encoding errors found; the file may still contain
errors that qpdf cannot detect
