FFFFFFFFFFFFFFFFFFF
======================================================================
FAIL: test_binary_font_controls_change_the_program_header_with_valid_pdf_storage (scripts.tests.test_t13_standards.T13StandardsTest.test_binary_font_controls_change_the_program_header_with_valid_pdf_storage)
----------------------------------------------------------------------
Traceback (most recent call last):
  File "/home/ubuntu/IdeaProjects/open-pdf/scripts/tests/test_t13_standards.py", line 37, in test_binary_font_controls_change_the_program_header_with_valid_pdf_storage
    self.assertEqual(0, result.returncode, result.stderr)
AssertionError: 0 != 1 : Traceback (most recent call last):
  File "/home/ubuntu/IdeaProjects/open-pdf/scripts/generate-t13-standards.py", line 563, in <module>
    generate(Path(sys.argv[1]))
  File "/home/ubuntu/IdeaProjects/open-pdf/scripts/generate-t13-standards.py", line 251, in generate
    data = original_font_variant(number, field, '/' + key + ' null')
           ^^^^^^^^^^^^^^^^^^^^^^^^^^^^^^^^^^^^^^^^^^^^^^^^^^^^^^^^^
  File "/home/ubuntu/IdeaProjects/open-pdf/scripts/generate-t13-standards.py", line 45, in original_font_variant
    raise ValueError('The original embedded-font qualification objects changed')
ValueError: The original embedded-font qualification objects changed


======================================================================
FAIL: test_cff_kind_controls_keep_the_declared_subtype_and_swap_only_the_binary_program (scripts.tests.test_t13_standards.T13StandardsTest.test_cff_kind_controls_keep_the_declared_subtype_and_swap_only_the_binary_program)
----------------------------------------------------------------------
Traceback (most recent call last):
  File "/home/ubuntu/IdeaProjects/open-pdf/scripts/tests/test_t13_standards.py", line 19, in test_cff_kind_controls_keep_the_declared_subtype_and_swap_only_the_binary_program
    self.assertEqual(0, result.returncode, result.stderr)
AssertionError: 0 != 1 : Traceback (most recent call last):
  File "/home/ubuntu/IdeaProjects/open-pdf/scripts/generate-t13-standards.py", line 563, in <module>
    generate(Path(sys.argv[1]))
  File "/home/ubuntu/IdeaProjects/open-pdf/scripts/generate-t13-standards.py", line 251, in generate
    data = original_font_variant(number, field, '/' + key + ' null')
           ^^^^^^^^^^^^^^^^^^^^^^^^^^^^^^^^^^^^^^^^^^^^^^^^^^^^^^^^^
  File "/home/ubuntu/IdeaProjects/open-pdf/scripts/generate-t13-standards.py", line 45, in original_font_variant
    raise ValueError('The original embedded-font qualification objects changed')
ValueError: The original embedded-font qualification objects changed


======================================================================
FAIL: test_cid_and_composite_declarations_have_separate_qualified_profiles (scripts.tests.test_t13_standards.T13StandardsTest.test_cid_and_composite_declarations_have_separate_qualified_profiles)
----------------------------------------------------------------------
Traceback (most recent call last):
  File "/home/ubuntu/IdeaProjects/open-pdf/scripts/tests/test_t13_standards.py", line 179, in test_cid_and_composite_declarations_have_separate_qualified_profiles
    self.assertEqual(0, result.returncode, result.stderr)
AssertionError: 0 != 1 : Traceback (most recent call last):
  File "/home/ubuntu/IdeaProjects/open-pdf/scripts/generate-t13-standards.py", line 563, in <module>
    generate(Path(sys.argv[1]))
  File "/home/ubuntu/IdeaProjects/open-pdf/scripts/generate-t13-standards.py", line 251, in generate
    data = original_font_variant(number, field, '/' + key + ' null')
           ^^^^^^^^^^^^^^^^^^^^^^^^^^^^^^^^^^^^^^^^^^^^^^^^^^^^^^^^^
  File "/home/ubuntu/IdeaProjects/open-pdf/scripts/generate-t13-standards.py", line 45, in original_font_variant
    raise ValueError('The original embedded-font qualification objects changed')
ValueError: The original embedded-font qualification objects changed


======================================================================
FAIL: test_cmap_dictionary_controls_distinguish_encoding_and_tounicode_requirements (scripts.tests.test_t13_standards.T13StandardsTest.test_cmap_dictionary_controls_distinguish_encoding_and_tounicode_requirements)
----------------------------------------------------------------------
Traceback (most recent call last):
  File "/home/ubuntu/IdeaProjects/open-pdf/scripts/tests/test_t13_standards.py", line 112, in test_cmap_dictionary_controls_distinguish_encoding_and_tounicode_requirements
    self.assertEqual(0, result.returncode, result.stderr)
AssertionError: 0 != 1 : Traceback (most recent call last):
  File "/home/ubuntu/IdeaProjects/open-pdf/scripts/generate-t13-standards.py", line 563, in <module>
    generate(Path(sys.argv[1]))
  File "/home/ubuntu/IdeaProjects/open-pdf/scripts/generate-t13-standards.py", line 251, in generate
    data = original_font_variant(number, field, '/' + key + ' null')
           ^^^^^^^^^^^^^^^^^^^^^^^^^^^^^^^^^^^^^^^^^^^^^^^^^^^^^^^^^
  File "/home/ubuntu/IdeaProjects/open-pdf/scripts/generate-t13-standards.py", line 45, in original_font_variant
    raise ValueError('The original embedded-font qualification objects changed')
ValueError: The original embedded-font qualification objects changed


======================================================================
FAIL: test_decoded_program_controls_and_legal_inheritance_examples_are_original (scripts.tests.test_t13_standards.T13StandardsTest.test_decoded_program_controls_and_legal_inheritance_examples_are_original)
----------------------------------------------------------------------
Traceback (most recent call last):
  File "/home/ubuntu/IdeaProjects/open-pdf/scripts/tests/test_t13_standards.py", line 91, in test_decoded_program_controls_and_legal_inheritance_examples_are_original
    self.assertEqual(0, result.returncode, result.stderr)
AssertionError: 0 != 1 : Traceback (most recent call last):
  File "/home/ubuntu/IdeaProjects/open-pdf/scripts/generate-t13-standards.py", line 563, in <module>
    generate(Path(sys.argv[1]))
  File "/home/ubuntu/IdeaProjects/open-pdf/scripts/generate-t13-standards.py", line 251, in generate
    data = original_font_variant(number, field, '/' + key + ' null')
           ^^^^^^^^^^^^^^^^^^^^^^^^^^^^^^^^^^^^^^^^^^^^^^^^^^^^^^^^^
  File "/home/ubuntu/IdeaProjects/open-pdf/scripts/generate-t13-standards.py", line 45, in original_font_variant
    raise ValueError('The original embedded-font qualification objects changed')
ValueError: The original embedded-font qualification objects changed


======================================================================
FAIL: test_font_descriptor_and_vertical_width_defects_have_original_reproducible_pdf_controls (scripts.tests.test_t13_standards.T13StandardsTest.test_font_descriptor_and_vertical_width_defects_have_original_reproducible_pdf_controls)
----------------------------------------------------------------------
Traceback (most recent call last):
  File "/home/ubuntu/IdeaProjects/open-pdf/scripts/tests/test_t13_standards.py", line 367, in test_font_descriptor_and_vertical_width_defects_have_original_reproducible_pdf_controls
    self.assertEqual(0, result.returncode, result.stderr)
AssertionError: 0 != 1 : Traceback (most recent call last):
  File "/home/ubuntu/IdeaProjects/open-pdf/scripts/generate-t13-standards.py", line 563, in <module>
    generate(Path(sys.argv[1]))
  File "/home/ubuntu/IdeaProjects/open-pdf/scripts/generate-t13-standards.py", line 251, in generate
    data = original_font_variant(number, field, '/' + key + ' null')
           ^^^^^^^^^^^^^^^^^^^^^^^^^^^^^^^^^^^^^^^^^^^^^^^^^^^^^^^^^
  File "/home/ubuntu/IdeaProjects/open-pdf/scripts/generate-t13-standards.py", line 45, in original_font_variant
    raise ValueError('The original embedded-font qualification objects changed')
ValueError: The original embedded-font qualification objects changed


======================================================================
FAIL: test_font_descriptors_and_program_streams_have_source_bound_controls (scripts.tests.test_t13_standards.T13StandardsTest.test_font_descriptors_and_program_streams_have_source_bound_controls)
----------------------------------------------------------------------
Traceback (most recent call last):
  File "/home/ubuntu/IdeaProjects/open-pdf/scripts/tests/test_t13_standards.py", line 136, in test_font_descriptors_and_program_streams_have_source_bound_controls
    self.assertEqual(0, result.returncode, result.stderr)
AssertionError: 0 != 1 : Traceback (most recent call last):
  File "/home/ubuntu/IdeaProjects/open-pdf/scripts/generate-t13-standards.py", line 563, in <module>
    generate(Path(sys.argv[1]))
  File "/home/ubuntu/IdeaProjects/open-pdf/scripts/generate-t13-standards.py", line 251, in generate
    data = original_font_variant(number, field, '/' + key + ' null')
           ^^^^^^^^^^^^^^^^^^^^^^^^^^^^^^^^^^^^^^^^^^^^^^^^^^^^^^^^^
  File "/home/ubuntu/IdeaProjects/open-pdf/scripts/generate-t13-standards.py", line 45, in original_font_variant
    raise ValueError('The original embedded-font qualification objects changed')
ValueError: The original embedded-font qualification objects changed


======================================================================
FAIL: test_font_profile_requires_each_control_identity_and_a_specific_checker_diagnostic (scripts.tests.test_t13_standards.T13StandardsTest.test_font_profile_requires_each_control_identity_and_a_specific_checker_diagnostic)
----------------------------------------------------------------------
Traceback (most recent call last):
  File "/home/ubuntu/IdeaProjects/open-pdf/scripts/tests/test_t13_standards.py", line 346, in test_font_profile_requires_each_control_identity_and_a_specific_checker_diagnostic
    self.assertEqual(0, result.returncode, result.stderr)
AssertionError: 0 != 1 : Traceback (most recent call last):
  File "/home/ubuntu/IdeaProjects/open-pdf/scripts/generate-t13-standards.py", line 563, in <module>
    generate(Path(sys.argv[1]))
  File "/home/ubuntu/IdeaProjects/open-pdf/scripts/generate-t13-standards.py", line 251, in generate
    data = original_font_variant(number, field, '/' + key + ' null')
           ^^^^^^^^^^^^^^^^^^^^^^^^^^^^^^^^^^^^^^^^^^^^^^^^^^^^^^^^^
  File "/home/ubuntu/IdeaProjects/open-pdf/scripts/generate-t13-standards.py", line 45, in original_font_variant
    raise ValueError('The original embedded-font qualification objects changed')
ValueError: The original embedded-font qualification objects changed


======================================================================
FAIL: test_glyph_profile_keeps_legal_boundaries_separate_from_unobserved_mappings (scripts.tests.test_t13_standards.T13StandardsTest.test_glyph_profile_keeps_legal_boundaries_separate_from_unobserved_mappings)
----------------------------------------------------------------------
Traceback (most recent call last):
  File "/home/ubuntu/IdeaProjects/open-pdf/scripts/tests/test_t13_standards.py", line 211, in test_glyph_profile_keeps_legal_boundaries_separate_from_unobserved_mappings
    self.assertEqual(0, result.returncode, result.stderr)
AssertionError: 0 != 1 : Traceback (most recent call last):
  File "/home/ubuntu/IdeaProjects/open-pdf/scripts/generate-t13-standards.py", line 563, in <module>
    generate(Path(sys.argv[1]))
  File "/home/ubuntu/IdeaProjects/open-pdf/scripts/generate-t13-standards.py", line 251, in generate
    data = original_font_variant(number, field, '/' + key + ' null')
           ^^^^^^^^^^^^^^^^^^^^^^^^^^^^^^^^^^^^^^^^^^^^^^^^^^^^^^^^^
  File "/home/ubuntu/IdeaProjects/open-pdf/scripts/generate-t13-standards.py", line 45, in original_font_variant
    raise ValueError('The original embedded-font qualification objects changed')
ValueError: The original embedded-font qualification objects changed


======================================================================
FAIL: test_program_qualification_authors_direct_font_and_exact_budget_boundaries (scripts.tests.test_t13_standards.T13StandardsTest.test_program_qualification_authors_direct_font_and_exact_budget_boundaries)
----------------------------------------------------------------------
Traceback (most recent call last):
  File "/home/ubuntu/IdeaProjects/open-pdf/scripts/tests/test_t13_standards.py", line 70, in test_program_qualification_authors_direct_font_and_exact_budget_boundaries
    self.assertEqual(0, result.returncode, result.stderr)
AssertionError: 0 != 1 : Traceback (most recent call last):
  File "/home/ubuntu/IdeaProjects/open-pdf/scripts/generate-t13-standards.py", line 563, in <module>
    generate(Path(sys.argv[1]))
  File "/home/ubuntu/IdeaProjects/open-pdf/scripts/generate-t13-standards.py", line 251, in generate
    data = original_font_variant(number, field, '/' + key + ' null')
           ^^^^^^^^^^^^^^^^^^^^^^^^^^^^^^^^^^^^^^^^^^^^^^^^^^^^^^^^^
  File "/home/ubuntu/IdeaProjects/open-pdf/scripts/generate-t13-standards.py", line 45, in original_font_variant
    raise ValueError('The original embedded-font qualification objects changed')
ValueError: The original embedded-font qualification objects changed


======================================================================
FAIL: test_required_core_rules_retain_their_original_negative_identities (scripts.tests.test_t13_standards.T13StandardsTest.test_required_core_rules_retain_their_original_negative_identities)
----------------------------------------------------------------------
Traceback (most recent call last):
  File "/home/ubuntu/IdeaProjects/open-pdf/scripts/tests/test_t13_standards.py", line 309, in test_required_core_rules_retain_their_original_negative_identities
    self.assertEqual(0, result.returncode, result.stderr)
AssertionError: 0 != 1 : Traceback (most recent call last):
  File "/home/ubuntu/IdeaProjects/open-pdf/scripts/generate-t13-standards.py", line 563, in <module>
    generate(Path(sys.argv[1]))
  File "/home/ubuntu/IdeaProjects/open-pdf/scripts/generate-t13-standards.py", line 251, in generate
    data = original_font_variant(number, field, '/' + key + ' null')
           ^^^^^^^^^^^^^^^^^^^^^^^^^^^^^^^^^^^^^^^^^^^^^^^^^^^^^^^^^
  File "/home/ubuntu/IdeaProjects/open-pdf/scripts/generate-t13-standards.py", line 45, in original_font_variant
    raise ValueError('The original embedded-font qualification objects changed')
ValueError: The original embedded-font qualification objects changed


======================================================================
FAIL: test_required_simple_font_entries_treat_null_as_missing (scripts.tests.test_t13_standards.T13StandardsTest.test_required_simple_font_entries_treat_null_as_missing)
----------------------------------------------------------------------
Traceback (most recent call last):
  File "/home/ubuntu/IdeaProjects/open-pdf/scripts/tests/test_t13_standards.py", line 151, in test_required_simple_font_entries_treat_null_as_missing
    self.assertEqual(0, result.returncode, result.stderr)
AssertionError: 0 != 1 : Traceback (most recent call last):
  File "/home/ubuntu/IdeaProjects/open-pdf/scripts/generate-t13-standards.py", line 563, in <module>
    generate(Path(sys.argv[1]))
  File "/home/ubuntu/IdeaProjects/open-pdf/scripts/generate-t13-standards.py", line 251, in generate
    data = original_font_variant(number, field, '/' + key + ' null')
           ^^^^^^^^^^^^^^^^^^^^^^^^^^^^^^^^^^^^^^^^^^^^^^^^^^^^^^^^^
  File "/home/ubuntu/IdeaProjects/open-pdf/scripts/generate-t13-standards.py", line 45, in original_font_variant
    raise ValueError('The original embedded-font qualification objects changed')
ValueError: The original embedded-font qualification objects changed


======================================================================
FAIL: test_shared_descriptor_is_compared_to_the_second_owning_font (scripts.tests.test_t13_standards.T13StandardsTest.test_shared_descriptor_is_compared_to_the_second_owning_font)
----------------------------------------------------------------------
Traceback (most recent call last):
  File "/home/ubuntu/IdeaProjects/open-pdf/scripts/tests/test_t13_standards.py", line 333, in test_shared_descriptor_is_compared_to_the_second_owning_font
    self.assertEqual(0, result.returncode, result.stderr)
AssertionError: 0 != 1 : Traceback (most recent call last):
  File "/home/ubuntu/IdeaProjects/open-pdf/scripts/generate-t13-standards.py", line 563, in <module>
    generate(Path(sys.argv[1]))
  File "/home/ubuntu/IdeaProjects/open-pdf/scripts/generate-t13-standards.py", line 251, in generate
    data = original_font_variant(number, field, '/' + key + ' null')
           ^^^^^^^^^^^^^^^^^^^^^^^^^^^^^^^^^^^^^^^^^^^^^^^^^^^^^^^^^
  File "/home/ubuntu/IdeaProjects/open-pdf/scripts/generate-t13-standards.py", line 45, in original_font_variant
    raise ValueError('The original embedded-font qualification objects changed')
ValueError: The original embedded-font qualification objects changed


======================================================================
FAIL: test_simple_font_declarations_have_type_specific_controls (scripts.tests.test_t13_standards.T13StandardsTest.test_simple_font_declarations_have_type_specific_controls)
----------------------------------------------------------------------
Traceback (most recent call last):
  File "/home/ubuntu/IdeaProjects/open-pdf/scripts/tests/test_t13_standards.py", line 197, in test_simple_font_declarations_have_type_specific_controls
    self.assertEqual(0, result.returncode, result.stderr)
AssertionError: 0 != 1 : Traceback (most recent call last):
  File "/home/ubuntu/IdeaProjects/open-pdf/scripts/generate-t13-standards.py", line 563, in <module>
    generate(Path(sys.argv[1]))
  File "/home/ubuntu/IdeaProjects/open-pdf/scripts/generate-t13-standards.py", line 251, in generate
    data = original_font_variant(number, field, '/' + key + ' null')
           ^^^^^^^^^^^^^^^^^^^^^^^^^^^^^^^^^^^^^^^^^^^^^^^^^^^^^^^^^
  File "/home/ubuntu/IdeaProjects/open-pdf/scripts/generate-t13-standards.py", line 45, in original_font_variant
    raise ValueError('The original embedded-font qualification objects changed')
ValueError: The original embedded-font qualification objects changed


======================================================================
FAIL: test_tounicode_owner_controls_preserve_valid_xref_and_change_only_the_character_domain (scripts.tests.test_t13_standards.T13StandardsTest.test_tounicode_owner_controls_preserve_valid_xref_and_change_only_the_character_domain)
----------------------------------------------------------------------
Traceback (most recent call last):
  File "/home/ubuntu/IdeaProjects/open-pdf/scripts/tests/test_t13_standards.py", line 56, in test_tounicode_owner_controls_preserve_valid_xref_and_change_only_the_character_domain
    self.assertEqual(0, result.returncode, result.stderr)
AssertionError: 0 != 1 : Traceback (most recent call last):
  File "/home/ubuntu/IdeaProjects/open-pdf/scripts/generate-t13-standards.py", line 563, in <module>
    generate(Path(sys.argv[1]))
  File "/home/ubuntu/IdeaProjects/open-pdf/scripts/generate-t13-standards.py", line 251, in generate
    data = original_font_variant(number, field, '/' + key + ' null')
           ^^^^^^^^^^^^^^^^^^^^^^^^^^^^^^^^^^^^^^^^^^^^^^^^^^^^^^^^^
  File "/home/ubuntu/IdeaProjects/open-pdf/scripts/generate-t13-standards.py", line 45, in original_font_variant
    raise ValueError('The original embedded-font qualification objects changed')
ValueError: The original embedded-font qualification objects changed


======================================================================
FAIL: test_type3_dictionary_obligations_have_isolated_source_grounded_controls (scripts.tests.test_t13_standards.T13StandardsTest.test_type3_dictionary_obligations_have_isolated_source_grounded_controls)
----------------------------------------------------------------------
Traceback (most recent call last):
  File "/home/ubuntu/IdeaProjects/open-pdf/scripts/tests/test_t13_standards.py", line 254, in test_type3_dictionary_obligations_have_isolated_source_grounded_controls
    self.assertEqual(0, result.returncode, result.stderr)
AssertionError: 0 != 1 : Traceback (most recent call last):
  File "/home/ubuntu/IdeaProjects/open-pdf/scripts/generate-t13-standards.py", line 563, in <module>
    generate(Path(sys.argv[1]))
  File "/home/ubuntu/IdeaProjects/open-pdf/scripts/generate-t13-standards.py", line 251, in generate
    data = original_font_variant(number, field, '/' + key + ' null')
           ^^^^^^^^^^^^^^^^^^^^^^^^^^^^^^^^^^^^^^^^^^^^^^^^^^^^^^^^^
  File "/home/ubuntu/IdeaProjects/open-pdf/scripts/generate-t13-standards.py", line 45, in original_font_variant
    raise ValueError('The original embedded-font qualification objects changed')
ValueError: The original embedded-font qualification objects changed


======================================================================
FAIL: test_type3_glyph_headers_and_declared_widths_have_independent_negative_controls (scripts.tests.test_t13_standards.T13StandardsTest.test_type3_glyph_headers_and_declared_widths_have_independent_negative_controls)
----------------------------------------------------------------------
Traceback (most recent call last):
  File "/home/ubuntu/IdeaProjects/open-pdf/scripts/tests/test_t13_standards.py", line 234, in test_type3_glyph_headers_and_declared_widths_have_independent_negative_controls
    self.assertEqual(0, result.returncode, result.stderr)
AssertionError: 0 != 1 : Traceback (most recent call last):
  File "/home/ubuntu/IdeaProjects/open-pdf/scripts/generate-t13-standards.py", line 563, in <module>
    generate(Path(sys.argv[1]))
  File "/home/ubuntu/IdeaProjects/open-pdf/scripts/generate-t13-standards.py", line 251, in generate
    data = original_font_variant(number, field, '/' + key + ' null')
           ^^^^^^^^^^^^^^^^^^^^^^^^^^^^^^^^^^^^^^^^^^^^^^^^^^^^^^^^^
  File "/home/ubuntu/IdeaProjects/open-pdf/scripts/generate-t13-standards.py", line 45, in original_font_variant
    raise ValueError('The original embedded-font qualification objects changed')
ValueError: The original embedded-font qualification objects changed


======================================================================
FAIL: test_type3_names_have_matching_and_optional_positives_and_an_illegal_mismatch (scripts.tests.test_t13_standards.T13StandardsTest.test_type3_names_have_matching_and_optional_positives_and_an_illegal_mismatch)
----------------------------------------------------------------------
Traceback (most recent call last):
  File "/home/ubuntu/IdeaProjects/open-pdf/scripts/tests/test_t13_standards.py", line 288, in test_type3_names_have_matching_and_optional_positives_and_an_illegal_mismatch
    self.assertEqual(0, result.returncode, result.stderr)
AssertionError: 0 != 1 : Traceback (most recent call last):
  File "/home/ubuntu/IdeaProjects/open-pdf/scripts/generate-t13-standards.py", line 563, in <module>
    generate(Path(sys.argv[1]))
  File "/home/ubuntu/IdeaProjects/open-pdf/scripts/generate-t13-standards.py", line 251, in generate
    data = original_font_variant(number, field, '/' + key + ' null')
           ^^^^^^^^^^^^^^^^^^^^^^^^^^^^^^^^^^^^^^^^^^^^^^^^^^^^^^^^^
  File "/home/ubuntu/IdeaProjects/open-pdf/scripts/generate-t13-standards.py", line 45, in original_font_variant
    raise ValueError('The original embedded-font qualification objects changed')
ValueError: The original embedded-font qualification objects changed


======================================================================
FAIL: test_userunit_rules_bind_original_positive_and_non_numeric_and_zero_controls (scripts.tests.test_t13_standards.T13StandardsTest.test_userunit_rules_bind_original_positive_and_non_numeric_and_zero_controls)
----------------------------------------------------------------------
Traceback (most recent call last):
  File "/home/ubuntu/IdeaProjects/open-pdf/scripts/tests/test_t13_standards.py", line 272, in test_userunit_rules_bind_original_positive_and_non_numeric_and_zero_controls
    self.assertEqual(0, result.returncode, result.stderr)
AssertionError: 0 != 1 : Traceback (most recent call last):
  File "/home/ubuntu/IdeaProjects/open-pdf/scripts/generate-t13-standards.py", line 563, in <module>
    generate(Path(sys.argv[1]))
  File "/home/ubuntu/IdeaProjects/open-pdf/scripts/generate-t13-standards.py", line 251, in generate
    data = original_font_variant(number, field, '/' + key + ' null')
           ^^^^^^^^^^^^^^^^^^^^^^^^^^^^^^^^^^^^^^^^^^^^^^^^^^^^^^^^^
  File "/home/ubuntu/IdeaProjects/open-pdf/scripts/generate-t13-standards.py", line 45, in original_font_variant
    raise ValueError('The original embedded-font qualification objects changed')
ValueError: The original embedded-font qualification objects changed


----------------------------------------------------------------------
Ran 19 tests in 2.868s

FAILED (failures=19)
