{
  "catalog-version": null,
  "extensions": {
    "/BaseVersion": "/1.7",
    "/ExtensionLevel": 8
  },
  "pages": [
    {
      "content-sha256": [
        "c26b257c863cd6d34bbf59ab5d7561bf53b8aeca11e5ffdbe761c30425c7eaae"
      ],
      "media-box": [
        0,
        0,
        72,
        72
      ]
    }
  ],
  "security": {
    "EFF": null,
    "EncryptMetadata": true,
    "Filter": "/Standard",
    "Length": 256,
    "O-length": 48,
    "OE-length": 32,
    "P": -3896,
    "Perms-length": 16,
    "R": 6,
    "StdCF": {
      "AuthEvent": null,
      "CFM": "/AESV3",
      "Length": 32
    },
    "StmF": "/StdCF",
    "StrF": "/StdCF",
    "U-length": 48,
    "UE-length": 32,
    "V": 5
  },
  "title-sha256": "8248a757d7b6dde52a0e7a694ab35570a5c9808c001b9419af9a5fa3965f59e2"
}
