F
======================================================================
FAIL: test_decoded_program_controls_and_legal_inheritance_examples_are_original (test_t13_standards.T13StandardsTest.test_decoded_program_controls_and_legal_inheritance_examples_are_original)
----------------------------------------------------------------------
Traceback (most recent call last):
  File "/home/ubuntu/IdeaProjects/open-pdf/scripts/tests/test_t13_standards.py", line 56, in test_decoded_program_controls_and_legal_inheritance_examples_are_original
    self.assertEqual(required, set(controls))
AssertionError: Items in the first set but not the second:
'cmap-range-cardinality'
'cmap-font-ordering'
'cmap-usecmap-missing-parent'
'cmap-usecmap-name'
'cmap-inherited-codespace'
'cmap-uid-string'
'cmap-late-codespace'
'cmap-xuid-string'
'cmap-usecmap-late'
'cmap-font-simple-domain'
'cmap-version-string'
'cmap-font-registry'
'cmap-usefont-nonzero'
'cmap-font-type0-domain'

----------------------------------------------------------------------
Ran 1 test in 0.113s

FAILED (failures=1)
