Processing "@repository/capabilities/profiles/T79-controls/rc4-before15.pdf" to stdout BEGIN - TestGrammar v0.81 built Sep  8 2026 00:00:00 (GNU-C linux release) pdfium
Arlington TSV data: "@repository/.build-cache/t79-arlington-model/input"
PDF: "@repository/capabilities/profiles/T79-controls/rc4-before15.pdf"
Info: Traditional trailer dictionary detected.
Info: Encrypted PDF
Info: Header is version PDF 1.4
Info: Processing as PDF 1.4
       2:     Trailer->Encrypt (as EncryptionStandard)
Info: detected a dictionary key version-based feature before official introduction in PDF 1.5 (using PDF 1.4) for EncryptionStandard/CF
Info: detected a dictionary key version-based feature before official introduction in PDF 1.5 (using PDF 1.4) for EncryptionStandard/EncryptMetadata
Info: detected a dictionary key version-based feature before official introduction in PDF 1.5 (using PDF 1.4) for EncryptionStandard/StmF
Info: detected a dictionary key version-based feature before official introduction in PDF 1.5 (using PDF 1.4) for EncryptionStandard/StrF
Error: special case not correct: V (EncryptionStandard) in PDF 1.4 should be: integer [fn:Eval(((@V==1) && ((@R==2) || fn:SinceVersion(1.4))) || ((@V==2) && fn:SinceVersion(1.4)) || ((@V==4) && fn:SinceVersion(1.5)) || ((@V==5) && (fn:SinceVersion(2.0) || (fn:IsPDFVersion(1.7) && (fn:IsPresent(trailer::Catalog::Extensions::ADBE::BaseVersion) && fn:IsPresent(trailer::Catalog::Extensions::ADBE::ExtensionLevel) && (trailer::Catalog::Extensions::ADBE::@BaseVersion==1.7)) && (((@R==5) && (trailer::Catalog::Extensions::ADBE::@ExtensionLevel>=3)) || ((@R==6) && (trailer::Catalog::Extensions::ADBE::@ExtensionLevel>=8)))))))] and is integer==4
       6:       Trailer->Encrypt (as EncryptionStandard)->CF (as CryptFilterMap)
Info: detected a dictionary key version-based feature before official introduction in PDF 1.5 (using PDF 1.4) for CryptFilterMap/StdCF
      10:         Trailer->Encrypt (as EncryptionStandard)->CF (as CryptFilterMap)->StdCF (as CryptFilter)
Info: detected a dictionary key version-based feature before official introduction in PDF 1.5 (using PDF 1.4) for CryptFilter/AuthEvent
Info: detected a dictionary key version-based feature before official introduction in PDF 1.5 (using PDF 1.4) for CryptFilter/CFM
Info: detected a dictionary key version-based feature before official introduction in PDF 1.5 (using PDF 1.4) for CryptFilter/Length
Info: Latest Arlington object was PDF 1.5 (EncryptionStandard/CF) compared using PDF 1.4
END

DONE - 1 files processed
