{
  "catalog-version": null,
  "embedded-file-sha256": "3d6d3ce3f2a78bad0ae2f3e3dd8250118cbdf6029c31e38052dafbe89a691faa",
  "extensions": {},
  "keywords-sha256": "d45b1192f95d6272bfac2eb7a0b26fd99d82988ba2ba0d5c8d6be5486e3b5e76",
  "metadata-sha256": "562ef7bf8ff2f2ac40cca057b91d967b2051278281b2c2052904689ce805cbc4",
  "pages": [
    {
      "content-sha256": [
        "c26b257c863cd6d34bbf59ab5d7561bf53b8aeca11e5ffdbe761c30425c7eaae"
      ],
      "media-box": [
        0,
        0,
        72,
        72
      ]
    }
  ],
  "security": {
    "EFF": null,
    "EncryptMetadata": false,
    "Filter": "/Standard",
    "Length": 128,
    "O-length": 32,
    "OE-length": null,
    "P": -3904,
    "Perms-length": null,
    "R": 4,
    "StdCF": {
      "AuthEvent": null,
      "CFM": "/V2",
      "Length": null
    },
    "StmF": "/StdCF",
    "StrF": "/StdCF",
    "U-length": 32,
    "UE-length": null,
    "V": 4
  },
  "title-sha256": "8248a757d7b6dde52a0e7a694ab35570a5c9808c001b9419af9a5fa3965f59e2"
}
