test_namespaces_bind_element_identifiers_and_typed_role_map_destinations (scripts.tests.test_t13_structure_standards.T13StructureStandardsTest.test_namespaces_bind_element_identifiers_and_typed_role_map_destinations) ... 
  test_namespaces_bind_element_identifiers_and_typed_role_map_destinations (scripts.tests.test_t13_structure_standards.T13StructureStandardsTest.test_namespaces_bind_element_identifiers_and_typed_role_map_destinations) (source='embedded-font-inheritance.pdf') ... FAIL
  test_namespaces_bind_element_identifiers_and_typed_role_map_destinations (scripts.tests.test_t13_structure_standards.T13StructureStandardsTest.test_namespaces_bind_element_identifiers_and_typed_role_map_destinations) (source='embedded-font-kinds.pdf') ... FAIL
  test_namespaces_bind_element_identifiers_and_typed_role_map_destinations (scripts.tests.test_t13_structure_standards.T13StructureStandardsTest.test_namespaces_bind_element_identifiers_and_typed_role_map_destinations) (source='marked-structure.pdf') ... FAIL
  test_namespaces_bind_element_identifiers_and_typed_role_map_destinations (scripts.tests.test_t13_structure_standards.T13StructureStandardsTest.test_namespaces_bind_element_identifiers_and_typed_role_map_destinations) (source='nested-split-type3.pdf') ... FAIL
  test_namespaces_bind_element_identifiers_and_typed_role_map_destinations (scripts.tests.test_t13_structure_standards.T13StructureStandardsTest.test_namespaces_bind_element_identifiers_and_typed_role_map_destinations) (source='uncertain-geometry.pdf') ... FAIL
  test_namespaces_bind_element_identifiers_and_typed_role_map_destinations (scripts.tests.test_t13_structure_standards.T13StructureStandardsTest.test_namespaces_bind_element_identifiers_and_typed_role_map_destinations) (namespace='missing-namespace-array') ... FAIL
  test_namespaces_bind_element_identifiers_and_typed_role_map_destinations (scripts.tests.test_t13_structure_standards.T13StructureStandardsTest.test_namespaces_bind_element_identifiers_and_typed_role_map_destinations) (namespace='invalid-namespace-array') ... FAIL
  test_namespaces_bind_element_identifiers_and_typed_role_map_destinations (scripts.tests.test_t13_structure_standards.T13StructureStandardsTest.test_namespaces_bind_element_identifiers_and_typed_role_map_destinations) (namespace='unlisted-element-namespace') ... FAIL
  test_namespaces_bind_element_identifiers_and_typed_role_map_destinations (scripts.tests.test_t13_structure_standards.T13StructureStandardsTest.test_namespaces_bind_element_identifiers_and_typed_role_map_destinations) (namespace='numeric-element-namespace') ... FAIL
  test_namespaces_bind_element_identifiers_and_typed_role_map_destinations (scripts.tests.test_t13_structure_standards.T13StructureStandardsTest.test_namespaces_bind_element_identifiers_and_typed_role_map_destinations) (namespace='non-namespace-dictionary') ... FAIL
  test_namespaces_bind_element_identifiers_and_typed_role_map_destinations (scripts.tests.test_t13_structure_standards.T13StructureStandardsTest.test_namespaces_bind_element_identifiers_and_typed_role_map_destinations) (namespace='namespace-type') ... FAIL
  test_namespaces_bind_element_identifiers_and_typed_role_map_destinations (scripts.tests.test_t13_structure_standards.T13StructureStandardsTest.test_namespaces_bind_element_identifiers_and_typed_role_map_destinations) (namespace='namespace-optional-type') ... FAIL
  test_namespaces_bind_element_identifiers_and_typed_role_map_destinations (scripts.tests.test_t13_structure_standards.T13StructureStandardsTest.test_namespaces_bind_element_identifiers_and_typed_role_map_destinations) (namespace='namespace-name-type') ... FAIL
  test_namespaces_bind_element_identifiers_and_typed_role_map_destinations (scripts.tests.test_t13_structure_standards.T13StructureStandardsTest.test_namespaces_bind_element_identifiers_and_typed_role_map_destinations) (namespace='namespace-map-type') ... FAIL
  test_namespaces_bind_element_identifiers_and_typed_role_map_destinations (scripts.tests.test_t13_structure_standards.T13StructureStandardsTest.test_namespaces_bind_element_identifiers_and_typed_role_map_destinations) (namespace='namespace-destination-type') ... FAIL
  test_namespaces_bind_element_identifiers_and_typed_role_map_destinations (scripts.tests.test_t13_structure_standards.T13StructureStandardsTest.test_namespaces_bind_element_identifiers_and_typed_role_map_destinations) (namespace='namespace-destination-arity') ... FAIL
  test_namespaces_bind_element_identifiers_and_typed_role_map_destinations (scripts.tests.test_t13_structure_standards.T13StructureStandardsTest.test_namespaces_bind_element_identifiers_and_typed_role_map_destinations) (namespace='namespace-destination-role') ... FAIL
  test_namespaces_bind_element_identifiers_and_typed_role_map_destinations (scripts.tests.test_t13_structure_standards.T13StructureStandardsTest.test_namespaces_bind_element_identifiers_and_typed_role_map_destinations) (namespace='namespace-destination-identity') ... FAIL
  test_namespaces_bind_element_identifiers_and_typed_role_map_destinations (scripts.tests.test_t13_structure_standards.T13StructureStandardsTest.test_namespaces_bind_element_identifiers_and_typed_role_map_destinations) (namespace='namespace-default-destination') ... FAIL
  test_namespaces_bind_element_identifiers_and_typed_role_map_destinations (scripts.tests.test_t13_structure_standards.T13StructureStandardsTest.test_namespaces_bind_element_identifiers_and_typed_role_map_destinations) (namespace='root-role-map-type') ... FAIL
  test_namespaces_bind_element_identifiers_and_typed_role_map_destinations (scripts.tests.test_t13_structure_standards.T13StructureStandardsTest.test_namespaces_bind_element_identifiers_and_typed_role_map_destinations) (namespace='root-role-destination') ... FAIL
  test_namespaces_bind_element_identifiers_and_typed_role_map_destinations (scripts.tests.test_t13_structure_standards.T13StructureStandardsTest.test_namespaces_bind_element_identifiers_and_typed_role_map_destinations) (namespace='root-role-map-name') ... FAIL
test_namespaces_bind_element_identifiers_and_typed_role_map_destinations (scripts.tests.test_t13_structure_standards.T13StructureStandardsTest.test_namespaces_bind_element_identifiers_and_typed_role_map_destinations) ... FAIL

======================================================================
FAIL: test_namespaces_bind_element_identifiers_and_typed_role_map_destinations (scripts.tests.test_t13_structure_standards.T13StructureStandardsTest.test_namespaces_bind_element_identifiers_and_typed_role_map_destinations) (source='embedded-font-inheritance.pdf')
----------------------------------------------------------------------
Traceback (most recent call last):
  File "/home/ubuntu/IdeaProjects/open-pdf/scripts/tests/test_t13_structure_standards.py", line 24, in test_namespaces_bind_element_identifiers_and_typed_role_map_destinations
    self.observe(directory, 'source-' + path.stem, path.read_bytes(), 'pass', scope='structure-namespaces')
  File "/home/ubuntu/IdeaProjects/open-pdf/scripts/tests/test_t13_structure_standards.py", line 164, in observe
    self.assertEqual(expected, result['standards'], name + ': ' + result['finding'])
AssertionError: 'pass' != 'indeterminate'
- pass
+ indeterminate
 : source-embedded-font-inheritance: Unknown program qualification scope

======================================================================
FAIL: test_namespaces_bind_element_identifiers_and_typed_role_map_destinations (scripts.tests.test_t13_structure_standards.T13StructureStandardsTest.test_namespaces_bind_element_identifiers_and_typed_role_map_destinations) (source='embedded-font-kinds.pdf')
----------------------------------------------------------------------
Traceback (most recent call last):
  File "/home/ubuntu/IdeaProjects/open-pdf/scripts/tests/test_t13_structure_standards.py", line 24, in test_namespaces_bind_element_identifiers_and_typed_role_map_destinations
    self.observe(directory, 'source-' + path.stem, path.read_bytes(), 'pass', scope='structure-namespaces')
  File "/home/ubuntu/IdeaProjects/open-pdf/scripts/tests/test_t13_structure_standards.py", line 164, in observe
    self.assertEqual(expected, result['standards'], name + ': ' + result['finding'])
AssertionError: 'pass' != 'indeterminate'
- pass
+ indeterminate
 : source-embedded-font-kinds: Unknown program qualification scope

======================================================================
FAIL: test_namespaces_bind_element_identifiers_and_typed_role_map_destinations (scripts.tests.test_t13_structure_standards.T13StructureStandardsTest.test_namespaces_bind_element_identifiers_and_typed_role_map_destinations) (source='marked-structure.pdf')
----------------------------------------------------------------------
Traceback (most recent call last):
  File "/home/ubuntu/IdeaProjects/open-pdf/scripts/tests/test_t13_structure_standards.py", line 24, in test_namespaces_bind_element_identifiers_and_typed_role_map_destinations
    self.observe(directory, 'source-' + path.stem, path.read_bytes(), 'pass', scope='structure-namespaces')
  File "/home/ubuntu/IdeaProjects/open-pdf/scripts/tests/test_t13_structure_standards.py", line 164, in observe
    self.assertEqual(expected, result['standards'], name + ': ' + result['finding'])
AssertionError: 'pass' != 'indeterminate'
- pass
+ indeterminate
 : source-marked-structure: Unknown program qualification scope

======================================================================
FAIL: test_namespaces_bind_element_identifiers_and_typed_role_map_destinations (scripts.tests.test_t13_structure_standards.T13StructureStandardsTest.test_namespaces_bind_element_identifiers_and_typed_role_map_destinations) (source='nested-split-type3.pdf')
----------------------------------------------------------------------
Traceback (most recent call last):
  File "/home/ubuntu/IdeaProjects/open-pdf/scripts/tests/test_t13_structure_standards.py", line 24, in test_namespaces_bind_element_identifiers_and_typed_role_map_destinations
    self.observe(directory, 'source-' + path.stem, path.read_bytes(), 'pass', scope='structure-namespaces')
  File "/home/ubuntu/IdeaProjects/open-pdf/scripts/tests/test_t13_structure_standards.py", line 164, in observe
    self.assertEqual(expected, result['standards'], name + ': ' + result['finding'])
AssertionError: 'pass' != 'indeterminate'
- pass
+ indeterminate
 : source-nested-split-type3: Unknown program qualification scope

======================================================================
FAIL: test_namespaces_bind_element_identifiers_and_typed_role_map_destinations (scripts.tests.test_t13_structure_standards.T13StructureStandardsTest.test_namespaces_bind_element_identifiers_and_typed_role_map_destinations) (source='uncertain-geometry.pdf')
----------------------------------------------------------------------
Traceback (most recent call last):
  File "/home/ubuntu/IdeaProjects/open-pdf/scripts/tests/test_t13_structure_standards.py", line 24, in test_namespaces_bind_element_identifiers_and_typed_role_map_destinations
    self.observe(directory, 'source-' + path.stem, path.read_bytes(), 'pass', scope='structure-namespaces')
  File "/home/ubuntu/IdeaProjects/open-pdf/scripts/tests/test_t13_structure_standards.py", line 164, in observe
    self.assertEqual(expected, result['standards'], name + ': ' + result['finding'])
AssertionError: 'pass' != 'indeterminate'
- pass
+ indeterminate
 : source-uncertain-geometry: Unknown program qualification scope

======================================================================
FAIL: test_namespaces_bind_element_identifiers_and_typed_role_map_destinations (scripts.tests.test_t13_structure_standards.T13StructureStandardsTest.test_namespaces_bind_element_identifiers_and_typed_role_map_destinations) (namespace='missing-namespace-array')
----------------------------------------------------------------------
Traceback (most recent call last):
  File "/home/ubuntu/IdeaProjects/open-pdf/scripts/tests/test_t13_structure_standards.py", line 44, in test_namespaces_bind_element_identifiers_and_typed_role_map_destinations
    self.observe(directory, name, self.change(original, number, before, after), expected,
  File "/home/ubuntu/IdeaProjects/open-pdf/scripts/tests/test_t13_structure_standards.py", line 164, in observe
    self.assertEqual(expected, result['standards'], name + ': ' + result['finding'])
AssertionError: 'fail' != 'indeterminate'
- fail
+ indeterminate
 : missing-namespace-array: Unknown program qualification scope

======================================================================
FAIL: test_namespaces_bind_element_identifiers_and_typed_role_map_destinations (scripts.tests.test_t13_structure_standards.T13StructureStandardsTest.test_namespaces_bind_element_identifiers_and_typed_role_map_destinations) (namespace='invalid-namespace-array')
----------------------------------------------------------------------
Traceback (most recent call last):
  File "/home/ubuntu/IdeaProjects/open-pdf/scripts/tests/test_t13_structure_standards.py", line 44, in test_namespaces_bind_element_identifiers_and_typed_role_map_destinations
    self.observe(directory, name, self.change(original, number, before, after), expected,
  File "/home/ubuntu/IdeaProjects/open-pdf/scripts/tests/test_t13_structure_standards.py", line 164, in observe
    self.assertEqual(expected, result['standards'], name + ': ' + result['finding'])
AssertionError: 'fail' != 'indeterminate'
- fail
+ indeterminate
 : invalid-namespace-array: Unknown program qualification scope

======================================================================
FAIL: test_namespaces_bind_element_identifiers_and_typed_role_map_destinations (scripts.tests.test_t13_structure_standards.T13StructureStandardsTest.test_namespaces_bind_element_identifiers_and_typed_role_map_destinations) (namespace='unlisted-element-namespace')
----------------------------------------------------------------------
Traceback (most recent call last):
  File "/home/ubuntu/IdeaProjects/open-pdf/scripts/tests/test_t13_structure_standards.py", line 44, in test_namespaces_bind_element_identifiers_and_typed_role_map_destinations
    self.observe(directory, name, self.change(original, number, before, after), expected,
  File "/home/ubuntu/IdeaProjects/open-pdf/scripts/tests/test_t13_structure_standards.py", line 164, in observe
    self.assertEqual(expected, result['standards'], name + ': ' + result['finding'])
AssertionError: 'fail' != 'indeterminate'
- fail
+ indeterminate
 : unlisted-element-namespace: Unknown program qualification scope

======================================================================
FAIL: test_namespaces_bind_element_identifiers_and_typed_role_map_destinations (scripts.tests.test_t13_structure_standards.T13StructureStandardsTest.test_namespaces_bind_element_identifiers_and_typed_role_map_destinations) (namespace='numeric-element-namespace')
----------------------------------------------------------------------
Traceback (most recent call last):
  File "/home/ubuntu/IdeaProjects/open-pdf/scripts/tests/test_t13_structure_standards.py", line 44, in test_namespaces_bind_element_identifiers_and_typed_role_map_destinations
    self.observe(directory, name, self.change(original, number, before, after), expected,
  File "/home/ubuntu/IdeaProjects/open-pdf/scripts/tests/test_t13_structure_standards.py", line 164, in observe
    self.assertEqual(expected, result['standards'], name + ': ' + result['finding'])
AssertionError: 'fail' != 'indeterminate'
- fail
+ indeterminate
 : numeric-element-namespace: Unknown program qualification scope

======================================================================
FAIL: test_namespaces_bind_element_identifiers_and_typed_role_map_destinations (scripts.tests.test_t13_structure_standards.T13StructureStandardsTest.test_namespaces_bind_element_identifiers_and_typed_role_map_destinations) (namespace='non-namespace-dictionary')
----------------------------------------------------------------------
Traceback (most recent call last):
  File "/home/ubuntu/IdeaProjects/open-pdf/scripts/tests/test_t13_structure_standards.py", line 44, in test_namespaces_bind_element_identifiers_and_typed_role_map_destinations
    self.observe(directory, name, self.change(original, number, before, after), expected,
  File "/home/ubuntu/IdeaProjects/open-pdf/scripts/tests/test_t13_structure_standards.py", line 164, in observe
    self.assertEqual(expected, result['standards'], name + ': ' + result['finding'])
AssertionError: 'fail' != 'indeterminate'
- fail
+ indeterminate
 : non-namespace-dictionary: Unknown program qualification scope

======================================================================
FAIL: test_namespaces_bind_element_identifiers_and_typed_role_map_destinations (scripts.tests.test_t13_structure_standards.T13StructureStandardsTest.test_namespaces_bind_element_identifiers_and_typed_role_map_destinations) (namespace='namespace-type')
----------------------------------------------------------------------
Traceback (most recent call last):
  File "/home/ubuntu/IdeaProjects/open-pdf/scripts/tests/test_t13_structure_standards.py", line 44, in test_namespaces_bind_element_identifiers_and_typed_role_map_destinations
    self.observe(directory, name, self.change(original, number, before, after), expected,
  File "/home/ubuntu/IdeaProjects/open-pdf/scripts/tests/test_t13_structure_standards.py", line 164, in observe
    self.assertEqual(expected, result['standards'], name + ': ' + result['finding'])
AssertionError: 'fail' != 'indeterminate'
- fail
+ indeterminate
 : namespace-type: Unknown program qualification scope

======================================================================
FAIL: test_namespaces_bind_element_identifiers_and_typed_role_map_destinations (scripts.tests.test_t13_structure_standards.T13StructureStandardsTest.test_namespaces_bind_element_identifiers_and_typed_role_map_destinations) (namespace='namespace-optional-type')
----------------------------------------------------------------------
Traceback (most recent call last):
  File "/home/ubuntu/IdeaProjects/open-pdf/scripts/tests/test_t13_structure_standards.py", line 44, in test_namespaces_bind_element_identifiers_and_typed_role_map_destinations
    self.observe(directory, name, self.change(original, number, before, after), expected,
  File "/home/ubuntu/IdeaProjects/open-pdf/scripts/tests/test_t13_structure_standards.py", line 164, in observe
    self.assertEqual(expected, result['standards'], name + ': ' + result['finding'])
AssertionError: 'pass' != 'indeterminate'
- pass
+ indeterminate
 : namespace-optional-type: Unknown program qualification scope

======================================================================
FAIL: test_namespaces_bind_element_identifiers_and_typed_role_map_destinations (scripts.tests.test_t13_structure_standards.T13StructureStandardsTest.test_namespaces_bind_element_identifiers_and_typed_role_map_destinations) (namespace='namespace-name-type')
----------------------------------------------------------------------
Traceback (most recent call last):
  File "/home/ubuntu/IdeaProjects/open-pdf/scripts/tests/test_t13_structure_standards.py", line 44, in test_namespaces_bind_element_identifiers_and_typed_role_map_destinations
    self.observe(directory, name, self.change(original, number, before, after), expected,
  File "/home/ubuntu/IdeaProjects/open-pdf/scripts/tests/test_t13_structure_standards.py", line 164, in observe
    self.assertEqual(expected, result['standards'], name + ': ' + result['finding'])
AssertionError: 'fail' != 'indeterminate'
- fail
+ indeterminate
 : namespace-name-type: Unknown program qualification scope

======================================================================
FAIL: test_namespaces_bind_element_identifiers_and_typed_role_map_destinations (scripts.tests.test_t13_structure_standards.T13StructureStandardsTest.test_namespaces_bind_element_identifiers_and_typed_role_map_destinations) (namespace='namespace-map-type')
----------------------------------------------------------------------
Traceback (most recent call last):
  File "/home/ubuntu/IdeaProjects/open-pdf/scripts/tests/test_t13_structure_standards.py", line 44, in test_namespaces_bind_element_identifiers_and_typed_role_map_destinations
    self.observe(directory, name, self.change(original, number, before, after), expected,
  File "/home/ubuntu/IdeaProjects/open-pdf/scripts/tests/test_t13_structure_standards.py", line 164, in observe
    self.assertEqual(expected, result['standards'], name + ': ' + result['finding'])
AssertionError: 'fail' != 'indeterminate'
- fail
+ indeterminate
 : namespace-map-type: Unknown program qualification scope

======================================================================
FAIL: test_namespaces_bind_element_identifiers_and_typed_role_map_destinations (scripts.tests.test_t13_structure_standards.T13StructureStandardsTest.test_namespaces_bind_element_identifiers_and_typed_role_map_destinations) (namespace='namespace-destination-type')
----------------------------------------------------------------------
Traceback (most recent call last):
  File "/home/ubuntu/IdeaProjects/open-pdf/scripts/tests/test_t13_structure_standards.py", line 44, in test_namespaces_bind_element_identifiers_and_typed_role_map_destinations
    self.observe(directory, name, self.change(original, number, before, after), expected,
  File "/home/ubuntu/IdeaProjects/open-pdf/scripts/tests/test_t13_structure_standards.py", line 164, in observe
    self.assertEqual(expected, result['standards'], name + ': ' + result['finding'])
AssertionError: 'fail' != 'indeterminate'
- fail
+ indeterminate
 : namespace-destination-type: Unknown program qualification scope

======================================================================
FAIL: test_namespaces_bind_element_identifiers_and_typed_role_map_destinations (scripts.tests.test_t13_structure_standards.T13StructureStandardsTest.test_namespaces_bind_element_identifiers_and_typed_role_map_destinations) (namespace='namespace-destination-arity')
----------------------------------------------------------------------
Traceback (most recent call last):
  File "/home/ubuntu/IdeaProjects/open-pdf/scripts/tests/test_t13_structure_standards.py", line 44, in test_namespaces_bind_element_identifiers_and_typed_role_map_destinations
    self.observe(directory, name, self.change(original, number, before, after), expected,
  File "/home/ubuntu/IdeaProjects/open-pdf/scripts/tests/test_t13_structure_standards.py", line 164, in observe
    self.assertEqual(expected, result['standards'], name + ': ' + result['finding'])
AssertionError: 'fail' != 'indeterminate'
- fail
+ indeterminate
 : namespace-destination-arity: Unknown program qualification scope

======================================================================
FAIL: test_namespaces_bind_element_identifiers_and_typed_role_map_destinations (scripts.tests.test_t13_structure_standards.T13StructureStandardsTest.test_namespaces_bind_element_identifiers_and_typed_role_map_destinations) (namespace='namespace-destination-role')
----------------------------------------------------------------------
Traceback (most recent call last):
  File "/home/ubuntu/IdeaProjects/open-pdf/scripts/tests/test_t13_structure_standards.py", line 44, in test_namespaces_bind_element_identifiers_and_typed_role_map_destinations
    self.observe(directory, name, self.change(original, number, before, after), expected,
  File "/home/ubuntu/IdeaProjects/open-pdf/scripts/tests/test_t13_structure_standards.py", line 164, in observe
    self.assertEqual(expected, result['standards'], name + ': ' + result['finding'])
AssertionError: 'fail' != 'indeterminate'
- fail
+ indeterminate
 : namespace-destination-role: Unknown program qualification scope

======================================================================
FAIL: test_namespaces_bind_element_identifiers_and_typed_role_map_destinations (scripts.tests.test_t13_structure_standards.T13StructureStandardsTest.test_namespaces_bind_element_identifiers_and_typed_role_map_destinations) (namespace='namespace-destination-identity')
----------------------------------------------------------------------
Traceback (most recent call last):
  File "/home/ubuntu/IdeaProjects/open-pdf/scripts/tests/test_t13_structure_standards.py", line 44, in test_namespaces_bind_element_identifiers_and_typed_role_map_destinations
    self.observe(directory, name, self.change(original, number, before, after), expected,
  File "/home/ubuntu/IdeaProjects/open-pdf/scripts/tests/test_t13_structure_standards.py", line 164, in observe
    self.assertEqual(expected, result['standards'], name + ': ' + result['finding'])
AssertionError: 'fail' != 'indeterminate'
- fail
+ indeterminate
 : namespace-destination-identity: Unknown program qualification scope

======================================================================
FAIL: test_namespaces_bind_element_identifiers_and_typed_role_map_destinations (scripts.tests.test_t13_structure_standards.T13StructureStandardsTest.test_namespaces_bind_element_identifiers_and_typed_role_map_destinations) (namespace='namespace-default-destination')
----------------------------------------------------------------------
Traceback (most recent call last):
  File "/home/ubuntu/IdeaProjects/open-pdf/scripts/tests/test_t13_structure_standards.py", line 44, in test_namespaces_bind_element_identifiers_and_typed_role_map_destinations
    self.observe(directory, name, self.change(original, number, before, after), expected,
  File "/home/ubuntu/IdeaProjects/open-pdf/scripts/tests/test_t13_structure_standards.py", line 164, in observe
    self.assertEqual(expected, result['standards'], name + ': ' + result['finding'])
AssertionError: 'pass' != 'indeterminate'
- pass
+ indeterminate
 : namespace-default-destination: Unknown program qualification scope

======================================================================
FAIL: test_namespaces_bind_element_identifiers_and_typed_role_map_destinations (scripts.tests.test_t13_structure_standards.T13StructureStandardsTest.test_namespaces_bind_element_identifiers_and_typed_role_map_destinations) (namespace='root-role-map-type')
----------------------------------------------------------------------
Traceback (most recent call last):
  File "/home/ubuntu/IdeaProjects/open-pdf/scripts/tests/test_t13_structure_standards.py", line 44, in test_namespaces_bind_element_identifiers_and_typed_role_map_destinations
    self.observe(directory, name, self.change(original, number, before, after), expected,
  File "/home/ubuntu/IdeaProjects/open-pdf/scripts/tests/test_t13_structure_standards.py", line 164, in observe
    self.assertEqual(expected, result['standards'], name + ': ' + result['finding'])
AssertionError: 'fail' != 'indeterminate'
- fail
+ indeterminate
 : root-role-map-type: Unknown program qualification scope

======================================================================
FAIL: test_namespaces_bind_element_identifiers_and_typed_role_map_destinations (scripts.tests.test_t13_structure_standards.T13StructureStandardsTest.test_namespaces_bind_element_identifiers_and_typed_role_map_destinations) (namespace='root-role-destination')
----------------------------------------------------------------------
Traceback (most recent call last):
  File "/home/ubuntu/IdeaProjects/open-pdf/scripts/tests/test_t13_structure_standards.py", line 44, in test_namespaces_bind_element_identifiers_and_typed_role_map_destinations
    self.observe(directory, name, self.change(original, number, before, after), expected,
  File "/home/ubuntu/IdeaProjects/open-pdf/scripts/tests/test_t13_structure_standards.py", line 164, in observe
    self.assertEqual(expected, result['standards'], name + ': ' + result['finding'])
AssertionError: 'fail' != 'indeterminate'
- fail
+ indeterminate
 : root-role-destination: Unknown program qualification scope

======================================================================
FAIL: test_namespaces_bind_element_identifiers_and_typed_role_map_destinations (scripts.tests.test_t13_structure_standards.T13StructureStandardsTest.test_namespaces_bind_element_identifiers_and_typed_role_map_destinations) (namespace='root-role-map-name')
----------------------------------------------------------------------
Traceback (most recent call last):
  File "/home/ubuntu/IdeaProjects/open-pdf/scripts/tests/test_t13_structure_standards.py", line 44, in test_namespaces_bind_element_identifiers_and_typed_role_map_destinations
    self.observe(directory, name, self.change(original, number, before, after), expected,
  File "/home/ubuntu/IdeaProjects/open-pdf/scripts/tests/test_t13_structure_standards.py", line 164, in observe
    self.assertEqual(expected, result['standards'], name + ': ' + result['finding'])
AssertionError: 'pass' != 'indeterminate'
- pass
+ indeterminate
 : root-role-map-name: Unknown program qualification scope

======================================================================
FAIL: test_namespaces_bind_element_identifiers_and_typed_role_map_destinations (scripts.tests.test_t13_structure_standards.T13StructureStandardsTest.test_namespaces_bind_element_identifiers_and_typed_role_map_destinations)
----------------------------------------------------------------------
Traceback (most recent call last):
  File "/home/ubuntu/IdeaProjects/open-pdf/scripts/tests/test_t13_structure_standards.py", line 48, in test_namespaces_bind_element_identifiers_and_typed_role_map_destinations
    self.observe(directory, 'direct-standard-namespace-remap', self.change(original, 14, before, after),
  File "/home/ubuntu/IdeaProjects/open-pdf/scripts/tests/test_t13_structure_standards.py", line 164, in observe
    self.assertEqual(expected, result['standards'], name + ': ' + result['finding'])
AssertionError: 'fail' != 'indeterminate'
- fail
+ indeterminate
 : direct-standard-namespace-remap: Unknown program qualification scope

----------------------------------------------------------------------
Ran 1 test in 5.202s

FAILED (failures=23)
