test_content_references_have_typed_page_stream_object_and_mcid_fields (scripts.tests.test_t13_structure_standards.T13StructureStandardsTest.test_content_references_have_typed_page_stream_object_and_mcid_fields) ... 
  test_content_references_have_typed_page_stream_object_and_mcid_fields (scripts.tests.test_t13_structure_standards.T13StructureStandardsTest.test_content_references_have_typed_page_stream_object_and_mcid_fields) (source='embedded-font-inheritance.pdf') ... FAIL
  test_content_references_have_typed_page_stream_object_and_mcid_fields (scripts.tests.test_t13_structure_standards.T13StructureStandardsTest.test_content_references_have_typed_page_stream_object_and_mcid_fields) (source='embedded-font-kinds.pdf') ... FAIL
  test_content_references_have_typed_page_stream_object_and_mcid_fields (scripts.tests.test_t13_structure_standards.T13StructureStandardsTest.test_content_references_have_typed_page_stream_object_and_mcid_fields) (source='marked-structure.pdf') ... FAIL
  test_content_references_have_typed_page_stream_object_and_mcid_fields (scripts.tests.test_t13_structure_standards.T13StructureStandardsTest.test_content_references_have_typed_page_stream_object_and_mcid_fields) (source='nested-split-type3.pdf') ... FAIL
  test_content_references_have_typed_page_stream_object_and_mcid_fields (scripts.tests.test_t13_structure_standards.T13StructureStandardsTest.test_content_references_have_typed_page_stream_object_and_mcid_fields) (source='uncertain-geometry.pdf') ... FAIL
  test_content_references_have_typed_page_stream_object_and_mcid_fields (scripts.tests.test_t13_structure_standards.T13StructureStandardsTest.test_content_references_have_typed_page_stream_object_and_mcid_fields) (content_reference='mcr-inherited-page') ... FAIL
  test_content_references_have_typed_page_stream_object_and_mcid_fields (scripts.tests.test_t13_structure_standards.T13StructureStandardsTest.test_content_references_have_typed_page_stream_object_and_mcid_fields) (content_reference='mcr-page-contents') ... FAIL
  test_content_references_have_typed_page_stream_object_and_mcid_fields (scripts.tests.test_t13_structure_standards.T13StructureStandardsTest.test_content_references_have_typed_page_stream_object_and_mcid_fields) (content_reference='mcr-missing-id') ... FAIL
  test_content_references_have_typed_page_stream_object_and_mcid_fields (scripts.tests.test_t13_structure_standards.T13StructureStandardsTest.test_content_references_have_typed_page_stream_object_and_mcid_fields) (content_reference='mcr-name-id') ... FAIL
  test_content_references_have_typed_page_stream_object_and_mcid_fields (scripts.tests.test_t13_structure_standards.T13StructureStandardsTest.test_content_references_have_typed_page_stream_object_and_mcid_fields) (content_reference='mcr-real-id') ... FAIL
  test_content_references_have_typed_page_stream_object_and_mcid_fields (scripts.tests.test_t13_structure_standards.T13StructureStandardsTest.test_content_references_have_typed_page_stream_object_and_mcid_fields) (content_reference='mcr-negative-id') ... FAIL
  test_content_references_have_typed_page_stream_object_and_mcid_fields (scripts.tests.test_t13_structure_standards.T13StructureStandardsTest.test_content_references_have_typed_page_stream_object_and_mcid_fields) (content_reference='mcr-boolean-id') ... FAIL
  test_content_references_have_typed_page_stream_object_and_mcid_fields (scripts.tests.test_t13_structure_standards.T13StructureStandardsTest.test_content_references_have_typed_page_stream_object_and_mcid_fields) (content_reference='mcr-numeric-page') ... FAIL
  test_content_references_have_typed_page_stream_object_and_mcid_fields (scripts.tests.test_t13_structure_standards.T13StructureStandardsTest.test_content_references_have_typed_page_stream_object_and_mcid_fields) (content_reference='mcr-nonpage-reference') ... FAIL
  test_content_references_have_typed_page_stream_object_and_mcid_fields (scripts.tests.test_t13_structure_standards.T13StructureStandardsTest.test_content_references_have_typed_page_stream_object_and_mcid_fields) (content_reference='mcr-numeric-stream') ... FAIL
  test_content_references_have_typed_page_stream_object_and_mcid_fields (scripts.tests.test_t13_structure_standards.T13StructureStandardsTest.test_content_references_have_typed_page_stream_object_and_mcid_fields) (content_reference='mcr-dictionary-stream') ... FAIL
  test_content_references_have_typed_page_stream_object_and_mcid_fields (scripts.tests.test_t13_structure_standards.T13StructureStandardsTest.test_content_references_have_typed_page_stream_object_and_mcid_fields) (content_reference='mcr-numeric-owner') ... FAIL
  test_content_references_have_typed_page_stream_object_and_mcid_fields (scripts.tests.test_t13_structure_standards.T13StructureStandardsTest.test_content_references_have_typed_page_stream_object_and_mcid_fields) (content_reference='objr-inherited-page') ... FAIL
  test_content_references_have_typed_page_stream_object_and_mcid_fields (scripts.tests.test_t13_structure_standards.T13StructureStandardsTest.test_content_references_have_typed_page_stream_object_and_mcid_fields) (content_reference='objr-missing-object') ... FAIL
  test_content_references_have_typed_page_stream_object_and_mcid_fields (scripts.tests.test_t13_structure_standards.T13StructureStandardsTest.test_content_references_have_typed_page_stream_object_and_mcid_fields) (content_reference='objr-direct-object') ... FAIL
  test_content_references_have_typed_page_stream_object_and_mcid_fields (scripts.tests.test_t13_structure_standards.T13StructureStandardsTest.test_content_references_have_typed_page_stream_object_and_mcid_fields) (content_reference='objr-null-object') ... FAIL
  test_content_references_have_typed_page_stream_object_and_mcid_fields (scripts.tests.test_t13_structure_standards.T13StructureStandardsTest.test_content_references_have_typed_page_stream_object_and_mcid_fields) (content_reference='objr-nonpage-reference') ... FAIL
  test_content_references_have_typed_page_stream_object_and_mcid_fields (scripts.tests.test_t13_structure_standards.T13StructureStandardsTest.test_content_references_have_typed_page_stream_object_and_mcid_fields) (content_reference='element-nonpage-reference') ... FAIL
  test_content_references_have_typed_page_stream_object_and_mcid_fields (scripts.tests.test_t13_structure_standards.T13StructureStandardsTest.test_content_references_have_typed_page_stream_object_and_mcid_fields) (content_reference='element-direct-page') ... FAIL

======================================================================
FAIL: test_content_references_have_typed_page_stream_object_and_mcid_fields (scripts.tests.test_t13_structure_standards.T13StructureStandardsTest.test_content_references_have_typed_page_stream_object_and_mcid_fields) (source='embedded-font-inheritance.pdf')
----------------------------------------------------------------------
Traceback (most recent call last):
  File "/home/ubuntu/IdeaProjects/open-pdf/scripts/tests/test_t13_structure_standards.py", line 23, in test_content_references_have_typed_page_stream_object_and_mcid_fields
    self.observe(directory, 'source-' + path.stem, path.read_bytes(), 'pass', scope='structure-content')
  File "/home/ubuntu/IdeaProjects/open-pdf/scripts/tests/test_t13_structure_standards.py", line 318, in observe
    self.assertEqual(expected, result['standards'], name + ': ' + result['finding'])
AssertionError: 'pass' != 'indeterminate'
- pass
+ indeterminate
 : source-embedded-font-inheritance: Unknown program qualification scope

======================================================================
FAIL: test_content_references_have_typed_page_stream_object_and_mcid_fields (scripts.tests.test_t13_structure_standards.T13StructureStandardsTest.test_content_references_have_typed_page_stream_object_and_mcid_fields) (source='embedded-font-kinds.pdf')
----------------------------------------------------------------------
Traceback (most recent call last):
  File "/home/ubuntu/IdeaProjects/open-pdf/scripts/tests/test_t13_structure_standards.py", line 23, in test_content_references_have_typed_page_stream_object_and_mcid_fields
    self.observe(directory, 'source-' + path.stem, path.read_bytes(), 'pass', scope='structure-content')
  File "/home/ubuntu/IdeaProjects/open-pdf/scripts/tests/test_t13_structure_standards.py", line 318, in observe
    self.assertEqual(expected, result['standards'], name + ': ' + result['finding'])
AssertionError: 'pass' != 'indeterminate'
- pass
+ indeterminate
 : source-embedded-font-kinds: Unknown program qualification scope

======================================================================
FAIL: test_content_references_have_typed_page_stream_object_and_mcid_fields (scripts.tests.test_t13_structure_standards.T13StructureStandardsTest.test_content_references_have_typed_page_stream_object_and_mcid_fields) (source='marked-structure.pdf')
----------------------------------------------------------------------
Traceback (most recent call last):
  File "/home/ubuntu/IdeaProjects/open-pdf/scripts/tests/test_t13_structure_standards.py", line 23, in test_content_references_have_typed_page_stream_object_and_mcid_fields
    self.observe(directory, 'source-' + path.stem, path.read_bytes(), 'pass', scope='structure-content')
  File "/home/ubuntu/IdeaProjects/open-pdf/scripts/tests/test_t13_structure_standards.py", line 318, in observe
    self.assertEqual(expected, result['standards'], name + ': ' + result['finding'])
AssertionError: 'pass' != 'indeterminate'
- pass
+ indeterminate
 : source-marked-structure: Unknown program qualification scope

======================================================================
FAIL: test_content_references_have_typed_page_stream_object_and_mcid_fields (scripts.tests.test_t13_structure_standards.T13StructureStandardsTest.test_content_references_have_typed_page_stream_object_and_mcid_fields) (source='nested-split-type3.pdf')
----------------------------------------------------------------------
Traceback (most recent call last):
  File "/home/ubuntu/IdeaProjects/open-pdf/scripts/tests/test_t13_structure_standards.py", line 23, in test_content_references_have_typed_page_stream_object_and_mcid_fields
    self.observe(directory, 'source-' + path.stem, path.read_bytes(), 'pass', scope='structure-content')
  File "/home/ubuntu/IdeaProjects/open-pdf/scripts/tests/test_t13_structure_standards.py", line 318, in observe
    self.assertEqual(expected, result['standards'], name + ': ' + result['finding'])
AssertionError: 'pass' != 'indeterminate'
- pass
+ indeterminate
 : source-nested-split-type3: Unknown program qualification scope

======================================================================
FAIL: test_content_references_have_typed_page_stream_object_and_mcid_fields (scripts.tests.test_t13_structure_standards.T13StructureStandardsTest.test_content_references_have_typed_page_stream_object_and_mcid_fields) (source='uncertain-geometry.pdf')
----------------------------------------------------------------------
Traceback (most recent call last):
  File "/home/ubuntu/IdeaProjects/open-pdf/scripts/tests/test_t13_structure_standards.py", line 23, in test_content_references_have_typed_page_stream_object_and_mcid_fields
    self.observe(directory, 'source-' + path.stem, path.read_bytes(), 'pass', scope='structure-content')
  File "/home/ubuntu/IdeaProjects/open-pdf/scripts/tests/test_t13_structure_standards.py", line 318, in observe
    self.assertEqual(expected, result['standards'], name + ': ' + result['finding'])
AssertionError: 'pass' != 'indeterminate'
- pass
+ indeterminate
 : source-uncertain-geometry: Unknown program qualification scope

======================================================================
FAIL: test_content_references_have_typed_page_stream_object_and_mcid_fields (scripts.tests.test_t13_structure_standards.T13StructureStandardsTest.test_content_references_have_typed_page_stream_object_and_mcid_fields) (content_reference='mcr-inherited-page')
----------------------------------------------------------------------
Traceback (most recent call last):
  File "/home/ubuntu/IdeaProjects/open-pdf/scripts/tests/test_t13_structure_standards.py", line 43, in test_content_references_have_typed_page_stream_object_and_mcid_fields
    self.observe(directory, name, self.change(original, 10, children, b'/K ' + child), expected,
  File "/home/ubuntu/IdeaProjects/open-pdf/scripts/tests/test_t13_structure_standards.py", line 318, in observe
    self.assertEqual(expected, result['standards'], name + ': ' + result['finding'])
AssertionError: 'pass' != 'indeterminate'
- pass
+ indeterminate
 : mcr-inherited-page: Unknown program qualification scope

======================================================================
FAIL: test_content_references_have_typed_page_stream_object_and_mcid_fields (scripts.tests.test_t13_structure_standards.T13StructureStandardsTest.test_content_references_have_typed_page_stream_object_and_mcid_fields) (content_reference='mcr-page-contents')
----------------------------------------------------------------------
Traceback (most recent call last):
  File "/home/ubuntu/IdeaProjects/open-pdf/scripts/tests/test_t13_structure_standards.py", line 43, in test_content_references_have_typed_page_stream_object_and_mcid_fields
    self.observe(directory, name, self.change(original, 10, children, b'/K ' + child), expected,
  File "/home/ubuntu/IdeaProjects/open-pdf/scripts/tests/test_t13_structure_standards.py", line 318, in observe
    self.assertEqual(expected, result['standards'], name + ': ' + result['finding'])
AssertionError: 'pass' != 'indeterminate'
- pass
+ indeterminate
 : mcr-page-contents: Unknown program qualification scope

======================================================================
FAIL: test_content_references_have_typed_page_stream_object_and_mcid_fields (scripts.tests.test_t13_structure_standards.T13StructureStandardsTest.test_content_references_have_typed_page_stream_object_and_mcid_fields) (content_reference='mcr-missing-id')
----------------------------------------------------------------------
Traceback (most recent call last):
  File "/home/ubuntu/IdeaProjects/open-pdf/scripts/tests/test_t13_structure_standards.py", line 43, in test_content_references_have_typed_page_stream_object_and_mcid_fields
    self.observe(directory, name, self.change(original, 10, children, b'/K ' + child), expected,
  File "/home/ubuntu/IdeaProjects/open-pdf/scripts/tests/test_t13_structure_standards.py", line 318, in observe
    self.assertEqual(expected, result['standards'], name + ': ' + result['finding'])
AssertionError: 'fail' != 'indeterminate'
- fail
+ indeterminate
 : mcr-missing-id: Unknown program qualification scope

======================================================================
FAIL: test_content_references_have_typed_page_stream_object_and_mcid_fields (scripts.tests.test_t13_structure_standards.T13StructureStandardsTest.test_content_references_have_typed_page_stream_object_and_mcid_fields) (content_reference='mcr-name-id')
----------------------------------------------------------------------
Traceback (most recent call last):
  File "/home/ubuntu/IdeaProjects/open-pdf/scripts/tests/test_t13_structure_standards.py", line 43, in test_content_references_have_typed_page_stream_object_and_mcid_fields
    self.observe(directory, name, self.change(original, 10, children, b'/K ' + child), expected,
  File "/home/ubuntu/IdeaProjects/open-pdf/scripts/tests/test_t13_structure_standards.py", line 318, in observe
    self.assertEqual(expected, result['standards'], name + ': ' + result['finding'])
AssertionError: 'fail' != 'indeterminate'
- fail
+ indeterminate
 : mcr-name-id: Unknown program qualification scope

======================================================================
FAIL: test_content_references_have_typed_page_stream_object_and_mcid_fields (scripts.tests.test_t13_structure_standards.T13StructureStandardsTest.test_content_references_have_typed_page_stream_object_and_mcid_fields) (content_reference='mcr-real-id')
----------------------------------------------------------------------
Traceback (most recent call last):
  File "/home/ubuntu/IdeaProjects/open-pdf/scripts/tests/test_t13_structure_standards.py", line 43, in test_content_references_have_typed_page_stream_object_and_mcid_fields
    self.observe(directory, name, self.change(original, 10, children, b'/K ' + child), expected,
  File "/home/ubuntu/IdeaProjects/open-pdf/scripts/tests/test_t13_structure_standards.py", line 318, in observe
    self.assertEqual(expected, result['standards'], name + ': ' + result['finding'])
AssertionError: 'fail' != 'indeterminate'
- fail
+ indeterminate
 : mcr-real-id: Unknown program qualification scope

======================================================================
FAIL: test_content_references_have_typed_page_stream_object_and_mcid_fields (scripts.tests.test_t13_structure_standards.T13StructureStandardsTest.test_content_references_have_typed_page_stream_object_and_mcid_fields) (content_reference='mcr-negative-id')
----------------------------------------------------------------------
Traceback (most recent call last):
  File "/home/ubuntu/IdeaProjects/open-pdf/scripts/tests/test_t13_structure_standards.py", line 43, in test_content_references_have_typed_page_stream_object_and_mcid_fields
    self.observe(directory, name, self.change(original, 10, children, b'/K ' + child), expected,
  File "/home/ubuntu/IdeaProjects/open-pdf/scripts/tests/test_t13_structure_standards.py", line 318, in observe
    self.assertEqual(expected, result['standards'], name + ': ' + result['finding'])
AssertionError: 'fail' != 'indeterminate'
- fail
+ indeterminate
 : mcr-negative-id: Unknown program qualification scope

======================================================================
FAIL: test_content_references_have_typed_page_stream_object_and_mcid_fields (scripts.tests.test_t13_structure_standards.T13StructureStandardsTest.test_content_references_have_typed_page_stream_object_and_mcid_fields) (content_reference='mcr-boolean-id')
----------------------------------------------------------------------
Traceback (most recent call last):
  File "/home/ubuntu/IdeaProjects/open-pdf/scripts/tests/test_t13_structure_standards.py", line 43, in test_content_references_have_typed_page_stream_object_and_mcid_fields
    self.observe(directory, name, self.change(original, 10, children, b'/K ' + child), expected,
  File "/home/ubuntu/IdeaProjects/open-pdf/scripts/tests/test_t13_structure_standards.py", line 318, in observe
    self.assertEqual(expected, result['standards'], name + ': ' + result['finding'])
AssertionError: 'fail' != 'indeterminate'
- fail
+ indeterminate
 : mcr-boolean-id: Unknown program qualification scope

======================================================================
FAIL: test_content_references_have_typed_page_stream_object_and_mcid_fields (scripts.tests.test_t13_structure_standards.T13StructureStandardsTest.test_content_references_have_typed_page_stream_object_and_mcid_fields) (content_reference='mcr-numeric-page')
----------------------------------------------------------------------
Traceback (most recent call last):
  File "/home/ubuntu/IdeaProjects/open-pdf/scripts/tests/test_t13_structure_standards.py", line 43, in test_content_references_have_typed_page_stream_object_and_mcid_fields
    self.observe(directory, name, self.change(original, 10, children, b'/K ' + child), expected,
  File "/home/ubuntu/IdeaProjects/open-pdf/scripts/tests/test_t13_structure_standards.py", line 318, in observe
    self.assertEqual(expected, result['standards'], name + ': ' + result['finding'])
AssertionError: 'fail' != 'indeterminate'
- fail
+ indeterminate
 : mcr-numeric-page: Unknown program qualification scope

======================================================================
FAIL: test_content_references_have_typed_page_stream_object_and_mcid_fields (scripts.tests.test_t13_structure_standards.T13StructureStandardsTest.test_content_references_have_typed_page_stream_object_and_mcid_fields) (content_reference='mcr-nonpage-reference')
----------------------------------------------------------------------
Traceback (most recent call last):
  File "/home/ubuntu/IdeaProjects/open-pdf/scripts/tests/test_t13_structure_standards.py", line 43, in test_content_references_have_typed_page_stream_object_and_mcid_fields
    self.observe(directory, name, self.change(original, 10, children, b'/K ' + child), expected,
  File "/home/ubuntu/IdeaProjects/open-pdf/scripts/tests/test_t13_structure_standards.py", line 318, in observe
    self.assertEqual(expected, result['standards'], name + ': ' + result['finding'])
AssertionError: 'fail' != 'indeterminate'
- fail
+ indeterminate
 : mcr-nonpage-reference: Unknown program qualification scope

======================================================================
FAIL: test_content_references_have_typed_page_stream_object_and_mcid_fields (scripts.tests.test_t13_structure_standards.T13StructureStandardsTest.test_content_references_have_typed_page_stream_object_and_mcid_fields) (content_reference='mcr-numeric-stream')
----------------------------------------------------------------------
Traceback (most recent call last):
  File "/home/ubuntu/IdeaProjects/open-pdf/scripts/tests/test_t13_structure_standards.py", line 43, in test_content_references_have_typed_page_stream_object_and_mcid_fields
    self.observe(directory, name, self.change(original, 10, children, b'/K ' + child), expected,
  File "/home/ubuntu/IdeaProjects/open-pdf/scripts/tests/test_t13_structure_standards.py", line 318, in observe
    self.assertEqual(expected, result['standards'], name + ': ' + result['finding'])
AssertionError: 'fail' != 'indeterminate'
- fail
+ indeterminate
 : mcr-numeric-stream: Unknown program qualification scope

======================================================================
FAIL: test_content_references_have_typed_page_stream_object_and_mcid_fields (scripts.tests.test_t13_structure_standards.T13StructureStandardsTest.test_content_references_have_typed_page_stream_object_and_mcid_fields) (content_reference='mcr-dictionary-stream')
----------------------------------------------------------------------
Traceback (most recent call last):
  File "/home/ubuntu/IdeaProjects/open-pdf/scripts/tests/test_t13_structure_standards.py", line 43, in test_content_references_have_typed_page_stream_object_and_mcid_fields
    self.observe(directory, name, self.change(original, 10, children, b'/K ' + child), expected,
  File "/home/ubuntu/IdeaProjects/open-pdf/scripts/tests/test_t13_structure_standards.py", line 318, in observe
    self.assertEqual(expected, result['standards'], name + ': ' + result['finding'])
AssertionError: 'fail' != 'indeterminate'
- fail
+ indeterminate
 : mcr-dictionary-stream: Unknown program qualification scope

======================================================================
FAIL: test_content_references_have_typed_page_stream_object_and_mcid_fields (scripts.tests.test_t13_structure_standards.T13StructureStandardsTest.test_content_references_have_typed_page_stream_object_and_mcid_fields) (content_reference='mcr-numeric-owner')
----------------------------------------------------------------------
Traceback (most recent call last):
  File "/home/ubuntu/IdeaProjects/open-pdf/scripts/tests/test_t13_structure_standards.py", line 43, in test_content_references_have_typed_page_stream_object_and_mcid_fields
    self.observe(directory, name, self.change(original, 10, children, b'/K ' + child), expected,
  File "/home/ubuntu/IdeaProjects/open-pdf/scripts/tests/test_t13_structure_standards.py", line 318, in observe
    self.assertEqual(expected, result['standards'], name + ': ' + result['finding'])
AssertionError: 'fail' != 'indeterminate'
- fail
+ indeterminate
 : mcr-numeric-owner: Unknown program qualification scope

======================================================================
FAIL: test_content_references_have_typed_page_stream_object_and_mcid_fields (scripts.tests.test_t13_structure_standards.T13StructureStandardsTest.test_content_references_have_typed_page_stream_object_and_mcid_fields) (content_reference='objr-inherited-page')
----------------------------------------------------------------------
Traceback (most recent call last):
  File "/home/ubuntu/IdeaProjects/open-pdf/scripts/tests/test_t13_structure_standards.py", line 43, in test_content_references_have_typed_page_stream_object_and_mcid_fields
    self.observe(directory, name, self.change(original, 10, children, b'/K ' + child), expected,
  File "/home/ubuntu/IdeaProjects/open-pdf/scripts/tests/test_t13_structure_standards.py", line 318, in observe
    self.assertEqual(expected, result['standards'], name + ': ' + result['finding'])
AssertionError: 'pass' != 'indeterminate'
- pass
+ indeterminate
 : objr-inherited-page: Unknown program qualification scope

======================================================================
FAIL: test_content_references_have_typed_page_stream_object_and_mcid_fields (scripts.tests.test_t13_structure_standards.T13StructureStandardsTest.test_content_references_have_typed_page_stream_object_and_mcid_fields) (content_reference='objr-missing-object')
----------------------------------------------------------------------
Traceback (most recent call last):
  File "/home/ubuntu/IdeaProjects/open-pdf/scripts/tests/test_t13_structure_standards.py", line 43, in test_content_references_have_typed_page_stream_object_and_mcid_fields
    self.observe(directory, name, self.change(original, 10, children, b'/K ' + child), expected,
  File "/home/ubuntu/IdeaProjects/open-pdf/scripts/tests/test_t13_structure_standards.py", line 318, in observe
    self.assertEqual(expected, result['standards'], name + ': ' + result['finding'])
AssertionError: 'fail' != 'indeterminate'
- fail
+ indeterminate
 : objr-missing-object: Unknown program qualification scope

======================================================================
FAIL: test_content_references_have_typed_page_stream_object_and_mcid_fields (scripts.tests.test_t13_structure_standards.T13StructureStandardsTest.test_content_references_have_typed_page_stream_object_and_mcid_fields) (content_reference='objr-direct-object')
----------------------------------------------------------------------
Traceback (most recent call last):
  File "/home/ubuntu/IdeaProjects/open-pdf/scripts/tests/test_t13_structure_standards.py", line 43, in test_content_references_have_typed_page_stream_object_and_mcid_fields
    self.observe(directory, name, self.change(original, 10, children, b'/K ' + child), expected,
  File "/home/ubuntu/IdeaProjects/open-pdf/scripts/tests/test_t13_structure_standards.py", line 318, in observe
    self.assertEqual(expected, result['standards'], name + ': ' + result['finding'])
AssertionError: 'fail' != 'indeterminate'
- fail
+ indeterminate
 : objr-direct-object: Unknown program qualification scope

======================================================================
FAIL: test_content_references_have_typed_page_stream_object_and_mcid_fields (scripts.tests.test_t13_structure_standards.T13StructureStandardsTest.test_content_references_have_typed_page_stream_object_and_mcid_fields) (content_reference='objr-null-object')
----------------------------------------------------------------------
Traceback (most recent call last):
  File "/home/ubuntu/IdeaProjects/open-pdf/scripts/tests/test_t13_structure_standards.py", line 43, in test_content_references_have_typed_page_stream_object_and_mcid_fields
    self.observe(directory, name, self.change(original, 10, children, b'/K ' + child), expected,
  File "/home/ubuntu/IdeaProjects/open-pdf/scripts/tests/test_t13_structure_standards.py", line 318, in observe
    self.assertEqual(expected, result['standards'], name + ': ' + result['finding'])
AssertionError: 'fail' != 'indeterminate'
- fail
+ indeterminate
 : objr-null-object: Unknown program qualification scope

======================================================================
FAIL: test_content_references_have_typed_page_stream_object_and_mcid_fields (scripts.tests.test_t13_structure_standards.T13StructureStandardsTest.test_content_references_have_typed_page_stream_object_and_mcid_fields) (content_reference='objr-nonpage-reference')
----------------------------------------------------------------------
Traceback (most recent call last):
  File "/home/ubuntu/IdeaProjects/open-pdf/scripts/tests/test_t13_structure_standards.py", line 43, in test_content_references_have_typed_page_stream_object_and_mcid_fields
    self.observe(directory, name, self.change(original, 10, children, b'/K ' + child), expected,
  File "/home/ubuntu/IdeaProjects/open-pdf/scripts/tests/test_t13_structure_standards.py", line 318, in observe
    self.assertEqual(expected, result['standards'], name + ': ' + result['finding'])
AssertionError: 'fail' != 'indeterminate'
- fail
+ indeterminate
 : objr-nonpage-reference: Unknown program qualification scope

======================================================================
FAIL: test_content_references_have_typed_page_stream_object_and_mcid_fields (scripts.tests.test_t13_structure_standards.T13StructureStandardsTest.test_content_references_have_typed_page_stream_object_and_mcid_fields) (content_reference='element-nonpage-reference')
----------------------------------------------------------------------
Traceback (most recent call last):
  File "/home/ubuntu/IdeaProjects/open-pdf/scripts/tests/test_t13_structure_standards.py", line 49, in test_content_references_have_typed_page_stream_object_and_mcid_fields
    self.observe(directory, name, self.change(original, number, before, after), 'fail',
                                  ^^^^^^^^^^^^^^^^^^^^^^^^^^^^^^^^^^^^^^^^^^^^
  File "/home/ubuntu/IdeaProjects/open-pdf/scripts/tests/test_t13_structure_standards.py", line 328, in change
    self.assertLessEqual(len(after), len(before))
AssertionError: 10 not less than or equal to 9

======================================================================
FAIL: test_content_references_have_typed_page_stream_object_and_mcid_fields (scripts.tests.test_t13_structure_standards.T13StructureStandardsTest.test_content_references_have_typed_page_stream_object_and_mcid_fields) (content_reference='element-direct-page')
----------------------------------------------------------------------
Traceback (most recent call last):
  File "/home/ubuntu/IdeaProjects/open-pdf/scripts/tests/test_t13_structure_standards.py", line 49, in test_content_references_have_typed_page_stream_object_and_mcid_fields
    self.observe(directory, name, self.change(original, number, before, after), 'fail',
  File "/home/ubuntu/IdeaProjects/open-pdf/scripts/tests/test_t13_structure_standards.py", line 318, in observe
    self.assertEqual(expected, result['standards'], name + ': ' + result['finding'])
AssertionError: 'fail' != 'indeterminate'
- fail
+ indeterminate
 : element-direct-page: Unknown program qualification scope

----------------------------------------------------------------------
Ran 1 test in 5.356s

FAILED (failures=24)
