test_parent_tree_has_ordered_integer_keys_structural_values_and_a_fresh_next_key (scripts.tests.test_t13_structure_standards.T13StructureStandardsTest.test_parent_tree_has_ordered_integer_keys_structural_values_and_a_fresh_next_key) ... 
  test_parent_tree_has_ordered_integer_keys_structural_values_and_a_fresh_next_key (scripts.tests.test_t13_structure_standards.T13StructureStandardsTest.test_parent_tree_has_ordered_integer_keys_structural_values_and_a_fresh_next_key) (source='embedded-font-inheritance.pdf') ... FAIL
  test_parent_tree_has_ordered_integer_keys_structural_values_and_a_fresh_next_key (scripts.tests.test_t13_structure_standards.T13StructureStandardsTest.test_parent_tree_has_ordered_integer_keys_structural_values_and_a_fresh_next_key) (source='embedded-font-kinds.pdf') ... FAIL
  test_parent_tree_has_ordered_integer_keys_structural_values_and_a_fresh_next_key (scripts.tests.test_t13_structure_standards.T13StructureStandardsTest.test_parent_tree_has_ordered_integer_keys_structural_values_and_a_fresh_next_key) (source='marked-structure.pdf') ... FAIL
  test_parent_tree_has_ordered_integer_keys_structural_values_and_a_fresh_next_key (scripts.tests.test_t13_structure_standards.T13StructureStandardsTest.test_parent_tree_has_ordered_integer_keys_structural_values_and_a_fresh_next_key) (source='nested-split-type3.pdf') ... FAIL
  test_parent_tree_has_ordered_integer_keys_structural_values_and_a_fresh_next_key (scripts.tests.test_t13_structure_standards.T13StructureStandardsTest.test_parent_tree_has_ordered_integer_keys_structural_values_and_a_fresh_next_key) (source='uncertain-geometry.pdf') ... FAIL
  test_parent_tree_has_ordered_integer_keys_structural_values_and_a_fresh_next_key (scripts.tests.test_t13_structure_standards.T13StructureStandardsTest.test_parent_tree_has_ordered_integer_keys_structural_values_and_a_fresh_next_key) (parent_tree='missing-parent-tree') ... FAIL
  test_parent_tree_has_ordered_integer_keys_structural_values_and_a_fresh_next_key (scripts.tests.test_t13_structure_standards.T13StructureStandardsTest.test_parent_tree_has_ordered_integer_keys_structural_values_and_a_fresh_next_key) (parent_tree='numeric-parent-tree') ... FAIL
  test_parent_tree_has_ordered_integer_keys_structural_values_and_a_fresh_next_key (scripts.tests.test_t13_structure_standards.T13StructureStandardsTest.test_parent_tree_has_ordered_integer_keys_structural_values_and_a_fresh_next_key) (parent_tree='missing-number-tree-entries') ... FAIL
  test_parent_tree_has_ordered_integer_keys_structural_values_and_a_fresh_next_key (scripts.tests.test_t13_structure_standards.T13StructureStandardsTest.test_parent_tree_has_ordered_integer_keys_structural_values_and_a_fresh_next_key) (parent_tree='odd-key-values') ... FAIL
  test_parent_tree_has_ordered_integer_keys_structural_values_and_a_fresh_next_key (scripts.tests.test_t13_structure_standards.T13StructureStandardsTest.test_parent_tree_has_ordered_integer_keys_structural_values_and_a_fresh_next_key) (parent_tree='unordered-keys') ... FAIL
  test_parent_tree_has_ordered_integer_keys_structural_values_and_a_fresh_next_key (scripts.tests.test_t13_structure_standards.T13StructureStandardsTest.test_parent_tree_has_ordered_integer_keys_structural_values_and_a_fresh_next_key) (parent_tree='duplicate-keys') ... FAIL
  test_parent_tree_has_ordered_integer_keys_structural_values_and_a_fresh_next_key (scripts.tests.test_t13_structure_standards.T13StructureStandardsTest.test_parent_tree_has_ordered_integer_keys_structural_values_and_a_fresh_next_key) (parent_tree='boolean-key') ... FAIL
  test_parent_tree_has_ordered_integer_keys_structural_values_and_a_fresh_next_key (scripts.tests.test_t13_structure_standards.T13StructureStandardsTest.test_parent_tree_has_ordered_integer_keys_structural_values_and_a_fresh_next_key) (parent_tree='real-key') ... FAIL
  test_parent_tree_has_ordered_integer_keys_structural_values_and_a_fresh_next_key (scripts.tests.test_t13_structure_standards.T13StructureStandardsTest.test_parent_tree_has_ordered_integer_keys_structural_values_and_a_fresh_next_key) (parent_tree='numeric-parent-value') ... FAIL
  test_parent_tree_has_ordered_integer_keys_structural_values_and_a_fresh_next_key (scripts.tests.test_t13_structure_standards.T13StructureStandardsTest.test_parent_tree_has_ordered_integer_keys_structural_values_and_a_fresh_next_key) (parent_tree='non-element-parent-value') ... FAIL
  test_parent_tree_has_ordered_integer_keys_structural_values_and_a_fresh_next_key (scripts.tests.test_t13_structure_standards.T13StructureStandardsTest.test_parent_tree_has_ordered_integer_keys_structural_values_and_a_fresh_next_key) (parent_tree='used-next-key') ... FAIL
  test_parent_tree_has_ordered_integer_keys_structural_values_and_a_fresh_next_key (scripts.tests.test_t13_structure_standards.T13StructureStandardsTest.test_parent_tree_has_ordered_integer_keys_structural_values_and_a_fresh_next_key) (parent_tree='name-next-key') ... FAIL
  test_parent_tree_has_ordered_integer_keys_structural_values_and_a_fresh_next_key (scripts.tests.test_t13_structure_standards.T13StructureStandardsTest.test_parent_tree_has_ordered_integer_keys_structural_values_and_a_fresh_next_key) (parent_tree='absent-next-key') ... FAIL
  test_parent_tree_has_ordered_integer_keys_structural_values_and_a_fresh_next_key (scripts.tests.test_t13_structure_standards.T13StructureStandardsTest.test_parent_tree_has_ordered_integer_keys_structural_values_and_a_fresh_next_key) (parent_tree='unused-null-slot') ... FAIL

======================================================================
FAIL: test_parent_tree_has_ordered_integer_keys_structural_values_and_a_fresh_next_key (scripts.tests.test_t13_structure_standards.T13StructureStandardsTest.test_parent_tree_has_ordered_integer_keys_structural_values_and_a_fresh_next_key) (source='embedded-font-inheritance.pdf')
----------------------------------------------------------------------
Traceback (most recent call last):
  File "/home/ubuntu/IdeaProjects/open-pdf/scripts/tests/test_t13_structure_standards.py", line 23, in test_parent_tree_has_ordered_integer_keys_structural_values_and_a_fresh_next_key
    self.observe(directory, 'source-' + path.stem, path.read_bytes(), 'pass', scope='structure-parent-tree')
  File "/home/ubuntu/IdeaProjects/open-pdf/scripts/tests/test_t13_structure_standards.py", line 95, in observe
    self.assertEqual(expected, result['standards'], name + ': ' + result['finding'])
AssertionError: 'pass' != 'indeterminate'
- pass
+ indeterminate
 : source-embedded-font-inheritance: Unknown program qualification scope

======================================================================
FAIL: test_parent_tree_has_ordered_integer_keys_structural_values_and_a_fresh_next_key (scripts.tests.test_t13_structure_standards.T13StructureStandardsTest.test_parent_tree_has_ordered_integer_keys_structural_values_and_a_fresh_next_key) (source='embedded-font-kinds.pdf')
----------------------------------------------------------------------
Traceback (most recent call last):
  File "/home/ubuntu/IdeaProjects/open-pdf/scripts/tests/test_t13_structure_standards.py", line 23, in test_parent_tree_has_ordered_integer_keys_structural_values_and_a_fresh_next_key
    self.observe(directory, 'source-' + path.stem, path.read_bytes(), 'pass', scope='structure-parent-tree')
  File "/home/ubuntu/IdeaProjects/open-pdf/scripts/tests/test_t13_structure_standards.py", line 95, in observe
    self.assertEqual(expected, result['standards'], name + ': ' + result['finding'])
AssertionError: 'pass' != 'indeterminate'
- pass
+ indeterminate
 : source-embedded-font-kinds: Unknown program qualification scope

======================================================================
FAIL: test_parent_tree_has_ordered_integer_keys_structural_values_and_a_fresh_next_key (scripts.tests.test_t13_structure_standards.T13StructureStandardsTest.test_parent_tree_has_ordered_integer_keys_structural_values_and_a_fresh_next_key) (source='marked-structure.pdf')
----------------------------------------------------------------------
Traceback (most recent call last):
  File "/home/ubuntu/IdeaProjects/open-pdf/scripts/tests/test_t13_structure_standards.py", line 23, in test_parent_tree_has_ordered_integer_keys_structural_values_and_a_fresh_next_key
    self.observe(directory, 'source-' + path.stem, path.read_bytes(), 'pass', scope='structure-parent-tree')
  File "/home/ubuntu/IdeaProjects/open-pdf/scripts/tests/test_t13_structure_standards.py", line 95, in observe
    self.assertEqual(expected, result['standards'], name + ': ' + result['finding'])
AssertionError: 'pass' != 'indeterminate'
- pass
+ indeterminate
 : source-marked-structure: Unknown program qualification scope

======================================================================
FAIL: test_parent_tree_has_ordered_integer_keys_structural_values_and_a_fresh_next_key (scripts.tests.test_t13_structure_standards.T13StructureStandardsTest.test_parent_tree_has_ordered_integer_keys_structural_values_and_a_fresh_next_key) (source='nested-split-type3.pdf')
----------------------------------------------------------------------
Traceback (most recent call last):
  File "/home/ubuntu/IdeaProjects/open-pdf/scripts/tests/test_t13_structure_standards.py", line 23, in test_parent_tree_has_ordered_integer_keys_structural_values_and_a_fresh_next_key
    self.observe(directory, 'source-' + path.stem, path.read_bytes(), 'pass', scope='structure-parent-tree')
  File "/home/ubuntu/IdeaProjects/open-pdf/scripts/tests/test_t13_structure_standards.py", line 95, in observe
    self.assertEqual(expected, result['standards'], name + ': ' + result['finding'])
AssertionError: 'pass' != 'indeterminate'
- pass
+ indeterminate
 : source-nested-split-type3: Unknown program qualification scope

======================================================================
FAIL: test_parent_tree_has_ordered_integer_keys_structural_values_and_a_fresh_next_key (scripts.tests.test_t13_structure_standards.T13StructureStandardsTest.test_parent_tree_has_ordered_integer_keys_structural_values_and_a_fresh_next_key) (source='uncertain-geometry.pdf')
----------------------------------------------------------------------
Traceback (most recent call last):
  File "/home/ubuntu/IdeaProjects/open-pdf/scripts/tests/test_t13_structure_standards.py", line 23, in test_parent_tree_has_ordered_integer_keys_structural_values_and_a_fresh_next_key
    self.observe(directory, 'source-' + path.stem, path.read_bytes(), 'pass', scope='structure-parent-tree')
  File "/home/ubuntu/IdeaProjects/open-pdf/scripts/tests/test_t13_structure_standards.py", line 95, in observe
    self.assertEqual(expected, result['standards'], name + ': ' + result['finding'])
AssertionError: 'pass' != 'indeterminate'
- pass
+ indeterminate
 : source-uncertain-geometry: Unknown program qualification scope

======================================================================
FAIL: test_parent_tree_has_ordered_integer_keys_structural_values_and_a_fresh_next_key (scripts.tests.test_t13_structure_standards.T13StructureStandardsTest.test_parent_tree_has_ordered_integer_keys_structural_values_and_a_fresh_next_key) (parent_tree='missing-parent-tree')
----------------------------------------------------------------------
Traceback (most recent call last):
  File "/home/ubuntu/IdeaProjects/open-pdf/scripts/tests/test_t13_structure_standards.py", line 40, in test_parent_tree_has_ordered_integer_keys_structural_values_and_a_fresh_next_key
    self.observe(directory, name, self.change(original, number, before, after), expected,
  File "/home/ubuntu/IdeaProjects/open-pdf/scripts/tests/test_t13_structure_standards.py", line 95, in observe
    self.assertEqual(expected, result['standards'], name + ': ' + result['finding'])
AssertionError: 'fail' != 'indeterminate'
- fail
+ indeterminate
 : missing-parent-tree: Unknown program qualification scope

======================================================================
FAIL: test_parent_tree_has_ordered_integer_keys_structural_values_and_a_fresh_next_key (scripts.tests.test_t13_structure_standards.T13StructureStandardsTest.test_parent_tree_has_ordered_integer_keys_structural_values_and_a_fresh_next_key) (parent_tree='numeric-parent-tree')
----------------------------------------------------------------------
Traceback (most recent call last):
  File "/home/ubuntu/IdeaProjects/open-pdf/scripts/tests/test_t13_structure_standards.py", line 40, in test_parent_tree_has_ordered_integer_keys_structural_values_and_a_fresh_next_key
    self.observe(directory, name, self.change(original, number, before, after), expected,
  File "/home/ubuntu/IdeaProjects/open-pdf/scripts/tests/test_t13_structure_standards.py", line 95, in observe
    self.assertEqual(expected, result['standards'], name + ': ' + result['finding'])
AssertionError: 'fail' != 'indeterminate'
- fail
+ indeterminate
 : numeric-parent-tree: Unknown program qualification scope

======================================================================
FAIL: test_parent_tree_has_ordered_integer_keys_structural_values_and_a_fresh_next_key (scripts.tests.test_t13_structure_standards.T13StructureStandardsTest.test_parent_tree_has_ordered_integer_keys_structural_values_and_a_fresh_next_key) (parent_tree='missing-number-tree-entries')
----------------------------------------------------------------------
Traceback (most recent call last):
  File "/home/ubuntu/IdeaProjects/open-pdf/scripts/tests/test_t13_structure_standards.py", line 40, in test_parent_tree_has_ordered_integer_keys_structural_values_and_a_fresh_next_key
    self.observe(directory, name, self.change(original, number, before, after), expected,
  File "/home/ubuntu/IdeaProjects/open-pdf/scripts/tests/test_t13_structure_standards.py", line 95, in observe
    self.assertEqual(expected, result['standards'], name + ': ' + result['finding'])
AssertionError: 'fail' != 'indeterminate'
- fail
+ indeterminate
 : missing-number-tree-entries: Unknown program qualification scope

======================================================================
FAIL: test_parent_tree_has_ordered_integer_keys_structural_values_and_a_fresh_next_key (scripts.tests.test_t13_structure_standards.T13StructureStandardsTest.test_parent_tree_has_ordered_integer_keys_structural_values_and_a_fresh_next_key) (parent_tree='odd-key-values')
----------------------------------------------------------------------
Traceback (most recent call last):
  File "/home/ubuntu/IdeaProjects/open-pdf/scripts/tests/test_t13_structure_standards.py", line 40, in test_parent_tree_has_ordered_integer_keys_structural_values_and_a_fresh_next_key
    self.observe(directory, name, self.change(original, number, before, after), expected,
  File "/home/ubuntu/IdeaProjects/open-pdf/scripts/tests/test_t13_structure_standards.py", line 95, in observe
    self.assertEqual(expected, result['standards'], name + ': ' + result['finding'])
AssertionError: 'fail' != 'indeterminate'
- fail
+ indeterminate
 : odd-key-values: Unknown program qualification scope

======================================================================
FAIL: test_parent_tree_has_ordered_integer_keys_structural_values_and_a_fresh_next_key (scripts.tests.test_t13_structure_standards.T13StructureStandardsTest.test_parent_tree_has_ordered_integer_keys_structural_values_and_a_fresh_next_key) (parent_tree='unordered-keys')
----------------------------------------------------------------------
Traceback (most recent call last):
  File "/home/ubuntu/IdeaProjects/open-pdf/scripts/tests/test_t13_structure_standards.py", line 40, in test_parent_tree_has_ordered_integer_keys_structural_values_and_a_fresh_next_key
    self.observe(directory, name, self.change(original, number, before, after), expected,
  File "/home/ubuntu/IdeaProjects/open-pdf/scripts/tests/test_t13_structure_standards.py", line 95, in observe
    self.assertEqual(expected, result['standards'], name + ': ' + result['finding'])
AssertionError: 'fail' != 'indeterminate'
- fail
+ indeterminate
 : unordered-keys: Unknown program qualification scope

======================================================================
FAIL: test_parent_tree_has_ordered_integer_keys_structural_values_and_a_fresh_next_key (scripts.tests.test_t13_structure_standards.T13StructureStandardsTest.test_parent_tree_has_ordered_integer_keys_structural_values_and_a_fresh_next_key) (parent_tree='duplicate-keys')
----------------------------------------------------------------------
Traceback (most recent call last):
  File "/home/ubuntu/IdeaProjects/open-pdf/scripts/tests/test_t13_structure_standards.py", line 40, in test_parent_tree_has_ordered_integer_keys_structural_values_and_a_fresh_next_key
    self.observe(directory, name, self.change(original, number, before, after), expected,
  File "/home/ubuntu/IdeaProjects/open-pdf/scripts/tests/test_t13_structure_standards.py", line 95, in observe
    self.assertEqual(expected, result['standards'], name + ': ' + result['finding'])
AssertionError: 'fail' != 'indeterminate'
- fail
+ indeterminate
 : duplicate-keys: Unknown program qualification scope

======================================================================
FAIL: test_parent_tree_has_ordered_integer_keys_structural_values_and_a_fresh_next_key (scripts.tests.test_t13_structure_standards.T13StructureStandardsTest.test_parent_tree_has_ordered_integer_keys_structural_values_and_a_fresh_next_key) (parent_tree='boolean-key')
----------------------------------------------------------------------
Traceback (most recent call last):
  File "/home/ubuntu/IdeaProjects/open-pdf/scripts/tests/test_t13_structure_standards.py", line 40, in test_parent_tree_has_ordered_integer_keys_structural_values_and_a_fresh_next_key
    self.observe(directory, name, self.change(original, number, before, after), expected,
  File "/home/ubuntu/IdeaProjects/open-pdf/scripts/tests/test_t13_structure_standards.py", line 95, in observe
    self.assertEqual(expected, result['standards'], name + ': ' + result['finding'])
AssertionError: 'fail' != 'indeterminate'
- fail
+ indeterminate
 : boolean-key: Unknown program qualification scope

======================================================================
FAIL: test_parent_tree_has_ordered_integer_keys_structural_values_and_a_fresh_next_key (scripts.tests.test_t13_structure_standards.T13StructureStandardsTest.test_parent_tree_has_ordered_integer_keys_structural_values_and_a_fresh_next_key) (parent_tree='real-key')
----------------------------------------------------------------------
Traceback (most recent call last):
  File "/home/ubuntu/IdeaProjects/open-pdf/scripts/tests/test_t13_structure_standards.py", line 40, in test_parent_tree_has_ordered_integer_keys_structural_values_and_a_fresh_next_key
    self.observe(directory, name, self.change(original, number, before, after), expected,
  File "/home/ubuntu/IdeaProjects/open-pdf/scripts/tests/test_t13_structure_standards.py", line 95, in observe
    self.assertEqual(expected, result['standards'], name + ': ' + result['finding'])
AssertionError: 'fail' != 'indeterminate'
- fail
+ indeterminate
 : real-key: Unknown program qualification scope

======================================================================
FAIL: test_parent_tree_has_ordered_integer_keys_structural_values_and_a_fresh_next_key (scripts.tests.test_t13_structure_standards.T13StructureStandardsTest.test_parent_tree_has_ordered_integer_keys_structural_values_and_a_fresh_next_key) (parent_tree='numeric-parent-value')
----------------------------------------------------------------------
Traceback (most recent call last):
  File "/home/ubuntu/IdeaProjects/open-pdf/scripts/tests/test_t13_structure_standards.py", line 40, in test_parent_tree_has_ordered_integer_keys_structural_values_and_a_fresh_next_key
    self.observe(directory, name, self.change(original, number, before, after), expected,
  File "/home/ubuntu/IdeaProjects/open-pdf/scripts/tests/test_t13_structure_standards.py", line 95, in observe
    self.assertEqual(expected, result['standards'], name + ': ' + result['finding'])
AssertionError: 'fail' != 'indeterminate'
- fail
+ indeterminate
 : numeric-parent-value: Unknown program qualification scope

======================================================================
FAIL: test_parent_tree_has_ordered_integer_keys_structural_values_and_a_fresh_next_key (scripts.tests.test_t13_structure_standards.T13StructureStandardsTest.test_parent_tree_has_ordered_integer_keys_structural_values_and_a_fresh_next_key) (parent_tree='non-element-parent-value')
----------------------------------------------------------------------
Traceback (most recent call last):
  File "/home/ubuntu/IdeaProjects/open-pdf/scripts/tests/test_t13_structure_standards.py", line 40, in test_parent_tree_has_ordered_integer_keys_structural_values_and_a_fresh_next_key
    self.observe(directory, name, self.change(original, number, before, after), expected,
  File "/home/ubuntu/IdeaProjects/open-pdf/scripts/tests/test_t13_structure_standards.py", line 95, in observe
    self.assertEqual(expected, result['standards'], name + ': ' + result['finding'])
AssertionError: 'fail' != 'indeterminate'
- fail
+ indeterminate
 : non-element-parent-value: Unknown program qualification scope

======================================================================
FAIL: test_parent_tree_has_ordered_integer_keys_structural_values_and_a_fresh_next_key (scripts.tests.test_t13_structure_standards.T13StructureStandardsTest.test_parent_tree_has_ordered_integer_keys_structural_values_and_a_fresh_next_key) (parent_tree='used-next-key')
----------------------------------------------------------------------
Traceback (most recent call last):
  File "/home/ubuntu/IdeaProjects/open-pdf/scripts/tests/test_t13_structure_standards.py", line 40, in test_parent_tree_has_ordered_integer_keys_structural_values_and_a_fresh_next_key
    self.observe(directory, name, self.change(original, number, before, after), expected,
  File "/home/ubuntu/IdeaProjects/open-pdf/scripts/tests/test_t13_structure_standards.py", line 95, in observe
    self.assertEqual(expected, result['standards'], name + ': ' + result['finding'])
AssertionError: 'fail' != 'indeterminate'
- fail
+ indeterminate
 : used-next-key: Unknown program qualification scope

======================================================================
FAIL: test_parent_tree_has_ordered_integer_keys_structural_values_and_a_fresh_next_key (scripts.tests.test_t13_structure_standards.T13StructureStandardsTest.test_parent_tree_has_ordered_integer_keys_structural_values_and_a_fresh_next_key) (parent_tree='name-next-key')
----------------------------------------------------------------------
Traceback (most recent call last):
  File "/home/ubuntu/IdeaProjects/open-pdf/scripts/tests/test_t13_structure_standards.py", line 40, in test_parent_tree_has_ordered_integer_keys_structural_values_and_a_fresh_next_key
    self.observe(directory, name, self.change(original, number, before, after), expected,
  File "/home/ubuntu/IdeaProjects/open-pdf/scripts/tests/test_t13_structure_standards.py", line 95, in observe
    self.assertEqual(expected, result['standards'], name + ': ' + result['finding'])
AssertionError: 'fail' != 'indeterminate'
- fail
+ indeterminate
 : name-next-key: Unknown program qualification scope

======================================================================
FAIL: test_parent_tree_has_ordered_integer_keys_structural_values_and_a_fresh_next_key (scripts.tests.test_t13_structure_standards.T13StructureStandardsTest.test_parent_tree_has_ordered_integer_keys_structural_values_and_a_fresh_next_key) (parent_tree='absent-next-key')
----------------------------------------------------------------------
Traceback (most recent call last):
  File "/home/ubuntu/IdeaProjects/open-pdf/scripts/tests/test_t13_structure_standards.py", line 40, in test_parent_tree_has_ordered_integer_keys_structural_values_and_a_fresh_next_key
    self.observe(directory, name, self.change(original, number, before, after), expected,
  File "/home/ubuntu/IdeaProjects/open-pdf/scripts/tests/test_t13_structure_standards.py", line 95, in observe
    self.assertEqual(expected, result['standards'], name + ': ' + result['finding'])
AssertionError: 'pass' != 'indeterminate'
- pass
+ indeterminate
 : absent-next-key: Unknown program qualification scope

======================================================================
FAIL: test_parent_tree_has_ordered_integer_keys_structural_values_and_a_fresh_next_key (scripts.tests.test_t13_structure_standards.T13StructureStandardsTest.test_parent_tree_has_ordered_integer_keys_structural_values_and_a_fresh_next_key) (parent_tree='unused-null-slot')
----------------------------------------------------------------------
Traceback (most recent call last):
  File "/home/ubuntu/IdeaProjects/open-pdf/scripts/tests/test_t13_structure_standards.py", line 40, in test_parent_tree_has_ordered_integer_keys_structural_values_and_a_fresh_next_key
    self.observe(directory, name, self.change(original, number, before, after), expected,
  File "/home/ubuntu/IdeaProjects/open-pdf/scripts/tests/test_t13_structure_standards.py", line 95, in observe
    self.assertEqual(expected, result['standards'], name + ': ' + result['finding'])
AssertionError: 'pass' != 'indeterminate'
- pass
+ indeterminate
 : unused-null-slot: Unknown program qualification scope

----------------------------------------------------------------------
Ran 1 test in 4.310s

FAILED (failures=19)
