test_structure_hierarchy_has_typed_children_unique_elements_and_matching_parent_backlinks (scripts.tests.test_t13_structure_standards.T13StructureStandardsTest.test_structure_hierarchy_has_typed_children_unique_elements_and_matching_parent_backlinks) ... 
  test_structure_hierarchy_has_typed_children_unique_elements_and_matching_parent_backlinks (scripts.tests.test_t13_structure_standards.T13StructureStandardsTest.test_structure_hierarchy_has_typed_children_unique_elements_and_matching_parent_backlinks) (hierarchy='root-null-child') ... FAIL
  test_structure_hierarchy_has_typed_children_unique_elements_and_matching_parent_backlinks (scripts.tests.test_t13_structure_standards.T13StructureStandardsTest.test_structure_hierarchy_has_typed_children_unique_elements_and_matching_parent_backlinks) (hierarchy='element-null-children') ... FAIL

======================================================================
FAIL: test_structure_hierarchy_has_typed_children_unique_elements_and_matching_parent_backlinks (scripts.tests.test_t13_structure_standards.T13StructureStandardsTest.test_structure_hierarchy_has_typed_children_unique_elements_and_matching_parent_backlinks) (hierarchy='root-null-child')
----------------------------------------------------------------------
Traceback (most recent call last):
  File "/home/ubuntu/IdeaProjects/open-pdf/scripts/tests/test_t13_structure_standards.py", line 60, in test_structure_hierarchy_has_typed_children_unique_elements_and_matching_parent_backlinks
    self.observe(directory, name, self.change(original, number, before, after), expected,
  File "/home/ubuntu/IdeaProjects/open-pdf/scripts/tests/test_t13_structure_standards.py", line 23, in observe
    self.assertEqual(expected, result['standards'], name + ': ' + result['finding'])
AssertionError: 'fail' != 'pass'
- fail
+ pass
 : root-null-child: The qualified structure hierarchy has valid child kinds and unique matching parent relationships.

======================================================================
FAIL: test_structure_hierarchy_has_typed_children_unique_elements_and_matching_parent_backlinks (scripts.tests.test_t13_structure_standards.T13StructureStandardsTest.test_structure_hierarchy_has_typed_children_unique_elements_and_matching_parent_backlinks) (hierarchy='element-null-children')
----------------------------------------------------------------------
Traceback (most recent call last):
  File "/home/ubuntu/IdeaProjects/open-pdf/scripts/tests/test_t13_structure_standards.py", line 60, in test_structure_hierarchy_has_typed_children_unique_elements_and_matching_parent_backlinks
    self.observe(directory, name, self.change(original, number, before, after), expected,
  File "/home/ubuntu/IdeaProjects/open-pdf/scripts/tests/test_t13_structure_standards.py", line 23, in observe
    self.assertEqual(expected, result['standards'], name + ': ' + result['finding'])
AssertionError: 'fail' != 'pass'
- fail
+ pass
 : element-null-children: The qualified structure hierarchy has valid child kinds and unique matching parent relationships.

----------------------------------------------------------------------
Ran 1 test in 4.299s

FAILED (failures=2)
