test_hierarchy_qualification_admits_exact_depth_and_item_bounds (scripts.tests.test_t13_structure_standards.T13StructureStandardsTest.test_hierarchy_qualification_admits_exact_depth_and_item_bounds) ... 
  test_hierarchy_qualification_admits_exact_depth_and_item_bounds (scripts.tests.test_t13_structure_standards.T13StructureStandardsTest.test_hierarchy_qualification_admits_exact_depth_and_item_bounds) (boundary='depth-129') ... FAIL
  test_hierarchy_qualification_admits_exact_depth_and_item_bounds (scripts.tests.test_t13_structure_standards.T13StructureStandardsTest.test_hierarchy_qualification_admits_exact_depth_and_item_bounds) (boundary='items-10001') ... FAIL

======================================================================
FAIL: test_hierarchy_qualification_admits_exact_depth_and_item_bounds (scripts.tests.test_t13_structure_standards.T13StructureStandardsTest.test_hierarchy_qualification_admits_exact_depth_and_item_bounds) (boundary='depth-129')
----------------------------------------------------------------------
Traceback (most recent call last):
  File "/home/ubuntu/IdeaProjects/open-pdf/scripts/tests/test_t13_structure_standards.py", line 41, in test_hierarchy_qualification_admits_exact_depth_and_item_bounds
    self.observe(directory, name, data, expected)
  File "/home/ubuntu/IdeaProjects/open-pdf/scripts/tests/test_t13_structure_standards.py", line 68, in observe
    self.assertEqual(expected, result['standards'], name + ': ' + result['finding'])
AssertionError: 'indeterminate' != 'pass'
- indeterminate
+ pass
 : depth-129: The qualified structure hierarchy has valid child kinds and unique matching parent relationships.

======================================================================
FAIL: test_hierarchy_qualification_admits_exact_depth_and_item_bounds (scripts.tests.test_t13_structure_standards.T13StructureStandardsTest.test_hierarchy_qualification_admits_exact_depth_and_item_bounds) (boundary='items-10001')
----------------------------------------------------------------------
Traceback (most recent call last):
  File "/home/ubuntu/IdeaProjects/open-pdf/scripts/tests/test_t13_structure_standards.py", line 41, in test_hierarchy_qualification_admits_exact_depth_and_item_bounds
    self.observe(directory, name, data, expected)
  File "/home/ubuntu/IdeaProjects/open-pdf/scripts/tests/test_t13_structure_standards.py", line 68, in observe
    self.assertEqual(expected, result['standards'], name + ': ' + result['finding'])
AssertionError: 'indeterminate' != 'pass'
- indeterminate
+ pass
 : items-10001: The qualified structure hierarchy has valid child kinds and unique matching parent relationships.

----------------------------------------------------------------------
Ran 1 test in 1.790s

FAILED (failures=2)
