[INFO] Scanning for projects...
[INFO] 
[INFO] ------------------< net.zerocloud:pdf-inventory-tool >------------------
[INFO] Building Folio PDF by ZeroCloud - Inventory Build Tool 0.1.0-SNAPSHOT
[INFO]   from pom.xml
[INFO] --------------------------------[ jar ]---------------------------------
[INFO] 
[INFO] --- enforcer:3.6.2:enforce (enforce-build-runtime) @ pdf-inventory-tool ---
[INFO] Rule 0: org.apache.maven.enforcer.rules.version.RequireMavenVersion passed
[INFO] Rule 1: org.apache.maven.enforcer.rules.version.RequireJavaVersion passed
[INFO] 
[INFO] --- resources:3.3.1:resources (default-resources) @ pdf-inventory-tool ---
[INFO] skip non existing resourceDirectory /home/ubuntu/IdeaProjects/open-pdf/build-tools/inventory/src/main/resources
[INFO] 
[INFO] --- compiler:3.15.0:compile (default-compile) @ pdf-inventory-tool ---
[INFO] Recompiling the module because of changed source code.
[INFO] Compiling 16 source files with javac [debug parameters release 8] to target/classes
[INFO] 
[INFO] --- exec:3.6.3:java (default-cli) @ pdf-inventory-tool ---
Inventory validation passed: 23 capabilities, 151 facade surfaces, 18 exclusions.
ERROR: generated documentation is stale: docs/generated/foundation-readiness.md
Generated inventory documentation is stale; run ./scripts/inventory generate.
[WARNING] 
net.zerocloud.pdf.tools.inventory.InventoryCommand$InventoryCommandFailure: Generated inventory documentation is stale; run ./scripts/inventory generate.
[INFO] ------------------------------------------------------------------------
[INFO] BUILD FAILURE
[INFO] ------------------------------------------------------------------------
[INFO] Total time:  10.789 s
[INFO] Finished at: 2026-09-12T11:11:41+08:00
[INFO] ------------------------------------------------------------------------
[ERROR] Failed to execute goal org.codehaus.mojo:exec-maven-plugin:3.6.3:java (default-cli) on project pdf-inventory-tool: An exception occurred while executing the Java class. Generated inventory documentation is stale; run ./scripts/inventory generate. -> [Help 1]
[ERROR] 
[ERROR] To see the full stack trace of the errors, re-run Maven with the -e switch.
[ERROR] Re-run Maven using the -X switch to enable full debug logging.
[ERROR] 
[ERROR] For more information about the errors and possible solutions, please read the following articles:
[ERROR] [Help 1] http://cwiki.apache.org/confluence/display/MAVEN/MojoExecutionException
