FFFF
======================================================================
FAIL: test_font_descriptor_bounds_enclose_the_embedded_glyph_outlines (scripts.tests.test_t13_program_standards.T13ProgramStandardsTest.test_font_descriptor_bounds_enclose_the_embedded_glyph_outlines) (descriptor=12, maximum=399)
----------------------------------------------------------------------
Traceback (most recent call last):
  File "/home/ubuntu/IdeaProjects/open-pdf/scripts/tests/test_t13_program_standards.py", line 33, in test_font_descriptor_bounds_enclose_the_embedded_glyph_outlines
    self.observe(directory, pdf, expected,
  File "/home/ubuntu/IdeaProjects/open-pdf/scripts/tests/test_t13_program_standards.py", line 449, in observe
    self.assertEqual(expected, values['standards'], pdf.name + ': ' + values['finding'])
AssertionError: 'fail' != 'pass'
- fail
+ pass
 : descriptor-12-xmax-399.pdf: Embedded CFF and TrueType headers, dictionaries and checked font tables are readable.

======================================================================
FAIL: test_font_descriptor_bounds_enclose_the_embedded_glyph_outlines (scripts.tests.test_t13_program_standards.T13ProgramStandardsTest.test_font_descriptor_bounds_enclose_the_embedded_glyph_outlines) (descriptor=13, maximum=399)
----------------------------------------------------------------------
Traceback (most recent call last):
  File "/home/ubuntu/IdeaProjects/open-pdf/scripts/tests/test_t13_program_standards.py", line 33, in test_font_descriptor_bounds_enclose_the_embedded_glyph_outlines
    self.observe(directory, pdf, expected,
  File "/home/ubuntu/IdeaProjects/open-pdf/scripts/tests/test_t13_program_standards.py", line 449, in observe
    self.assertEqual(expected, values['standards'], pdf.name + ': ' + values['finding'])
AssertionError: 'fail' != 'pass'
- fail
+ pass
 : descriptor-13-xmax-399.pdf: Embedded CFF and TrueType headers, dictionaries and checked font tables are readable.

======================================================================
FAIL: test_font_descriptor_bounds_enclose_the_embedded_glyph_outlines (scripts.tests.test_t13_program_standards.T13ProgramStandardsTest.test_font_descriptor_bounds_enclose_the_embedded_glyph_outlines) (descriptor=14, maximum=399)
----------------------------------------------------------------------
Traceback (most recent call last):
  File "/home/ubuntu/IdeaProjects/open-pdf/scripts/tests/test_t13_program_standards.py", line 33, in test_font_descriptor_bounds_enclose_the_embedded_glyph_outlines
    self.observe(directory, pdf, expected,
  File "/home/ubuntu/IdeaProjects/open-pdf/scripts/tests/test_t13_program_standards.py", line 449, in observe
    self.assertEqual(expected, values['standards'], pdf.name + ': ' + values['finding'])
AssertionError: 'fail' != 'pass'
- fail
+ pass
 : descriptor-14-xmax-399.pdf: Embedded CFF and TrueType headers, dictionaries and checked font tables are readable.

======================================================================
FAIL: test_font_descriptor_bounds_enclose_the_embedded_glyph_outlines (scripts.tests.test_t13_program_standards.T13ProgramStandardsTest.test_font_descriptor_bounds_enclose_the_embedded_glyph_outlines) (descriptor=15, maximum=399)
----------------------------------------------------------------------
Traceback (most recent call last):
  File "/home/ubuntu/IdeaProjects/open-pdf/scripts/tests/test_t13_program_standards.py", line 33, in test_font_descriptor_bounds_enclose_the_embedded_glyph_outlines
    self.observe(directory, pdf, expected,
  File "/home/ubuntu/IdeaProjects/open-pdf/scripts/tests/test_t13_program_standards.py", line 449, in observe
    self.assertEqual(expected, values['standards'], pdf.name + ': ' + values['finding'])
AssertionError: 'fail' != 'pass'
- fail
+ pass
 : descriptor-15-xmax-399.pdf: Embedded CFF and TrueType headers, dictionaries and checked font tables are readable.

----------------------------------------------------------------------
Ran 1 test in 5.243s

FAILED (failures=4)
