FFF
======================================================================
FAIL: test_truetype_units_per_em_must_be_valid_before_scaling_outlines (scripts.tests.test_t13_program_standards.T13ProgramStandardsTest.test_truetype_units_per_em_must_be_valid_before_scaling_outlines) (units_per_em=0)
----------------------------------------------------------------------
Traceback (most recent call last):
  File "/home/ubuntu/IdeaProjects/open-pdf/scripts/tests/test_t13_program_standards.py", line 34, in test_truetype_units_per_em_must_be_valid_before_scaling_outlines
    self.observe(directory, pdf, 'fail', 'font-program-units', scope='fonts')
  File "/home/ubuntu/IdeaProjects/open-pdf/scripts/tests/test_t13_program_standards.py", line 476, in observe
    self.assertEqual(0, result.returncode, result.stderr)
AssertionError: 0 != 1 : Traceback (most recent call last):
  File "/home/ubuntu/IdeaProjects/open-pdf/scripts/t13-program-standards.py", line 831, in <module>
    inspect(Path(sys.argv[1]).resolve(), Path(sys.argv[2]).resolve(), sys.argv[3], Path(sys.argv[4]).resolve())
  File "/home/ubuntu/IdeaProjects/open-pdf/scripts/t13-program-standards.py", line 807, in inspect
    result['observed-font-programs'] = check_font_programs(graph, root, result)
                                       ^^^^^^^^^^^^^^^^^^^^^^^^^^^^^^^^^^^^^^^^
  File "/home/ubuntu/IdeaProjects/open-pdf/scripts/t13-program-standards.py", line 743, in check_font_programs
    seen[(reference, kind)] = font_program_data(data, kind)
                              ^^^^^^^^^^^^^^^^^^^^^^^^^^^^^
  File "/home/ubuntu/IdeaProjects/open-pdf/scripts/t13-program-standards.py", line 654, in font_program_data
    scale = 1000 / font['head'].unitsPerEm
            ~~~~~^~~~~~~~~~~~~~~~~~~~~~~~~
ZeroDivisionError: division by zero


======================================================================
FAIL: test_truetype_units_per_em_must_be_valid_before_scaling_outlines (scripts.tests.test_t13_program_standards.T13ProgramStandardsTest.test_truetype_units_per_em_must_be_valid_before_scaling_outlines) (units_per_em=15)
----------------------------------------------------------------------
Traceback (most recent call last):
  File "/home/ubuntu/IdeaProjects/open-pdf/scripts/tests/test_t13_program_standards.py", line 34, in test_truetype_units_per_em_must_be_valid_before_scaling_outlines
    self.observe(directory, pdf, 'fail', 'font-program-units', scope='fonts')
  File "/home/ubuntu/IdeaProjects/open-pdf/scripts/tests/test_t13_program_standards.py", line 486, in observe
    self.assertEqual(rule, values['rule'])
AssertionError: 'font-program-units' != 'font-descriptor-bounds'
- font-program-units
+ font-descriptor-bounds


======================================================================
FAIL: test_truetype_units_per_em_must_be_valid_before_scaling_outlines (scripts.tests.test_t13_program_standards.T13ProgramStandardsTest.test_truetype_units_per_em_must_be_valid_before_scaling_outlines) (units_per_em=16385)
----------------------------------------------------------------------
Traceback (most recent call last):
  File "/home/ubuntu/IdeaProjects/open-pdf/scripts/tests/test_t13_program_standards.py", line 34, in test_truetype_units_per_em_must_be_valid_before_scaling_outlines
    self.observe(directory, pdf, 'fail', 'font-program-units', scope='fonts')
  File "/home/ubuntu/IdeaProjects/open-pdf/scripts/tests/test_t13_program_standards.py", line 478, in observe
    self.assertEqual(expected, values['standards'], pdf.name + ': ' + values['finding'])
AssertionError: 'fail' != 'pass'
- fail
+ pass
 : units-per-em-16385.pdf: Embedded CFF and TrueType headers, dictionaries and checked font tables are readable.

----------------------------------------------------------------------
Ran 1 test in 1.986s

FAILED (failures=3)
