FF
======================================================================
FAIL: test_cid_cff_required_font_dictionary_selection_produces_failure_records (scripts.tests.test_t13_program_standards.T13ProgramStandardsTest.test_cid_cff_required_font_dictionary_selection_produces_failure_records) (required='FDSelect')
----------------------------------------------------------------------
Traceback (most recent call last):
  File "/home/ubuntu/IdeaProjects/open-pdf/scripts/tests/test_t13_program_standards.py", line 22, in test_cid_cff_required_font_dictionary_selection_produces_failure_records
    self.observe(directory, pdf, 'fail', 'font-program-data', scope='fonts')
  File "/home/ubuntu/IdeaProjects/open-pdf/scripts/tests/test_t13_program_standards.py", line 496, in observe
    self.assertEqual(0, result.returncode, result.stderr)
AssertionError: 0 != 1 : Traceback (most recent call last):
  File "/home/ubuntu/IdeaProjects/open-pdf/scripts/t13-program-standards.py", line 835, in <module>
    inspect(Path(sys.argv[1]).resolve(), Path(sys.argv[2]).resolve(), sys.argv[3], Path(sys.argv[4]).resolve())
  File "/home/ubuntu/IdeaProjects/open-pdf/scripts/t13-program-standards.py", line 811, in inspect
    result['observed-font-programs'] = check_font_programs(graph, root, result)
                                       ^^^^^^^^^^^^^^^^^^^^^^^^^^^^^^^^^^^^^^^^
  File "/home/ubuntu/IdeaProjects/open-pdf/scripts/t13-program-standards.py", line 745, in check_font_programs
    seen[(reference, kind)] = font_program_data(data, kind)
                              ^^^^^^^^^^^^^^^^^^^^^^^^^^^^^
  File "/home/ubuntu/IdeaProjects/open-pdf/scripts/t13-program-standards.py", line 702, in font_program_data
    dictionary = top.FDArray[top.FDSelect.gidArray[gid]]
                             ^^^^^^^^^^^^
  File "/home/ubuntu/IdeaProjects/open-pdf/.build-cache/t75-fonttools-4.59.2/fonttools-4.59.2-py3-none-any.whl/fontTools/cffLib/__init__.py", line 2507, in __getattr__
AttributeError: FDSelect


======================================================================
FAIL: test_cid_cff_required_font_dictionary_selection_produces_failure_records (scripts.tests.test_t13_program_standards.T13ProgramStandardsTest.test_cid_cff_required_font_dictionary_selection_produces_failure_records) (required='FDArray')
----------------------------------------------------------------------
Traceback (most recent call last):
  File "/home/ubuntu/IdeaProjects/open-pdf/scripts/tests/test_t13_program_standards.py", line 30, in test_cid_cff_required_font_dictionary_selection_produces_failure_records
    self.observe(directory, pdf, 'fail', 'font-program-data', scope='fonts')
  File "/home/ubuntu/IdeaProjects/open-pdf/scripts/tests/test_t13_program_standards.py", line 496, in observe
    self.assertEqual(0, result.returncode, result.stderr)
AssertionError: 0 != 1 : Traceback (most recent call last):
  File "/home/ubuntu/IdeaProjects/open-pdf/scripts/t13-program-standards.py", line 835, in <module>
    inspect(Path(sys.argv[1]).resolve(), Path(sys.argv[2]).resolve(), sys.argv[3], Path(sys.argv[4]).resolve())
  File "/home/ubuntu/IdeaProjects/open-pdf/scripts/t13-program-standards.py", line 811, in inspect
    result['observed-font-programs'] = check_font_programs(graph, root, result)
                                       ^^^^^^^^^^^^^^^^^^^^^^^^^^^^^^^^^^^^^^^^
  File "/home/ubuntu/IdeaProjects/open-pdf/scripts/t13-program-standards.py", line 745, in check_font_programs
    seen[(reference, kind)] = font_program_data(data, kind)
                              ^^^^^^^^^^^^^^^^^^^^^^^^^^^^^
  File "/home/ubuntu/IdeaProjects/open-pdf/scripts/t13-program-standards.py", line 696, in font_program_data
    require(len(top.charset) == len(top.CharStrings) == top.numGlyphs,
                                    ^^^^^^^^^^^^^^^
  File "/home/ubuntu/IdeaProjects/open-pdf/.build-cache/t75-fonttools-4.59.2/fonttools-4.59.2-py3-none-any.whl/fontTools/cffLib/__init__.py", line 2509, in __getattr__
  File "/home/ubuntu/IdeaProjects/open-pdf/.build-cache/t75-fonttools-4.59.2/fonttools-4.59.2-py3-none-any.whl/fontTools/cffLib/__init__.py", line 1201, in read
  File "/home/ubuntu/IdeaProjects/open-pdf/.build-cache/t75-fonttools-4.59.2/fonttools-4.59.2-py3-none-any.whl/fontTools/cffLib/__init__.py", line 1398, in _read
  File "/home/ubuntu/IdeaProjects/open-pdf/.build-cache/t75-fonttools-4.59.2/fonttools-4.59.2-py3-none-any.whl/fontTools/cffLib/__init__.py", line 2507, in __getattr__
AttributeError: Private


----------------------------------------------------------------------
Ran 1 test in 1.335s

FAILED (failures=2)
