checking @evidence/native-rewrite-aes-256-pdf20/product.pdf
PDF Version: 2.0
R = 6
P = -3392
[credential redacted]
Supplied password is user password
extract for accessibility: allowed
extract for any purpose: not allowed
print low resolution: not allowed
print high resolution: not allowed
modify document assembly: not allowed
modify forms: not allowed
modify annotations: not allowed
modify other: not allowed
modify anything: not allowed
stream encryption method: none
string encryption method: none
file encryption method: AESv3
File is not linearized
No syntax or stream encoding errors found; the file may still contain
errors that qpdf cannot detect
