FFFFFF
======================================================================
FAIL: test_cff_outlines_require_moveto_valid_operands_and_terminal_endchar (scripts.tests.test_t13_program_standards.T13ProgramStandardsTest.test_cff_outlines_require_moveto_valid_operands_and_terminal_endchar) (font='FolioT13Rectangle.cff', defect='missing-moveto')
----------------------------------------------------------------------
Traceback (most recent call last):
  File "/home/ubuntu/IdeaProjects/open-pdf/scripts/tests/test_t13_program_standards.py", line 33, in test_cff_outlines_require_moveto_valid_operands_and_terminal_endchar
    self.observe(directory, pdf, 'fail', 'font-program-outline', scope='fonts')
  File "/home/ubuntu/IdeaProjects/open-pdf/scripts/tests/test_t13_program_standards.py", line 365, in observe
    self.assertEqual(expected, values['standards'], pdf.name + ': ' + values['finding'])
AssertionError: 'fail' != 'pass'
- fail
+ pass
 : FolioT13Rectangle.cff-missing-moveto.pdf: Embedded CFF and TrueType headers, dictionaries and checked font tables are readable.

======================================================================
FAIL: test_cff_outlines_require_moveto_valid_operands_and_terminal_endchar (scripts.tests.test_t13_program_standards.T13ProgramStandardsTest.test_cff_outlines_require_moveto_valid_operands_and_terminal_endchar) (font='FolioT13Rectangle.cff', defect='wrong-moveto-arity')
----------------------------------------------------------------------
Traceback (most recent call last):
  File "/home/ubuntu/IdeaProjects/open-pdf/scripts/tests/test_t13_program_standards.py", line 33, in test_cff_outlines_require_moveto_valid_operands_and_terminal_endchar
    self.observe(directory, pdf, 'fail', 'font-program-outline', scope='fonts')
  File "/home/ubuntu/IdeaProjects/open-pdf/scripts/tests/test_t13_program_standards.py", line 365, in observe
    self.assertEqual(expected, values['standards'], pdf.name + ': ' + values['finding'])
AssertionError: 'fail' != 'pass'
- fail
+ pass
 : FolioT13Rectangle.cff-wrong-moveto-arity.pdf: Embedded CFF and TrueType headers, dictionaries and checked font tables are readable.

======================================================================
FAIL: test_cff_outlines_require_moveto_valid_operands_and_terminal_endchar (scripts.tests.test_t13_program_standards.T13ProgramStandardsTest.test_cff_outlines_require_moveto_valid_operands_and_terminal_endchar) (font='FolioT13Rectangle.cff', defect='missing-endchar')
----------------------------------------------------------------------
Traceback (most recent call last):
  File "/home/ubuntu/IdeaProjects/open-pdf/scripts/tests/test_t13_program_standards.py", line 33, in test_cff_outlines_require_moveto_valid_operands_and_terminal_endchar
    self.observe(directory, pdf, 'fail', 'font-program-outline', scope='fonts')
  File "/home/ubuntu/IdeaProjects/open-pdf/scripts/tests/test_t13_program_standards.py", line 365, in observe
    self.assertEqual(expected, values['standards'], pdf.name + ': ' + values['finding'])
AssertionError: 'fail' != 'pass'
- fail
+ pass
 : FolioT13Rectangle.cff-missing-endchar.pdf: Embedded CFF and TrueType headers, dictionaries and checked font tables are readable.

======================================================================
FAIL: test_cff_outlines_require_moveto_valid_operands_and_terminal_endchar (scripts.tests.test_t13_program_standards.T13ProgramStandardsTest.test_cff_outlines_require_moveto_valid_operands_and_terminal_endchar) (font='FolioT13RectangleCID.cff', defect='missing-moveto')
----------------------------------------------------------------------
Traceback (most recent call last):
  File "/home/ubuntu/IdeaProjects/open-pdf/scripts/tests/test_t13_program_standards.py", line 33, in test_cff_outlines_require_moveto_valid_operands_and_terminal_endchar
    self.observe(directory, pdf, 'fail', 'font-program-outline', scope='fonts')
  File "/home/ubuntu/IdeaProjects/open-pdf/scripts/tests/test_t13_program_standards.py", line 365, in observe
    self.assertEqual(expected, values['standards'], pdf.name + ': ' + values['finding'])
AssertionError: 'fail' != 'pass'
- fail
+ pass
 : FolioT13RectangleCID.cff-missing-moveto.pdf: Embedded CFF and TrueType headers, dictionaries and checked font tables are readable.

======================================================================
FAIL: test_cff_outlines_require_moveto_valid_operands_and_terminal_endchar (scripts.tests.test_t13_program_standards.T13ProgramStandardsTest.test_cff_outlines_require_moveto_valid_operands_and_terminal_endchar) (font='FolioT13RectangleCID.cff', defect='wrong-moveto-arity')
----------------------------------------------------------------------
Traceback (most recent call last):
  File "/home/ubuntu/IdeaProjects/open-pdf/scripts/tests/test_t13_program_standards.py", line 33, in test_cff_outlines_require_moveto_valid_operands_and_terminal_endchar
    self.observe(directory, pdf, 'fail', 'font-program-outline', scope='fonts')
  File "/home/ubuntu/IdeaProjects/open-pdf/scripts/tests/test_t13_program_standards.py", line 365, in observe
    self.assertEqual(expected, values['standards'], pdf.name + ': ' + values['finding'])
AssertionError: 'fail' != 'pass'
- fail
+ pass
 : FolioT13RectangleCID.cff-wrong-moveto-arity.pdf: Embedded CFF and TrueType headers, dictionaries and checked font tables are readable.

======================================================================
FAIL: test_cff_outlines_require_moveto_valid_operands_and_terminal_endchar (scripts.tests.test_t13_program_standards.T13ProgramStandardsTest.test_cff_outlines_require_moveto_valid_operands_and_terminal_endchar) (font='FolioT13RectangleCID.cff', defect='missing-endchar')
----------------------------------------------------------------------
Traceback (most recent call last):
  File "/home/ubuntu/IdeaProjects/open-pdf/scripts/tests/test_t13_program_standards.py", line 33, in test_cff_outlines_require_moveto_valid_operands_and_terminal_endchar
    self.observe(directory, pdf, 'fail', 'font-program-outline', scope='fonts')
  File "/home/ubuntu/IdeaProjects/open-pdf/scripts/tests/test_t13_program_standards.py", line 365, in observe
    self.assertEqual(expected, values['standards'], pdf.name + ': ' + values['finding'])
AssertionError: 'fail' != 'pass'
- fail
+ pass
 : FolioT13RectangleCID.cff-missing-endchar.pdf: Embedded CFF and TrueType headers, dictionaries and checked font tables are readable.

----------------------------------------------------------------------
Ran 1 test in 3.802s

FAILED (failures=6)
