FFFF
======================================================================
FAIL: test_truetype_directory_search_fields_and_record_order_are_validated (scripts.tests.test_t13_program_standards.T13ProgramStandardsTest.test_truetype_directory_search_fields_and_record_order_are_validated) (field='search-range')
----------------------------------------------------------------------
Traceback (most recent call last):
  File "/home/ubuntu/IdeaProjects/open-pdf/scripts/tests/test_t13_program_standards.py", line 32, in test_truetype_directory_search_fields_and_record_order_are_validated
    self.observe(directory, pdf, 'fail', 'font-program-layout', scope='fonts')
  File "/home/ubuntu/IdeaProjects/open-pdf/scripts/tests/test_t13_program_standards.py", line 293, in observe
    self.assertEqual(expected, values['standards'], pdf.name + ': ' + values['finding'])
AssertionError: 'fail' != 'pass'
- fail
+ pass
 : search-range.pdf: Embedded CFF and TrueType headers, dictionaries and checked font tables are readable.

======================================================================
FAIL: test_truetype_directory_search_fields_and_record_order_are_validated (scripts.tests.test_t13_program_standards.T13ProgramStandardsTest.test_truetype_directory_search_fields_and_record_order_are_validated) (field='entry-selector')
----------------------------------------------------------------------
Traceback (most recent call last):
  File "/home/ubuntu/IdeaProjects/open-pdf/scripts/tests/test_t13_program_standards.py", line 32, in test_truetype_directory_search_fields_and_record_order_are_validated
    self.observe(directory, pdf, 'fail', 'font-program-layout', scope='fonts')
  File "/home/ubuntu/IdeaProjects/open-pdf/scripts/tests/test_t13_program_standards.py", line 293, in observe
    self.assertEqual(expected, values['standards'], pdf.name + ': ' + values['finding'])
AssertionError: 'fail' != 'pass'
- fail
+ pass
 : entry-selector.pdf: Embedded CFF and TrueType headers, dictionaries and checked font tables are readable.

======================================================================
FAIL: test_truetype_directory_search_fields_and_record_order_are_validated (scripts.tests.test_t13_program_standards.T13ProgramStandardsTest.test_truetype_directory_search_fields_and_record_order_are_validated) (field='range-shift')
----------------------------------------------------------------------
Traceback (most recent call last):
  File "/home/ubuntu/IdeaProjects/open-pdf/scripts/tests/test_t13_program_standards.py", line 32, in test_truetype_directory_search_fields_and_record_order_are_validated
    self.observe(directory, pdf, 'fail', 'font-program-layout', scope='fonts')
  File "/home/ubuntu/IdeaProjects/open-pdf/scripts/tests/test_t13_program_standards.py", line 293, in observe
    self.assertEqual(expected, values['standards'], pdf.name + ': ' + values['finding'])
AssertionError: 'fail' != 'pass'
- fail
+ pass
 : range-shift.pdf: Embedded CFF and TrueType headers, dictionaries and checked font tables are readable.

======================================================================
FAIL: test_truetype_directory_search_fields_and_record_order_are_validated (scripts.tests.test_t13_program_standards.T13ProgramStandardsTest.test_truetype_directory_search_fields_and_record_order_are_validated) (field='record-order')
----------------------------------------------------------------------
Traceback (most recent call last):
  File "/home/ubuntu/IdeaProjects/open-pdf/scripts/tests/test_t13_program_standards.py", line 32, in test_truetype_directory_search_fields_and_record_order_are_validated
    self.observe(directory, pdf, 'fail', 'font-program-layout', scope='fonts')
  File "/home/ubuntu/IdeaProjects/open-pdf/scripts/tests/test_t13_program_standards.py", line 293, in observe
    self.assertEqual(expected, values['standards'], pdf.name + ': ' + values['finding'])
AssertionError: 'fail' != 'pass'
- fail
+ pass
 : record-order.pdf: Embedded CFF and TrueType headers, dictionaries and checked font tables are readable.

----------------------------------------------------------------------
Ran 1 test in 2.559s

FAILED (failures=4)
