FFFFFFFFFFFFFFFFFFFFFFFFFFFFFFF
======================================================================
FAIL: test_font_layout_outline_and_binding_controls_have_isolated_public_recipes (scripts.tests.test_t13_standards.T13StandardsTest.test_font_layout_outline_and_binding_controls_have_isolated_public_recipes) (control='truetype-search-range')
----------------------------------------------------------------------
Traceback (most recent call last):
  File "/home/ubuntu/IdeaProjects/open-pdf/scripts/tests/test_t13_standards.py", line 45, in test_font_layout_outline_and_binding_controls_have_isolated_public_recipes
    self.assertIn(name, controls)
AssertionError: 'truetype-search-range' not found in {'cff-as-cid': {'authority': 'ISO 32000-1:2008 9.9 Table 127; Adobe 5176 section 18 CIDFonts', 'path': 'fixtures/program-font-cff-as-cid.pdf', 'rule': 'font-program-kind', 'scope': 'fonts', 'sha256': '7dd44170cf50728a65b0d2c54b3954cc73bd330cd323bcbbf03cb55218e0fa86'}, 'cff-header': {'authority': 'ISO 32000-1:2008 9.9 Tables 126/127; Adobe 5176 section 6 Header', 'path': 'fixtures/program-font-cff-header.pdf', 'rule': 'font-program-header', 'scope': 'fonts', 'sha256': '8fd659d7ff9a0b457ed98afbae25b8240f596fc2b64961d3afc1770debcda851'}, 'cid-as-cff': {'authority': 'ISO 32000-1:2008 9.9 Table 127; Adobe 5176 section 18 CIDFonts', 'path': 'fixtures/program-font-cid-as-cff.pdf', 'rule': 'font-program-kind', 'scope': 'fonts', 'sha256': '39e664c356070aefeee5f103bc487fffffe4e4d452e3fbcd74da461b0c1c988c'}, 'cid-cff-header': {'authority': 'ISO 32000-1:2008 9.9 Tables 126/127; Adobe 5176 section 6 Header', 'path': 'fixtures/program-font-cid-cff-header.pdf', 'rule': 'font-program-header', 'scope': 'fonts', 'sha256': '4db11f26eaa15b6a02e40e88afccafb8c4c01e7deaab34acf849970b99d1ca1d'}, 'truetype-header': {'authority': 'ISO 32000-1:2008 9.9 Tables 126/127; OpenType specification Font File Organization, sfntVersion', 'path': 'fixtures/program-font-truetype-header.pdf', 'rule': 'font-program-header', 'scope': 'fonts', 'sha256': '928adcd88cb19f69a1e4ddd3f317906a0a352ccbd686614d7761938f1709c5e8'}}

======================================================================
FAIL: test_font_layout_outline_and_binding_controls_have_isolated_public_recipes (scripts.tests.test_t13_standards.T13StandardsTest.test_font_layout_outline_and_binding_controls_have_isolated_public_recipes) (control='truetype-entry-selector')
----------------------------------------------------------------------
Traceback (most recent call last):
  File "/home/ubuntu/IdeaProjects/open-pdf/scripts/tests/test_t13_standards.py", line 45, in test_font_layout_outline_and_binding_controls_have_isolated_public_recipes
    self.assertIn(name, controls)
AssertionError: 'truetype-entry-selector' not found in {'cff-as-cid': {'authority': 'ISO 32000-1:2008 9.9 Table 127; Adobe 5176 section 18 CIDFonts', 'path': 'fixtures/program-font-cff-as-cid.pdf', 'rule': 'font-program-kind', 'scope': 'fonts', 'sha256': '7dd44170cf50728a65b0d2c54b3954cc73bd330cd323bcbbf03cb55218e0fa86'}, 'cff-header': {'authority': 'ISO 32000-1:2008 9.9 Tables 126/127; Adobe 5176 section 6 Header', 'path': 'fixtures/program-font-cff-header.pdf', 'rule': 'font-program-header', 'scope': 'fonts', 'sha256': '8fd659d7ff9a0b457ed98afbae25b8240f596fc2b64961d3afc1770debcda851'}, 'cid-as-cff': {'authority': 'ISO 32000-1:2008 9.9 Table 127; Adobe 5176 section 18 CIDFonts', 'path': 'fixtures/program-font-cid-as-cff.pdf', 'rule': 'font-program-kind', 'scope': 'fonts', 'sha256': '39e664c356070aefeee5f103bc487fffffe4e4d452e3fbcd74da461b0c1c988c'}, 'cid-cff-header': {'authority': 'ISO 32000-1:2008 9.9 Tables 126/127; Adobe 5176 section 6 Header', 'path': 'fixtures/program-font-cid-cff-header.pdf', 'rule': 'font-program-header', 'scope': 'fonts', 'sha256': '4db11f26eaa15b6a02e40e88afccafb8c4c01e7deaab34acf849970b99d1ca1d'}, 'truetype-header': {'authority': 'ISO 32000-1:2008 9.9 Tables 126/127; OpenType specification Font File Organization, sfntVersion', 'path': 'fixtures/program-font-truetype-header.pdf', 'rule': 'font-program-header', 'scope': 'fonts', 'sha256': '928adcd88cb19f69a1e4ddd3f317906a0a352ccbd686614d7761938f1709c5e8'}}

======================================================================
FAIL: test_font_layout_outline_and_binding_controls_have_isolated_public_recipes (scripts.tests.test_t13_standards.T13StandardsTest.test_font_layout_outline_and_binding_controls_have_isolated_public_recipes) (control='truetype-range-shift')
----------------------------------------------------------------------
Traceback (most recent call last):
  File "/home/ubuntu/IdeaProjects/open-pdf/scripts/tests/test_t13_standards.py", line 45, in test_font_layout_outline_and_binding_controls_have_isolated_public_recipes
    self.assertIn(name, controls)
AssertionError: 'truetype-range-shift' not found in {'cff-as-cid': {'authority': 'ISO 32000-1:2008 9.9 Table 127; Adobe 5176 section 18 CIDFonts', 'path': 'fixtures/program-font-cff-as-cid.pdf', 'rule': 'font-program-kind', 'scope': 'fonts', 'sha256': '7dd44170cf50728a65b0d2c54b3954cc73bd330cd323bcbbf03cb55218e0fa86'}, 'cff-header': {'authority': 'ISO 32000-1:2008 9.9 Tables 126/127; Adobe 5176 section 6 Header', 'path': 'fixtures/program-font-cff-header.pdf', 'rule': 'font-program-header', 'scope': 'fonts', 'sha256': '8fd659d7ff9a0b457ed98afbae25b8240f596fc2b64961d3afc1770debcda851'}, 'cid-as-cff': {'authority': 'ISO 32000-1:2008 9.9 Table 127; Adobe 5176 section 18 CIDFonts', 'path': 'fixtures/program-font-cid-as-cff.pdf', 'rule': 'font-program-kind', 'scope': 'fonts', 'sha256': '39e664c356070aefeee5f103bc487fffffe4e4d452e3fbcd74da461b0c1c988c'}, 'cid-cff-header': {'authority': 'ISO 32000-1:2008 9.9 Tables 126/127; Adobe 5176 section 6 Header', 'path': 'fixtures/program-font-cid-cff-header.pdf', 'rule': 'font-program-header', 'scope': 'fonts', 'sha256': '4db11f26eaa15b6a02e40e88afccafb8c4c01e7deaab34acf849970b99d1ca1d'}, 'truetype-header': {'authority': 'ISO 32000-1:2008 9.9 Tables 126/127; OpenType specification Font File Organization, sfntVersion', 'path': 'fixtures/program-font-truetype-header.pdf', 'rule': 'font-program-header', 'scope': 'fonts', 'sha256': '928adcd88cb19f69a1e4ddd3f317906a0a352ccbd686614d7761938f1709c5e8'}}

======================================================================
FAIL: test_font_layout_outline_and_binding_controls_have_isolated_public_recipes (scripts.tests.test_t13_standards.T13StandardsTest.test_font_layout_outline_and_binding_controls_have_isolated_public_recipes) (control='truetype-table-order')
----------------------------------------------------------------------
Traceback (most recent call last):
  File "/home/ubuntu/IdeaProjects/open-pdf/scripts/tests/test_t13_standards.py", line 45, in test_font_layout_outline_and_binding_controls_have_isolated_public_recipes
    self.assertIn(name, controls)
AssertionError: 'truetype-table-order' not found in {'cff-as-cid': {'authority': 'ISO 32000-1:2008 9.9 Table 127; Adobe 5176 section 18 CIDFonts', 'path': 'fixtures/program-font-cff-as-cid.pdf', 'rule': 'font-program-kind', 'scope': 'fonts', 'sha256': '7dd44170cf50728a65b0d2c54b3954cc73bd330cd323bcbbf03cb55218e0fa86'}, 'cff-header': {'authority': 'ISO 32000-1:2008 9.9 Tables 126/127; Adobe 5176 section 6 Header', 'path': 'fixtures/program-font-cff-header.pdf', 'rule': 'font-program-header', 'scope': 'fonts', 'sha256': '8fd659d7ff9a0b457ed98afbae25b8240f596fc2b64961d3afc1770debcda851'}, 'cid-as-cff': {'authority': 'ISO 32000-1:2008 9.9 Table 127; Adobe 5176 section 18 CIDFonts', 'path': 'fixtures/program-font-cid-as-cff.pdf', 'rule': 'font-program-kind', 'scope': 'fonts', 'sha256': '39e664c356070aefeee5f103bc487fffffe4e4d452e3fbcd74da461b0c1c988c'}, 'cid-cff-header': {'authority': 'ISO 32000-1:2008 9.9 Tables 126/127; Adobe 5176 section 6 Header', 'path': 'fixtures/program-font-cid-cff-header.pdf', 'rule': 'font-program-header', 'scope': 'fonts', 'sha256': '4db11f26eaa15b6a02e40e88afccafb8c4c01e7deaab34acf849970b99d1ca1d'}, 'truetype-header': {'authority': 'ISO 32000-1:2008 9.9 Tables 126/127; OpenType specification Font File Organization, sfntVersion', 'path': 'fixtures/program-font-truetype-header.pdf', 'rule': 'font-program-header', 'scope': 'fonts', 'sha256': '928adcd88cb19f69a1e4ddd3f317906a0a352ccbd686614d7761938f1709c5e8'}}

======================================================================
FAIL: test_font_layout_outline_and_binding_controls_have_isolated_public_recipes (scripts.tests.test_t13_standards.T13StandardsTest.test_font_layout_outline_and_binding_controls_have_isolated_public_recipes) (control='truetype-table-tag')
----------------------------------------------------------------------
Traceback (most recent call last):
  File "/home/ubuntu/IdeaProjects/open-pdf/scripts/tests/test_t13_standards.py", line 45, in test_font_layout_outline_and_binding_controls_have_isolated_public_recipes
    self.assertIn(name, controls)
AssertionError: 'truetype-table-tag' not found in {'cff-as-cid': {'authority': 'ISO 32000-1:2008 9.9 Table 127; Adobe 5176 section 18 CIDFonts', 'path': 'fixtures/program-font-cff-as-cid.pdf', 'rule': 'font-program-kind', 'scope': 'fonts', 'sha256': '7dd44170cf50728a65b0d2c54b3954cc73bd330cd323bcbbf03cb55218e0fa86'}, 'cff-header': {'authority': 'ISO 32000-1:2008 9.9 Tables 126/127; Adobe 5176 section 6 Header', 'path': 'fixtures/program-font-cff-header.pdf', 'rule': 'font-program-header', 'scope': 'fonts', 'sha256': '8fd659d7ff9a0b457ed98afbae25b8240f596fc2b64961d3afc1770debcda851'}, 'cid-as-cff': {'authority': 'ISO 32000-1:2008 9.9 Table 127; Adobe 5176 section 18 CIDFonts', 'path': 'fixtures/program-font-cid-as-cff.pdf', 'rule': 'font-program-kind', 'scope': 'fonts', 'sha256': '39e664c356070aefeee5f103bc487fffffe4e4d452e3fbcd74da461b0c1c988c'}, 'cid-cff-header': {'authority': 'ISO 32000-1:2008 9.9 Tables 126/127; Adobe 5176 section 6 Header', 'path': 'fixtures/program-font-cid-cff-header.pdf', 'rule': 'font-program-header', 'scope': 'fonts', 'sha256': '4db11f26eaa15b6a02e40e88afccafb8c4c01e7deaab34acf849970b99d1ca1d'}, 'truetype-header': {'authority': 'ISO 32000-1:2008 9.9 Tables 126/127; OpenType specification Font File Organization, sfntVersion', 'path': 'fixtures/program-font-truetype-header.pdf', 'rule': 'font-program-header', 'scope': 'fonts', 'sha256': '928adcd88cb19f69a1e4ddd3f317906a0a352ccbd686614d7761938f1709c5e8'}}

======================================================================
FAIL: test_font_layout_outline_and_binding_controls_have_isolated_public_recipes (scripts.tests.test_t13_standards.T13StandardsTest.test_font_layout_outline_and_binding_controls_have_isolated_public_recipes) (control='truetype-unaligned-table')
----------------------------------------------------------------------
Traceback (most recent call last):
  File "/home/ubuntu/IdeaProjects/open-pdf/scripts/tests/test_t13_standards.py", line 45, in test_font_layout_outline_and_binding_controls_have_isolated_public_recipes
    self.assertIn(name, controls)
AssertionError: 'truetype-unaligned-table' not found in {'cff-as-cid': {'authority': 'ISO 32000-1:2008 9.9 Table 127; Adobe 5176 section 18 CIDFonts', 'path': 'fixtures/program-font-cff-as-cid.pdf', 'rule': 'font-program-kind', 'scope': 'fonts', 'sha256': '7dd44170cf50728a65b0d2c54b3954cc73bd330cd323bcbbf03cb55218e0fa86'}, 'cff-header': {'authority': 'ISO 32000-1:2008 9.9 Tables 126/127; Adobe 5176 section 6 Header', 'path': 'fixtures/program-font-cff-header.pdf', 'rule': 'font-program-header', 'scope': 'fonts', 'sha256': '8fd659d7ff9a0b457ed98afbae25b8240f596fc2b64961d3afc1770debcda851'}, 'cid-as-cff': {'authority': 'ISO 32000-1:2008 9.9 Table 127; Adobe 5176 section 18 CIDFonts', 'path': 'fixtures/program-font-cid-as-cff.pdf', 'rule': 'font-program-kind', 'scope': 'fonts', 'sha256': '39e664c356070aefeee5f103bc487fffffe4e4d452e3fbcd74da461b0c1c988c'}, 'cid-cff-header': {'authority': 'ISO 32000-1:2008 9.9 Tables 126/127; Adobe 5176 section 6 Header', 'path': 'fixtures/program-font-cid-cff-header.pdf', 'rule': 'font-program-header', 'scope': 'fonts', 'sha256': '4db11f26eaa15b6a02e40e88afccafb8c4c01e7deaab34acf849970b99d1ca1d'}, 'truetype-header': {'authority': 'ISO 32000-1:2008 9.9 Tables 126/127; OpenType specification Font File Organization, sfntVersion', 'path': 'fixtures/program-font-truetype-header.pdf', 'rule': 'font-program-header', 'scope': 'fonts', 'sha256': '928adcd88cb19f69a1e4ddd3f317906a0a352ccbd686614d7761938f1709c5e8'}}

======================================================================
FAIL: test_font_layout_outline_and_binding_controls_have_isolated_public_recipes (scripts.tests.test_t13_standards.T13StandardsTest.test_font_layout_outline_and_binding_controls_have_isolated_public_recipes) (control='truetype-table-outside-file')
----------------------------------------------------------------------
Traceback (most recent call last):
  File "/home/ubuntu/IdeaProjects/open-pdf/scripts/tests/test_t13_standards.py", line 45, in test_font_layout_outline_and_binding_controls_have_isolated_public_recipes
    self.assertIn(name, controls)
AssertionError: 'truetype-table-outside-file' not found in {'cff-as-cid': {'authority': 'ISO 32000-1:2008 9.9 Table 127; Adobe 5176 section 18 CIDFonts', 'path': 'fixtures/program-font-cff-as-cid.pdf', 'rule': 'font-program-kind', 'scope': 'fonts', 'sha256': '7dd44170cf50728a65b0d2c54b3954cc73bd330cd323bcbbf03cb55218e0fa86'}, 'cff-header': {'authority': 'ISO 32000-1:2008 9.9 Tables 126/127; Adobe 5176 section 6 Header', 'path': 'fixtures/program-font-cff-header.pdf', 'rule': 'font-program-header', 'scope': 'fonts', 'sha256': '8fd659d7ff9a0b457ed98afbae25b8240f596fc2b64961d3afc1770debcda851'}, 'cid-as-cff': {'authority': 'ISO 32000-1:2008 9.9 Table 127; Adobe 5176 section 18 CIDFonts', 'path': 'fixtures/program-font-cid-as-cff.pdf', 'rule': 'font-program-kind', 'scope': 'fonts', 'sha256': '39e664c356070aefeee5f103bc487fffffe4e4d452e3fbcd74da461b0c1c988c'}, 'cid-cff-header': {'authority': 'ISO 32000-1:2008 9.9 Tables 126/127; Adobe 5176 section 6 Header', 'path': 'fixtures/program-font-cid-cff-header.pdf', 'rule': 'font-program-header', 'scope': 'fonts', 'sha256': '4db11f26eaa15b6a02e40e88afccafb8c4c01e7deaab34acf849970b99d1ca1d'}, 'truetype-header': {'authority': 'ISO 32000-1:2008 9.9 Tables 126/127; OpenType specification Font File Organization, sfntVersion', 'path': 'fixtures/program-font-truetype-header.pdf', 'rule': 'font-program-header', 'scope': 'fonts', 'sha256': '928adcd88cb19f69a1e4ddd3f317906a0a352ccbd686614d7761938f1709c5e8'}}

======================================================================
FAIL: test_font_layout_outline_and_binding_controls_have_isolated_public_recipes (scripts.tests.test_t13_standards.T13StandardsTest.test_font_layout_outline_and_binding_controls_have_isolated_public_recipes) (control='truetype-nonzero-padding')
----------------------------------------------------------------------
Traceback (most recent call last):
  File "/home/ubuntu/IdeaProjects/open-pdf/scripts/tests/test_t13_standards.py", line 45, in test_font_layout_outline_and_binding_controls_have_isolated_public_recipes
    self.assertIn(name, controls)
AssertionError: 'truetype-nonzero-padding' not found in {'cff-as-cid': {'authority': 'ISO 32000-1:2008 9.9 Table 127; Adobe 5176 section 18 CIDFonts', 'path': 'fixtures/program-font-cff-as-cid.pdf', 'rule': 'font-program-kind', 'scope': 'fonts', 'sha256': '7dd44170cf50728a65b0d2c54b3954cc73bd330cd323bcbbf03cb55218e0fa86'}, 'cff-header': {'authority': 'ISO 32000-1:2008 9.9 Tables 126/127; Adobe 5176 section 6 Header', 'path': 'fixtures/program-font-cff-header.pdf', 'rule': 'font-program-header', 'scope': 'fonts', 'sha256': '8fd659d7ff9a0b457ed98afbae25b8240f596fc2b64961d3afc1770debcda851'}, 'cid-as-cff': {'authority': 'ISO 32000-1:2008 9.9 Table 127; Adobe 5176 section 18 CIDFonts', 'path': 'fixtures/program-font-cid-as-cff.pdf', 'rule': 'font-program-kind', 'scope': 'fonts', 'sha256': '39e664c356070aefeee5f103bc487fffffe4e4d452e3fbcd74da461b0c1c988c'}, 'cid-cff-header': {'authority': 'ISO 32000-1:2008 9.9 Tables 126/127; Adobe 5176 section 6 Header', 'path': 'fixtures/program-font-cid-cff-header.pdf', 'rule': 'font-program-header', 'scope': 'fonts', 'sha256': '4db11f26eaa15b6a02e40e88afccafb8c4c01e7deaab34acf849970b99d1ca1d'}, 'truetype-header': {'authority': 'ISO 32000-1:2008 9.9 Tables 126/127; OpenType specification Font File Organization, sfntVersion', 'path': 'fixtures/program-font-truetype-header.pdf', 'rule': 'font-program-header', 'scope': 'fonts', 'sha256': '928adcd88cb19f69a1e4ddd3f317906a0a352ccbd686614d7761938f1709c5e8'}}

======================================================================
FAIL: test_font_layout_outline_and_binding_controls_have_isolated_public_recipes (scripts.tests.test_t13_standards.T13StandardsTest.test_font_layout_outline_and_binding_controls_have_isolated_public_recipes) (control='truetype-table-checksum')
----------------------------------------------------------------------
Traceback (most recent call last):
  File "/home/ubuntu/IdeaProjects/open-pdf/scripts/tests/test_t13_standards.py", line 45, in test_font_layout_outline_and_binding_controls_have_isolated_public_recipes
    self.assertIn(name, controls)
AssertionError: 'truetype-table-checksum' not found in {'cff-as-cid': {'authority': 'ISO 32000-1:2008 9.9 Table 127; Adobe 5176 section 18 CIDFonts', 'path': 'fixtures/program-font-cff-as-cid.pdf', 'rule': 'font-program-kind', 'scope': 'fonts', 'sha256': '7dd44170cf50728a65b0d2c54b3954cc73bd330cd323bcbbf03cb55218e0fa86'}, 'cff-header': {'authority': 'ISO 32000-1:2008 9.9 Tables 126/127; Adobe 5176 section 6 Header', 'path': 'fixtures/program-font-cff-header.pdf', 'rule': 'font-program-header', 'scope': 'fonts', 'sha256': '8fd659d7ff9a0b457ed98afbae25b8240f596fc2b64961d3afc1770debcda851'}, 'cid-as-cff': {'authority': 'ISO 32000-1:2008 9.9 Table 127; Adobe 5176 section 18 CIDFonts', 'path': 'fixtures/program-font-cid-as-cff.pdf', 'rule': 'font-program-kind', 'scope': 'fonts', 'sha256': '39e664c356070aefeee5f103bc487fffffe4e4d452e3fbcd74da461b0c1c988c'}, 'cid-cff-header': {'authority': 'ISO 32000-1:2008 9.9 Tables 126/127; Adobe 5176 section 6 Header', 'path': 'fixtures/program-font-cid-cff-header.pdf', 'rule': 'font-program-header', 'scope': 'fonts', 'sha256': '4db11f26eaa15b6a02e40e88afccafb8c4c01e7deaab34acf849970b99d1ca1d'}, 'truetype-header': {'authority': 'ISO 32000-1:2008 9.9 Tables 126/127; OpenType specification Font File Organization, sfntVersion', 'path': 'fixtures/program-font-truetype-header.pdf', 'rule': 'font-program-header', 'scope': 'fonts', 'sha256': '928adcd88cb19f69a1e4ddd3f317906a0a352ccbd686614d7761938f1709c5e8'}}

======================================================================
FAIL: test_font_layout_outline_and_binding_controls_have_isolated_public_recipes (scripts.tests.test_t13_standards.T13StandardsTest.test_font_layout_outline_and_binding_controls_have_isolated_public_recipes) (control='truetype-whole-checksum')
----------------------------------------------------------------------
Traceback (most recent call last):
  File "/home/ubuntu/IdeaProjects/open-pdf/scripts/tests/test_t13_standards.py", line 45, in test_font_layout_outline_and_binding_controls_have_isolated_public_recipes
    self.assertIn(name, controls)
AssertionError: 'truetype-whole-checksum' not found in {'cff-as-cid': {'authority': 'ISO 32000-1:2008 9.9 Table 127; Adobe 5176 section 18 CIDFonts', 'path': 'fixtures/program-font-cff-as-cid.pdf', 'rule': 'font-program-kind', 'scope': 'fonts', 'sha256': '7dd44170cf50728a65b0d2c54b3954cc73bd330cd323bcbbf03cb55218e0fa86'}, 'cff-header': {'authority': 'ISO 32000-1:2008 9.9 Tables 126/127; Adobe 5176 section 6 Header', 'path': 'fixtures/program-font-cff-header.pdf', 'rule': 'font-program-header', 'scope': 'fonts', 'sha256': '8fd659d7ff9a0b457ed98afbae25b8240f596fc2b64961d3afc1770debcda851'}, 'cid-as-cff': {'authority': 'ISO 32000-1:2008 9.9 Table 127; Adobe 5176 section 18 CIDFonts', 'path': 'fixtures/program-font-cid-as-cff.pdf', 'rule': 'font-program-kind', 'scope': 'fonts', 'sha256': '39e664c356070aefeee5f103bc487fffffe4e4d452e3fbcd74da461b0c1c988c'}, 'cid-cff-header': {'authority': 'ISO 32000-1:2008 9.9 Tables 126/127; Adobe 5176 section 6 Header', 'path': 'fixtures/program-font-cid-cff-header.pdf', 'rule': 'font-program-header', 'scope': 'fonts', 'sha256': '4db11f26eaa15b6a02e40e88afccafb8c4c01e7deaab34acf849970b99d1ca1d'}, 'truetype-header': {'authority': 'ISO 32000-1:2008 9.9 Tables 126/127; OpenType specification Font File Organization, sfntVersion', 'path': 'fixtures/program-font-truetype-header.pdf', 'rule': 'font-program-header', 'scope': 'fonts', 'sha256': '928adcd88cb19f69a1e4ddd3f317906a0a352ccbd686614d7761938f1709c5e8'}}

======================================================================
FAIL: test_font_layout_outline_and_binding_controls_have_isolated_public_recipes (scripts.tests.test_t13_standards.T13StandardsTest.test_font_layout_outline_and_binding_controls_have_isolated_public_recipes) (control='truetype-glyph-bounds')
----------------------------------------------------------------------
Traceback (most recent call last):
  File "/home/ubuntu/IdeaProjects/open-pdf/scripts/tests/test_t13_standards.py", line 45, in test_font_layout_outline_and_binding_controls_have_isolated_public_recipes
    self.assertIn(name, controls)
AssertionError: 'truetype-glyph-bounds' not found in {'cff-as-cid': {'authority': 'ISO 32000-1:2008 9.9 Table 127; Adobe 5176 section 18 CIDFonts', 'path': 'fixtures/program-font-cff-as-cid.pdf', 'rule': 'font-program-kind', 'scope': 'fonts', 'sha256': '7dd44170cf50728a65b0d2c54b3954cc73bd330cd323bcbbf03cb55218e0fa86'}, 'cff-header': {'authority': 'ISO 32000-1:2008 9.9 Tables 126/127; Adobe 5176 section 6 Header', 'path': 'fixtures/program-font-cff-header.pdf', 'rule': 'font-program-header', 'scope': 'fonts', 'sha256': '8fd659d7ff9a0b457ed98afbae25b8240f596fc2b64961d3afc1770debcda851'}, 'cid-as-cff': {'authority': 'ISO 32000-1:2008 9.9 Table 127; Adobe 5176 section 18 CIDFonts', 'path': 'fixtures/program-font-cid-as-cff.pdf', 'rule': 'font-program-kind', 'scope': 'fonts', 'sha256': '39e664c356070aefeee5f103bc487fffffe4e4d452e3fbcd74da461b0c1c988c'}, 'cid-cff-header': {'authority': 'ISO 32000-1:2008 9.9 Tables 126/127; Adobe 5176 section 6 Header', 'path': 'fixtures/program-font-cid-cff-header.pdf', 'rule': 'font-program-header', 'scope': 'fonts', 'sha256': '4db11f26eaa15b6a02e40e88afccafb8c4c01e7deaab34acf849970b99d1ca1d'}, 'truetype-header': {'authority': 'ISO 32000-1:2008 9.9 Tables 126/127; OpenType specification Font File Organization, sfntVersion', 'path': 'fixtures/program-font-truetype-header.pdf', 'rule': 'font-program-header', 'scope': 'fonts', 'sha256': '928adcd88cb19f69a1e4ddd3f317906a0a352ccbd686614d7761938f1709c5e8'}}

======================================================================
FAIL: test_font_layout_outline_and_binding_controls_have_isolated_public_recipes (scripts.tests.test_t13_standards.T13StandardsTest.test_font_layout_outline_and_binding_controls_have_isolated_public_recipes) (control='truetype-decoded-length')
----------------------------------------------------------------------
Traceback (most recent call last):
  File "/home/ubuntu/IdeaProjects/open-pdf/scripts/tests/test_t13_standards.py", line 45, in test_font_layout_outline_and_binding_controls_have_isolated_public_recipes
    self.assertIn(name, controls)
AssertionError: 'truetype-decoded-length' not found in {'cff-as-cid': {'authority': 'ISO 32000-1:2008 9.9 Table 127; Adobe 5176 section 18 CIDFonts', 'path': 'fixtures/program-font-cff-as-cid.pdf', 'rule': 'font-program-kind', 'scope': 'fonts', 'sha256': '7dd44170cf50728a65b0d2c54b3954cc73bd330cd323bcbbf03cb55218e0fa86'}, 'cff-header': {'authority': 'ISO 32000-1:2008 9.9 Tables 126/127; Adobe 5176 section 6 Header', 'path': 'fixtures/program-font-cff-header.pdf', 'rule': 'font-program-header', 'scope': 'fonts', 'sha256': '8fd659d7ff9a0b457ed98afbae25b8240f596fc2b64961d3afc1770debcda851'}, 'cid-as-cff': {'authority': 'ISO 32000-1:2008 9.9 Table 127; Adobe 5176 section 18 CIDFonts', 'path': 'fixtures/program-font-cid-as-cff.pdf', 'rule': 'font-program-kind', 'scope': 'fonts', 'sha256': '39e664c356070aefeee5f103bc487fffffe4e4d452e3fbcd74da461b0c1c988c'}, 'cid-cff-header': {'authority': 'ISO 32000-1:2008 9.9 Tables 126/127; Adobe 5176 section 6 Header', 'path': 'fixtures/program-font-cid-cff-header.pdf', 'rule': 'font-program-header', 'scope': 'fonts', 'sha256': '4db11f26eaa15b6a02e40e88afccafb8c4c01e7deaab34acf849970b99d1ca1d'}, 'truetype-header': {'authority': 'ISO 32000-1:2008 9.9 Tables 126/127; OpenType specification Font File Organization, sfntVersion', 'path': 'fixtures/program-font-truetype-header.pdf', 'rule': 'font-program-header', 'scope': 'fonts', 'sha256': '928adcd88cb19f69a1e4ddd3f317906a0a352ccbd686614d7761938f1709c5e8'}}

======================================================================
FAIL: test_font_layout_outline_and_binding_controls_have_isolated_public_recipes (scripts.tests.test_t13_standards.T13StandardsTest.test_font_layout_outline_and_binding_controls_have_isolated_public_recipes) (control='cff-first-offset-zero')
----------------------------------------------------------------------
Traceback (most recent call last):
  File "/home/ubuntu/IdeaProjects/open-pdf/scripts/tests/test_t13_standards.py", line 45, in test_font_layout_outline_and_binding_controls_have_isolated_public_recipes
    self.assertIn(name, controls)
AssertionError: 'cff-first-offset-zero' not found in {'cff-as-cid': {'authority': 'ISO 32000-1:2008 9.9 Table 127; Adobe 5176 section 18 CIDFonts', 'path': 'fixtures/program-font-cff-as-cid.pdf', 'rule': 'font-program-kind', 'scope': 'fonts', 'sha256': '7dd44170cf50728a65b0d2c54b3954cc73bd330cd323bcbbf03cb55218e0fa86'}, 'cff-header': {'authority': 'ISO 32000-1:2008 9.9 Tables 126/127; Adobe 5176 section 6 Header', 'path': 'fixtures/program-font-cff-header.pdf', 'rule': 'font-program-header', 'scope': 'fonts', 'sha256': '8fd659d7ff9a0b457ed98afbae25b8240f596fc2b64961d3afc1770debcda851'}, 'cid-as-cff': {'authority': 'ISO 32000-1:2008 9.9 Table 127; Adobe 5176 section 18 CIDFonts', 'path': 'fixtures/program-font-cid-as-cff.pdf', 'rule': 'font-program-kind', 'scope': 'fonts', 'sha256': '39e664c356070aefeee5f103bc487fffffe4e4d452e3fbcd74da461b0c1c988c'}, 'cid-cff-header': {'authority': 'ISO 32000-1:2008 9.9 Tables 126/127; Adobe 5176 section 6 Header', 'path': 'fixtures/program-font-cid-cff-header.pdf', 'rule': 'font-program-header', 'scope': 'fonts', 'sha256': '4db11f26eaa15b6a02e40e88afccafb8c4c01e7deaab34acf849970b99d1ca1d'}, 'truetype-header': {'authority': 'ISO 32000-1:2008 9.9 Tables 126/127; OpenType specification Font File Organization, sfntVersion', 'path': 'fixtures/program-font-truetype-header.pdf', 'rule': 'font-program-header', 'scope': 'fonts', 'sha256': '928adcd88cb19f69a1e4ddd3f317906a0a352ccbd686614d7761938f1709c5e8'}}

======================================================================
FAIL: test_font_layout_outline_and_binding_controls_have_isolated_public_recipes (scripts.tests.test_t13_standards.T13StandardsTest.test_font_layout_outline_and_binding_controls_have_isolated_public_recipes) (control='cff-first-offset-two')
----------------------------------------------------------------------
Traceback (most recent call last):
  File "/home/ubuntu/IdeaProjects/open-pdf/scripts/tests/test_t13_standards.py", line 45, in test_font_layout_outline_and_binding_controls_have_isolated_public_recipes
    self.assertIn(name, controls)
AssertionError: 'cff-first-offset-two' not found in {'cff-as-cid': {'authority': 'ISO 32000-1:2008 9.9 Table 127; Adobe 5176 section 18 CIDFonts', 'path': 'fixtures/program-font-cff-as-cid.pdf', 'rule': 'font-program-kind', 'scope': 'fonts', 'sha256': '7dd44170cf50728a65b0d2c54b3954cc73bd330cd323bcbbf03cb55218e0fa86'}, 'cff-header': {'authority': 'ISO 32000-1:2008 9.9 Tables 126/127; Adobe 5176 section 6 Header', 'path': 'fixtures/program-font-cff-header.pdf', 'rule': 'font-program-header', 'scope': 'fonts', 'sha256': '8fd659d7ff9a0b457ed98afbae25b8240f596fc2b64961d3afc1770debcda851'}, 'cid-as-cff': {'authority': 'ISO 32000-1:2008 9.9 Table 127; Adobe 5176 section 18 CIDFonts', 'path': 'fixtures/program-font-cid-as-cff.pdf', 'rule': 'font-program-kind', 'scope': 'fonts', 'sha256': '39e664c356070aefeee5f103bc487fffffe4e4d452e3fbcd74da461b0c1c988c'}, 'cid-cff-header': {'authority': 'ISO 32000-1:2008 9.9 Tables 126/127; Adobe 5176 section 6 Header', 'path': 'fixtures/program-font-cid-cff-header.pdf', 'rule': 'font-program-header', 'scope': 'fonts', 'sha256': '4db11f26eaa15b6a02e40e88afccafb8c4c01e7deaab34acf849970b99d1ca1d'}, 'truetype-header': {'authority': 'ISO 32000-1:2008 9.9 Tables 126/127; OpenType specification Font File Organization, sfntVersion', 'path': 'fixtures/program-font-truetype-header.pdf', 'rule': 'font-program-header', 'scope': 'fonts', 'sha256': '928adcd88cb19f69a1e4ddd3f317906a0a352ccbd686614d7761938f1709c5e8'}}

======================================================================
FAIL: test_font_layout_outline_and_binding_controls_have_isolated_public_recipes (scripts.tests.test_t13_standards.T13StandardsTest.test_font_layout_outline_and_binding_controls_have_isolated_public_recipes) (control='cff-glyph-first-offset-two')
----------------------------------------------------------------------
Traceback (most recent call last):
  File "/home/ubuntu/IdeaProjects/open-pdf/scripts/tests/test_t13_standards.py", line 45, in test_font_layout_outline_and_binding_controls_have_isolated_public_recipes
    self.assertIn(name, controls)
AssertionError: 'cff-glyph-first-offset-two' not found in {'cff-as-cid': {'authority': 'ISO 32000-1:2008 9.9 Table 127; Adobe 5176 section 18 CIDFonts', 'path': 'fixtures/program-font-cff-as-cid.pdf', 'rule': 'font-program-kind', 'scope': 'fonts', 'sha256': '7dd44170cf50728a65b0d2c54b3954cc73bd330cd323bcbbf03cb55218e0fa86'}, 'cff-header': {'authority': 'ISO 32000-1:2008 9.9 Tables 126/127; Adobe 5176 section 6 Header', 'path': 'fixtures/program-font-cff-header.pdf', 'rule': 'font-program-header', 'scope': 'fonts', 'sha256': '8fd659d7ff9a0b457ed98afbae25b8240f596fc2b64961d3afc1770debcda851'}, 'cid-as-cff': {'authority': 'ISO 32000-1:2008 9.9 Table 127; Adobe 5176 section 18 CIDFonts', 'path': 'fixtures/program-font-cid-as-cff.pdf', 'rule': 'font-program-kind', 'scope': 'fonts', 'sha256': '39e664c356070aefeee5f103bc487fffffe4e4d452e3fbcd74da461b0c1c988c'}, 'cid-cff-header': {'authority': 'ISO 32000-1:2008 9.9 Tables 126/127; Adobe 5176 section 6 Header', 'path': 'fixtures/program-font-cid-cff-header.pdf', 'rule': 'font-program-header', 'scope': 'fonts', 'sha256': '4db11f26eaa15b6a02e40e88afccafb8c4c01e7deaab34acf849970b99d1ca1d'}, 'truetype-header': {'authority': 'ISO 32000-1:2008 9.9 Tables 126/127; OpenType specification Font File Organization, sfntVersion', 'path': 'fixtures/program-font-truetype-header.pdf', 'rule': 'font-program-header', 'scope': 'fonts', 'sha256': '928adcd88cb19f69a1e4ddd3f317906a0a352ccbd686614d7761938f1709c5e8'}}

======================================================================
FAIL: test_font_layout_outline_and_binding_controls_have_isolated_public_recipes (scripts.tests.test_t13_standards.T13StandardsTest.test_font_layout_outline_and_binding_controls_have_isolated_public_recipes) (control='cff-last-offset-outside-file')
----------------------------------------------------------------------
Traceback (most recent call last):
  File "/home/ubuntu/IdeaProjects/open-pdf/scripts/tests/test_t13_standards.py", line 45, in test_font_layout_outline_and_binding_controls_have_isolated_public_recipes
    self.assertIn(name, controls)
AssertionError: 'cff-last-offset-outside-file' not found in {'cff-as-cid': {'authority': 'ISO 32000-1:2008 9.9 Table 127; Adobe 5176 section 18 CIDFonts', 'path': 'fixtures/program-font-cff-as-cid.pdf', 'rule': 'font-program-kind', 'scope': 'fonts', 'sha256': '7dd44170cf50728a65b0d2c54b3954cc73bd330cd323bcbbf03cb55218e0fa86'}, 'cff-header': {'authority': 'ISO 32000-1:2008 9.9 Tables 126/127; Adobe 5176 section 6 Header', 'path': 'fixtures/program-font-cff-header.pdf', 'rule': 'font-program-header', 'scope': 'fonts', 'sha256': '8fd659d7ff9a0b457ed98afbae25b8240f596fc2b64961d3afc1770debcda851'}, 'cid-as-cff': {'authority': 'ISO 32000-1:2008 9.9 Table 127; Adobe 5176 section 18 CIDFonts', 'path': 'fixtures/program-font-cid-as-cff.pdf', 'rule': 'font-program-kind', 'scope': 'fonts', 'sha256': '39e664c356070aefeee5f103bc487fffffe4e4d452e3fbcd74da461b0c1c988c'}, 'cid-cff-header': {'authority': 'ISO 32000-1:2008 9.9 Tables 126/127; Adobe 5176 section 6 Header', 'path': 'fixtures/program-font-cid-cff-header.pdf', 'rule': 'font-program-header', 'scope': 'fonts', 'sha256': '4db11f26eaa15b6a02e40e88afccafb8c4c01e7deaab34acf849970b99d1ca1d'}, 'truetype-header': {'authority': 'ISO 32000-1:2008 9.9 Tables 126/127; OpenType specification Font File Organization, sfntVersion', 'path': 'fixtures/program-font-truetype-header.pdf', 'rule': 'font-program-header', 'scope': 'fonts', 'sha256': '928adcd88cb19f69a1e4ddd3f317906a0a352ccbd686614d7761938f1709c5e8'}}

======================================================================
FAIL: test_font_layout_outline_and_binding_controls_have_isolated_public_recipes (scripts.tests.test_t13_standards.T13StandardsTest.test_font_layout_outline_and_binding_controls_have_isolated_public_recipes) (control='cff-missing-moveto')
----------------------------------------------------------------------
Traceback (most recent call last):
  File "/home/ubuntu/IdeaProjects/open-pdf/scripts/tests/test_t13_standards.py", line 45, in test_font_layout_outline_and_binding_controls_have_isolated_public_recipes
    self.assertIn(name, controls)
AssertionError: 'cff-missing-moveto' not found in {'cff-as-cid': {'authority': 'ISO 32000-1:2008 9.9 Table 127; Adobe 5176 section 18 CIDFonts', 'path': 'fixtures/program-font-cff-as-cid.pdf', 'rule': 'font-program-kind', 'scope': 'fonts', 'sha256': '7dd44170cf50728a65b0d2c54b3954cc73bd330cd323bcbbf03cb55218e0fa86'}, 'cff-header': {'authority': 'ISO 32000-1:2008 9.9 Tables 126/127; Adobe 5176 section 6 Header', 'path': 'fixtures/program-font-cff-header.pdf', 'rule': 'font-program-header', 'scope': 'fonts', 'sha256': '8fd659d7ff9a0b457ed98afbae25b8240f596fc2b64961d3afc1770debcda851'}, 'cid-as-cff': {'authority': 'ISO 32000-1:2008 9.9 Table 127; Adobe 5176 section 18 CIDFonts', 'path': 'fixtures/program-font-cid-as-cff.pdf', 'rule': 'font-program-kind', 'scope': 'fonts', 'sha256': '39e664c356070aefeee5f103bc487fffffe4e4d452e3fbcd74da461b0c1c988c'}, 'cid-cff-header': {'authority': 'ISO 32000-1:2008 9.9 Tables 126/127; Adobe 5176 section 6 Header', 'path': 'fixtures/program-font-cid-cff-header.pdf', 'rule': 'font-program-header', 'scope': 'fonts', 'sha256': '4db11f26eaa15b6a02e40e88afccafb8c4c01e7deaab34acf849970b99d1ca1d'}, 'truetype-header': {'authority': 'ISO 32000-1:2008 9.9 Tables 126/127; OpenType specification Font File Organization, sfntVersion', 'path': 'fixtures/program-font-truetype-header.pdf', 'rule': 'font-program-header', 'scope': 'fonts', 'sha256': '928adcd88cb19f69a1e4ddd3f317906a0a352ccbd686614d7761938f1709c5e8'}}

======================================================================
FAIL: test_font_layout_outline_and_binding_controls_have_isolated_public_recipes (scripts.tests.test_t13_standards.T13StandardsTest.test_font_layout_outline_and_binding_controls_have_isolated_public_recipes) (control='cff-wrong-moveto-arity')
----------------------------------------------------------------------
Traceback (most recent call last):
  File "/home/ubuntu/IdeaProjects/open-pdf/scripts/tests/test_t13_standards.py", line 45, in test_font_layout_outline_and_binding_controls_have_isolated_public_recipes
    self.assertIn(name, controls)
AssertionError: 'cff-wrong-moveto-arity' not found in {'cff-as-cid': {'authority': 'ISO 32000-1:2008 9.9 Table 127; Adobe 5176 section 18 CIDFonts', 'path': 'fixtures/program-font-cff-as-cid.pdf', 'rule': 'font-program-kind', 'scope': 'fonts', 'sha256': '7dd44170cf50728a65b0d2c54b3954cc73bd330cd323bcbbf03cb55218e0fa86'}, 'cff-header': {'authority': 'ISO 32000-1:2008 9.9 Tables 126/127; Adobe 5176 section 6 Header', 'path': 'fixtures/program-font-cff-header.pdf', 'rule': 'font-program-header', 'scope': 'fonts', 'sha256': '8fd659d7ff9a0b457ed98afbae25b8240f596fc2b64961d3afc1770debcda851'}, 'cid-as-cff': {'authority': 'ISO 32000-1:2008 9.9 Table 127; Adobe 5176 section 18 CIDFonts', 'path': 'fixtures/program-font-cid-as-cff.pdf', 'rule': 'font-program-kind', 'scope': 'fonts', 'sha256': '39e664c356070aefeee5f103bc487fffffe4e4d452e3fbcd74da461b0c1c988c'}, 'cid-cff-header': {'authority': 'ISO 32000-1:2008 9.9 Tables 126/127; Adobe 5176 section 6 Header', 'path': 'fixtures/program-font-cid-cff-header.pdf', 'rule': 'font-program-header', 'scope': 'fonts', 'sha256': '4db11f26eaa15b6a02e40e88afccafb8c4c01e7deaab34acf849970b99d1ca1d'}, 'truetype-header': {'authority': 'ISO 32000-1:2008 9.9 Tables 126/127; OpenType specification Font File Organization, sfntVersion', 'path': 'fixtures/program-font-truetype-header.pdf', 'rule': 'font-program-header', 'scope': 'fonts', 'sha256': '928adcd88cb19f69a1e4ddd3f317906a0a352ccbd686614d7761938f1709c5e8'}}

======================================================================
FAIL: test_font_layout_outline_and_binding_controls_have_isolated_public_recipes (scripts.tests.test_t13_standards.T13StandardsTest.test_font_layout_outline_and_binding_controls_have_isolated_public_recipes) (control='cff-missing-endchar')
----------------------------------------------------------------------
Traceback (most recent call last):
  File "/home/ubuntu/IdeaProjects/open-pdf/scripts/tests/test_t13_standards.py", line 45, in test_font_layout_outline_and_binding_controls_have_isolated_public_recipes
    self.assertIn(name, controls)
AssertionError: 'cff-missing-endchar' not found in {'cff-as-cid': {'authority': 'ISO 32000-1:2008 9.9 Table 127; Adobe 5176 section 18 CIDFonts', 'path': 'fixtures/program-font-cff-as-cid.pdf', 'rule': 'font-program-kind', 'scope': 'fonts', 'sha256': '7dd44170cf50728a65b0d2c54b3954cc73bd330cd323bcbbf03cb55218e0fa86'}, 'cff-header': {'authority': 'ISO 32000-1:2008 9.9 Tables 126/127; Adobe 5176 section 6 Header', 'path': 'fixtures/program-font-cff-header.pdf', 'rule': 'font-program-header', 'scope': 'fonts', 'sha256': '8fd659d7ff9a0b457ed98afbae25b8240f596fc2b64961d3afc1770debcda851'}, 'cid-as-cff': {'authority': 'ISO 32000-1:2008 9.9 Table 127; Adobe 5176 section 18 CIDFonts', 'path': 'fixtures/program-font-cid-as-cff.pdf', 'rule': 'font-program-kind', 'scope': 'fonts', 'sha256': '39e664c356070aefeee5f103bc487fffffe4e4d452e3fbcd74da461b0c1c988c'}, 'cid-cff-header': {'authority': 'ISO 32000-1:2008 9.9 Tables 126/127; Adobe 5176 section 6 Header', 'path': 'fixtures/program-font-cid-cff-header.pdf', 'rule': 'font-program-header', 'scope': 'fonts', 'sha256': '4db11f26eaa15b6a02e40e88afccafb8c4c01e7deaab34acf849970b99d1ca1d'}, 'truetype-header': {'authority': 'ISO 32000-1:2008 9.9 Tables 126/127; OpenType specification Font File Organization, sfntVersion', 'path': 'fixtures/program-font-truetype-header.pdf', 'rule': 'font-program-header', 'scope': 'fonts', 'sha256': '928adcd88cb19f69a1e4ddd3f317906a0a352ccbd686614d7761938f1709c5e8'}}

======================================================================
FAIL: test_font_layout_outline_and_binding_controls_have_isolated_public_recipes (scripts.tests.test_t13_standards.T13StandardsTest.test_font_layout_outline_and_binding_controls_have_isolated_public_recipes) (control='cff-topdict-count')
----------------------------------------------------------------------
Traceback (most recent call last):
  File "/home/ubuntu/IdeaProjects/open-pdf/scripts/tests/test_t13_standards.py", line 45, in test_font_layout_outline_and_binding_controls_have_isolated_public_recipes
    self.assertIn(name, controls)
AssertionError: 'cff-topdict-count' not found in {'cff-as-cid': {'authority': 'ISO 32000-1:2008 9.9 Table 127; Adobe 5176 section 18 CIDFonts', 'path': 'fixtures/program-font-cff-as-cid.pdf', 'rule': 'font-program-kind', 'scope': 'fonts', 'sha256': '7dd44170cf50728a65b0d2c54b3954cc73bd330cd323bcbbf03cb55218e0fa86'}, 'cff-header': {'authority': 'ISO 32000-1:2008 9.9 Tables 126/127; Adobe 5176 section 6 Header', 'path': 'fixtures/program-font-cff-header.pdf', 'rule': 'font-program-header', 'scope': 'fonts', 'sha256': '8fd659d7ff9a0b457ed98afbae25b8240f596fc2b64961d3afc1770debcda851'}, 'cid-as-cff': {'authority': 'ISO 32000-1:2008 9.9 Table 127; Adobe 5176 section 18 CIDFonts', 'path': 'fixtures/program-font-cid-as-cff.pdf', 'rule': 'font-program-kind', 'scope': 'fonts', 'sha256': '39e664c356070aefeee5f103bc487fffffe4e4d452e3fbcd74da461b0c1c988c'}, 'cid-cff-header': {'authority': 'ISO 32000-1:2008 9.9 Tables 126/127; Adobe 5176 section 6 Header', 'path': 'fixtures/program-font-cid-cff-header.pdf', 'rule': 'font-program-header', 'scope': 'fonts', 'sha256': '4db11f26eaa15b6a02e40e88afccafb8c4c01e7deaab34acf849970b99d1ca1d'}, 'truetype-header': {'authority': 'ISO 32000-1:2008 9.9 Tables 126/127; OpenType specification Font File Organization, sfntVersion', 'path': 'fixtures/program-font-truetype-header.pdf', 'rule': 'font-program-header', 'scope': 'fonts', 'sha256': '928adcd88cb19f69a1e4ddd3f317906a0a352ccbd686614d7761938f1709c5e8'}}

======================================================================
FAIL: test_font_layout_outline_and_binding_controls_have_isolated_public_recipes (scripts.tests.test_t13_standards.T13StandardsTest.test_font_layout_outline_and_binding_controls_have_isolated_public_recipes) (control='cid-cff-first-offset-zero')
----------------------------------------------------------------------
Traceback (most recent call last):
  File "/home/ubuntu/IdeaProjects/open-pdf/scripts/tests/test_t13_standards.py", line 45, in test_font_layout_outline_and_binding_controls_have_isolated_public_recipes
    self.assertIn(name, controls)
AssertionError: 'cid-cff-first-offset-zero' not found in {'cff-as-cid': {'authority': 'ISO 32000-1:2008 9.9 Table 127; Adobe 5176 section 18 CIDFonts', 'path': 'fixtures/program-font-cff-as-cid.pdf', 'rule': 'font-program-kind', 'scope': 'fonts', 'sha256': '7dd44170cf50728a65b0d2c54b3954cc73bd330cd323bcbbf03cb55218e0fa86'}, 'cff-header': {'authority': 'ISO 32000-1:2008 9.9 Tables 126/127; Adobe 5176 section 6 Header', 'path': 'fixtures/program-font-cff-header.pdf', 'rule': 'font-program-header', 'scope': 'fonts', 'sha256': '8fd659d7ff9a0b457ed98afbae25b8240f596fc2b64961d3afc1770debcda851'}, 'cid-as-cff': {'authority': 'ISO 32000-1:2008 9.9 Table 127; Adobe 5176 section 18 CIDFonts', 'path': 'fixtures/program-font-cid-as-cff.pdf', 'rule': 'font-program-kind', 'scope': 'fonts', 'sha256': '39e664c356070aefeee5f103bc487fffffe4e4d452e3fbcd74da461b0c1c988c'}, 'cid-cff-header': {'authority': 'ISO 32000-1:2008 9.9 Tables 126/127; Adobe 5176 section 6 Header', 'path': 'fixtures/program-font-cid-cff-header.pdf', 'rule': 'font-program-header', 'scope': 'fonts', 'sha256': '4db11f26eaa15b6a02e40e88afccafb8c4c01e7deaab34acf849970b99d1ca1d'}, 'truetype-header': {'authority': 'ISO 32000-1:2008 9.9 Tables 126/127; OpenType specification Font File Organization, sfntVersion', 'path': 'fixtures/program-font-truetype-header.pdf', 'rule': 'font-program-header', 'scope': 'fonts', 'sha256': '928adcd88cb19f69a1e4ddd3f317906a0a352ccbd686614d7761938f1709c5e8'}}

======================================================================
FAIL: test_font_layout_outline_and_binding_controls_have_isolated_public_recipes (scripts.tests.test_t13_standards.T13StandardsTest.test_font_layout_outline_and_binding_controls_have_isolated_public_recipes) (control='cid-cff-first-offset-two')
----------------------------------------------------------------------
Traceback (most recent call last):
  File "/home/ubuntu/IdeaProjects/open-pdf/scripts/tests/test_t13_standards.py", line 45, in test_font_layout_outline_and_binding_controls_have_isolated_public_recipes
    self.assertIn(name, controls)
AssertionError: 'cid-cff-first-offset-two' not found in {'cff-as-cid': {'authority': 'ISO 32000-1:2008 9.9 Table 127; Adobe 5176 section 18 CIDFonts', 'path': 'fixtures/program-font-cff-as-cid.pdf', 'rule': 'font-program-kind', 'scope': 'fonts', 'sha256': '7dd44170cf50728a65b0d2c54b3954cc73bd330cd323bcbbf03cb55218e0fa86'}, 'cff-header': {'authority': 'ISO 32000-1:2008 9.9 Tables 126/127; Adobe 5176 section 6 Header', 'path': 'fixtures/program-font-cff-header.pdf', 'rule': 'font-program-header', 'scope': 'fonts', 'sha256': '8fd659d7ff9a0b457ed98afbae25b8240f596fc2b64961d3afc1770debcda851'}, 'cid-as-cff': {'authority': 'ISO 32000-1:2008 9.9 Table 127; Adobe 5176 section 18 CIDFonts', 'path': 'fixtures/program-font-cid-as-cff.pdf', 'rule': 'font-program-kind', 'scope': 'fonts', 'sha256': '39e664c356070aefeee5f103bc487fffffe4e4d452e3fbcd74da461b0c1c988c'}, 'cid-cff-header': {'authority': 'ISO 32000-1:2008 9.9 Tables 126/127; Adobe 5176 section 6 Header', 'path': 'fixtures/program-font-cid-cff-header.pdf', 'rule': 'font-program-header', 'scope': 'fonts', 'sha256': '4db11f26eaa15b6a02e40e88afccafb8c4c01e7deaab34acf849970b99d1ca1d'}, 'truetype-header': {'authority': 'ISO 32000-1:2008 9.9 Tables 126/127; OpenType specification Font File Organization, sfntVersion', 'path': 'fixtures/program-font-truetype-header.pdf', 'rule': 'font-program-header', 'scope': 'fonts', 'sha256': '928adcd88cb19f69a1e4ddd3f317906a0a352ccbd686614d7761938f1709c5e8'}}

======================================================================
FAIL: test_font_layout_outline_and_binding_controls_have_isolated_public_recipes (scripts.tests.test_t13_standards.T13StandardsTest.test_font_layout_outline_and_binding_controls_have_isolated_public_recipes) (control='cid-cff-glyph-first-offset-two')
----------------------------------------------------------------------
Traceback (most recent call last):
  File "/home/ubuntu/IdeaProjects/open-pdf/scripts/tests/test_t13_standards.py", line 45, in test_font_layout_outline_and_binding_controls_have_isolated_public_recipes
    self.assertIn(name, controls)
AssertionError: 'cid-cff-glyph-first-offset-two' not found in {'cff-as-cid': {'authority': 'ISO 32000-1:2008 9.9 Table 127; Adobe 5176 section 18 CIDFonts', 'path': 'fixtures/program-font-cff-as-cid.pdf', 'rule': 'font-program-kind', 'scope': 'fonts', 'sha256': '7dd44170cf50728a65b0d2c54b3954cc73bd330cd323bcbbf03cb55218e0fa86'}, 'cff-header': {'authority': 'ISO 32000-1:2008 9.9 Tables 126/127; Adobe 5176 section 6 Header', 'path': 'fixtures/program-font-cff-header.pdf', 'rule': 'font-program-header', 'scope': 'fonts', 'sha256': '8fd659d7ff9a0b457ed98afbae25b8240f596fc2b64961d3afc1770debcda851'}, 'cid-as-cff': {'authority': 'ISO 32000-1:2008 9.9 Table 127; Adobe 5176 section 18 CIDFonts', 'path': 'fixtures/program-font-cid-as-cff.pdf', 'rule': 'font-program-kind', 'scope': 'fonts', 'sha256': '39e664c356070aefeee5f103bc487fffffe4e4d452e3fbcd74da461b0c1c988c'}, 'cid-cff-header': {'authority': 'ISO 32000-1:2008 9.9 Tables 126/127; Adobe 5176 section 6 Header', 'path': 'fixtures/program-font-cid-cff-header.pdf', 'rule': 'font-program-header', 'scope': 'fonts', 'sha256': '4db11f26eaa15b6a02e40e88afccafb8c4c01e7deaab34acf849970b99d1ca1d'}, 'truetype-header': {'authority': 'ISO 32000-1:2008 9.9 Tables 126/127; OpenType specification Font File Organization, sfntVersion', 'path': 'fixtures/program-font-truetype-header.pdf', 'rule': 'font-program-header', 'scope': 'fonts', 'sha256': '928adcd88cb19f69a1e4ddd3f317906a0a352ccbd686614d7761938f1709c5e8'}}

======================================================================
FAIL: test_font_layout_outline_and_binding_controls_have_isolated_public_recipes (scripts.tests.test_t13_standards.T13StandardsTest.test_font_layout_outline_and_binding_controls_have_isolated_public_recipes) (control='cid-cff-last-offset-outside-file')
----------------------------------------------------------------------
Traceback (most recent call last):
  File "/home/ubuntu/IdeaProjects/open-pdf/scripts/tests/test_t13_standards.py", line 45, in test_font_layout_outline_and_binding_controls_have_isolated_public_recipes
    self.assertIn(name, controls)
AssertionError: 'cid-cff-last-offset-outside-file' not found in {'cff-as-cid': {'authority': 'ISO 32000-1:2008 9.9 Table 127; Adobe 5176 section 18 CIDFonts', 'path': 'fixtures/program-font-cff-as-cid.pdf', 'rule': 'font-program-kind', 'scope': 'fonts', 'sha256': '7dd44170cf50728a65b0d2c54b3954cc73bd330cd323bcbbf03cb55218e0fa86'}, 'cff-header': {'authority': 'ISO 32000-1:2008 9.9 Tables 126/127; Adobe 5176 section 6 Header', 'path': 'fixtures/program-font-cff-header.pdf', 'rule': 'font-program-header', 'scope': 'fonts', 'sha256': '8fd659d7ff9a0b457ed98afbae25b8240f596fc2b64961d3afc1770debcda851'}, 'cid-as-cff': {'authority': 'ISO 32000-1:2008 9.9 Table 127; Adobe 5176 section 18 CIDFonts', 'path': 'fixtures/program-font-cid-as-cff.pdf', 'rule': 'font-program-kind', 'scope': 'fonts', 'sha256': '39e664c356070aefeee5f103bc487fffffe4e4d452e3fbcd74da461b0c1c988c'}, 'cid-cff-header': {'authority': 'ISO 32000-1:2008 9.9 Tables 126/127; Adobe 5176 section 6 Header', 'path': 'fixtures/program-font-cid-cff-header.pdf', 'rule': 'font-program-header', 'scope': 'fonts', 'sha256': '4db11f26eaa15b6a02e40e88afccafb8c4c01e7deaab34acf849970b99d1ca1d'}, 'truetype-header': {'authority': 'ISO 32000-1:2008 9.9 Tables 126/127; OpenType specification Font File Organization, sfntVersion', 'path': 'fixtures/program-font-truetype-header.pdf', 'rule': 'font-program-header', 'scope': 'fonts', 'sha256': '928adcd88cb19f69a1e4ddd3f317906a0a352ccbd686614d7761938f1709c5e8'}}

======================================================================
FAIL: test_font_layout_outline_and_binding_controls_have_isolated_public_recipes (scripts.tests.test_t13_standards.T13StandardsTest.test_font_layout_outline_and_binding_controls_have_isolated_public_recipes) (control='cid-cff-missing-moveto')
----------------------------------------------------------------------
Traceback (most recent call last):
  File "/home/ubuntu/IdeaProjects/open-pdf/scripts/tests/test_t13_standards.py", line 45, in test_font_layout_outline_and_binding_controls_have_isolated_public_recipes
    self.assertIn(name, controls)
AssertionError: 'cid-cff-missing-moveto' not found in {'cff-as-cid': {'authority': 'ISO 32000-1:2008 9.9 Table 127; Adobe 5176 section 18 CIDFonts', 'path': 'fixtures/program-font-cff-as-cid.pdf', 'rule': 'font-program-kind', 'scope': 'fonts', 'sha256': '7dd44170cf50728a65b0d2c54b3954cc73bd330cd323bcbbf03cb55218e0fa86'}, 'cff-header': {'authority': 'ISO 32000-1:2008 9.9 Tables 126/127; Adobe 5176 section 6 Header', 'path': 'fixtures/program-font-cff-header.pdf', 'rule': 'font-program-header', 'scope': 'fonts', 'sha256': '8fd659d7ff9a0b457ed98afbae25b8240f596fc2b64961d3afc1770debcda851'}, 'cid-as-cff': {'authority': 'ISO 32000-1:2008 9.9 Table 127; Adobe 5176 section 18 CIDFonts', 'path': 'fixtures/program-font-cid-as-cff.pdf', 'rule': 'font-program-kind', 'scope': 'fonts', 'sha256': '39e664c356070aefeee5f103bc487fffffe4e4d452e3fbcd74da461b0c1c988c'}, 'cid-cff-header': {'authority': 'ISO 32000-1:2008 9.9 Tables 126/127; Adobe 5176 section 6 Header', 'path': 'fixtures/program-font-cid-cff-header.pdf', 'rule': 'font-program-header', 'scope': 'fonts', 'sha256': '4db11f26eaa15b6a02e40e88afccafb8c4c01e7deaab34acf849970b99d1ca1d'}, 'truetype-header': {'authority': 'ISO 32000-1:2008 9.9 Tables 126/127; OpenType specification Font File Organization, sfntVersion', 'path': 'fixtures/program-font-truetype-header.pdf', 'rule': 'font-program-header', 'scope': 'fonts', 'sha256': '928adcd88cb19f69a1e4ddd3f317906a0a352ccbd686614d7761938f1709c5e8'}}

======================================================================
FAIL: test_font_layout_outline_and_binding_controls_have_isolated_public_recipes (scripts.tests.test_t13_standards.T13StandardsTest.test_font_layout_outline_and_binding_controls_have_isolated_public_recipes) (control='cid-cff-wrong-moveto-arity')
----------------------------------------------------------------------
Traceback (most recent call last):
  File "/home/ubuntu/IdeaProjects/open-pdf/scripts/tests/test_t13_standards.py", line 45, in test_font_layout_outline_and_binding_controls_have_isolated_public_recipes
    self.assertIn(name, controls)
AssertionError: 'cid-cff-wrong-moveto-arity' not found in {'cff-as-cid': {'authority': 'ISO 32000-1:2008 9.9 Table 127; Adobe 5176 section 18 CIDFonts', 'path': 'fixtures/program-font-cff-as-cid.pdf', 'rule': 'font-program-kind', 'scope': 'fonts', 'sha256': '7dd44170cf50728a65b0d2c54b3954cc73bd330cd323bcbbf03cb55218e0fa86'}, 'cff-header': {'authority': 'ISO 32000-1:2008 9.9 Tables 126/127; Adobe 5176 section 6 Header', 'path': 'fixtures/program-font-cff-header.pdf', 'rule': 'font-program-header', 'scope': 'fonts', 'sha256': '8fd659d7ff9a0b457ed98afbae25b8240f596fc2b64961d3afc1770debcda851'}, 'cid-as-cff': {'authority': 'ISO 32000-1:2008 9.9 Table 127; Adobe 5176 section 18 CIDFonts', 'path': 'fixtures/program-font-cid-as-cff.pdf', 'rule': 'font-program-kind', 'scope': 'fonts', 'sha256': '39e664c356070aefeee5f103bc487fffffe4e4d452e3fbcd74da461b0c1c988c'}, 'cid-cff-header': {'authority': 'ISO 32000-1:2008 9.9 Tables 126/127; Adobe 5176 section 6 Header', 'path': 'fixtures/program-font-cid-cff-header.pdf', 'rule': 'font-program-header', 'scope': 'fonts', 'sha256': '4db11f26eaa15b6a02e40e88afccafb8c4c01e7deaab34acf849970b99d1ca1d'}, 'truetype-header': {'authority': 'ISO 32000-1:2008 9.9 Tables 126/127; OpenType specification Font File Organization, sfntVersion', 'path': 'fixtures/program-font-truetype-header.pdf', 'rule': 'font-program-header', 'scope': 'fonts', 'sha256': '928adcd88cb19f69a1e4ddd3f317906a0a352ccbd686614d7761938f1709c5e8'}}

======================================================================
FAIL: test_font_layout_outline_and_binding_controls_have_isolated_public_recipes (scripts.tests.test_t13_standards.T13StandardsTest.test_font_layout_outline_and_binding_controls_have_isolated_public_recipes) (control='cid-cff-missing-endchar')
----------------------------------------------------------------------
Traceback (most recent call last):
  File "/home/ubuntu/IdeaProjects/open-pdf/scripts/tests/test_t13_standards.py", line 45, in test_font_layout_outline_and_binding_controls_have_isolated_public_recipes
    self.assertIn(name, controls)
AssertionError: 'cid-cff-missing-endchar' not found in {'cff-as-cid': {'authority': 'ISO 32000-1:2008 9.9 Table 127; Adobe 5176 section 18 CIDFonts', 'path': 'fixtures/program-font-cff-as-cid.pdf', 'rule': 'font-program-kind', 'scope': 'fonts', 'sha256': '7dd44170cf50728a65b0d2c54b3954cc73bd330cd323bcbbf03cb55218e0fa86'}, 'cff-header': {'authority': 'ISO 32000-1:2008 9.9 Tables 126/127; Adobe 5176 section 6 Header', 'path': 'fixtures/program-font-cff-header.pdf', 'rule': 'font-program-header', 'scope': 'fonts', 'sha256': '8fd659d7ff9a0b457ed98afbae25b8240f596fc2b64961d3afc1770debcda851'}, 'cid-as-cff': {'authority': 'ISO 32000-1:2008 9.9 Table 127; Adobe 5176 section 18 CIDFonts', 'path': 'fixtures/program-font-cid-as-cff.pdf', 'rule': 'font-program-kind', 'scope': 'fonts', 'sha256': '39e664c356070aefeee5f103bc487fffffe4e4d452e3fbcd74da461b0c1c988c'}, 'cid-cff-header': {'authority': 'ISO 32000-1:2008 9.9 Tables 126/127; Adobe 5176 section 6 Header', 'path': 'fixtures/program-font-cid-cff-header.pdf', 'rule': 'font-program-header', 'scope': 'fonts', 'sha256': '4db11f26eaa15b6a02e40e88afccafb8c4c01e7deaab34acf849970b99d1ca1d'}, 'truetype-header': {'authority': 'ISO 32000-1:2008 9.9 Tables 126/127; OpenType specification Font File Organization, sfntVersion', 'path': 'fixtures/program-font-truetype-header.pdf', 'rule': 'font-program-header', 'scope': 'fonts', 'sha256': '928adcd88cb19f69a1e4ddd3f317906a0a352ccbd686614d7761938f1709c5e8'}}

======================================================================
FAIL: test_font_layout_outline_and_binding_controls_have_isolated_public_recipes (scripts.tests.test_t13_standards.T13StandardsTest.test_font_layout_outline_and_binding_controls_have_isolated_public_recipes) (control='cid-cff-topdict-count')
----------------------------------------------------------------------
Traceback (most recent call last):
  File "/home/ubuntu/IdeaProjects/open-pdf/scripts/tests/test_t13_standards.py", line 45, in test_font_layout_outline_and_binding_controls_have_isolated_public_recipes
    self.assertIn(name, controls)
AssertionError: 'cid-cff-topdict-count' not found in {'cff-as-cid': {'authority': 'ISO 32000-1:2008 9.9 Table 127; Adobe 5176 section 18 CIDFonts', 'path': 'fixtures/program-font-cff-as-cid.pdf', 'rule': 'font-program-kind', 'scope': 'fonts', 'sha256': '7dd44170cf50728a65b0d2c54b3954cc73bd330cd323bcbbf03cb55218e0fa86'}, 'cff-header': {'authority': 'ISO 32000-1:2008 9.9 Tables 126/127; Adobe 5176 section 6 Header', 'path': 'fixtures/program-font-cff-header.pdf', 'rule': 'font-program-header', 'scope': 'fonts', 'sha256': '8fd659d7ff9a0b457ed98afbae25b8240f596fc2b64961d3afc1770debcda851'}, 'cid-as-cff': {'authority': 'ISO 32000-1:2008 9.9 Table 127; Adobe 5176 section 18 CIDFonts', 'path': 'fixtures/program-font-cid-as-cff.pdf', 'rule': 'font-program-kind', 'scope': 'fonts', 'sha256': '39e664c356070aefeee5f103bc487fffffe4e4d452e3fbcd74da461b0c1c988c'}, 'cid-cff-header': {'authority': 'ISO 32000-1:2008 9.9 Tables 126/127; Adobe 5176 section 6 Header', 'path': 'fixtures/program-font-cid-cff-header.pdf', 'rule': 'font-program-header', 'scope': 'fonts', 'sha256': '4db11f26eaa15b6a02e40e88afccafb8c4c01e7deaab34acf849970b99d1ca1d'}, 'truetype-header': {'authority': 'ISO 32000-1:2008 9.9 Tables 126/127; OpenType specification Font File Organization, sfntVersion', 'path': 'fixtures/program-font-truetype-header.pdf', 'rule': 'font-program-header', 'scope': 'fonts', 'sha256': '928adcd88cb19f69a1e4ddd3f317906a0a352ccbd686614d7761938f1709c5e8'}}

======================================================================
FAIL: test_font_layout_outline_and_binding_controls_have_isolated_public_recipes (scripts.tests.test_t13_standards.T13StandardsTest.test_font_layout_outline_and_binding_controls_have_isolated_public_recipes) (control='cff-program-name')
----------------------------------------------------------------------
Traceback (most recent call last):
  File "/home/ubuntu/IdeaProjects/open-pdf/scripts/tests/test_t13_standards.py", line 45, in test_font_layout_outline_and_binding_controls_have_isolated_public_recipes
    self.assertIn(name, controls)
AssertionError: 'cff-program-name' not found in {'cff-as-cid': {'authority': 'ISO 32000-1:2008 9.9 Table 127; Adobe 5176 section 18 CIDFonts', 'path': 'fixtures/program-font-cff-as-cid.pdf', 'rule': 'font-program-kind', 'scope': 'fonts', 'sha256': '7dd44170cf50728a65b0d2c54b3954cc73bd330cd323bcbbf03cb55218e0fa86'}, 'cff-header': {'authority': 'ISO 32000-1:2008 9.9 Tables 126/127; Adobe 5176 section 6 Header', 'path': 'fixtures/program-font-cff-header.pdf', 'rule': 'font-program-header', 'scope': 'fonts', 'sha256': '8fd659d7ff9a0b457ed98afbae25b8240f596fc2b64961d3afc1770debcda851'}, 'cid-as-cff': {'authority': 'ISO 32000-1:2008 9.9 Table 127; Adobe 5176 section 18 CIDFonts', 'path': 'fixtures/program-font-cid-as-cff.pdf', 'rule': 'font-program-kind', 'scope': 'fonts', 'sha256': '39e664c356070aefeee5f103bc487fffffe4e4d452e3fbcd74da461b0c1c988c'}, 'cid-cff-header': {'authority': 'ISO 32000-1:2008 9.9 Tables 126/127; Adobe 5176 section 6 Header', 'path': 'fixtures/program-font-cid-cff-header.pdf', 'rule': 'font-program-header', 'scope': 'fonts', 'sha256': '4db11f26eaa15b6a02e40e88afccafb8c4c01e7deaab34acf849970b99d1ca1d'}, 'truetype-header': {'authority': 'ISO 32000-1:2008 9.9 Tables 126/127; OpenType specification Font File Organization, sfntVersion', 'path': 'fixtures/program-font-truetype-header.pdf', 'rule': 'font-program-header', 'scope': 'fonts', 'sha256': '928adcd88cb19f69a1e4ddd3f317906a0a352ccbd686614d7761938f1709c5e8'}}

======================================================================
FAIL: test_font_layout_outline_and_binding_controls_have_isolated_public_recipes (scripts.tests.test_t13_standards.T13StandardsTest.test_font_layout_outline_and_binding_controls_have_isolated_public_recipes) (control='cid-cff-program-name')
----------------------------------------------------------------------
Traceback (most recent call last):
  File "/home/ubuntu/IdeaProjects/open-pdf/scripts/tests/test_t13_standards.py", line 45, in test_font_layout_outline_and_binding_controls_have_isolated_public_recipes
    self.assertIn(name, controls)
AssertionError: 'cid-cff-program-name' not found in {'cff-as-cid': {'authority': 'ISO 32000-1:2008 9.9 Table 127; Adobe 5176 section 18 CIDFonts', 'path': 'fixtures/program-font-cff-as-cid.pdf', 'rule': 'font-program-kind', 'scope': 'fonts', 'sha256': '7dd44170cf50728a65b0d2c54b3954cc73bd330cd323bcbbf03cb55218e0fa86'}, 'cff-header': {'authority': 'ISO 32000-1:2008 9.9 Tables 126/127; Adobe 5176 section 6 Header', 'path': 'fixtures/program-font-cff-header.pdf', 'rule': 'font-program-header', 'scope': 'fonts', 'sha256': '8fd659d7ff9a0b457ed98afbae25b8240f596fc2b64961d3afc1770debcda851'}, 'cid-as-cff': {'authority': 'ISO 32000-1:2008 9.9 Table 127; Adobe 5176 section 18 CIDFonts', 'path': 'fixtures/program-font-cid-as-cff.pdf', 'rule': 'font-program-kind', 'scope': 'fonts', 'sha256': '39e664c356070aefeee5f103bc487fffffe4e4d452e3fbcd74da461b0c1c988c'}, 'cid-cff-header': {'authority': 'ISO 32000-1:2008 9.9 Tables 126/127; Adobe 5176 section 6 Header', 'path': 'fixtures/program-font-cid-cff-header.pdf', 'rule': 'font-program-header', 'scope': 'fonts', 'sha256': '4db11f26eaa15b6a02e40e88afccafb8c4c01e7deaab34acf849970b99d1ca1d'}, 'truetype-header': {'authority': 'ISO 32000-1:2008 9.9 Tables 126/127; OpenType specification Font File Organization, sfntVersion', 'path': 'fixtures/program-font-truetype-header.pdf', 'rule': 'font-program-header', 'scope': 'fonts', 'sha256': '928adcd88cb19f69a1e4ddd3f317906a0a352ccbd686614d7761938f1709c5e8'}}

======================================================================
FAIL: test_font_layout_outline_and_binding_controls_have_isolated_public_recipes (scripts.tests.test_t13_standards.T13StandardsTest.test_font_layout_outline_and_binding_controls_have_isolated_public_recipes) (control='truetype-program-name')
----------------------------------------------------------------------
Traceback (most recent call last):
  File "/home/ubuntu/IdeaProjects/open-pdf/scripts/tests/test_t13_standards.py", line 45, in test_font_layout_outline_and_binding_controls_have_isolated_public_recipes
    self.assertIn(name, controls)
AssertionError: 'truetype-program-name' not found in {'cff-as-cid': {'authority': 'ISO 32000-1:2008 9.9 Table 127; Adobe 5176 section 18 CIDFonts', 'path': 'fixtures/program-font-cff-as-cid.pdf', 'rule': 'font-program-kind', 'scope': 'fonts', 'sha256': '7dd44170cf50728a65b0d2c54b3954cc73bd330cd323bcbbf03cb55218e0fa86'}, 'cff-header': {'authority': 'ISO 32000-1:2008 9.9 Tables 126/127; Adobe 5176 section 6 Header', 'path': 'fixtures/program-font-cff-header.pdf', 'rule': 'font-program-header', 'scope': 'fonts', 'sha256': '8fd659d7ff9a0b457ed98afbae25b8240f596fc2b64961d3afc1770debcda851'}, 'cid-as-cff': {'authority': 'ISO 32000-1:2008 9.9 Table 127; Adobe 5176 section 18 CIDFonts', 'path': 'fixtures/program-font-cid-as-cff.pdf', 'rule': 'font-program-kind', 'scope': 'fonts', 'sha256': '39e664c356070aefeee5f103bc487fffffe4e4d452e3fbcd74da461b0c1c988c'}, 'cid-cff-header': {'authority': 'ISO 32000-1:2008 9.9 Tables 126/127; Adobe 5176 section 6 Header', 'path': 'fixtures/program-font-cid-cff-header.pdf', 'rule': 'font-program-header', 'scope': 'fonts', 'sha256': '4db11f26eaa15b6a02e40e88afccafb8c4c01e7deaab34acf849970b99d1ca1d'}, 'truetype-header': {'authority': 'ISO 32000-1:2008 9.9 Tables 126/127; OpenType specification Font File Organization, sfntVersion', 'path': 'fixtures/program-font-truetype-header.pdf', 'rule': 'font-program-header', 'scope': 'fonts', 'sha256': '928adcd88cb19f69a1e4ddd3f317906a0a352ccbd686614d7761938f1709c5e8'}}

----------------------------------------------------------------------
Ran 1 test in 0.140s

FAILED (failures=31)
