Waiting for actual complete host/matrix/stage queue result; no certification will start before exit0.
2026-09-13T17:01:21.372968+00:00 Starting actual text
Started PID 13761 with original output at /tmp/t75-final-text-certify-r4.log
{"command": ["/usr/bin/python3", "scripts/t03-foundation.py", "certify", "capabilities/evidence/T75-foundation-20260914-r4/text", "--obligation", "text"], "cwd": "/home/ubuntu/IdeaProjects/open-pdf", "started-utc": "2026-09-13T17:01:21.422612+00:00", "wrapper-pid": 13760, "explicit-environment": {"FOLIO_HARFBUZZ_HELPER": "/home/ubuntu/IdeaProjects/open-pdf/.build-cache/harfbuzz/10.2.0-final/bin/folio-harfbuzz"}, "original-log": "/tmp/t75-final-text-certify-r4.log", "command-pid": 13761, "returncode": 0, "completed-utc": "2026-09-13T19:42:21.433418+00:00"}
text-command 10 members byte-verified
2026-09-13T19:42:22.167214+00:00 text actual exit0;8tuples/32PASS; originals retained /tmp/t75-final-text-certified-r4-ivlqvu5q
2026-09-13T19:42:22.167259+00:00 Starting actual transactions
Started PID 381810 with original output at /tmp/t75-final-transactions-certify-r4.log
{"command": ["/usr/bin/python3", "scripts/t03-foundation.py", "certify", "capabilities/evidence/T75-foundation-20260914-r4/transactions", "--obligation", "transactions"], "cwd": "/home/ubuntu/IdeaProjects/open-pdf", "started-utc": "2026-09-13T19:42:22.210574+00:00", "wrapper-pid": 381809, "explicit-environment": {"FOLIO_HARFBUZZ_HELPER": "/home/ubuntu/IdeaProjects/open-pdf/.build-cache/harfbuzz/10.2.0-final/bin/folio-harfbuzz"}, "original-log": "/tmp/t75-final-transactions-certify-r4.log", "command-pid": 381810, "returncode": 0, "completed-utc": "2026-09-13T20:08:32.754733+00:00"}
transactions-command 10 members byte-verified
2026-09-13T20:08:33.110032+00:00 transactions actual exit0;8tuples/32PASS; originals retained /tmp/t75-final-transactions-certified-r4-pj5b_vlc
2026-09-13T20:08:33.110463+00:00 Starting actual values
Started PID 406349 with original output at /tmp/t75-final-values-certify-r4.log
{"command": ["/usr/bin/python3", "scripts/t03-foundation.py", "certify", "capabilities/evidence/T75-foundation-20260914-r4/values", "--obligation", "values"], "cwd": "/home/ubuntu/IdeaProjects/open-pdf", "started-utc": "2026-09-13T20:08:33.154021+00:00", "wrapper-pid": 406348, "explicit-environment": {"FOLIO_HARFBUZZ_HELPER": "/home/ubuntu/IdeaProjects/open-pdf/.build-cache/harfbuzz/10.2.0-final/bin/folio-harfbuzz"}, "original-log": "/tmp/t75-final-values-certify-r4.log", "command-pid": 406349, "returncode": 0, "completed-utc": "2026-09-13T20:40:57.802526+00:00"}
values-command 10 members byte-verified
2026-09-13T20:40:58.011556+00:00 values actual exit0;8tuples/32PASS; originals retained /tmp/t75-final-values-certified-r4-sihb0x55
2026-09-13T20:40:58.011592+00:00 Starting actual pages
Started PID 445898 with original output at /tmp/t75-final-pages-certify-r4.log
{"command": ["/usr/bin/python3", "scripts/t03-foundation.py", "certify", "capabilities/evidence/T75-foundation-20260914-r4/pages", "--obligation", "pages"], "cwd": "/home/ubuntu/IdeaProjects/open-pdf", "started-utc": "2026-09-13T20:40:58.053611+00:00", "wrapper-pid": 445897, "explicit-environment": {"FOLIO_HARFBUZZ_HELPER": "/home/ubuntu/IdeaProjects/open-pdf/.build-cache/harfbuzz/10.2.0-final/bin/folio-harfbuzz"}, "original-log": "/tmp/t75-final-pages-certify-r4.log", "command-pid": 445898, "returncode": 0, "completed-utc": "2026-09-13T21:32:39.398376+00:00"}
pages-command 10 members byte-verified
2026-09-13T21:32:39.626624+00:00 pages actual exit0;8tuples/32PASS; originals retained /tmp/t75-final-pages-certified-r4-v0ub5lwp
2026-09-13T21:32:39.626661+00:00 Starting actual metadata
Started PID 545120 with original output at /tmp/t75-final-metadata-certify-r4.log
{"command": ["/usr/bin/python3", "scripts/t03-foundation.py", "certify", "capabilities/evidence/T75-foundation-20260914-r4/metadata", "--obligation", "metadata"], "cwd": "/home/ubuntu/IdeaProjects/open-pdf", "started-utc": "2026-09-13T21:32:39.670650+00:00", "wrapper-pid": 545119, "explicit-environment": {"FOLIO_HARFBUZZ_HELPER": "/home/ubuntu/IdeaProjects/open-pdf/.build-cache/harfbuzz/10.2.0-final/bin/folio-harfbuzz"}, "original-log": "/tmp/t75-final-metadata-certify-r4.log", "command-pid": 545120, "returncode": 0, "completed-utc": "2026-09-13T22:22:04.297720+00:00"}
metadata-command 10 members byte-verified
2026-09-13T22:22:04.533824+00:00 metadata actual exit0;8tuples/32PASS; originals retained /tmp/t75-final-metadata-certified-r4-1jfzac5p
2026-09-13T22:22:04.534264+00:00 Starting actual annotations
Started PID 649017 with original output at /tmp/t75-final-annotations-certify-r4.log
{"command": ["/usr/bin/python3", "scripts/t03-foundation.py", "certify", "capabilities/evidence/T75-foundation-20260914-r4/annotations", "--obligation", "annotations"], "cwd": "/home/ubuntu/IdeaProjects/open-pdf", "started-utc": "2026-09-13T22:22:04.576988+00:00", "wrapper-pid": 649016, "explicit-environment": {"FOLIO_HARFBUZZ_HELPER": "/home/ubuntu/IdeaProjects/open-pdf/.build-cache/harfbuzz/10.2.0-final/bin/folio-harfbuzz"}, "original-log": "/tmp/t75-final-annotations-certify-r4.log", "command-pid": 649017, "returncode": 0, "completed-utc": "2026-09-14T00:11:36.482684+00:00"}
annotations-command 10 members byte-verified
2026-09-14T00:11:37.095663+00:00 annotations actual exit0;8tuples/32PASS; originals retained /tmp/t75-final-annotations-certified-r4-4jvjl8vo
All six actual r4 certification commands completed successfully:48tuples,192PASS records on ab18cc9c0473730a6aabec5d12e3172f22bea23a0a0f9529052a2bc186cbfc1b
Final inventory, independent review and authorized delivery remain required.
