checking @repository/capabilities/profiles/T79-clear-metadata/metadata-crypt-array-null.pdf
PDF Version: 1.7 extension level 8
R = 6
P = -3904
[credential redacted]
Supplied password is user password
extract for accessibility: not allowed
extract for any purpose: not allowed
print low resolution: not allowed
print high resolution: not allowed
modify document assembly: not allowed
modify forms: not allowed
modify annotations: not allowed
modify other: not allowed
modify anything: not allowed
stream encryption method: AESv3
string encryption method: AESv3
file encryption method: AESv3
File is not linearized
No syntax or stream encoding errors found; the file may still contain
errors that qpdf cannot detect
