[INFO] Scanning for projects...
[INFO] ------------------------------------------------------------------------
[INFO] Reactor Build Order:
[INFO] 
[INFO] Folio PDF by ZeroCloud - Parent                                    [pom]
[INFO] Folio PDF by ZeroCloud - Capability Provider Contract              [jar]
[INFO] Folio PDF by ZeroCloud - Conversion                                [jar]
[INFO] Folio PDF by ZeroCloud - Document Engine                           [jar]
[INFO] Folio PDF by ZeroCloud - Stable iText 7 Migration Facade           [jar]
[INFO] Folio PDF by ZeroCloud - Acceptance Evidence                       [jar]
[INFO] 
[INFO] ----------------------< net.zerocloud:pdf-parent >----------------------
[INFO] Building Folio PDF by ZeroCloud - Parent 0.1.0-SNAPSHOT            [1/6]
[INFO]   from pom.xml
[INFO] --------------------------------[ pom ]---------------------------------
[INFO] 
[INFO] --- enforcer:3.6.2:enforce (enforce-build-runtime) @ pdf-parent ---
[INFO] Rule 0: org.apache.maven.enforcer.rules.version.RequireMavenVersion passed
[INFO] Rule 1: org.apache.maven.enforcer.rules.version.RequireJavaVersion passed
[INFO] 
[INFO] ----------------< net.zerocloud:pdf-provider-contract >-----------------
[INFO] Building Folio PDF by ZeroCloud - Capability Provider Contract 0.1.0-SNAPSHOT [2/6]
[INFO]   from pdf-provider-contract/pom.xml
[INFO] --------------------------------[ jar ]---------------------------------
[INFO] 
[INFO] --- enforcer:3.6.2:enforce (enforce-build-runtime) @ pdf-provider-contract ---
[INFO] 
[INFO] --- resources:3.3.1:resources (default-resources) @ pdf-provider-contract ---
[INFO] Copying 1 resource from src/main/resources to target/classes
[INFO] Copying 2 resources from .. to target/classes/META-INF
[INFO] 
[INFO] --- compiler:3.15.0:compile (default-compile) @ pdf-provider-contract ---
[INFO] Nothing to compile - all classes are up to date.
[INFO] 
[INFO] --- resources:3.3.1:testResources (default-testResources) @ pdf-provider-contract ---
[INFO] skip non existing resourceDirectory /home/ubuntu/IdeaProjects/open-pdf/pdf-provider-contract/src/test/resources
[INFO] 
[INFO] --- compiler:3.15.0:testCompile (default-testCompile) @ pdf-provider-contract ---
[INFO] Nothing to compile - all classes are up to date.
[INFO] 
[INFO] --- surefire:3.5.4:test (default-test) @ pdf-provider-contract ---
[INFO] 
[INFO] --------------------< net.zerocloud:pdf-conversion >--------------------
[INFO] Building Folio PDF by ZeroCloud - Conversion 0.1.0-SNAPSHOT        [3/6]
[INFO]   from pdf-conversion/pom.xml
[INFO] --------------------------------[ jar ]---------------------------------
[INFO] 
[INFO] --- enforcer:3.6.2:enforce (enforce-build-runtime) @ pdf-conversion ---
[INFO] 
[INFO] --- resources:3.3.1:resources (default-resources) @ pdf-conversion ---
[INFO] skip non existing resourceDirectory /home/ubuntu/IdeaProjects/open-pdf/pdf-conversion/src/main/resources
[INFO] Copying 2 resources from .. to target/classes/META-INF
[INFO] 
[INFO] --- compiler:3.15.0:compile (default-compile) @ pdf-conversion ---
[INFO] Nothing to compile - all classes are up to date.
[INFO] 
[INFO] --- resources:3.3.1:testResources (default-testResources) @ pdf-conversion ---
[INFO] skip non existing resourceDirectory /home/ubuntu/IdeaProjects/open-pdf/pdf-conversion/src/test/resources
[INFO] Copying 1 resource from ../pdf-acceptance/src/main/resources/net/zerocloud/pdf/acceptance/fonts/noto to target/test-classes/net/zerocloud/pdf/fixtures/noto
[INFO] 
[INFO] --- compiler:3.15.0:testCompile (default-testCompile) @ pdf-conversion ---
[INFO] Nothing to compile - all classes are up to date.
[INFO] 
[INFO] --- surefire:3.5.4:test (default-test) @ pdf-conversion ---
[INFO] 
[INFO] ---------------------< net.zerocloud:pdf-document >---------------------
[INFO] Building Folio PDF by ZeroCloud - Document Engine 0.1.0-SNAPSHOT   [4/6]
[INFO]   from pdf-document/pom.xml
[INFO] --------------------------------[ jar ]---------------------------------
[INFO] 
[INFO] --- enforcer:3.6.2:enforce (enforce-build-runtime) @ pdf-document ---
[INFO] 
[INFO] --- resources:3.3.1:resources (default-resources) @ pdf-document ---
[INFO] Copying 1 resource from src/main/resources to target/classes
[INFO] Copying 2 resources from .. to target/classes/META-INF
[INFO] 
[INFO] --- compiler:3.15.0:compile (default-compile) @ pdf-document ---
[INFO] Nothing to compile - all classes are up to date.
[INFO] 
[INFO] --- resources:3.3.1:testResources (default-testResources) @ pdf-document ---
[INFO] Copying 12 resources from src/test/resources to target/test-classes
[INFO] Copying 15 resources from ../pdf-acceptance/src/main/resources/net/zerocloud/pdf/acceptance/fonts/noto to target/test-classes/net/zerocloud/pdf/fixtures/noto
[INFO] 
[INFO] --- compiler:3.15.0:testCompile (default-testCompile) @ pdf-document ---
[INFO] Nothing to compile - all classes are up to date.
[INFO] 
[INFO] --- surefire:3.5.4:test (default-test) @ pdf-document ---
[INFO] 
[INFO] -----------------< net.zerocloud:pdf-migration-itext7 >-----------------
[INFO] Building Folio PDF by ZeroCloud - Stable iText 7 Migration Facade 0.1.0-SNAPSHOT [5/6]
[INFO]   from pdf-migration-itext7/pom.xml
[INFO] --------------------------------[ jar ]---------------------------------
[INFO] 
[INFO] --- enforcer:3.6.2:enforce (enforce-build-runtime) @ pdf-migration-itext7 ---
[INFO] 
[INFO] --- resources:3.3.1:resources (default-resources) @ pdf-migration-itext7 ---
[INFO] Copying 1 resource from src/main/resources to target/classes
[INFO] Copying 2 resources from .. to target/classes/META-INF
[INFO] 
[INFO] --- compiler:3.15.0:compile (default-compile) @ pdf-migration-itext7 ---
[INFO] Nothing to compile - all classes are up to date.
[INFO] 
[INFO] --- resources:3.3.1:testResources (default-testResources) @ pdf-migration-itext7 ---
[INFO] Copying 5 resources from ../pdf-document/src/test/resources to target/test-classes
[INFO] 
[INFO] --- compiler:3.15.0:testCompile (default-testCompile) @ pdf-migration-itext7 ---
[INFO] Nothing to compile - all classes are up to date.
[INFO] 
[INFO] --- surefire:3.5.4:test (default-test) @ pdf-migration-itext7 ---
[INFO] 
[INFO] --------------------< net.zerocloud:pdf-acceptance >--------------------
[INFO] Building Folio PDF by ZeroCloud - Acceptance Evidence 0.1.0-SNAPSHOT [6/6]
[INFO]   from pdf-acceptance/pom.xml
[INFO] --------------------------------[ jar ]---------------------------------
[INFO] 
[INFO] --- enforcer:3.6.2:enforce (enforce-build-runtime) @ pdf-acceptance ---
[INFO] 
[INFO] --- resources:3.3.1:resources (default-resources) @ pdf-acceptance ---
[INFO] Copying 32 resources from src/main/resources to target/classes
[INFO] 
[INFO] --- compiler:3.15.0:compile (default-compile) @ pdf-acceptance ---
[INFO] Nothing to compile - all classes are up to date.
[INFO] 
[INFO] --- resources:3.3.1:testResources (default-testResources) @ pdf-acceptance ---
[INFO] skip non existing resourceDirectory /home/ubuntu/IdeaProjects/open-pdf/pdf-acceptance/src/test/resources
[INFO] 
[INFO] --- compiler:3.15.0:testCompile (default-testCompile) @ pdf-acceptance ---
[INFO] Recompiling the module because of changed source code.
[INFO] Compiling 28 source files with javac [debug parameters release 8] to target/test-classes
[INFO] 
[INFO] --- surefire:3.5.4:test (default-test) @ pdf-acceptance ---
[INFO] Using auto detected provider org.apache.maven.surefire.junit4.JUnit4Provider
[INFO] 
[INFO] -------------------------------------------------------
[INFO]  T E S T S
[INFO] -------------------------------------------------------
[INFO] Running net.zerocloud.pdf.acceptance.T13StandardsQualificationTest
[ERROR] Tests run: 1, Failures: 1, Errors: 0, Skipped: 0, Time elapsed: 0.498 s <<< FAILURE! -- in net.zerocloud.pdf.acceptance.T13StandardsQualificationTest
[ERROR] net.zerocloud.pdf.acceptance.T13StandardsQualificationTest.originalEmbeddedFontsAndInheritedCMapsQualifyEveryOwningFontAndVerticalWidths -- Time elapsed: 0.448 s <<< FAILURE!
org.junit.ComparisonFailure: 
Version exit: 0


Arlington PDF Model C++ P.o.C. version v0.81-folio-t13-r1 built Sep 12 2026 00:00:00 (GNU-C linux release)
Choose one of: --pdf, --checkdva or --validate.

Usage:
	TestGrammar --tsvdir <dir> [--force <ver>|exact] [--out <fname|dir>] [--no-color] [--clobber] [--debug] [--brief] [--extensions <extn1[,extn2]>] [--password <pwd>] [--exclude string | @textfile.txt] [--dryrun] [--allfiles] [--validate | --checkdva <formalrep> | --pdf <fname|dir|@file.txt> ]

Options: 
-h, --help                   This usage message.
-b, --brief                  terse output when checking PDFs. The full PDF DOM tree is NOT output.
-c, --checkdva               Adobe DVA formal-rep PDF file to compare against Arlington PDF model.
-d, --debug                  output additional debugging information.
    --clobber                always overwrite PDF output report files (--pdf) rather than append underscores.
    --no-color               disable colorized text output (useful when redirecting or piping output)
-m, --batchmode              stop popup error dialog windows and redirect everything to console (Windows only, includes memory leak reports).
-o, --out                    output file or folder. Default is stdout. See --clobber for overwriting behavior.
-p, --pdf                    input PDF file, folder, or text file of PDF files/folders.
-f, --force                  force the PDF version to the specified value (1,0, 1.1, ..., 2.0 or 'exact'). Only applicable to --pdf.
-t, --tsvdir                 [required] folder containing Arlington PDF model TSV file set.
-v, --validate               validate the Arlington PDF model.
-e, --extensions             a comma-separated list of extensions, or '*' for all extensions.
    --password               password. Only applicable to --pdf.
    --exclude                PDF exclusion string or filelist (# is a comment). Only applicable to --pdf.
    --dryrun                 Dry run - don't do any actual processing.
-a, --allfiles               Process all files regardless of file extension.
    --explicit-values-only   Ignore wildcards in PossibleValues.

Built using pdfium

Validation exit: 0
Processing "/home/ubuntu/IdeaProjects/open-pdf/capabilities/profiles/T13-standards/fixtures/positive-direct-fonts.pdf" to stdout BEGIN - TestGrammar v0.81-folio-t13-r1 built Sep 12 2026 00:00:00 (GNU-C linux release) pdfium
Arlington TSV data: "/home/ubuntu/IdeaProjects/open-pdf/.build-cache/arlington/t13-r1/tsv/latest"
PDF: "/home/ubuntu/IdeaProjects/open-pdf/capabilities/profiles/T13-standards/fixtures/positive-direct-fonts.pdf"
Info: Traditional trailer dictionary detected.
Info: Header is version PDF 1.7
Info: Document Catalog/Version is PDF 2.0
Info: Command line forced to PDF 2.0
Info: Processing as PDF 2.0
       1: Trailer
       2:   Trailer->ID (as TrailerIDArray)
       3:   Trailer->Root (as Catalog)
       4:     Trailer->Root (as Catalog)->Pages (as PageTreeNodeRoot)
       5:       Trailer->Root (as Catalog)->Pages (as PageTreeNodeRoot)->Kids (as ArrayOfPageTreeNodeKids)
       6:         Trailer->Root (as Catalog)->Pages (as PageTreeNodeRoot)->Kids (as ArrayOfPageTreeNodeKids)[0 (as PageObject)]
       7:           Trailer->Root (as Catalog)->Pages (as PageTreeNodeRoot)->Kids (as ArrayOfPageTreeNodeKids)[0 (as PageObject)]->Contents (as Stream)
       8:           Trailer->Root (as Catalog)->Pages (as PageTreeNodeRoot)->Kids (as ArrayOfPageTreeNodeKids)[0 (as PageObject)]->Parent (as PageTreeNodeRoot)
       9:           Trailer->Root (as Catalog)->Pages (as PageTreeNodeRoot)->Kids (as ArrayOfPageTreeNodeKids)[0 (as PageObject)]->Resources (as Resource)
      10:             Trailer->Root (as Catalog)->Pages (as PageTreeNodeRoot)->Kids (as ArrayOfPageTreeNodeKids)[0 (as PageObject)]->Resources (as Resource)->Font (as FontMap)
      11:               Trailer->Root (as Catalog)->Pages (as PageTreeNodeRoot)->Kids (as ArrayOfPageTreeNodeKids)[0 (as PageObject)]->Resources (as Resource)->Font (as FontMap)->F1 (as FontType1)
      12:               Trailer->Root (as Catalog)->Pages (as PageTreeNodeRoot)->Kids (as ArrayOfPageTreeNodeKids)[0 (as PageObject)]->Resources (as Resource)->Font (as FontMap)->F2 (as FontMultipleMaster)
      13:               Trailer->Root (as Catalog)->Pages (as PageTreeNodeRoot)->Kids (as ArrayOfPageTreeNodeKids)[0 (as PageObject)]->Resources (as Resource)->Font (as FontMap)->F3 (as FontTrueType)
      14:               Trailer->Root (as Catalog)->Pages (as PageTreeNodeRoot)->Kids (as ArrayOfPageTreeNodeKids)[0 (as PageObject)]->Resources (as Resource)->Font (as FontMap)->F4 (as FontType0)
      15:               Trailer->Root (as Catalog)->Pages (as PageTreeNodeRoot)->Kids (as ArrayOfPageTreeNodeKids)[0 (as PageObject)]->Resources (as Resource)->Font (as FontMap)->F5 (as FontType0)
      16:               Trailer->Root (as Catalog)->Pages (as PageTreeNodeRoot)->Kids (as ArrayOfPageTreeNodeKids)[0 (as PageObject)]->Resources (as Resource)->Font (as FontMap)->F6 (as FontType0)
      17:               Trailer->Root (as Catalog)->Pages (as PageTreeNodeRoot)->Kids (as ArrayOfPageTreeNodeKids)[0 (as PageObject)]->Resources (as Resource)->Font (as FontMap)->F7 (as FontType0)
      18:                 Trailer->Root (as Catalog)->Pages (as PageTreeNodeRoot)->Kids (as ArrayOfPageTreeNodeKids)[0 (as PageObject)]->Resources (as Resource)->Font (as FontMap)->F1 (as FontType1)->FontDescriptor (as FontDescriptorType1)
      19:                 Trailer->Root (as Catalog)->Pages (as PageTreeNodeRoot)->Kids (as ArrayOfPageTreeNodeKids)[0 (as PageObject)]->Resources (as Resource)->Font (as FontMap)->F1 (as FontType1)->Widths (as ArrayOfNumbersGeneral)
      20:                 Trailer->Root (as Catalog)->Pages (as PageTreeNodeRoot)->Kids (as ArrayOfPageTreeNodeKids)[0 (as PageObject)]->Resources (as Resource)->Font (as FontMap)->F2 (as FontMultipleMaster)->FontDescriptor (as FontDescriptorType1)
      21:                 Trailer->Root (as Catalog)->Pages (as PageTreeNodeRoot)->Kids (as ArrayOfPageTreeNodeKids)[0 (as PageObject)]->Resources (as Resource)->Font (as FontMap)->F2 (as FontMultipleMaster)->Widths (as ArrayOfNumbersGeneral)
      22:                 Trailer->Root (as Catalog)->Pages (as PageTreeNodeRoot)->Kids (as ArrayOfPageTreeNodeKids)[0 (as PageObject)]->Resources (as Resource)->Font (as FontMap)->F3 (as FontTrueType)->FontDescriptor (as FontDescriptorTrueType)
      23:                 Trailer->Root (as Catalog)->Pages (as PageTreeNodeRoot)->Kids (as ArrayOfPageTreeNodeKids)[0 (as PageObject)]->Resources (as Resource)->Font (as FontMap)->F3 (as FontTrueType)->Widths (as ArrayOfNumbersGeneral)
      24:                 Trailer->Root (as Catalog)->Pages (as PageTreeNodeRoot)->Kids (as ArrayOfPageTreeNodeKids)[0 (as PageObject)]->Resources (as Resource)->Font (as FontMap)->F4 (as FontType0)->DescendantFonts (as ArrayOfDescendantFonts)
      25:                 Trailer->Root (as Catalog)->Pages (as PageTreeNodeRoot)->Kids (as ArrayOfPageTreeNodeKids)[0 (as PageObject)]->Resources (as Resource)->Font (as FontMap)->F4 (as FontType0)->Encoding (as CMapStream)
      26:                 Trailer->Root (as Catalog)->Pages (as PageTreeNodeRoot)->Kids (as ArrayOfPageTreeNodeKids)[0 (as PageObject)]->Resources (as Resource)->Font (as FontMap)->F4 (as FontType0)->ToUnicode (as ToUnicodeCMapStream)
      27:                 Trailer->Root (as Catalog)->Pages (as PageTreeNodeRoot)->Kids (as ArrayOfPageTreeNodeKids)[0 (as PageObject)]->Resources (as Resource)->Font (as FontMap)->F5 (as FontType0)->DescendantFonts (as ArrayOfDescendantFonts)
      28:                 Trailer->Root (as Catalog)->Pages (as PageTreeNodeRoot)->Kids (as ArrayOfPageTreeNodeKids)[0 (as PageObject)]->Resources (as Resource)->Font (as FontMap)->F5 (as FontType0)->Encoding (as CMapStream)
      29:                 Trailer->Root (as Catalog)->Pages (as PageTreeNodeRoot)->Kids (as ArrayOfPageTreeNodeKids)[0 (as PageObject)]->Resources (as Resource)->Font (as FontMap)->F5 (as FontType0)->ToUnicode (as ToUnicodeCMapStream)
      30:                 Trailer->Root (as Catalog)->Pages (as PageTreeNodeRoot)->Kids (as ArrayOfPageTreeNodeKids)[0 (as PageObject)]->Resources (as Resource)->Font (as FontMap)->F6 (as FontType0)->DescendantFonts (as ArrayOfDescendantFonts)
      31:                 Trailer->Root (as Catalog)->Pages (as PageTreeNodeRoot)->Kids (as ArrayOfPageTreeNodeKids)[0 (as PageObject)]->Resources (as Resource)->Font (as FontMap)->F6 (as FontType0)->Encoding (as CMapStream)
      32:                 Trailer->Root (as Catalog)->Pages (as PageTreeNodeRoot)->Kids (as ArrayOfPageTreeNodeKids)[0 (as PageObject)]->Resources (as Resource)->Font (as FontMap)->F6 (as FontType0)->ToUnicode (as ToUnicodeCMapStream)
      33:                 Trailer->Root (as Catalog)->Pages (as PageTreeNodeRoot)->Kids (as ArrayOfPageTreeNodeKids)[0 (as PageObject)]->Resources (as Resource)->Font (as FontMap)->F7 (as FontType0)->DescendantFonts (as ArrayOfDescendantFonts)
      34:                 Trailer->Root (as Catalog)->Pages (as PageTreeNodeRoot)->Kids (as ArrayOfPageTreeNodeKids)[0 (as PageObject)]->Resources (as Resource)->Font (as FontMap)->F7 (as FontType0)->Encoding (as CMapStream)
      35:                 Trailer->Root (as Catalog)->Pages (as PageTreeNodeRoot)->Kids (as ArrayOfPageTreeNodeKids)[0 (as PageObject)]->Resources (as Resource)->Font (as FontMap)->F7 (as FontType0)->ToUnicode (as ToUnicodeCMapStream)
      36:                   Trailer->Root (as Catalog)->Pages (as PageTreeNodeRoot)->Kids (as ArrayOfPageTreeNodeKids)[0 (as PageObject)]->Resources (as Resource)->Font (as FontMap)->F1 (as FontType1)->FontDescriptor (as FontDescriptorType1)->FontFile3 (as FontFile3Type1)
      37:                   Trailer->Root (as Catalog)->Pages (as PageTreeNodeRoot)->Kids (as ArrayOfPageTreeNodeKids)[0 (as PageObject)]->Resources (as Resource)->Font (as FontMap)->F3 (as FontTrueType)->FontDescriptor (as FontDescriptorTrueType)->FontFile2
      38:                   Trailer->Root (as Catalog)->Pages (as PageTreeNodeRoot)->Kids (as ArrayOfPageTreeNodeKids)[0 (as PageObject)]->Resources (as Resource)->Font (as FontMap)->F4 (as FontType0)->DescendantFonts (as ArrayOfDescendantFonts)[0 (as FontCIDType0)]
      39:                   Trailer->Root (as Catalog)->Pages (as PageTreeNodeRoot)->Kids (as ArrayOfPageTreeNodeKids)[0 (as PageObject)]->Resources (as Resource)->Font (as FontMap)->F4 (as FontType0)->Encoding (as CMapStream)->CIDSystemInfo
      40:                   Trailer->Root (as Catalog)->Pages (as PageTreeNodeRoot)->Kids (as ArrayOfPageTreeNodeKids)[0 (as PageObject)]->Resources (as Resource)->Font (as FontMap)->F4 (as FontType0)->ToUnicode (as ToUnicodeCMapStream)->CIDSystemInfo
      41:                   Trailer->Root (as Catalog)->Pages (as PageTreeNodeRoot)->Kids (as ArrayOfPageTreeNodeKids)[0 (as PageObject)]->Resources (as Resource)->Font (as FontMap)->F5 (as FontType0)->DescendantFonts (as ArrayOfDescendantFonts)[0 (as FontCIDType0)]
      42:                   Trailer->Root (as Catalog)->Pages (as PageTreeNodeRoot)->Kids (as ArrayOfPageTreeNodeKids)[0 (as PageObject)]->Resources (as Resource)->Font (as FontMap)->F5 (as FontType0)->Encoding (as CMapStream)->CIDSystemInfo
      43:                   Trailer->Root (as Catalog)->Pages (as PageTreeNodeRoot)->Kids (as ArrayOfPageTreeNodeKids)[0 (as PageObject)]->Resources (as Resource)->Font (as FontMap)->F5 (as FontType0)->ToUnicode (as ToUnicodeCMapStream)->CIDSystemInfo
      44:                   Trailer->Root (as Catalog)->Pages (as PageTreeNodeRoot)->Kids (as ArrayOfPageTreeNodeKids)[0 (as PageObject)]->Resources (as Resource)->Font (as FontMap)->F6 (as FontType0)->DescendantFonts (as ArrayOfDescendantFonts)[0 (as FontCIDType2)]
      45:                   Trailer->Root (as Catalog)->Pages (as PageTreeNodeRoot)->Kids (as ArrayOfPageTreeNodeKids)[0 (as PageObject)]->Resources (as Resource)->Font (as FontMap)->F7 (as FontType0)->DescendantFonts (as ArrayOfDescendantFonts)[0 (as FontCIDType2)]
      46:                     Trailer->Root (as Catalog)->Pages (as PageTreeNodeRoot)->Kids (as ArrayOfPageTreeNodeKids)[0 (as PageObject)]->Resources (as Resource)->Font (as FontMap)->F4 (as FontType0)->DescendantFonts (as ArrayOfDescendantFonts)[0 (as FontCIDType0)]->CIDSystemInfo
      47:                     Trailer->Root (as Catalog)->Pages (as PageTreeNodeRoot)->Kids (as ArrayOfPageTreeNodeKids)[0 (as PageObject)]->Resources (as Resource)->Font (as FontMap)->F4 (as FontType0)->DescendantFonts (as ArrayOfDescendantFonts)[0 (as FontCIDType0)]->DW2 (as ArrayOf_2Numbers)
      48:                     Trailer->Root (as Catalog)->Pages (as PageTreeNodeRoot)->Kids (as ArrayOfPageTreeNodeKids)[0 (as PageObject)]->Resources (as Resource)->Font (as FontMap)->F4 (as FontType0)->DescendantFonts (as ArrayOfDescendantFonts)[0 (as FontCIDType0)]->FontDescriptor (as FontDescriptorCIDType0)
      49:                     Trailer->Root (as Catalog)->Pages (as PageTreeNodeRoot)->Kids (as ArrayOfPageTreeNodeKids)[0 (as PageObject)]->Resources (as Resource)->Font (as FontMap)->F4 (as FontType0)->DescendantFonts (as ArrayOfDescendantFonts)[0 (as FontCIDType0)]->W (as ArrayOfCIDGlyphMetricsW)
      50:                     Trailer->Root (as Catalog)->Pages (as PageTreeNodeRoot)->Kids (as ArrayOfPageTreeNodeKids)[0 (as PageObject)]->Resources (as Resource)->Font (as FontMap)->F4 (as FontType0)->DescendantFonts (as ArrayOfDescendantFonts)[0 (as FontCIDType0)]->W2 (as ArrayOfCIDGlyphMetricsW2)
      51:                     Trailer->Root (as Catalog)->Pages (as PageTreeNodeRoot)->Kids (as ArrayOfPageTreeNodeKids)[0 (as PageObject)]->Resources (as Resource)->Font (as FontMap)->F6 (as FontType0)->DescendantFonts (as ArrayOfDescendantFonts)[0 (as FontCIDType2)]->CIDSystemInfo
      52:                     Trailer->Root (as Catalog)->Pages (as PageTreeNodeRoot)->Kids (as ArrayOfPageTreeNodeKids)[0 (as PageObject)]->Resources (as Resource)->Font (as FontMap)->F6 (as FontType0)->DescendantFonts (as ArrayOfDescendantFonts)[0 (as FontCIDType2)]->DW2 (as ArrayOf_2Numbers)
      53:                     Trailer->Root (as Catalog)->Pages (as PageTreeNodeRoot)->Kids (as ArrayOfPageTreeNodeKids)[0 (as PageObject)]->Resources (as Resource)->Font (as FontMap)->F6 (as FontType0)->DescendantFonts (as ArrayOfDescendantFonts)[0 (as FontCIDType2)]->FontDescriptor (as FontDescriptorCIDType2)
      54:                     Trailer->Root (as Catalog)->Pages (as PageTreeNodeRoot)->Kids (as ArrayOfPageTreeNodeKids)[0 (as PageObject)]->Resources (as Resource)->Font (as FontMap)->F6 (as FontType0)->DescendantFonts (as ArrayOfDescendantFonts)[0 (as FontCIDType2)]->W (as ArrayOfCIDGlyphMetricsW)
      55:                     Trailer->Root (as Catalog)->Pages (as PageTreeNodeRoot)->Kids (as ArrayOfPageTreeNodeKids)[0 (as PageObject)]->Resources (as Resource)->Font (as FontMap)->F6 (as FontType0)->DescendantFonts (as ArrayOfDescendantFonts)[0 (as FontCIDType2)]->W2 (as ArrayOfCIDGlyphMetricsW2)
      56:                       Trailer->Root (as Catalog)->Pages (as PageTreeNodeRoot)->Kids (as ArrayOfPageTreeNodeKids)[0 (as PageObject)]->Resources (as Resource)->Font (as FontMap)->F4 (as FontType0)->DescendantFonts (as ArrayOfDescendantFonts)[0 (as FontCIDType0)]->FontDescriptor (as FontDescriptorCIDType0)->FontFile3 (as FontFile3CIDType0)
      57:                       Trailer->Root (as Catalog)->Pages (as PageTreeNodeRoot)->Kids (as ArrayOfPageTreeNodeKids)[0 (as PageObject)]->Resources (as Resource)->Font (as FontMap)->F4 (as FontType0)->DescendantFonts (as ArrayOfDescendantFonts)[0 (as FontCIDType0)]->W (as ArrayOfCIDGlyphMetricsW)[1 (as ArrayOfNumbersGeneral)]
      58:                       Trailer->Root (as Catalog)->Pages (as PageTreeNodeRoot)->Kids (as ArrayOfPageTreeNodeKids)[0 (as PageObject)]->Resources (as Resource)->Font (as FontMap)->F4 (as FontType0)->DescendantFonts (as ArrayOfDescendantFonts)[0 (as FontCIDType0)]->W2 (as ArrayOfCIDGlyphMetricsW2)[1 (as ArrayOfNumbersGeneral)]
      59:                       Trailer->Root (as Catalog)->Pages (as PageTreeNodeRoot)->Kids (as ArrayOfPageTreeNodeKids)[0 (as PageObject)]->Resources (as Resource)->Font (as FontMap)->F6 (as FontType0)->DescendantFonts (as ArrayOfDescendantFonts)[0 (as FontCIDType2)]->FontDescriptor (as FontDescriptorCIDType2)->FontFile2
      60:                       Trailer->Root (as Catalog)->Pages (as PageTreeNodeRoot)->Kids (as ArrayOfPageTreeNodeKids)[0 (as PageObject)]->Resources (as Resource)->Font (as FontMap)->F6 (as FontType0)->DescendantFonts (as ArrayOfDescendantFonts)[0 (as FontCIDType2)]->W (as ArrayOfCIDGlyphMetricsW)[1 (as ArrayOfNumbersGeneral)]
      61:                       Trailer->Root (as Catalog)->Pages (as PageTreeNodeRoot)->Kids (as ArrayOfPageTreeNodeKids)[0 (as PageObject)]->Resources (as Resource)->Font (as FontMap)->F6 (as FontType0)->DescendantFonts (as ArrayOfDescendantFonts)[0 (as FontCIDType2)]->W2 (as ArrayOfCIDGlyphMetricsW2)[1 (as ArrayOfNumbersGeneral)]
Info: Latest Arlington object was PDF 1.4 (Catalog/Version) compared using forced PDF 2.0
END

DONE - 1 files processed

Negative control cid0-fontname-consistent sha256=4319e5fafd6fc7f68e684e997e98294c032de8f597122b1017bd4f0a3f9ffcb6 detected=true
Negative control cid0-w2-triples sha256=cbd767af4fa58ac7d4cda408dd808b023bfe22ac856c6ce7cb6b5f3975fc17c5 detected=true
Negative control cid2-fontname-consistent sha256=edf24d238820c37f49ebd3b6f288fd399faca702041b3cb1f9aa741b7200071d detected=true
Negative control cid2-w2-triples sha256=2c5d615a2b0e7315bcb331ab31fc3db54e30c59db27e50ccfef0de88db1e4ac7 detected=true
Negative control shared-fontname-consistent sha256=f00cbc7270fb1f346cd7d155fa6872f3dbecf30a0135b78593bba08e8fd1488a detected=false
Negative control truetype-fontname-consistent sha256=719a0fcaab5bce1e3d8a50b824e5d9eb44e320077376dad6c0249fdc262fd5e0 detected=true
Negative control type1-fontname-consistent sha256=d040f3e514d4fd382b7d93bbf59e511230e24d48b86e1e92ac06fc953e1c84a7 detected=true
 expected:<[pass]> but was:<[indeterminate]>
	at org.junit.Assert.assertEquals(Assert.java:117)
	at net.zerocloud.pdf.acceptance.T13StandardsQualificationTest.originalEmbeddedFontsAndInheritedCMapsQualifyEveryOwningFontAndVerticalWidths(T13StandardsQualificationTest.java:33)
	at java.base/jdk.internal.reflect.NativeMethodAccessorImpl.invoke0(Native Method)
	at java.base/jdk.internal.reflect.NativeMethodAccessorImpl.invoke(NativeMethodAccessorImpl.java:77)
	at java.base/jdk.internal.reflect.DelegatingMethodAccessorImpl.invoke(DelegatingMethodAccessorImpl.java:43)
	at java.base/java.lang.reflect.Method.invoke(Method.java:568)
	at org.junit.runners.model.FrameworkMethod$1.runReflectiveCall(FrameworkMethod.java:59)
	at org.junit.internal.runners.model.ReflectiveCallable.run(ReflectiveCallable.java:12)
	at org.junit.runners.model.FrameworkMethod.invokeExplosively(FrameworkMethod.java:56)
	at org.junit.internal.runners.statements.InvokeMethod.evaluate(InvokeMethod.java:17)
	at org.junit.rules.ExternalResource$1.evaluate(ExternalResource.java:54)
	at org.junit.runners.ParentRunner$3.evaluate(ParentRunner.java:306)
	at org.junit.runners.BlockJUnit4ClassRunner$1.evaluate(BlockJUnit4ClassRunner.java:100)
	at org.junit.runners.ParentRunner.runLeaf(ParentRunner.java:366)
	at org.junit.runners.BlockJUnit4ClassRunner.runChild(BlockJUnit4ClassRunner.java:103)
	at org.junit.runners.BlockJUnit4ClassRunner.runChild(BlockJUnit4ClassRunner.java:63)
	at org.junit.runners.ParentRunner$4.run(ParentRunner.java:331)
	at org.junit.runners.ParentRunner$1.schedule(ParentRunner.java:79)
	at org.junit.runners.ParentRunner.runChildren(ParentRunner.java:329)
	at org.junit.runners.ParentRunner.access$100(ParentRunner.java:66)
	at org.junit.runners.ParentRunner$2.evaluate(ParentRunner.java:293)
	at org.junit.runners.ParentRunner$3.evaluate(ParentRunner.java:306)
	at org.junit.runners.ParentRunner.run(ParentRunner.java:413)
	at org.apache.maven.surefire.junit4.JUnit4Provider.execute(JUnit4Provider.java:316)
	at org.apache.maven.surefire.junit4.JUnit4Provider.executeWithRerun(JUnit4Provider.java:240)
	at org.apache.maven.surefire.junit4.JUnit4Provider.executeTestSet(JUnit4Provider.java:214)
	at org.apache.maven.surefire.junit4.JUnit4Provider.invoke(JUnit4Provider.java:155)
	at org.apache.maven.surefire.booter.ForkedBooter.runSuitesInProcess(ForkedBooter.java:385)
	at org.apache.maven.surefire.booter.ForkedBooter.execute(ForkedBooter.java:162)
	at org.apache.maven.surefire.booter.ForkedBooter.run(ForkedBooter.java:507)
	at org.apache.maven.surefire.booter.ForkedBooter.main(ForkedBooter.java:495)

[INFO] 
[INFO] Results:
[INFO] 
[ERROR] Failures: 
[ERROR]   T13StandardsQualificationTest.originalEmbeddedFontsAndInheritedCMapsQualifyEveryOwningFontAndVerticalWidths:33 Version exit: 0


Arlington PDF Model C++ P.o.C. version v0.81-folio-t13-r1 built Sep 12 2026 00:00:00 (GNU-C linux release)
Choose one of: --pdf, --checkdva or --validate.

Usage:
	TestGrammar --tsvdir <dir> [--force <ver>|exact] [--out <fname|dir>] [--no-color] [--clobber] [--debug] [--brief] [--extensions <extn1[,extn2]>] [--password <pwd>] [--exclude string | @textfile.txt] [--dryrun] [--allfiles] [--validate | --checkdva <formalrep> | --pdf <fname|dir|@file.txt> ]

Options: 
-h, --help                   This usage message.
-b, --brief                  terse output when checking PDFs. The full PDF DOM tree is NOT output.
-c, --checkdva               Adobe DVA formal-rep PDF file to compare against Arlington PDF model.
-d, --debug                  output additional debugging information.
    --clobber                always overwrite PDF output report files (--pdf) rather than append underscores.
    --no-color               disable colorized text output (useful when redirecting or piping output)
-m, --batchmode              stop popup error dialog windows and redirect everything to console (Windows only, includes memory leak reports).
-o, --out                    output file or folder. Default is stdout. See --clobber for overwriting behavior.
-p, --pdf                    input PDF file, folder, or text file of PDF files/folders.
-f, --force                  force the PDF version to the specified value (1,0, 1.1, ..., 2.0 or 'exact'). Only applicable to --pdf.
-t, --tsvdir                 [required] folder containing Arlington PDF model TSV file set.
-v, --validate               validate the Arlington PDF model.
-e, --extensions             a comma-separated list of extensions, or '*' for all extensions.
    --password               password. Only applicable to --pdf.
    --exclude                PDF exclusion string or filelist (# is a comment). Only applicable to --pdf.
    --dryrun                 Dry run - don't do any actual processing.
-a, --allfiles               Process all files regardless of file extension.
    --explicit-values-only   Ignore wildcards in PossibleValues.

Built using pdfium

Validation exit: 0
Processing "/home/ubuntu/IdeaProjects/open-pdf/capabilities/profiles/T13-standards/fixtures/positive-direct-fonts.pdf" to stdout BEGIN - TestGrammar v0.81-folio-t13-r1 built Sep 12 2026 00:00:00 (GNU-C linux release) pdfium
Arlington TSV data: "/home/ubuntu/IdeaProjects/open-pdf/.build-cache/arlington/t13-r1/tsv/latest"
PDF: "/home/ubuntu/IdeaProjects/open-pdf/capabilities/profiles/T13-standards/fixtures/positive-direct-fonts.pdf"
Info: Traditional trailer dictionary detected.
Info: Header is version PDF 1.7
Info: Document Catalog/Version is PDF 2.0
Info: Command line forced to PDF 2.0
Info: Processing as PDF 2.0
       1: Trailer
       2:   Trailer->ID (as TrailerIDArray)
       3:   Trailer->Root (as Catalog)
       4:     Trailer->Root (as Catalog)->Pages (as PageTreeNodeRoot)
       5:       Trailer->Root (as Catalog)->Pages (as PageTreeNodeRoot)->Kids (as ArrayOfPageTreeNodeKids)
       6:         Trailer->Root (as Catalog)->Pages (as PageTreeNodeRoot)->Kids (as ArrayOfPageTreeNodeKids)[0 (as PageObject)]
       7:           Trailer->Root (as Catalog)->Pages (as PageTreeNodeRoot)->Kids (as ArrayOfPageTreeNodeKids)[0 (as PageObject)]->Contents (as Stream)
       8:           Trailer->Root (as Catalog)->Pages (as PageTreeNodeRoot)->Kids (as ArrayOfPageTreeNodeKids)[0 (as PageObject)]->Parent (as PageTreeNodeRoot)
       9:           Trailer->Root (as Catalog)->Pages (as PageTreeNodeRoot)->Kids (as ArrayOfPageTreeNodeKids)[0 (as PageObject)]->Resources (as Resource)
      10:             Trailer->Root (as Catalog)->Pages (as PageTreeNodeRoot)->Kids (as ArrayOfPageTreeNodeKids)[0 (as PageObject)]->Resources (as Resource)->Font (as FontMap)
      11:               Trailer->Root (as Catalog)->Pages (as PageTreeNodeRoot)->Kids (as ArrayOfPageTreeNodeKids)[0 (as PageObject)]->Resources (as Resource)->Font (as FontMap)->F1 (as FontType1)
      12:               Trailer->Root (as Catalog)->Pages (as PageTreeNodeRoot)->Kids (as ArrayOfPageTreeNodeKids)[0 (as PageObject)]->Resources (as Resource)->Font (as FontMap)->F2 (as FontMultipleMaster)
      13:               Trailer->Root (as Catalog)->Pages (as PageTreeNodeRoot)->Kids (as ArrayOfPageTreeNodeKids)[0 (as PageObject)]->Resources (as Resource)->Font (as FontMap)->F3 (as FontTrueType)
      14:               Trailer->Root (as Catalog)->Pages (as PageTreeNodeRoot)->Kids (as ArrayOfPageTreeNodeKids)[0 (as PageObject)]->Resources (as Resource)->Font (as FontMap)->F4 (as FontType0)
      15:               Trailer->Root (as Catalog)->Pages (as PageTreeNodeRoot)->Kids (as ArrayOfPageTreeNodeKids)[0 (as PageObject)]->Resources (as Resource)->Font (as FontMap)->F5 (as FontType0)
      16:               Trailer->Root (as Catalog)->Pages (as PageTreeNodeRoot)->Kids (as ArrayOfPageTreeNodeKids)[0 (as PageObject)]->Resources (as Resource)->Font (as FontMap)->F6 (as FontType0)
      17:               Trailer->Root (as Catalog)->Pages (as PageTreeNodeRoot)->Kids (as ArrayOfPageTreeNodeKids)[0 (as PageObject)]->Resources (as Resource)->Font (as FontMap)->F7 (as FontType0)
      18:                 Trailer->Root (as Catalog)->Pages (as PageTreeNodeRoot)->Kids (as ArrayOfPageTreeNodeKids)[0 (as PageObject)]->Resources (as Resource)->Font (as FontMap)->F1 (as FontType1)->FontDescriptor (as FontDescriptorType1)
      19:                 Trailer->Root (as Catalog)->Pages (as PageTreeNodeRoot)->Kids (as ArrayOfPageTreeNodeKids)[0 (as PageObject)]->Resources (as Resource)->Font (as FontMap)->F1 (as FontType1)->Widths (as ArrayOfNumbersGeneral)
      20:                 Trailer->Root (as Catalog)->Pages (as PageTreeNodeRoot)->Kids (as ArrayOfPageTreeNodeKids)[0 (as PageObject)]->Resources (as Resource)->Font (as FontMap)->F2 (as FontMultipleMaster)->FontDescriptor (as FontDescriptorType1)
      21:                 Trailer->Root (as Catalog)->Pages (as PageTreeNodeRoot)->Kids (as ArrayOfPageTreeNodeKids)[0 (as PageObject)]->Resources (as Resource)->Font (as FontMap)->F2 (as FontMultipleMaster)->Widths (as ArrayOfNumbersGeneral)
      22:                 Trailer->Root (as Catalog)->Pages (as PageTreeNodeRoot)->Kids (as ArrayOfPageTreeNodeKids)[0 (as PageObject)]->Resources (as Resource)->Font (as FontMap)->F3 (as FontTrueType)->FontDescriptor (as FontDescriptorTrueType)
      23:                 Trailer->Root (as Catalog)->Pages (as PageTreeNodeRoot)->Kids (as ArrayOfPageTreeNodeKids)[0 (as PageObject)]->Resources (as Resource)->Font (as FontMap)->F3 (as FontTrueType)->Widths (as ArrayOfNumbersGeneral)
      24:                 Trailer->Root (as Catalog)->Pages (as PageTreeNodeRoot)->Kids (as ArrayOfPageTreeNodeKids)[0 (as PageObject)]->Resources (as Resource)->Font (as FontMap)->F4 (as FontType0)->DescendantFonts (as ArrayOfDescendantFonts)
      25:                 Trailer->Root (as Catalog)->Pages (as PageTreeNodeRoot)->Kids (as ArrayOfPageTreeNodeKids)[0 (as PageObject)]->Resources (as Resource)->Font (as FontMap)->F4 (as FontType0)->Encoding (as CMapStream)
      26:                 Trailer->Root (as Catalog)->Pages (as PageTreeNodeRoot)->Kids (as ArrayOfPageTreeNodeKids)[0 (as PageObject)]->Resources (as Resource)->Font (as FontMap)->F4 (as FontType0)->ToUnicode (as ToUnicodeCMapStream)
      27:                 Trailer->Root (as Catalog)->Pages (as PageTreeNodeRoot)->Kids (as ArrayOfPageTreeNodeKids)[0 (as PageObject)]->Resources (as Resource)->Font (as FontMap)->F5 (as FontType0)->DescendantFonts (as ArrayOfDescendantFonts)
      28:                 Trailer->Root (as Catalog)->Pages (as PageTreeNodeRoot)->Kids (as ArrayOfPageTreeNodeKids)[0 (as PageObject)]->Resources (as Resource)->Font (as FontMap)->F5 (as FontType0)->Encoding (as CMapStream)
      29:                 Trailer->Root (as Catalog)->Pages (as PageTreeNodeRoot)->Kids (as ArrayOfPageTreeNodeKids)[0 (as PageObject)]->Resources (as Resource)->Font (as FontMap)->F5 (as FontType0)->ToUnicode (as ToUnicodeCMapStream)
      30:                 Trailer->Root (as Catalog)->Pages (as PageTreeNodeRoot)->Kids (as ArrayOfPageTreeNodeKids)[0 (as PageObject)]->Resources (as Resource)->Font (as FontMap)->F6 (as FontType0)->DescendantFonts (as ArrayOfDescendantFonts)
      31:                 Trailer->Root (as Catalog)->Pages (as PageTreeNodeRoot)->Kids (as ArrayOfPageTreeNodeKids)[0 (as PageObject)]->Resources (as Resource)->Font (as FontMap)->F6 (as FontType0)->Encoding (as CMapStream)
      32:                 Trailer->Root (as Catalog)->Pages (as PageTreeNodeRoot)->Kids (as ArrayOfPageTreeNodeKids)[0 (as PageObject)]->Resources (as Resource)->Font (as FontMap)->F6 (as FontType0)->ToUnicode (as ToUnicodeCMapStream)
      33:                 Trailer->Root (as Catalog)->Pages (as PageTreeNodeRoot)->Kids (as ArrayOfPageTreeNodeKids)[0 (as PageObject)]->Resources (as Resource)->Font (as FontMap)->F7 (as FontType0)->DescendantFonts (as ArrayOfDescendantFonts)
      34:                 Trailer->Root (as Catalog)->Pages (as PageTreeNodeRoot)->Kids (as ArrayOfPageTreeNodeKids)[0 (as PageObject)]->Resources (as Resource)->Font (as FontMap)->F7 (as FontType0)->Encoding (as CMapStream)
      35:                 Trailer->Root (as Catalog)->Pages (as PageTreeNodeRoot)->Kids (as ArrayOfPageTreeNodeKids)[0 (as PageObject)]->Resources (as Resource)->Font (as FontMap)->F7 (as FontType0)->ToUnicode (as ToUnicodeCMapStream)
      36:                   Trailer->Root (as Catalog)->Pages (as PageTreeNodeRoot)->Kids (as ArrayOfPageTreeNodeKids)[0 (as PageObject)]->Resources (as Resource)->Font (as FontMap)->F1 (as FontType1)->FontDescriptor (as FontDescriptorType1)->FontFile3 (as FontFile3Type1)
      37:                   Trailer->Root (as Catalog)->Pages (as PageTreeNodeRoot)->Kids (as ArrayOfPageTreeNodeKids)[0 (as PageObject)]->Resources (as Resource)->Font (as FontMap)->F3 (as FontTrueType)->FontDescriptor (as FontDescriptorTrueType)->FontFile2
      38:                   Trailer->Root (as Catalog)->Pages (as PageTreeNodeRoot)->Kids (as ArrayOfPageTreeNodeKids)[0 (as PageObject)]->Resources (as Resource)->Font (as FontMap)->F4 (as FontType0)->DescendantFonts (as ArrayOfDescendantFonts)[0 (as FontCIDType0)]
      39:                   Trailer->Root (as Catalog)->Pages (as PageTreeNodeRoot)->Kids (as ArrayOfPageTreeNodeKids)[0 (as PageObject)]->Resources (as Resource)->Font (as FontMap)->F4 (as FontType0)->Encoding (as CMapStream)->CIDSystemInfo
      40:                   Trailer->Root (as Catalog)->Pages (as PageTreeNodeRoot)->Kids (as ArrayOfPageTreeNodeKids)[0 (as PageObject)]->Resources (as Resource)->Font (as FontMap)->F4 (as FontType0)->ToUnicode (as ToUnicodeCMapStream)->CIDSystemInfo
      41:                   Trailer->Root (as Catalog)->Pages (as PageTreeNodeRoot)->Kids (as ArrayOfPageTreeNodeKids)[0 (as PageObject)]->Resources (as Resource)->Font (as FontMap)->F5 (as FontType0)->DescendantFonts (as ArrayOfDescendantFonts)[0 (as FontCIDType0)]
      42:                   Trailer->Root (as Catalog)->Pages (as PageTreeNodeRoot)->Kids (as ArrayOfPageTreeNodeKids)[0 (as PageObject)]->Resources (as Resource)->Font (as FontMap)->F5 (as FontType0)->Encoding (as CMapStream)->CIDSystemInfo
      43:                   Trailer->Root (as Catalog)->Pages (as PageTreeNodeRoot)->Kids (as ArrayOfPageTreeNodeKids)[0 (as PageObject)]->Resources (as Resource)->Font (as FontMap)->F5 (as FontType0)->ToUnicode (as ToUnicodeCMapStream)->CIDSystemInfo
      44:                   Trailer->Root (as Catalog)->Pages (as PageTreeNodeRoot)->Kids (as ArrayOfPageTreeNodeKids)[0 (as PageObject)]->Resources (as Resource)->Font (as FontMap)->F6 (as FontType0)->DescendantFonts (as ArrayOfDescendantFonts)[0 (as FontCIDType2)]
      45:                   Trailer->Root (as Catalog)->Pages (as PageTreeNodeRoot)->Kids (as ArrayOfPageTreeNodeKids)[0 (as PageObject)]->Resources (as Resource)->Font (as FontMap)->F7 (as FontType0)->DescendantFonts (as ArrayOfDescendantFonts)[0 (as FontCIDType2)]
      46:                     Trailer->Root (as Catalog)->Pages (as PageTreeNodeRoot)->Kids (as ArrayOfPageTreeNodeKids)[0 (as PageObject)]->Resources (as Resource)->Font (as FontMap)->F4 (as FontType0)->DescendantFonts (as ArrayOfDescendantFonts)[0 (as FontCIDType0)]->CIDSystemInfo
      47:                     Trailer->Root (as Catalog)->Pages (as PageTreeNodeRoot)->Kids (as ArrayOfPageTreeNodeKids)[0 (as PageObject)]->Resources (as Resource)->Font (as FontMap)->F4 (as FontType0)->DescendantFonts (as ArrayOfDescendantFonts)[0 (as FontCIDType0)]->DW2 (as ArrayOf_2Numbers)
      48:                     Trailer->Root (as Catalog)->Pages (as PageTreeNodeRoot)->Kids (as ArrayOfPageTreeNodeKids)[0 (as PageObject)]->Resources (as Resource)->Font (as FontMap)->F4 (as FontType0)->DescendantFonts (as ArrayOfDescendantFonts)[0 (as FontCIDType0)]->FontDescriptor (as FontDescriptorCIDType0)
      49:                     Trailer->Root (as Catalog)->Pages (as PageTreeNodeRoot)->Kids (as ArrayOfPageTreeNodeKids)[0 (as PageObject)]->Resources (as Resource)->Font (as FontMap)->F4 (as FontType0)->DescendantFonts (as ArrayOfDescendantFonts)[0 (as FontCIDType0)]->W (as ArrayOfCIDGlyphMetricsW)
      50:                     Trailer->Root (as Catalog)->Pages (as PageTreeNodeRoot)->Kids (as ArrayOfPageTreeNodeKids)[0 (as PageObject)]->Resources (as Resource)->Font (as FontMap)->F4 (as FontType0)->DescendantFonts (as ArrayOfDescendantFonts)[0 (as FontCIDType0)]->W2 (as ArrayOfCIDGlyphMetricsW2)
      51:                     Trailer->Root (as Catalog)->Pages (as PageTreeNodeRoot)->Kids (as ArrayOfPageTreeNodeKids)[0 (as PageObject)]->Resources (as Resource)->Font (as FontMap)->F6 (as FontType0)->DescendantFonts (as ArrayOfDescendantFonts)[0 (as FontCIDType2)]->CIDSystemInfo
      52:                     Trailer->Root (as Catalog)->Pages (as PageTreeNodeRoot)->Kids (as ArrayOfPageTreeNodeKids)[0 (as PageObject)]->Resources (as Resource)->Font (as FontMap)->F6 (as FontType0)->DescendantFonts (as ArrayOfDescendantFonts)[0 (as FontCIDType2)]->DW2 (as ArrayOf_2Numbers)
      53:                     Trailer->Root (as Catalog)->Pages (as PageTreeNodeRoot)->Kids (as ArrayOfPageTreeNodeKids)[0 (as PageObject)]->Resources (as Resource)->Font (as FontMap)->F6 (as FontType0)->DescendantFonts (as ArrayOfDescendantFonts)[0 (as FontCIDType2)]->FontDescriptor (as FontDescriptorCIDType2)
      54:                     Trailer->Root (as Catalog)->Pages (as PageTreeNodeRoot)->Kids (as ArrayOfPageTreeNodeKids)[0 (as PageObject)]->Resources (as Resource)->Font (as FontMap)->F6 (as FontType0)->DescendantFonts (as ArrayOfDescendantFonts)[0 (as FontCIDType2)]->W (as ArrayOfCIDGlyphMetricsW)
      55:                     Trailer->Root (as Catalog)->Pages (as PageTreeNodeRoot)->Kids (as ArrayOfPageTreeNodeKids)[0 (as PageObject)]->Resources (as Resource)->Font (as FontMap)->F6 (as FontType0)->DescendantFonts (as ArrayOfDescendantFonts)[0 (as FontCIDType2)]->W2 (as ArrayOfCIDGlyphMetricsW2)
      56:                       Trailer->Root (as Catalog)->Pages (as PageTreeNodeRoot)->Kids (as ArrayOfPageTreeNodeKids)[0 (as PageObject)]->Resources (as Resource)->Font (as FontMap)->F4 (as FontType0)->DescendantFonts (as ArrayOfDescendantFonts)[0 (as FontCIDType0)]->FontDescriptor (as FontDescriptorCIDType0)->FontFile3 (as FontFile3CIDType0)
      57:                       Trailer->Root (as Catalog)->Pages (as PageTreeNodeRoot)->Kids (as ArrayOfPageTreeNodeKids)[0 (as PageObject)]->Resources (as Resource)->Font (as FontMap)->F4 (as FontType0)->DescendantFonts (as ArrayOfDescendantFonts)[0 (as FontCIDType0)]->W (as ArrayOfCIDGlyphMetricsW)[1 (as ArrayOfNumbersGeneral)]
      58:                       Trailer->Root (as Catalog)->Pages (as PageTreeNodeRoot)->Kids (as ArrayOfPageTreeNodeKids)[0 (as PageObject)]->Resources (as Resource)->Font (as FontMap)->F4 (as FontType0)->DescendantFonts (as ArrayOfDescendantFonts)[0 (as FontCIDType0)]->W2 (as ArrayOfCIDGlyphMetricsW2)[1 (as ArrayOfNumbersGeneral)]
      59:                       Trailer->Root (as Catalog)->Pages (as PageTreeNodeRoot)->Kids (as ArrayOfPageTreeNodeKids)[0 (as PageObject)]->Resources (as Resource)->Font (as FontMap)->F6 (as FontType0)->DescendantFonts (as ArrayOfDescendantFonts)[0 (as FontCIDType2)]->FontDescriptor (as FontDescriptorCIDType2)->FontFile2
      60:                       Trailer->Root (as Catalog)->Pages (as PageTreeNodeRoot)->Kids (as ArrayOfPageTreeNodeKids)[0 (as PageObject)]->Resources (as Resource)->Font (as FontMap)->F6 (as FontType0)->DescendantFonts (as ArrayOfDescendantFonts)[0 (as FontCIDType2)]->W (as ArrayOfCIDGlyphMetricsW)[1 (as ArrayOfNumbersGeneral)]
      61:                       Trailer->Root (as Catalog)->Pages (as PageTreeNodeRoot)->Kids (as ArrayOfPageTreeNodeKids)[0 (as PageObject)]->Resources (as Resource)->Font (as FontMap)->F6 (as FontType0)->DescendantFonts (as ArrayOfDescendantFonts)[0 (as FontCIDType2)]->W2 (as ArrayOfCIDGlyphMetricsW2)[1 (as ArrayOfNumbersGeneral)]
Info: Latest Arlington object was PDF 1.4 (Catalog/Version) compared using forced PDF 2.0
END

DONE - 1 files processed

Negative control cid0-fontname-consistent sha256=4319e5fafd6fc7f68e684e997e98294c032de8f597122b1017bd4f0a3f9ffcb6 detected=true
Negative control cid0-w2-triples sha256=cbd767af4fa58ac7d4cda408dd808b023bfe22ac856c6ce7cb6b5f3975fc17c5 detected=true
Negative control cid2-fontname-consistent sha256=edf24d238820c37f49ebd3b6f288fd399faca702041b3cb1f9aa741b7200071d detected=true
Negative control cid2-w2-triples sha256=2c5d615a2b0e7315bcb331ab31fc3db54e30c59db27e50ccfef0de88db1e4ac7 detected=true
Negative control shared-fontname-consistent sha256=f00cbc7270fb1f346cd7d155fa6872f3dbecf30a0135b78593bba08e8fd1488a detected=false
Negative control truetype-fontname-consistent sha256=719a0fcaab5bce1e3d8a50b824e5d9eb44e320077376dad6c0249fdc262fd5e0 detected=true
Negative control type1-fontname-consistent sha256=d040f3e514d4fd382b7d93bbf59e511230e24d48b86e1e92ac06fc953e1c84a7 detected=true
 expected:<[pass]> but was:<[indeterminate]>
[INFO] 
[ERROR] Tests run: 1, Failures: 1, Errors: 0, Skipped: 0
[INFO] 
[INFO] ------------------------------------------------------------------------
[INFO] Reactor Summary for Folio PDF by ZeroCloud - Parent 0.1.0-SNAPSHOT:
[INFO] 
[INFO] Folio PDF by ZeroCloud - Parent .................... SUCCESS [  0.279 s]
[INFO] Folio PDF by ZeroCloud - Capability Provider Contract SUCCESS [  0.356 s]
[INFO] Folio PDF by ZeroCloud - Conversion ................ SUCCESS [  0.045 s]
[INFO] Folio PDF by ZeroCloud - Document Engine ........... SUCCESS [  0.101 s]
[INFO] Folio PDF by ZeroCloud - Stable iText 7 Migration Facade SUCCESS [  0.050 s]
[INFO] Folio PDF by ZeroCloud - Acceptance Evidence ....... FAILURE [  2.638 s]
[INFO] ------------------------------------------------------------------------
[INFO] BUILD FAILURE
[INFO] ------------------------------------------------------------------------
[INFO] Total time:  3.620 s
[INFO] Finished at: 2026-09-12T17:01:06+08:00
[INFO] ------------------------------------------------------------------------
[ERROR] Failed to execute goal org.apache.maven.plugins:maven-surefire-plugin:3.5.4:test (default-test) on project pdf-acceptance: There are test failures.
[ERROR] 
[ERROR] See /home/ubuntu/IdeaProjects/open-pdf/pdf-acceptance/target/surefire-reports for the individual test results.
[ERROR] See dump files (if any exist) [date].dump, [date]-jvmRun[N].dump and [date].dumpstream.
[ERROR] -> [Help 1]
[ERROR] 
[ERROR] To see the full stack trace of the errors, re-run Maven with the -e switch.
[ERROR] Re-run Maven using the -X switch to enable full debug logging.
[ERROR] 
[ERROR] For more information about the errors and possible solutions, please read the following articles:
[ERROR] [Help 1] http://cwiki.apache.org/confluence/display/MAVEN/MojoFailureException
[ERROR] 
[ERROR] After correcting the problems, you can resume the build with the command
[ERROR]   mvn <args> -rf :pdf-acceptance
