-- The C compiler identification is GNU 13.3.0
-- The CXX compiler identification is GNU 13.3.0
-- Detecting C compiler ABI info
-- Detecting C compiler ABI info - done
-- Check for working C compiler: /usr/bin/cc - skipped
-- Detecting C compile features
-- Detecting C compile features - done
-- Detecting CXX compiler ABI info
-- Detecting CXX compiler ABI info - done
-- Check for working CXX compiler: /usr/bin/c++ - skipped
-- Detecting CXX compile features
-- Detecting CXX compile features - done
-- Building with pdfium
-- Configuring done (0.5s)
-- Generating done (0.0s)
-- Build files have been written to: /home/ubuntu/IdeaProjects/open-pdf/.build-cache/arlington/t13-r1/build
[  0%] Building CXX object CMakeFiles/TestGrammar.dir/src/Main.cpp.o
[  0%] Building CXX object CMakeFiles/TestGrammar.dir/src/ArlingtonTSVGrammarFile.cpp.o
[  1%] Building CXX object CMakeFiles/TestGrammar.dir/src/CheckGrammar.cpp.o
[  1%] Building CXX object CMakeFiles/TestGrammar.dir/src/CheckDVA.cpp.o
[  1%] Building CXX object CMakeFiles/TestGrammar.dir/src/ParseObjects.cpp.o
[  1%] Building CXX object CMakeFiles/TestGrammar.dir/src/PredicateProcessor.cpp.o
[  2%] Building CXX object CMakeFiles/TestGrammar.dir/src/LRParsePredicate.cpp.o
[  2%] Building CXX object CMakeFiles/TestGrammar.dir/src/ArlVersion.cpp.o
[  2%] Building CXX object CMakeFiles/TestGrammar.dir/src/PDFFile.cpp.o
[  2%] Building CXX object CMakeFiles/TestGrammar.dir/src/Utils.cpp.o
[  3%] Building CXX object CMakeFiles/TestGrammar.dir/sarge/sarge.cpp.o
[  3%] Building CXX object CMakeFiles/TestGrammar.dir/src/ArlingtonPDFShimPDFium.cpp.o
[  3%] Building CXX object CMakeFiles/TestGrammar.dir/pdfium/core/src/fdrm/crypto/fx_crypt.cpp.o
[  4%] Building CXX object CMakeFiles/TestGrammar.dir/pdfium/core/src/fdrm/crypto/fx_crypt_aes.cpp.o
[  4%] Building CXX object CMakeFiles/TestGrammar.dir/pdfium/core/src/fdrm/crypto/fx_crypt_sha.cpp.o
[  4%] Building CXX object CMakeFiles/TestGrammar.dir/pdfium/core/src/fpdfapi/fpdf_basic_module.cpp.o
[  5%] Building CXX object CMakeFiles/TestGrammar.dir/pdfium/core/src/fpdfapi/fpdf_cmaps/CNS1/Adobe-CNS1-UCS2_5.cpp.o
[  5%] Building CXX object CMakeFiles/TestGrammar.dir/pdfium/core/src/fpdfapi/fpdf_cmaps/CNS1/B5pc-H_0.cpp.o
[  5%] Building CXX object CMakeFiles/TestGrammar.dir/pdfium/core/src/fpdfapi/fpdf_cmaps/CNS1/B5pc-V_0.cpp.o
[  5%] Building CXX object CMakeFiles/TestGrammar.dir/pdfium/core/src/fpdfapi/fpdf_cmaps/CNS1/cmaps_cns1.cpp.o
[  6%] Building CXX object CMakeFiles/TestGrammar.dir/pdfium/core/src/fpdfapi/fpdf_cmaps/CNS1/CNS-EUC-H_0.cpp.o
[  6%] Building CXX object CMakeFiles/TestGrammar.dir/pdfium/core/src/fpdfapi/fpdf_cmaps/CNS1/CNS-EUC-V_0.cpp.o
[  6%] Building CXX object CMakeFiles/TestGrammar.dir/pdfium/core/src/fpdfapi/fpdf_cmaps/CNS1/ETen-B5-H_0.cpp.o
[  7%] Building CXX object CMakeFiles/TestGrammar.dir/pdfium/core/src/fpdfapi/fpdf_cmaps/CNS1/ETen-B5-V_0.cpp.o
[  7%] Building CXX object CMakeFiles/TestGrammar.dir/pdfium/core/src/fpdfapi/fpdf_cmaps/CNS1/ETenms-B5-H_0.cpp.o
[  7%] Building CXX object CMakeFiles/TestGrammar.dir/pdfium/core/src/fpdfapi/fpdf_cmaps/CNS1/ETenms-B5-V_0.cpp.o
[  7%] Building CXX object CMakeFiles/TestGrammar.dir/pdfium/core/src/fpdfapi/fpdf_cmaps/CNS1/HKscs-B5-H_5.cpp.o
[  8%] Building CXX object CMakeFiles/TestGrammar.dir/pdfium/core/src/fpdfapi/fpdf_cmaps/CNS1/HKscs-B5-V_5.cpp.o
[  8%] Building CXX object CMakeFiles/TestGrammar.dir/pdfium/core/src/fpdfapi/fpdf_cmaps/CNS1/UniCNS-UCS2-H_3.cpp.o
[  8%] Building CXX object CMakeFiles/TestGrammar.dir/pdfium/core/src/fpdfapi/fpdf_cmaps/CNS1/UniCNS-UCS2-V_3.cpp.o
[  9%] Building CXX object CMakeFiles/TestGrammar.dir/pdfium/core/src/fpdfapi/fpdf_cmaps/CNS1/UniCNS-UTF16-H_0.cpp.o
[  9%] Building CXX object CMakeFiles/TestGrammar.dir/pdfium/core/src/fpdfapi/fpdf_cmaps/fpdf_cmaps.cpp.o
[  9%] Building CXX object CMakeFiles/TestGrammar.dir/pdfium/core/src/fpdfapi/fpdf_cmaps/GB1/Adobe-GB1-UCS2_5.cpp.o
[ 10%] Building CXX object CMakeFiles/TestGrammar.dir/pdfium/core/src/fpdfapi/fpdf_cmaps/GB1/cmaps_gb1.cpp.o
[ 10%] Building CXX object CMakeFiles/TestGrammar.dir/pdfium/core/src/fpdfapi/fpdf_cmaps/GB1/GB-EUC-H_0.cpp.o
[ 10%] Building CXX object CMakeFiles/TestGrammar.dir/pdfium/core/src/fpdfapi/fpdf_cmaps/GB1/GB-EUC-V_0.cpp.o
[ 10%] Building CXX object CMakeFiles/TestGrammar.dir/pdfium/core/src/fpdfapi/fpdf_cmaps/GB1/GBK-EUC-H_2.cpp.o
[ 11%] Building CXX object CMakeFiles/TestGrammar.dir/pdfium/core/src/fpdfapi/fpdf_cmaps/GB1/GBK-EUC-V_2.cpp.o
[ 11%] Building CXX object CMakeFiles/TestGrammar.dir/pdfium/core/src/fpdfapi/fpdf_cmaps/GB1/GBK2K-H_5.cpp.o
[ 11%] Building CXX object CMakeFiles/TestGrammar.dir/pdfium/core/src/fpdfapi/fpdf_cmaps/GB1/GBK2K-V_5.cpp.o
[ 12%] Building CXX object CMakeFiles/TestGrammar.dir/pdfium/core/src/fpdfapi/fpdf_cmaps/GB1/GBKp-EUC-H_2.cpp.o
[ 12%] Building CXX object CMakeFiles/TestGrammar.dir/pdfium/core/src/fpdfapi/fpdf_cmaps/GB1/GBKp-EUC-V_2.cpp.o
[ 12%] Building CXX object CMakeFiles/TestGrammar.dir/pdfium/core/src/fpdfapi/fpdf_cmaps/GB1/GBpc-EUC-H_0.cpp.o
[ 12%] Building CXX object CMakeFiles/TestGrammar.dir/pdfium/core/src/fpdfapi/fpdf_cmaps/GB1/GBpc-EUC-V_0.cpp.o
[ 13%] Building CXX object CMakeFiles/TestGrammar.dir/pdfium/core/src/fpdfapi/fpdf_cmaps/GB1/UniGB-UCS2-H_4.cpp.o
[ 13%] Building CXX object CMakeFiles/TestGrammar.dir/pdfium/core/src/fpdfapi/fpdf_cmaps/GB1/UniGB-UCS2-V_4.cpp.o
[ 13%] Building CXX object CMakeFiles/TestGrammar.dir/pdfium/core/src/fpdfapi/fpdf_cmaps/Japan1/83pv-RKSJ-H_1.cpp.o
[ 14%] Building CXX object CMakeFiles/TestGrammar.dir/pdfium/core/src/fpdfapi/fpdf_cmaps/Japan1/90ms-RKSJ-H_2.cpp.o
[ 14%] Building CXX object CMakeFiles/TestGrammar.dir/pdfium/core/src/fpdfapi/fpdf_cmaps/Japan1/90ms-RKSJ-V_2.cpp.o
[ 14%] Building CXX object CMakeFiles/TestGrammar.dir/pdfium/core/src/fpdfapi/fpdf_cmaps/Japan1/90msp-RKSJ-H_2.cpp.o
[ 15%] Building CXX object CMakeFiles/TestGrammar.dir/pdfium/core/src/fpdfapi/fpdf_cmaps/Japan1/90msp-RKSJ-V_2.cpp.o
[ 15%] Building CXX object CMakeFiles/TestGrammar.dir/pdfium/core/src/fpdfapi/fpdf_cmaps/Japan1/90pv-RKSJ-H_1.cpp.o
[ 15%] Building CXX object CMakeFiles/TestGrammar.dir/pdfium/core/src/fpdfapi/fpdf_cmaps/Japan1/Add-RKSJ-H_1.cpp.o
[ 15%] Building CXX object CMakeFiles/TestGrammar.dir/pdfium/core/src/fpdfapi/fpdf_cmaps/Japan1/Add-RKSJ-V_1.cpp.o
[ 16%] Building CXX object CMakeFiles/TestGrammar.dir/pdfium/core/src/fpdfapi/fpdf_cmaps/Japan1/Adobe-Japan1-UCS2_4.cpp.o
[ 16%] Building CXX object CMakeFiles/TestGrammar.dir/pdfium/core/src/fpdfapi/fpdf_cmaps/Japan1/cmaps_japan1.cpp.o
[ 16%] Building CXX object CMakeFiles/TestGrammar.dir/pdfium/core/src/fpdfapi/fpdf_cmaps/Japan1/EUC-H_1.cpp.o
[ 17%] Building CXX object CMakeFiles/TestGrammar.dir/pdfium/core/src/fpdfapi/fpdf_cmaps/Japan1/EUC-V_1.cpp.o
[ 17%] Building CXX object CMakeFiles/TestGrammar.dir/pdfium/core/src/fpdfapi/fpdf_cmaps/Japan1/Ext-RKSJ-H_2.cpp.o
[ 17%] Building CXX object CMakeFiles/TestGrammar.dir/pdfium/core/src/fpdfapi/fpdf_cmaps/Japan1/Ext-RKSJ-V_2.cpp.o
[ 17%] Building CXX object CMakeFiles/TestGrammar.dir/pdfium/core/src/fpdfapi/fpdf_cmaps/Japan1/H_1.cpp.o
[ 18%] Building CXX object CMakeFiles/TestGrammar.dir/pdfium/core/src/fpdfapi/fpdf_cmaps/Japan1/UniJIS-UCS2-HW-H_4.cpp.o
[ 18%] Building CXX object CMakeFiles/TestGrammar.dir/pdfium/core/src/fpdfapi/fpdf_cmaps/Japan1/UniJIS-UCS2-HW-V_4.cpp.o
[ 19%] Building CXX object CMakeFiles/TestGrammar.dir/pdfium/core/src/fpdfapi/fpdf_cmaps/Japan1/UniJIS-UCS2-V_4.cpp.o
[ 19%] Building CXX object CMakeFiles/TestGrammar.dir/pdfium/core/src/fpdfapi/fpdf_cmaps/Japan1/UniJIS-UCS2-H_4.cpp.o
[ 19%] Building CXX object CMakeFiles/TestGrammar.dir/pdfium/core/src/fpdfapi/fpdf_cmaps/Japan1/UniJIS-UTF16-H_5.cpp.o
[ 19%] Building CXX object CMakeFiles/TestGrammar.dir/pdfium/core/src/fpdfapi/fpdf_cmaps/Japan1/UniJIS-UTF16-V_5.cpp.o
[ 20%] Building CXX object CMakeFiles/TestGrammar.dir/pdfium/core/src/fpdfapi/fpdf_cmaps/Japan1/V_1.cpp.o
[ 20%] Building CXX object CMakeFiles/TestGrammar.dir/pdfium/core/src/fpdfapi/fpdf_cmaps/Korea1/Adobe-Korea1-UCS2_2.cpp.o
[ 20%] Building CXX object CMakeFiles/TestGrammar.dir/pdfium/core/src/fpdfapi/fpdf_cmaps/Korea1/cmaps_korea1.cpp.o
[ 20%] Building CXX object CMakeFiles/TestGrammar.dir/pdfium/core/src/fpdfapi/fpdf_cmaps/Korea1/KSC-EUC-H_0.cpp.o
[ 21%] Building CXX object CMakeFiles/TestGrammar.dir/pdfium/core/src/fpdfapi/fpdf_cmaps/Korea1/KSC-EUC-V_0.cpp.o
[ 21%] Building CXX object CMakeFiles/TestGrammar.dir/pdfium/core/src/fpdfapi/fpdf_cmaps/Korea1/KSCms-UHC-HW-H_1.cpp.o
[ 21%] Building CXX object CMakeFiles/TestGrammar.dir/pdfium/core/src/fpdfapi/fpdf_cmaps/Korea1/KSCms-UHC-HW-V_1.cpp.o
[ 22%] Building CXX object CMakeFiles/TestGrammar.dir/pdfium/core/src/fpdfapi/fpdf_cmaps/Korea1/KSCms-UHC-H_1.cpp.o
[ 22%] Building CXX object CMakeFiles/TestGrammar.dir/pdfium/core/src/fpdfapi/fpdf_cmaps/Korea1/KSCms-UHC-V_1.cpp.o
[ 22%] Building CXX object CMakeFiles/TestGrammar.dir/pdfium/core/src/fpdfapi/fpdf_cmaps/Korea1/KSCpc-EUC-H_0.cpp.o
[ 23%] Building CXX object CMakeFiles/TestGrammar.dir/pdfium/core/src/fpdfapi/fpdf_cmaps/Korea1/UniKS-UCS2-H_1.cpp.o
[ 23%] Building CXX object CMakeFiles/TestGrammar.dir/pdfium/core/src/fpdfapi/fpdf_cmaps/Korea1/UniKS-UCS2-V_1.cpp.o
[ 23%] Building CXX object CMakeFiles/TestGrammar.dir/pdfium/core/src/fpdfapi/fpdf_cmaps/Korea1/UniKS-UTF16-H_0.cpp.o
[ 23%] Building CXX object CMakeFiles/TestGrammar.dir/pdfium/core/src/fpdfapi/fpdf_edit/fpdf_edit_content.cpp.o
[ 24%] Building CXX object CMakeFiles/TestGrammar.dir/pdfium/core/src/fpdfapi/fpdf_edit/fpdf_edit_create.cpp.o
[ 24%] Building CXX object CMakeFiles/TestGrammar.dir/pdfium/core/src/fpdfapi/fpdf_edit/fpdf_edit_doc.cpp.o
[ 24%] Building CXX object CMakeFiles/TestGrammar.dir/pdfium/core/src/fpdfapi/fpdf_edit/fpdf_edit_image.cpp.o
[ 25%] Building CXX object CMakeFiles/TestGrammar.dir/pdfium/core/src/fpdfapi/fpdf_font/fpdf_font.cpp.o
[ 25%] Building CXX object CMakeFiles/TestGrammar.dir/pdfium/core/src/fpdfapi/fpdf_font/fpdf_font_charset.cpp.o
[ 25%] Building CXX object CMakeFiles/TestGrammar.dir/pdfium/core/src/fpdfapi/fpdf_font/fpdf_font_cid.cpp.o
[ 25%] Building CXX object CMakeFiles/TestGrammar.dir/pdfium/core/src/fpdfapi/fpdf_font/fpdf_font_utility.cpp.o
/home/ubuntu/IdeaProjects/open-pdf/.build-cache/arlington/t13-r1/TestGrammar/pdfium/core/src/fpdfapi/fpdf_font/fpdf_font_utility.cpp: In function ‘void* FXFC_LoadPackage(FX_LPCSTR)’:
/home/ubuntu/IdeaProjects/open-pdf/.build-cache/arlington/t13-r1/TestGrammar/pdfium/core/src/fpdfapi/fpdf_font/fpdf_font_utility.cpp:25:16: warning: ignoring return value of ‘size_t fread(void*, size_t, size_t, FILE*)’ declared with attribute ‘warn_unused_result’ [-Wunused-result]
   25 |     FXSYS_fread(buf, 1, 20, file);
/home/ubuntu/IdeaProjects/open-pdf/.build-cache/arlington/t13-r1/TestGrammar/pdfium/core/src/fpdfapi/fpdf_font/fpdf_font_utility.cpp: In function ‘FX_BOOL FXFC_LoadFile(FX_LPVOID, FX_LPCSTR, unsigned char*&, FX_DWORD&)’:
/home/ubuntu/IdeaProjects/open-pdf/.build-cache/arlington/t13-r1/TestGrammar/pdfium/core/src/fpdfapi/fpdf_font/fpdf_font_utility.cpp:49:20: warning: ignoring return value of ‘size_t fread(void*, size_t, size_t, FILE*)’ declared with attribute ‘warn_unused_result’ [-Wunused-result]
   49 |         FXSYS_fread(buf, pPackage->m_IndexSize, 1, pPackage->m_pFile);
/home/ubuntu/IdeaProjects/open-pdf/.build-cache/arlington/t13-r1/TestGrammar/pdfium/core/src/fpdfapi/fpdf_font/fpdf_font_utility.cpp:55:24: warning: ignoring return value of ‘size_t fread(void*, size_t, size_t, FILE*)’ declared with attribute ‘warn_unused_result’ [-Wunused-result]
   55 |             FXSYS_fread(pBuffer, size, 1, pPackage->m_pFile);
[ 26%] Building CXX object CMakeFiles/TestGrammar.dir/pdfium/core/src/fpdfapi/fpdf_font/ttgsubtable.cpp.o
[ 26%] Building CXX object CMakeFiles/TestGrammar.dir/pdfium/core/src/fpdfapi/fpdf_page/fpdf_page.cpp.o
[ 26%] Building CXX object CMakeFiles/TestGrammar.dir/pdfium/core/src/fpdfapi/fpdf_page/fpdf_page_colors.cpp.o
[ 27%] Building CXX object CMakeFiles/TestGrammar.dir/pdfium/core/src/fpdfapi/fpdf_page/fpdf_page_doc.cpp.o
[ 27%] Building CXX object CMakeFiles/TestGrammar.dir/pdfium/core/src/fpdfapi/fpdf_page/fpdf_page_func.cpp.o
[ 27%] Building CXX object CMakeFiles/TestGrammar.dir/pdfium/core/src/fpdfapi/fpdf_page/fpdf_page_graph_state.cpp.o
[ 28%] Building CXX object CMakeFiles/TestGrammar.dir/pdfium/core/src/fpdfapi/fpdf_page/fpdf_page_image.cpp.o
[ 28%] Building CXX object CMakeFiles/TestGrammar.dir/pdfium/core/src/fpdfapi/fpdf_page/fpdf_page_parser.cpp.o
[ 28%] Building CXX object CMakeFiles/TestGrammar.dir/pdfium/core/src/fpdfapi/fpdf_page/fpdf_page_parser_new.cpp.o
[ 28%] Building CXX object CMakeFiles/TestGrammar.dir/pdfium/core/src/fpdfapi/fpdf_page/fpdf_page_parser_old.cpp.o
[ 29%] Building CXX object CMakeFiles/TestGrammar.dir/pdfium/core/src/fpdfapi/fpdf_page/fpdf_page_path.cpp.o
[ 29%] Building CXX object CMakeFiles/TestGrammar.dir/pdfium/core/src/fpdfapi/fpdf_page/fpdf_page_pattern.cpp.o
[ 29%] Building CXX object CMakeFiles/TestGrammar.dir/pdfium/core/src/fpdfapi/fpdf_parser/fpdf_parser_decode.cpp.o
[ 30%] Building CXX object CMakeFiles/TestGrammar.dir/pdfium/core/src/fpdfapi/fpdf_parser/fpdf_parser_document.cpp.o
[ 30%] Building CXX object CMakeFiles/TestGrammar.dir/pdfium/core/src/fpdfapi/fpdf_parser/fpdf_parser_encrypt.cpp.o
[ 30%] Building CXX object CMakeFiles/TestGrammar.dir/pdfium/core/src/fpdfapi/fpdf_parser/fpdf_parser_fdf.cpp.o
[ 30%] Building CXX object CMakeFiles/TestGrammar.dir/pdfium/core/src/fpdfapi/fpdf_parser/fpdf_parser_filters.cpp.o
[ 31%] Building CXX object CMakeFiles/TestGrammar.dir/pdfium/core/src/fpdfapi/fpdf_parser/fpdf_parser_objects.cpp.o
[ 31%] Building CXX object CMakeFiles/TestGrammar.dir/pdfium/core/src/fpdfapi/fpdf_parser/fpdf_parser_parser.cpp.o
[ 31%] Building CXX object CMakeFiles/TestGrammar.dir/pdfium/core/src/fpdfapi/fpdf_parser/fpdf_parser_utility.cpp.o
[ 32%] Building CXX object CMakeFiles/TestGrammar.dir/pdfium/core/src/fpdfapi/fpdf_render/fpdf_render.cpp.o
[ 32%] Building CXX object CMakeFiles/TestGrammar.dir/pdfium/core/src/fpdfapi/fpdf_render/fpdf_render_cache.cpp.o
[ 32%] Building CXX object CMakeFiles/TestGrammar.dir/pdfium/core/src/fpdfapi/fpdf_render/fpdf_render_image.cpp.o
[ 33%] Building CXX object CMakeFiles/TestGrammar.dir/pdfium/core/src/fpdfapi/fpdf_render/fpdf_render_loadimage.cpp.o
[ 33%] Building CXX object CMakeFiles/TestGrammar.dir/pdfium/core/src/fpdfapi/fpdf_render/fpdf_render_pattern.cpp.o
[ 33%] Building CXX object CMakeFiles/TestGrammar.dir/pdfium/core/src/fpdfapi/fpdf_render/fpdf_render_text.cpp.o
[ 33%] Building CXX object CMakeFiles/TestGrammar.dir/pdfium/core/src/fpdfdoc/doc_action.cpp.o
[ 34%] Building CXX object CMakeFiles/TestGrammar.dir/pdfium/core/src/fpdfdoc/doc_annot.cpp.o
[ 34%] Building CXX object CMakeFiles/TestGrammar.dir/pdfium/core/src/fpdfdoc/doc_ap.cpp.o
[ 34%] Building CXX object CMakeFiles/TestGrammar.dir/pdfium/core/src/fpdfdoc/doc_basic.cpp.o
[ 35%] Building CXX object CMakeFiles/TestGrammar.dir/pdfium/core/src/fpdfdoc/doc_bookmark.cpp.o
[ 35%] Building CXX object CMakeFiles/TestGrammar.dir/pdfium/core/src/fpdfdoc/doc_form.cpp.o
[ 35%] Building CXX object CMakeFiles/TestGrammar.dir/pdfium/core/src/fpdfdoc/doc_formcontrol.cpp.o
[ 35%] Building CXX object CMakeFiles/TestGrammar.dir/pdfium/core/src/fpdfdoc/doc_formfield.cpp.o
[ 36%] Building CXX object CMakeFiles/TestGrammar.dir/pdfium/core/src/fpdfdoc/doc_link.cpp.o
[ 36%] Building CXX object CMakeFiles/TestGrammar.dir/pdfium/core/src/fpdfdoc/doc_metadata.cpp.o
[ 36%] Building CXX object CMakeFiles/TestGrammar.dir/pdfium/core/src/fpdfdoc/doc_ocg.cpp.o
[ 37%] Building CXX object CMakeFiles/TestGrammar.dir/pdfium/core/src/fpdfdoc/doc_tagged.cpp.o
[ 37%] Building CXX object CMakeFiles/TestGrammar.dir/pdfium/core/src/fpdfdoc/doc_utils.cpp.o
[ 37%] Building CXX object CMakeFiles/TestGrammar.dir/pdfium/core/src/fpdfdoc/doc_viewerPreferences.cpp.o
[ 38%] Building CXX object CMakeFiles/TestGrammar.dir/pdfium/core/src/fpdfdoc/doc_vt.cpp.o
[ 38%] Building CXX object CMakeFiles/TestGrammar.dir/pdfium/core/src/fpdfdoc/doc_vtmodule.cpp.o
[ 38%] Building CXX object CMakeFiles/TestGrammar.dir/pdfium/core/src/fpdftext/fpdf_text.cpp.o
[ 38%] Building CXX object CMakeFiles/TestGrammar.dir/pdfium/core/src/fpdftext/fpdf_text_int.cpp.o
[ 39%] Building CXX object CMakeFiles/TestGrammar.dir/pdfium/core/src/fpdftext/fpdf_text_search.cpp.o
In file included from /home/ubuntu/IdeaProjects/open-pdf/.build-cache/arlington/t13-r1/TestGrammar/pdfium/core/src/fpdftext/../../include/fpdfapi/../fxcrt/fx_basic.h:13,
                 from /home/ubuntu/IdeaProjects/open-pdf/.build-cache/arlington/t13-r1/TestGrammar/pdfium/core/src/fpdftext/../../include/fpdfapi/../fxcrt/fx_ext.h:10,
                 from /home/ubuntu/IdeaProjects/open-pdf/.build-cache/arlington/t13-r1/TestGrammar/pdfium/core/src/fpdftext/../../include/fpdfapi/fpdf_parser.h:10,
                 from /home/ubuntu/IdeaProjects/open-pdf/.build-cache/arlington/t13-r1/TestGrammar/pdfium/core/src/fpdftext/../../include/fpdfapi/fpdf_page.h:10,
                 from /home/ubuntu/IdeaProjects/open-pdf/.build-cache/arlington/t13-r1/TestGrammar/pdfium/core/src/fpdftext/fpdf_text.cpp:7:
/home/ubuntu/IdeaProjects/open-pdf/.build-cache/arlington/t13-r1/TestGrammar/pdfium/core/src/fpdftext/fpdf_text.cpp: In member function ‘void CTextPage::WriteOutput(CFX_WideStringArray&, int)’:
/home/ubuntu/IdeaProjects/open-pdf/.build-cache/arlington/t13-r1/TestGrammar/pdfium/core/src/fpdftext/../../include/fpdfapi/../fxcrt/fx_memory.h:15:86: warning: argument 1 range [18446744071562067968, 18446744073709551615] exceeds maximum object size 9223372036854775807 [-Walloc-size-larger-than=]
   15 | #define FX_Alloc(type, size)                                            (type*)calloc(size, sizeof(type))
      |                                                                                ~~~~~~^~~~~~~~~~~~~~~~~~~~
/home/ubuntu/IdeaProjects/open-pdf/.build-cache/arlington/t13-r1/TestGrammar/pdfium/core/src/fpdftext/fpdf_text.cpp:226:23: note: in expansion of macro ‘FX_Alloc’
  226 |         int* widths = FX_Alloc(int, m_BaseLines.GetSize());
      |                       ^~~~~~~~
In file included from /usr/include/c++/13/cstdlib:79,
                 from /usr/include/c++/13/stdlib.h:36,
                 from /home/ubuntu/IdeaProjects/open-pdf/.build-cache/arlington/t13-r1/TestGrammar/pdfium/core/src/fpdftext/../../include/fpdfapi/../fxcrt/fx_system.h:51,
                 from /home/ubuntu/IdeaProjects/open-pdf/.build-cache/arlington/t13-r1/TestGrammar/pdfium/core/src/fpdftext/../../include/fpdfapi/../fxcrt/fx_basic.h:10:
/usr/include/stdlib.h:675:14: note: in a call to allocation function ‘void* calloc(size_t, size_t)’ declared here
  675 | extern void *calloc (size_t __nmemb, size_t __size)
      |              ^~~~~~
[ 39%] Building CXX object CMakeFiles/TestGrammar.dir/pdfium/core/src/fpdftext/unicodenormalization.cpp.o
[ 39%] Building CXX object CMakeFiles/TestGrammar.dir/pdfium/core/src/fpdftext/unicodenormalizationdata.cpp.o
[ 40%] Building CXX object CMakeFiles/TestGrammar.dir/pdfium/core/src/fxcodec/codec/fx_codec.cpp.o
[ 40%] Building CXX object CMakeFiles/TestGrammar.dir/pdfium/core/src/fxcodec/codec/fx_codec_fax.cpp.o
[ 40%] Building CXX object CMakeFiles/TestGrammar.dir/pdfium/core/src/fxcodec/codec/fx_codec_flate.cpp.o
[ 41%] Building CXX object CMakeFiles/TestGrammar.dir/pdfium/core/src/fxcodec/codec/fx_codec_icc.cpp.o
[ 41%] Building CXX object CMakeFiles/TestGrammar.dir/pdfium/core/src/fxcodec/codec/fx_codec_jbig.cpp.o
[ 41%] Building CXX object CMakeFiles/TestGrammar.dir/pdfium/core/src/fxcodec/codec/fx_codec_jbig_enc.cpp.o
[ 41%] Building CXX object CMakeFiles/TestGrammar.dir/pdfium/core/src/fxcodec/codec/fx_codec_jpeg.cpp.o
[ 42%] Building CXX object CMakeFiles/TestGrammar.dir/pdfium/core/src/fxcodec/codec/fx_codec_jpx_opj.cpp.o
[ 42%] Building C object CMakeFiles/TestGrammar.dir/pdfium/core/src/fxcodec/fx_libopenjpeg/src/fx_bio.c.o
[ 42%] Building C object CMakeFiles/TestGrammar.dir/pdfium/core/src/fxcodec/fx_libopenjpeg/src/fx_cio.c.o
[ 43%] Building C object CMakeFiles/TestGrammar.dir/pdfium/core/src/fxcodec/fx_libopenjpeg/src/fx_dwt.c.o
[ 43%] Building C object CMakeFiles/TestGrammar.dir/pdfium/core/src/fxcodec/fx_libopenjpeg/src/fx_event.c.o
[ 43%] Building C object CMakeFiles/TestGrammar.dir/pdfium/core/src/fxcodec/fx_libopenjpeg/src/fx_function_list.c.o
[ 43%] Building C object CMakeFiles/TestGrammar.dir/pdfium/core/src/fxcodec/fx_libopenjpeg/src/fx_image.c.o
[ 44%] Building C object CMakeFiles/TestGrammar.dir/pdfium/core/src/fxcodec/fx_libopenjpeg/src/fx_invert.c.o
[ 44%] Building C object CMakeFiles/TestGrammar.dir/pdfium/core/src/fxcodec/fx_libopenjpeg/src/fx_j2k.c.o
[ 44%] Building C object CMakeFiles/TestGrammar.dir/pdfium/core/src/fxcodec/fx_libopenjpeg/src/fx_j2k_lib.c.o
[ 45%] Building C object CMakeFiles/TestGrammar.dir/pdfium/core/src/fxcodec/fx_libopenjpeg/src/fx_jpt.c.o
[ 45%] Building C object CMakeFiles/TestGrammar.dir/pdfium/core/src/fxcodec/fx_libopenjpeg/src/fx_mct.c.o
[ 45%] Building C object CMakeFiles/TestGrammar.dir/pdfium/core/src/fxcodec/fx_libopenjpeg/src/fx_mqc.c.o
[ 46%] Building C object CMakeFiles/TestGrammar.dir/pdfium/core/src/fxcodec/fx_libopenjpeg/src/fx_openjpeg.c.o
[ 46%] Building C object CMakeFiles/TestGrammar.dir/pdfium/core/src/fxcodec/fx_libopenjpeg/src/fx_openjpeg_jp2.c.o
[ 46%] Building C object CMakeFiles/TestGrammar.dir/pdfium/core/src/fxcodec/fx_libopenjpeg/src/fx_opj_clock.c.o
[ 46%] Building C object CMakeFiles/TestGrammar.dir/pdfium/core/src/fxcodec/fx_libopenjpeg/src/fx_pi.c.o
[ 47%] Building C object CMakeFiles/TestGrammar.dir/pdfium/core/src/fxcodec/fx_libopenjpeg/src/fx_raw.c.o
[ 47%] Building C object CMakeFiles/TestGrammar.dir/pdfium/core/src/fxcodec/fx_libopenjpeg/src/fx_t1.c.o
[ 47%] Building C object CMakeFiles/TestGrammar.dir/pdfium/core/src/fxcodec/fx_libopenjpeg/src/fx_t2.c.o
[ 48%] Building C object CMakeFiles/TestGrammar.dir/pdfium/core/src/fxcodec/fx_libopenjpeg/src/fx_tcd.c.o
[ 48%] Building C object CMakeFiles/TestGrammar.dir/pdfium/core/src/fxcodec/fx_libopenjpeg/src/fx_tgt.c.o
[ 48%] Building C object CMakeFiles/TestGrammar.dir/pdfium/core/src/fxcodec/fx_zlib/src/fx_zlib_adler32.c.o
[ 48%] Building C object CMakeFiles/TestGrammar.dir/pdfium/core/src/fxcodec/fx_zlib/src/fx_zlib_compress.c.o
[ 49%] Building C object CMakeFiles/TestGrammar.dir/pdfium/core/src/fxcodec/fx_zlib/src/fx_zlib_crc32.c.o
[ 49%] Building C object CMakeFiles/TestGrammar.dir/pdfium/core/src/fxcodec/fx_zlib/src/fx_zlib_deflate.c.o
[ 49%] Building C object CMakeFiles/TestGrammar.dir/pdfium/core/src/fxcodec/fx_zlib/src/fx_zlib_gzclose.c.o
[ 50%] Building C object CMakeFiles/TestGrammar.dir/pdfium/core/src/fxcodec/fx_zlib/src/fx_zlib_gzlib.c.o
[ 50%] Building C object CMakeFiles/TestGrammar.dir/pdfium/core/src/fxcodec/fx_zlib/src/fx_zlib_gzread.c.o
[ 50%] Building C object CMakeFiles/TestGrammar.dir/pdfium/core/src/fxcodec/fx_zlib/src/fx_zlib_gzwrite.c.o
[ 51%] Building C object CMakeFiles/TestGrammar.dir/pdfium/core/src/fxcodec/fx_zlib/src/fx_zlib_infback.c.o
[ 51%] Building C object CMakeFiles/TestGrammar.dir/pdfium/core/src/fxcodec/fx_zlib/src/fx_zlib_inffast.c.o
[ 51%] Building C object CMakeFiles/TestGrammar.dir/pdfium/core/src/fxcodec/fx_zlib/src/fx_zlib_inflate.c.o
[ 51%] Building C object CMakeFiles/TestGrammar.dir/pdfium/core/src/fxcodec/fx_zlib/src/fx_zlib_inftrees.c.o
[ 52%] Building C object CMakeFiles/TestGrammar.dir/pdfium/core/src/fxcodec/fx_zlib/src/fx_zlib_uncompr.c.o
[ 52%] Building C object CMakeFiles/TestGrammar.dir/pdfium/core/src/fxcodec/fx_zlib/src/fx_zlib_trees.c.o
[ 52%] Building C object CMakeFiles/TestGrammar.dir/pdfium/core/src/fxcodec/fx_zlib/src/fx_zlib_zutil.c.o
[ 53%] Building CXX object CMakeFiles/TestGrammar.dir/pdfium/core/src/fxcodec/jbig2/JBig2_ArithIntDecoder.cpp.o
[ 53%] Building CXX object CMakeFiles/TestGrammar.dir/pdfium/core/src/fxcodec/jbig2/JBig2_Context.cpp.o
[ 53%] Building CXX object CMakeFiles/TestGrammar.dir/pdfium/core/src/fxcodec/jbig2/JBig2_GeneralDecoder.cpp.o
[ 53%] Building CXX object CMakeFiles/TestGrammar.dir/pdfium/core/src/fxcodec/jbig2/JBig2_HuffmanDecoder.cpp.o
[ 54%] Building CXX object CMakeFiles/TestGrammar.dir/pdfium/core/src/fxcodec/jbig2/JBig2_HuffmanTable.cpp.o
[ 54%] Building CXX object CMakeFiles/TestGrammar.dir/pdfium/core/src/fxcodec/jbig2/JBig2_Image.cpp.o
[ 54%] Building CXX object CMakeFiles/TestGrammar.dir/pdfium/core/src/fxcodec/jbig2/JBig2_Object.cpp.o
[ 55%] Building CXX object CMakeFiles/TestGrammar.dir/pdfium/core/src/fxcodec/jbig2/JBig2_PatternDict.cpp.o
[ 55%] Building CXX object CMakeFiles/TestGrammar.dir/pdfium/core/src/fxcodec/jbig2/JBig2_Segment.cpp.o
[ 55%] Building CXX object CMakeFiles/TestGrammar.dir/pdfium/core/src/fxcodec/jbig2/JBig2_SymbolDict.cpp.o
[ 56%] Building C object CMakeFiles/TestGrammar.dir/pdfium/core/src/fxcodec/lcms2/src/fx_cmscam02.c.o
[ 56%] Building C object CMakeFiles/TestGrammar.dir/pdfium/core/src/fxcodec/lcms2/src/fx_cmscgats.c.o
[ 56%] Building C object CMakeFiles/TestGrammar.dir/pdfium/core/src/fxcodec/lcms2/src/fx_cmscnvrt.c.o
[ 56%] Building C object CMakeFiles/TestGrammar.dir/pdfium/core/src/fxcodec/lcms2/src/fx_cmserr.c.o
[ 57%] Building C object CMakeFiles/TestGrammar.dir/pdfium/core/src/fxcodec/lcms2/src/fx_cmsgamma.c.o
[ 57%] Building C object CMakeFiles/TestGrammar.dir/pdfium/core/src/fxcodec/lcms2/src/fx_cmsgmt.c.o
[ 57%] Building C object CMakeFiles/TestGrammar.dir/pdfium/core/src/fxcodec/lcms2/src/fx_cmshalf.c.o
[ 58%] Building C object CMakeFiles/TestGrammar.dir/pdfium/core/src/fxcodec/lcms2/src/fx_cmsintrp.c.o
[ 58%] Building C object CMakeFiles/TestGrammar.dir/pdfium/core/src/fxcodec/lcms2/src/fx_cmsio0.c.o
[ 58%] Building C object CMakeFiles/TestGrammar.dir/pdfium/core/src/fxcodec/lcms2/src/fx_cmsio1.c.o
[ 58%] Building C object CMakeFiles/TestGrammar.dir/pdfium/core/src/fxcodec/lcms2/src/fx_cmslut.c.o
[ 59%] Building C object CMakeFiles/TestGrammar.dir/pdfium/core/src/fxcodec/lcms2/src/fx_cmsmd5.c.o
[ 59%] Building C object CMakeFiles/TestGrammar.dir/pdfium/core/src/fxcodec/lcms2/src/fx_cmsmtrx.c.o
[ 59%] Building C object CMakeFiles/TestGrammar.dir/pdfium/core/src/fxcodec/lcms2/src/fx_cmsnamed.c.o
[ 60%] Building C object CMakeFiles/TestGrammar.dir/pdfium/core/src/fxcodec/lcms2/src/fx_cmsopt.c.o
[ 60%] Building C object CMakeFiles/TestGrammar.dir/pdfium/core/src/fxcodec/lcms2/src/fx_cmspack.c.o
[ 60%] Building C object CMakeFiles/TestGrammar.dir/pdfium/core/src/fxcodec/lcms2/src/fx_cmspcs.c.o
[ 61%] Building C object CMakeFiles/TestGrammar.dir/pdfium/core/src/fxcodec/lcms2/src/fx_cmsplugin.c.o
[ 61%] Building C object CMakeFiles/TestGrammar.dir/pdfium/core/src/fxcodec/lcms2/src/fx_cmsps2.c.o
[ 61%] Building C object CMakeFiles/TestGrammar.dir/pdfium/core/src/fxcodec/lcms2/src/fx_cmssamp.c.o
[ 61%] Building C object CMakeFiles/TestGrammar.dir/pdfium/core/src/fxcodec/lcms2/src/fx_cmssm.c.o
[ 62%] Building C object CMakeFiles/TestGrammar.dir/pdfium/core/src/fxcodec/lcms2/src/fx_cmstypes.c.o
[ 62%] Building C object CMakeFiles/TestGrammar.dir/pdfium/core/src/fxcodec/lcms2/src/fx_cmsvirt.c.o
[ 62%] Building C object CMakeFiles/TestGrammar.dir/pdfium/core/src/fxcodec/lcms2/src/fx_cmswtpnt.c.o
[ 63%] Building C object CMakeFiles/TestGrammar.dir/pdfium/core/src/fxcodec/lcms2/src/fx_cmsxform.c.o
[ 63%] Building C object CMakeFiles/TestGrammar.dir/pdfium/core/src/fxcodec/libjpeg/fpdfapi_jcapimin.c.o
[ 63%] Building C object CMakeFiles/TestGrammar.dir/pdfium/core/src/fxcodec/libjpeg/fpdfapi_jcapistd.c.o
[ 64%] Building C object CMakeFiles/TestGrammar.dir/pdfium/core/src/fxcodec/libjpeg/fpdfapi_jccoefct.c.o
[ 64%] Building C object CMakeFiles/TestGrammar.dir/pdfium/core/src/fxcodec/libjpeg/fpdfapi_jccolor.c.o
[ 64%] Building C object CMakeFiles/TestGrammar.dir/pdfium/core/src/fxcodec/libjpeg/fpdfapi_jcdctmgr.c.o
[ 64%] Building C object CMakeFiles/TestGrammar.dir/pdfium/core/src/fxcodec/libjpeg/fpdfapi_jchuff.c.o
[ 65%] Building C object CMakeFiles/TestGrammar.dir/pdfium/core/src/fxcodec/libjpeg/fpdfapi_jcinit.c.o
[ 65%] Building C object CMakeFiles/TestGrammar.dir/pdfium/core/src/fxcodec/libjpeg/fpdfapi_jcmainct.c.o
[ 65%] Building C object CMakeFiles/TestGrammar.dir/pdfium/core/src/fxcodec/libjpeg/fpdfapi_jcmarker.c.o
[ 66%] Building C object CMakeFiles/TestGrammar.dir/pdfium/core/src/fxcodec/libjpeg/fpdfapi_jcmaster.c.o
[ 66%] Building C object CMakeFiles/TestGrammar.dir/pdfium/core/src/fxcodec/libjpeg/fpdfapi_jcomapi.c.o
[ 66%] Building C object CMakeFiles/TestGrammar.dir/pdfium/core/src/fxcodec/libjpeg/fpdfapi_jcparam.c.o
[ 66%] Building C object CMakeFiles/TestGrammar.dir/pdfium/core/src/fxcodec/libjpeg/fpdfapi_jcphuff.c.o
[ 67%] Building C object CMakeFiles/TestGrammar.dir/pdfium/core/src/fxcodec/libjpeg/fpdfapi_jcprepct.c.o
[ 67%] Building C object CMakeFiles/TestGrammar.dir/pdfium/core/src/fxcodec/libjpeg/fpdfapi_jcsample.c.o
[ 67%] Building C object CMakeFiles/TestGrammar.dir/pdfium/core/src/fxcodec/libjpeg/fpdfapi_jctrans.c.o
[ 68%] Building C object CMakeFiles/TestGrammar.dir/pdfium/core/src/fxcodec/libjpeg/fpdfapi_jdapimin.c.o
[ 68%] Building C object CMakeFiles/TestGrammar.dir/pdfium/core/src/fxcodec/libjpeg/fpdfapi_jdapistd.c.o
[ 68%] Building C object CMakeFiles/TestGrammar.dir/pdfium/core/src/fxcodec/libjpeg/fpdfapi_jdcoefct.c.o
[ 69%] Building C object CMakeFiles/TestGrammar.dir/pdfium/core/src/fxcodec/libjpeg/fpdfapi_jdcolor.c.o
[ 69%] Building C object CMakeFiles/TestGrammar.dir/pdfium/core/src/fxcodec/libjpeg/fpdfapi_jddctmgr.c.o
[ 69%] Building C object CMakeFiles/TestGrammar.dir/pdfium/core/src/fxcodec/libjpeg/fpdfapi_jdhuff.c.o
[ 69%] Building C object CMakeFiles/TestGrammar.dir/pdfium/core/src/fxcodec/libjpeg/fpdfapi_jdinput.c.o
[ 70%] Building C object CMakeFiles/TestGrammar.dir/pdfium/core/src/fxcodec/libjpeg/fpdfapi_jdmainct.c.o
[ 70%] Building C object CMakeFiles/TestGrammar.dir/pdfium/core/src/fxcodec/libjpeg/fpdfapi_jdmarker.c.o
[ 70%] Building C object CMakeFiles/TestGrammar.dir/pdfium/core/src/fxcodec/libjpeg/fpdfapi_jdmaster.c.o
[ 71%] Building C object CMakeFiles/TestGrammar.dir/pdfium/core/src/fxcodec/libjpeg/fpdfapi_jdmerge.c.o
[ 71%] Building C object CMakeFiles/TestGrammar.dir/pdfium/core/src/fxcodec/libjpeg/fpdfapi_jdphuff.c.o
[ 71%] Building C object CMakeFiles/TestGrammar.dir/pdfium/core/src/fxcodec/libjpeg/fpdfapi_jdpostct.c.o
[ 71%] Building C object CMakeFiles/TestGrammar.dir/pdfium/core/src/fxcodec/libjpeg/fpdfapi_jdsample.c.o
[ 72%] Building C object CMakeFiles/TestGrammar.dir/pdfium/core/src/fxcodec/libjpeg/fpdfapi_jdtrans.c.o
[ 72%] Building C object CMakeFiles/TestGrammar.dir/pdfium/core/src/fxcodec/libjpeg/fpdfapi_jerror.c.o
[ 72%] Building C object CMakeFiles/TestGrammar.dir/pdfium/core/src/fxcodec/libjpeg/fpdfapi_jfdctfst.c.o
[ 73%] Building C object CMakeFiles/TestGrammar.dir/pdfium/core/src/fxcodec/libjpeg/fpdfapi_jfdctint.c.o
[ 73%] Building C object CMakeFiles/TestGrammar.dir/pdfium/core/src/fxcodec/libjpeg/fpdfapi_jidctfst.c.o
[ 73%] Building C object CMakeFiles/TestGrammar.dir/pdfium/core/src/fxcodec/libjpeg/fpdfapi_jidctint.c.o
[ 74%] Building C object CMakeFiles/TestGrammar.dir/pdfium/core/src/fxcodec/libjpeg/fpdfapi_jidctred.c.o
[ 74%] Building C object CMakeFiles/TestGrammar.dir/pdfium/core/src/fxcodec/libjpeg/fpdfapi_jmemmgr.c.o
[ 74%] Building C object CMakeFiles/TestGrammar.dir/pdfium/core/src/fxcodec/libjpeg/fpdfapi_jmemnobs.c.o
[ 74%] Building C object CMakeFiles/TestGrammar.dir/pdfium/core/src/fxcodec/libjpeg/fpdfapi_jutils.c.o
[ 75%] Building CXX object CMakeFiles/TestGrammar.dir/pdfium/core/src/fxcrt/fxcrt_platforms.cpp.o
[ 75%] Building CXX object CMakeFiles/TestGrammar.dir/pdfium/core/src/fxcrt/fxcrt_posix.cpp.o
[ 75%] Building CXX object CMakeFiles/TestGrammar.dir/pdfium/core/src/fxcrt/fxcrt_windows.cpp.o
[ 76%] Building CXX object CMakeFiles/TestGrammar.dir/pdfium/core/src/fxcrt/fx_arabic.cpp.o
[ 76%] Building CXX object CMakeFiles/TestGrammar.dir/pdfium/core/src/fxcrt/fx_basic_array.cpp.o
[ 76%] Building CXX object CMakeFiles/TestGrammar.dir/pdfium/core/src/fxcrt/fx_basic_bstring.cpp.o
[ 76%] Building CXX object CMakeFiles/TestGrammar.dir/pdfium/core/src/fxcrt/fx_basic_buffer.cpp.o
[ 77%] Building CXX object CMakeFiles/TestGrammar.dir/pdfium/core/src/fxcrt/fx_basic_coords.cpp.o
/home/ubuntu/IdeaProjects/open-pdf/.build-cache/arlington/t13-r1/TestGrammar/pdfium/core/src/fxcrt/fx_basic_bstring.cpp: In static member function ‘static CFX_ByteString CFX_ByteString::LoadFromFile(FX_BSTR)’:
/home/ubuntu/IdeaProjects/open-pdf/.build-cache/arlington/t13-r1/TestGrammar/pdfium/core/src/fxcrt/fx_basic_bstring.cpp:950:16: warning: ignoring return value of ‘size_t fread(void*, size_t, size_t, FILE*)’ declared with attribute ‘warn_unused_result’ [-Wunused-result]
  950 |     FXSYS_fread(buf, 1, len, file);
In file included from /usr/include/string.h:548,
                 from /home/ubuntu/IdeaProjects/open-pdf/.build-cache/arlington/t13-r1/TestGrammar/pdfium/core/src/fxcrt/../../include/fxcrt/fx_system.h:53,
                 from /home/ubuntu/IdeaProjects/open-pdf/.build-cache/arlington/t13-r1/TestGrammar/pdfium/core/src/fxcrt/../../include/fxcrt/fx_basic.h:10,
                 from /home/ubuntu/IdeaProjects/open-pdf/.build-cache/arlington/t13-r1/TestGrammar/pdfium/core/src/fxcrt/fx_basic_bstring.cpp:7:
In function ‘void* memcpy(void*, const void*, size_t)’,
    inlined from ‘void CFX_ByteString::AssignCopy(FX_STRSIZE, FX_LPCSTR)’ at /home/ubuntu/IdeaProjects/open-pdf/.build-cache/arlington/t13-r1/TestGrammar/pdfium/core/src/fxcrt/fx_basic_bstring.cpp:302:19,
    inlined from ‘const CFX_ByteString& CFX_ByteString::operator=(FX_BSTR)’ at /home/ubuntu/IdeaProjects/open-pdf/.build-cache/arlington/t13-r1/TestGrammar/pdfium/core/src/fxcrt/fx_basic_bstring.cpp:170:19,
    inlined from ‘CFX_ByteString::CFX_ByteString(FX_BSTR)’ at /home/ubuntu/IdeaProjects/open-pdf/.build-cache/arlington/t13-r1/TestGrammar/pdfium/core/src/fxcrt/fx_basic_bstring.cpp:140:17,
    inlined from ‘CFX_ByteString::CFX_ByteString(FX_BSTR)’ at /home/ubuntu/IdeaProjects/open-pdf/.build-cache/arlington/t13-r1/TestGrammar/pdfium/core/src/fxcrt/fx_basic_bstring.cpp:133:1,
    inlined from ‘static CFX_ByteString CFX_ByteString::FormatInteger(int, FX_DWORD)’ at /home/ubuntu/IdeaProjects/open-pdf/.build-cache/arlington/t13-r1/TestGrammar/pdfium/core/src/fxcrt/fx_basic_bstring.cpp:46:60:
/usr/include/x86_64-linux-gnu/bits/string_fortified.h:29:33: warning: ‘void* __builtin_memcpy(void*, const void*, long unsigned int)’ writing between 1 and 32 bytes into a region of size 0 overflows the destination [-Wstringop-overflow=]
   29 |   return __builtin___memcpy_chk (__dest, __src, __len,
      |          ~~~~~~~~~~~~~~~~~~~~~~~^~~~~~~~~~~~~~~~~~~~~~
   30 |                                  __glibc_objsize0 (__dest));
      |                                  ~~~~~~~~~~~~~~~~~~~~~~~~~~
In static member function ‘static CFX_ByteString CFX_ByteString::FormatInteger(int, FX_DWORD)’:
cc1plus: note: destination object is likely at address zero
In function ‘void* memcpy(void*, const void*, size_t)’,
    inlined from ‘void CFX_ByteString::AssignCopy(FX_STRSIZE, FX_LPCSTR)’ at /home/ubuntu/IdeaProjects/open-pdf/.build-cache/arlington/t13-r1/TestGrammar/pdfium/core/src/fxcrt/fx_basic_bstring.cpp:302:19,
    inlined from ‘const CFX_ByteString& CFX_ByteString::operator=(const CFX_ByteString&)’ at /home/ubuntu/IdeaProjects/open-pdf/.build-cache/arlington/t13-r1/TestGrammar/pdfium/core/src/fxcrt/fx_basic_bstring.cpp:183:19,
    inlined from ‘CFX_ByteString::CFX_ByteString(const CFX_ByteString&)’ at /home/ubuntu/IdeaProjects/open-pdf/.build-cache/arlington/t13-r1/TestGrammar/pdfium/core/src/fxcrt/fx_basic_bstring.cpp:130:17,
    inlined from ‘CFX_ByteString::CFX_ByteString(const CFX_ByteString&)’ at /home/ubuntu/IdeaProjects/open-pdf/.build-cache/arlington/t13-r1/TestGrammar/pdfium/core/src/fxcrt/fx_basic_bstring.cpp:119:1:
/usr/include/x86_64-linux-gnu/bits/string_fortified.h:29:33: warning: ‘void* __builtin_memcpy(void*, const void*, long unsigned int)’ writing 1 or more bytes into a region of size 0 overflows the destination [-Wstringop-overflow=]
   29 |   return __builtin___memcpy_chk (__dest, __src, __len,
      |          ~~~~~~~~~~~~~~~~~~~~~~~^~~~~~~~~~~~~~~~~~~~~~
   30 |                                  __glibc_objsize0 (__dest));
      |                                  ~~~~~~~~~~~~~~~~~~~~~~~~~~
In copy constructor ‘CFX_ByteString::CFX_ByteString(const CFX_ByteString&)’:
cc1plus: note: destination object is likely at address zero
In function ‘void* memcpy(void*, const void*, size_t)’,
    inlined from ‘void CFX_ByteString::AssignCopy(FX_STRSIZE, FX_LPCSTR)’ at /home/ubuntu/IdeaProjects/open-pdf/.build-cache/arlington/t13-r1/TestGrammar/pdfium/core/src/fxcrt/fx_basic_bstring.cpp:302:19,
    inlined from ‘const CFX_ByteString& CFX_ByteString::operator=(FX_BSTR)’ at /home/ubuntu/IdeaProjects/open-pdf/.build-cache/arlington/t13-r1/TestGrammar/pdfium/core/src/fxcrt/fx_basic_bstring.cpp:170:19,
    inlined from ‘CFX_ByteString::CFX_ByteString(FX_BSTR)’ at /home/ubuntu/IdeaProjects/open-pdf/.build-cache/arlington/t13-r1/TestGrammar/pdfium/core/src/fxcrt/fx_basic_bstring.cpp:140:17,
    inlined from ‘CFX_ByteString::CFX_ByteString(FX_BSTR)’ at /home/ubuntu/IdeaProjects/open-pdf/.build-cache/arlington/t13-r1/TestGrammar/pdfium/core/src/fxcrt/fx_basic_bstring.cpp:133:1:
/usr/include/x86_64-linux-gnu/bits/string_fortified.h:29:33: warning: ‘void* __builtin_memcpy(void*, const void*, long unsigned int)’ writing 1 or more bytes into a region of size 0 overflows the destination [-Wstringop-overflow=]
   29 |   return __builtin___memcpy_chk (__dest, __src, __len,
      |          ~~~~~~~~~~~~~~~~~~~~~~~^~~~~~~~~~~~~~~~~~~~~~
   30 |                                  __glibc_objsize0 (__dest));
      |                                  ~~~~~~~~~~~~~~~~~~~~~~~~~~
In constructor ‘CFX_ByteString::CFX_ByteString(FX_BSTR)’:
cc1plus: note: destination object is likely at address zero
[ 77%] Building CXX object CMakeFiles/TestGrammar.dir/pdfium/core/src/fxcrt/fx_basic_gcc.cpp.o
In member function ‘void CFX_ByteString::ReleaseBuffer(FX_STRSIZE)’,
    inlined from ‘void CFX_ByteString::ReleaseBuffer(FX_STRSIZE)’ at /home/ubuntu/IdeaProjects/open-pdf/.build-cache/arlington/t13-r1/TestGrammar/pdfium/core/src/fxcrt/fx_basic_bstring.cpp:327:6:
/home/ubuntu/IdeaProjects/open-pdf/.build-cache/arlington/t13-r1/TestGrammar/pdfium/core/src/fxcrt/fx_basic_bstring.cpp:334:46: warning: ‘size_t strlen(const char*)’ reading 1 or more bytes from a region of size 0 [-Wstringop-overread]
  334 |         nNewLength = (FX_STRSIZE)FXSYS_strlen((FX_LPCSTR)m_pData->m_String);
In member function ‘void CFX_ByteString::ReleaseBuffer(FX_STRSIZE)’:
cc1plus: note: source object is likely at address zero
[ 77%] Building CXX object CMakeFiles/TestGrammar.dir/pdfium/core/src/fxcrt/fx_basic_list.cpp.o
[ 78%] Building CXX object CMakeFiles/TestGrammar.dir/pdfium/core/src/fxcrt/fx_basic_maps.cpp.o
In function ‘void* memcpy(void*, const void*, size_t)’,
    inlined from ‘void CFX_ByteString::AssignCopy(FX_STRSIZE, FX_LPCSTR)’ at /home/ubuntu/IdeaProjects/open-pdf/.build-cache/arlington/t13-r1/TestGrammar/pdfium/core/src/fxcrt/fx_basic_bstring.cpp:302:19,
    inlined from ‘const CFX_ByteString& CFX_ByteString::operator=(const CFX_ByteString&)’ at /home/ubuntu/IdeaProjects/open-pdf/.build-cache/arlington/t13-r1/TestGrammar/pdfium/core/src/fxcrt/fx_basic_bstring.cpp:183:19,
    inlined from ‘CFX_ByteString::CFX_ByteString(const CFX_ByteString&)’ at /home/ubuntu/IdeaProjects/open-pdf/.build-cache/arlington/t13-r1/TestGrammar/pdfium/core/src/fxcrt/fx_basic_bstring.cpp:130:17,
    inlined from ‘CFX_ByteString::CFX_ByteString(const CFX_ByteString&)’ at /home/ubuntu/IdeaProjects/open-pdf/.build-cache/arlington/t13-r1/TestGrammar/pdfium/core/src/fxcrt/fx_basic_bstring.cpp:119:1,
    inlined from ‘static CFX_ByteString CFX_ByteString::LoadFromFile(FX_BSTR)’ at /home/ubuntu/IdeaProjects/open-pdf/.build-cache/arlington/t13-r1/TestGrammar/pdfium/core/src/fxcrt/fx_basic_bstring.cpp:953:12:
/usr/include/x86_64-linux-gnu/bits/string_fortified.h:29:33: warning: ‘void* __builtin_memcpy(void*, const void*, long unsigned int)’ writing 1 or more bytes into a region of size 0 overflows the destination [-Wstringop-overflow=]
   29 |   return __builtin___memcpy_chk (__dest, __src, __len,
      |          ~~~~~~~~~~~~~~~~~~~~~~~^~~~~~~~~~~~~~~~~~~~~~
   30 |                                  __glibc_objsize0 (__dest));
      |                                  ~~~~~~~~~~~~~~~~~~~~~~~~~~
In static member function ‘static CFX_ByteString CFX_ByteString::LoadFromFile(FX_BSTR)’:
cc1plus: note: destination object is likely at address zero
[ 78%] Building CXX object CMakeFiles/TestGrammar.dir/pdfium/core/src/fxcrt/fx_basic_memmgr.cpp.o
[ 78%] Building CXX object CMakeFiles/TestGrammar.dir/pdfium/core/src/fxcrt/fx_basic_plex.cpp.o
[ 79%] Building CXX object CMakeFiles/TestGrammar.dir/pdfium/core/src/fxcrt/fx_basic_utf.cpp.o
[ 79%] Building CXX object CMakeFiles/TestGrammar.dir/pdfium/core/src/fxcrt/fx_basic_util.cpp.o
[ 79%] Building CXX object CMakeFiles/TestGrammar.dir/pdfium/core/src/fxcrt/fx_basic_wstring.cpp.o
[ 79%] Building CXX object CMakeFiles/TestGrammar.dir/pdfium/core/src/fxcrt/fx_extension.cpp.o
[ 80%] Building CXX object CMakeFiles/TestGrammar.dir/pdfium/core/src/fxcrt/fx_ucddata.cpp.o
In file included from /usr/include/string.h:548,
                 from /home/ubuntu/IdeaProjects/open-pdf/.build-cache/arlington/t13-r1/TestGrammar/pdfium/core/src/fxcrt/../../include/fxcrt/fx_system.h:53,
                 from /home/ubuntu/IdeaProjects/open-pdf/.build-cache/arlington/t13-r1/TestGrammar/pdfium/core/src/fxcrt/../../include/fxcrt/fx_basic.h:10,
                 from /home/ubuntu/IdeaProjects/open-pdf/.build-cache/arlington/t13-r1/TestGrammar/pdfium/core/src/fxcrt/fx_basic_wstring.cpp:7:
In function ‘void* memcpy(void*, const void*, size_t)’,
    inlined from ‘void CFX_WideString::AssignCopy(FX_STRSIZE, FX_LPCWSTR)’ at /home/ubuntu/IdeaProjects/open-pdf/.build-cache/arlington/t13-r1/TestGrammar/pdfium/core/src/fxcrt/fx_basic_wstring.cpp:311:19,
    inlined from ‘const CFX_WideString& CFX_WideString::operator=(const CFX_WideString&)’ at /home/ubuntu/IdeaProjects/open-pdf/.build-cache/arlington/t13-r1/TestGrammar/pdfium/core/src/fxcrt/fx_basic_wstring.cpp:158:19,
    inlined from ‘CFX_WideString::CFX_WideString(const CFX_WideString&)’ at /home/ubuntu/IdeaProjects/open-pdf/.build-cache/arlington/t13-r1/TestGrammar/pdfium/core/src/fxcrt/fx_basic_wstring.cpp:80:17,
    inlined from ‘CFX_WideString::CFX_WideString(const CFX_WideString&)’ at /home/ubuntu/IdeaProjects/open-pdf/.build-cache/arlington/t13-r1/TestGrammar/pdfium/core/src/fxcrt/fx_basic_wstring.cpp:69:1:
/usr/include/x86_64-linux-gnu/bits/string_fortified.h:29:33: warning: ‘void* __builtin_memcpy(void*, const void*, long unsigned int)’ writing 4 or more bytes into a region of size 0 overflows the destination [-Wstringop-overflow=]
   29 |   return __builtin___memcpy_chk (__dest, __src, __len,
      |          ~~~~~~~~~~~~~~~~~~~~~~~^~~~~~~~~~~~~~~~~~~~~~
   30 |                                  __glibc_objsize0 (__dest));
      |                                  ~~~~~~~~~~~~~~~~~~~~~~~~~~
In copy constructor ‘CFX_WideString::CFX_WideString(const CFX_WideString&)’:
cc1plus: note: destination object is likely at address zero
[ 80%] Building CXX object CMakeFiles/TestGrammar.dir/pdfium/core/src/fxcrt/fx_unicode.cpp.o
[ 80%] Building CXX object CMakeFiles/TestGrammar.dir/pdfium/core/src/fxcrt/fx_xml_composer.cpp.o
[ 81%] Building CXX object CMakeFiles/TestGrammar.dir/pdfium/core/src/fxcrt/fx_xml_parser.cpp.o
In function ‘void* memcpy(void*, const void*, size_t)’,
    inlined from ‘void CFX_WideString::AssignCopy(FX_STRSIZE, FX_LPCWSTR)’ at /home/ubuntu/IdeaProjects/open-pdf/.build-cache/arlington/t13-r1/TestGrammar/pdfium/core/src/fxcrt/fx_basic_wstring.cpp:311:19,
    inlined from ‘const CFX_WideString& CFX_WideString::operator=(const CFX_WideString&)’ at /home/ubuntu/IdeaProjects/open-pdf/.build-cache/arlington/t13-r1/TestGrammar/pdfium/core/src/fxcrt/fx_basic_wstring.cpp:158:19,
    inlined from ‘CFX_WideString::CFX_WideString(const CFX_WideString&)’ at /home/ubuntu/IdeaProjects/open-pdf/.build-cache/arlington/t13-r1/TestGrammar/pdfium/core/src/fxcrt/fx_basic_wstring.cpp:80:17,
    inlined from ‘CFX_WideString::CFX_WideString(const CFX_WideString&)’ at /home/ubuntu/IdeaProjects/open-pdf/.build-cache/arlington/t13-r1/TestGrammar/pdfium/core/src/fxcrt/fx_basic_wstring.cpp:69:1,
    inlined from ‘CFX_WideString CFX_WideString::Left(FX_STRSIZE) const’ at /home/ubuntu/IdeaProjects/open-pdf/.build-cache/arlington/t13-r1/TestGrammar/pdfium/core/src/fxcrt/fx_basic_wstring.cpp:459:17:
/usr/include/x86_64-linux-gnu/bits/string_fortified.h:29:33: warning: ‘void* __builtin_memcpy(void*, const void*, long unsigned int)’ writing 4 or more bytes into a region of size 0 overflows the destination [-Wstringop-overflow=]
   29 |   return __builtin___memcpy_chk (__dest, __src, __len,
      |          ~~~~~~~~~~~~~~~~~~~~~~~^~~~~~~~~~~~~~~~~~~~~~
   30 |                                  __glibc_objsize0 (__dest));
      |                                  ~~~~~~~~~~~~~~~~~~~~~~~~~~
In member function ‘CFX_WideString CFX_WideString::Left(FX_STRSIZE) const’:
cc1plus: note: destination object is likely at address zero
[ 81%] Building CXX object CMakeFiles/TestGrammar.dir/pdfium/core/src/fxge/agg/src/fxfx_agg_curves.cpp.o
[ 81%] Building CXX object CMakeFiles/TestGrammar.dir/pdfium/core/src/fxge/agg/src/fxfx_agg_driver.cpp.o
[ 82%] Building CXX object CMakeFiles/TestGrammar.dir/pdfium/core/src/fxge/agg/src/fxfx_agg_path_storage.cpp.o
[ 82%] Building CXX object CMakeFiles/TestGrammar.dir/pdfium/core/src/fxge/agg/src/fxfx_agg_rasterizer_scanline_aa.cpp.o
[ 82%] Building CXX object CMakeFiles/TestGrammar.dir/pdfium/core/src/fxge/agg/src/fxfx_agg_vcgen_dash.cpp.o
[ 82%] Building CXX object CMakeFiles/TestGrammar.dir/pdfium/core/src/fxge/agg/src/fxfx_agg_vcgen_stroke.cpp.o
[ 83%] Building CXX object CMakeFiles/TestGrammar.dir/pdfium/core/src/fxge/android/fpf_skiafont.cpp.o
[ 83%] Building CXX object CMakeFiles/TestGrammar.dir/pdfium/core/src/fxge/android/fpf_skiafontmgr.cpp.o
[ 83%] Building CXX object CMakeFiles/TestGrammar.dir/pdfium/core/src/fxge/android/fpf_skiamodule.cpp.o
[ 84%] Building CXX object CMakeFiles/TestGrammar.dir/pdfium/core/src/fxge/dib/fx_dib_composite.cpp.o
[ 84%] Building CXX object CMakeFiles/TestGrammar.dir/pdfium/core/src/fxge/dib/fx_dib_convert.cpp.o
[ 84%] Building CXX object CMakeFiles/TestGrammar.dir/pdfium/core/src/fxge/dib/fx_dib_engine.cpp.o
[ 84%] Building CXX object CMakeFiles/TestGrammar.dir/pdfium/core/src/fxge/dib/fx_dib_main.cpp.o
[ 85%] Building CXX object CMakeFiles/TestGrammar.dir/pdfium/core/src/fxge/dib/fx_dib_transform.cpp.o
[ 85%] Building C object CMakeFiles/TestGrammar.dir/pdfium/core/src/fxge/fontdata/chromefontdata/FoxitDingbats.c.o
[ 85%] Building C object CMakeFiles/TestGrammar.dir/pdfium/core/src/fxge/fontdata/chromefontdata/FoxitFixed.c.o
[ 86%] Building C object CMakeFiles/TestGrammar.dir/pdfium/core/src/fxge/fontdata/chromefontdata/FoxitFixedBold.c.o
[ 86%] Building C object CMakeFiles/TestGrammar.dir/pdfium/core/src/fxge/fontdata/chromefontdata/FoxitFixedBoldItalic.c.o
[ 86%] Building C object CMakeFiles/TestGrammar.dir/pdfium/core/src/fxge/fontdata/chromefontdata/FoxitFixedItalic.c.o
[ 87%] Building C object CMakeFiles/TestGrammar.dir/pdfium/core/src/fxge/fontdata/chromefontdata/FoxitSans.c.o
[ 87%] Building C object CMakeFiles/TestGrammar.dir/pdfium/core/src/fxge/fontdata/chromefontdata/FoxitSansBold.c.o
[ 87%] Building C object CMakeFiles/TestGrammar.dir/pdfium/core/src/fxge/fontdata/chromefontdata/FoxitSansBoldItalic.c.o
[ 87%] Building C object CMakeFiles/TestGrammar.dir/pdfium/core/src/fxge/fontdata/chromefontdata/FoxitSansItalic.c.o
[ 88%] Building C object CMakeFiles/TestGrammar.dir/pdfium/core/src/fxge/fontdata/chromefontdata/FoxitSansMM.c.o
[ 88%] Building C object CMakeFiles/TestGrammar.dir/pdfium/core/src/fxge/fontdata/chromefontdata/FoxitSerif.c.o
[ 88%] Building C object CMakeFiles/TestGrammar.dir/pdfium/core/src/fxge/fontdata/chromefontdata/FoxitSerifBold.c.o
[ 89%] Building C object CMakeFiles/TestGrammar.dir/pdfium/core/src/fxge/fontdata/chromefontdata/FoxitSerifBoldItalic.c.o
[ 89%] Building C object CMakeFiles/TestGrammar.dir/pdfium/core/src/fxge/fontdata/chromefontdata/FoxitSerifItalic.c.o
[ 89%] Building C object CMakeFiles/TestGrammar.dir/pdfium/core/src/fxge/fontdata/chromefontdata/FoxitSerifMM.c.o
[ 89%] Building C object CMakeFiles/TestGrammar.dir/pdfium/core/src/fxge/fontdata/chromefontdata/FoxitSymbol.c.o
[ 90%] Building C object CMakeFiles/TestGrammar.dir/pdfium/core/src/fxge/fx_freetype/src/fxft_cff.c.o
[ 90%] Building C object CMakeFiles/TestGrammar.dir/pdfium/core/src/fxge/fx_freetype/src/fxft_ftbase.c.o
[ 90%] Building C object CMakeFiles/TestGrammar.dir/pdfium/core/src/fxge/fx_freetype/src/fxft_ftbitmap.c.o
[ 91%] Building C object CMakeFiles/TestGrammar.dir/pdfium/core/src/fxge/fx_freetype/src/fxft_ftglyph.c.o
[ 91%] Building C object CMakeFiles/TestGrammar.dir/pdfium/core/src/fxge/fx_freetype/src/fxft_ftinit.c.o
[ 91%] Building C object CMakeFiles/TestGrammar.dir/pdfium/core/src/fxge/fx_freetype/src/fxft_ftlcdfil.c.o
[ 92%] Building C object CMakeFiles/TestGrammar.dir/pdfium/core/src/fxge/fx_freetype/src/fxft_ftmm.c.o
[ 92%] Building C object CMakeFiles/TestGrammar.dir/pdfium/core/src/fxge/fx_freetype/src/fxft_ftsystem.c.o
[ 92%] Building C object CMakeFiles/TestGrammar.dir/pdfium/core/src/fxge/fx_freetype/src/fxft_psaux.c.o
[ 92%] Building C object CMakeFiles/TestGrammar.dir/pdfium/core/src/fxge/fx_freetype/src/fxft_pshinter.c.o
[ 93%] Building C object CMakeFiles/TestGrammar.dir/pdfium/core/src/fxge/fx_freetype/src/fxft_psmodule.c.o
[ 93%] Building C object CMakeFiles/TestGrammar.dir/pdfium/core/src/fxge/fx_freetype/src/fxft_raster.c.o
[ 93%] Building C object CMakeFiles/TestGrammar.dir/pdfium/core/src/fxge/fx_freetype/src/fxft_sfnt.c.o
[ 94%] Building C object CMakeFiles/TestGrammar.dir/pdfium/core/src/fxge/fx_freetype/src/fxft_smooth.c.o
[ 94%] Building C object CMakeFiles/TestGrammar.dir/pdfium/core/src/fxge/fx_freetype/src/fxft_truetype.c.o
[ 94%] Building C object CMakeFiles/TestGrammar.dir/pdfium/core/src/fxge/fx_freetype/src/fxft_type1.c.o
[ 94%] Building C object CMakeFiles/TestGrammar.dir/pdfium/core/src/fxge/fx_freetype/src/fxft_type1cid.c.o
[ 95%] Building CXX object CMakeFiles/TestGrammar.dir/pdfium/core/src/fxge/ge/fx_ge.cpp.o
[ 95%] Building CXX object CMakeFiles/TestGrammar.dir/pdfium/core/src/fxge/ge/fx_ge_device.cpp.o
[ 95%] Building CXX object CMakeFiles/TestGrammar.dir/pdfium/core/src/fxge/ge/fx_ge_font.cpp.o
[ 96%] Building CXX object CMakeFiles/TestGrammar.dir/pdfium/core/src/fxge/ge/fx_ge_fontmap.cpp.o
/home/ubuntu/IdeaProjects/open-pdf/.build-cache/arlington/t13-r1/TestGrammar/pdfium/core/src/fxge/ge/fx_ge_fontmap.cpp: In member function ‘virtual FX_DWORD CFX_FolderFontInfo::GetFontData(void*, FX_DWORD, FX_LPBYTE, FX_DWORD)’:
/home/ubuntu/IdeaProjects/open-pdf/.build-cache/arlington/t13-r1/TestGrammar/pdfium/core/src/fxge/ge/fx_ge_fontmap.cpp:1527:20: warning: ignoring return value of ‘size_t fread(void*, size_t, size_t, FILE*)’ declared with attribute ‘warn_unused_result’ [-Wunused-result]
 1527 |         FXSYS_fread(buffer, datasize, 1, pFile);
[ 96%] Building CXX object CMakeFiles/TestGrammar.dir/pdfium/core/src/fxge/ge/fx_ge_path.cpp.o
[ 96%] Building CXX object CMakeFiles/TestGrammar.dir/pdfium/core/src/fxge/ge/fx_ge_ps.cpp.o
[ 97%] Building CXX object CMakeFiles/TestGrammar.dir/pdfium/core/src/fxge/ge/fx_ge_text.cpp.o
[ 97%] Building CXX object CMakeFiles/TestGrammar.dir/pdfium/core/src/fxge/skia/fx_skia_blitter_new.cpp.o
[ 97%] Building CXX object CMakeFiles/TestGrammar.dir/pdfium/core/src/fxge/skia/fx_skia_device.cpp.o
[ 97%] Building CXX object CMakeFiles/TestGrammar.dir/pdfium/core/src/reflow/autoreflow.cpp.o
[ 98%] Building CXX object CMakeFiles/TestGrammar.dir/pdfium/core/src/reflow/layoutprocessor_reflow.cpp.o
[ 98%] Building CXX object CMakeFiles/TestGrammar.dir/pdfium/core/src/reflow/layoutprovider_taggedpdf.cpp.o
[ 98%] Building CXX object CMakeFiles/TestGrammar.dir/pdfium/core/src/reflow/reflowedpage.cpp.o
[ 99%] Building CXX object CMakeFiles/TestGrammar.dir/pdfium/core/src/reflow/reflowedtextpage.cpp.o
[ 99%] Building CXX object CMakeFiles/TestGrammar.dir/pdfium/core/src/reflow/reflowengine.cpp.o
[ 99%] Building CXX object CMakeFiles/TestGrammar.dir/pdfium/core/src/fxge/ge/fx_ge_linux.cpp.o
[100%] Linking CXX executable /home/ubuntu/IdeaProjects/open-pdf/.build-cache/arlington/t13-r1/TestGrammar/bin/linux/TestGrammar
[100%] Built target TestGrammar
