exit=0
patching file TestGrammar/CMakeLists.txt
patching file TestGrammar/src/ArlingtonPDFShim.h
patching file TestGrammar/src/ArlingtonPDFShimPDFium.cpp
patching file TestGrammar/src/FolioAnnotationChecks.h
patching file TestGrammar/src/FolioMetadataChecks.h
patching file TestGrammar/src/FolioTextChecks.h
patching file TestGrammar/src/PDFFile.cpp
patching file TestGrammar/src/ParseObjects.cpp
patching file TestGrammar/src/ParseObjects.h
patching file TestGrammar/src/TestGrammarVers.h
patching file tsv/latest/CMapStream.tsv
patching file tsv/latest/ToUnicodeCMapStream.tsv
identical 2a0be6244443e1a21f041d8be0d2f115b29ad8567ba0d1da141dd01aa7e8dc89 TestGrammar/CMakeLists.txt
identical 8279aa36ed87c4cb6ab1416cc4a0e374e121e54d8fcfcb2131c998a6478d62d2 TestGrammar/src/ArlingtonPDFShim.h
identical 87fb4793dff510bed1abf45af30413f43f0474d30cdd9b90d2e60aac88770341 TestGrammar/src/ArlingtonPDFShimPDFium.cpp
identical 1682490dde6dd54de8dd684a0bf7d03c12bc26a0f09a72bc3fedf671575de6d6 TestGrammar/src/FolioAnnotationChecks.h
identical 2b9d4d75899366e4d27d3d22f26124e879f84384974a90738448704572b59674 TestGrammar/src/FolioMetadataChecks.h
identical e0010bb56632ef238339df51b8f4c7bf8548d5a8d66338c093ef17a5b8425d58 TestGrammar/src/FolioTextChecks.h
identical 7b1b2c4238e9ada02e27d87f3d25fb6aa49783d654f18cb59253a556500e18e8 TestGrammar/src/PDFFile.cpp
identical 81f19659351d4d2068c8c1882b8fd63667b5d43716ef7d3a9796c5daf7464480 TestGrammar/src/ParseObjects.cpp
identical 27366730ff605dea90e5fea8f3500e353d56d6862355f9e41b1b13f7e83a1fc2 TestGrammar/src/ParseObjects.h
identical 9c84d883b247104aa2f8b787adc1dfc88e74e28a73451e07d2685769577111d8 TestGrammar/src/TestGrammarVers.h
identical 93a413ce3cdb0cfea2570aab7a57b0844b00e490d5e8040818f5f5906939aa39 tsv/latest/CMapStream.tsv
identical 9379d53c0a70c7d1d6cacaf1fc8fc2a3b08340516afad8ba59e681d777ff4324 tsv/latest/ToUnicodeCMapStream.tsv
patch-sha256=ae2f5206c62804df4f104e531455708486579f35540ca9fac28373a2dd5950da
