{
  "version": 2,
  "parameters": {
    "decodelevel": "none"
  },
  "pages": [
    {
      "contents": [
        "4 0 R"
      ],
      "images": [
        {
          "bitspercomponent": 8,
          "colorspace": "/DeviceRGB",
          "decodeparms": [
            null
          ],
          "filter": [
            null
          ],
          "filterable": false,
          "height": 1,
          "name": "/AUnfiltered",
          "object": "5 0 R",
          "width": 2
        },
        {
          "bitspercomponent": 8,
          "colorspace": "/DeviceRGB",
          "decodeparms": [
            null
          ],
          "filter": [
            "/ASCIIHexDecode"
          ],
          "filterable": false,
          "height": 1,
          "name": "/BHex",
          "object": "6 0 R",
          "width": 2
        },
        {
          "bitspercomponent": 8,
          "colorspace": "/DeviceRGB",
          "decodeparms": [
            null
          ],
          "filter": [
            "/ASCII85Decode"
          ],
          "filterable": false,
          "height": 1,
          "name": "/C85",
          "object": "7 0 R",
          "width": 2
        },
        {
          "bitspercomponent": 8,
          "colorspace": "/DeviceRGB",
          "decodeparms": [
            null
          ],
          "filter": [
            "/RunLengthDecode"
          ],
          "filterable": false,
          "height": 1,
          "name": "/DRun",
          "object": "8 0 R",
          "width": 2
        },
        {
          "bitspercomponent": 8,
          "colorspace": "/DeviceRGB",
          "decodeparms": [
            null
          ],
          "filter": [
            "/FlateDecode"
          ],
          "filterable": false,
          "height": 1,
          "name": "/EFlate",
          "object": "9 0 R",
          "width": 2
        },
        {
          "bitspercomponent": 8,
          "colorspace": "/DeviceRGB",
          "decodeparms": [
            null,
            null
          ],
          "filter": [
            "/ASCII85Decode",
            "/FlateDecode"
          ],
          "filterable": false,
          "height": 1,
          "name": "/FChain",
          "object": "10 0 R",
          "width": 2
        },
        {
          "bitspercomponent": 8,
          "colorspace": "/DeviceRGB",
          "decodeparms": [
            {
              "/BitsPerComponent": 8,
              "/Colors": 3,
              "/Columns": 2,
              "/Predictor": 2
            }
          ],
          "filter": [
            "/FlateDecode"
          ],
          "filterable": false,
          "height": 1,
          "name": "/GTiff",
          "object": "11 0 R",
          "width": 2
        },
        {
          "bitspercomponent": 8,
          "colorspace": "/DeviceRGB",
          "decodeparms": [
            {
              "/BitsPerComponent": 8,
              "/Colors": 3,
              "/Columns": 2,
              "/Predictor": 15
            }
          ],
          "filter": [
            "/FlateDecode"
          ],
          "filterable": false,
          "height": 1,
          "name": "/HPng",
          "object": "12 0 R",
          "width": 2
        }
      ],
      "label": null,
      "object": "3 0 R",
      "outlines": [],
      "pageposfrom1": 1
    }
  ],
  "pagelabels": [],
  "acroform": {
    "fields": [],
    "hasacroform": false,
    "needappearances": false
  },
  "attachments": {},
  "encrypt": {
    "capabilities": {
      "accessibility": true,
      "extract": true,
      "modify": true,
      "modifyannotations": true,
      "modifyassembly": true,
      "modifyforms": true,
      "modifyother": true,
      "printhigh": true,
      "printlow": true
    },
    "encrypted": false,
    "ownerpasswordmatched": false,
    "parameters": {
      "P": 0,
      "R": 0,
      "V": 0,
      "bits": 0,
      "filemethod": "none",
      "key": null,
      "method": "none",
      "streammethod": "none",
      "stringmethod": "none"
    },
    "recovereduserpassword": null,
    "userpasswordmatched": false
  },
  "outlines": [],
  "qpdf": [
    {
      "jsonversion": 2,
      "pdfversion": "2.0",
      "pushedinheritedpageresources": false,
      "calledgetallpages": true,
      "maxobjectid": 12
    },
    {
      "obj:1 0 R": {
        "value": {
          "/Pages": "2 0 R",
          "/Type": "/Catalog"
        }
      },
      "obj:2 0 R": {
        "value": {
          "/Count": 1,
          "/Kids": [
            "3 0 R"
          ],
          "/Type": "/Pages"
        }
      },
      "obj:3 0 R": {
        "value": {
          "/Contents": "4 0 R",
          "/CropBox": [
            0,
            0,
            120,
            100
          ],
          "/MediaBox": [
            0,
            0,
            120,
            100
          ],
          "/Parent": "2 0 R",
          "/Resources": {
            "/XObject": {
              "/AUnfiltered": "5 0 R",
              "/BHex": "6 0 R",
              "/C85": "7 0 R",
              "/DRun": "8 0 R",
              "/EFlate": "9 0 R",
              "/FChain": "10 0 R",
              "/GTiff": "11 0 R",
              "/HPng": "12 0 R"
            }
          },
          "/Type": "/Page"
        }
      },
      "obj:4 0 R": {
        "stream": {
          "data": "cSAyMCAwIDAgMjAgMTAgMTAgY20gL0FVbmZpbHRlcmVkIERvIFEKcSAyMCAwIDAgMjAgMzUgMTAgY20gL0JIZXggRG8gUQpxIDIwIDAgMCAyMCA2MCAxMCBjbSAvQzg1IERvIFEKcSAyMCAwIDAgMjAgODUgMTAgY20gL0RSdW4gRG8gUQpxIDIwIDAgMCAyMCAxMCA1MCBjbSAvRUZsYXRlIERvIFEKcSAyMCAwIDAgMjAgMzUgNTAgY20gL0ZDaGFpbiBEbyBRCnEgMjAgMCAwIDIwIDYwIDUwIGNtIC9HVGlmZiBEbyBRCnEgMjAgMCAwIDIwIDg1IDUwIGNtIC9IUG5nIERvIFEK",
          "dict": {}
        }
      },
      "obj:5 0 R": {
        "stream": {
          "data": "/wAAAAD/",
          "dict": {
            "/BitsPerComponent": 8,
            "/ColorSpace": "/DeviceRGB",
            "/Height": 1,
            "/Subtype": "/Image",
            "/Type": "/XObject",
            "/Width": 2
          }
        }
      },
      "obj:6 0 R": {
        "stream": {
          "data": "ZmYwMDAwMDAwMGZmPg==",
          "dict": {
            "/BitsPerComponent": 8,
            "/ColorSpace": "/DeviceRGB",
            "/Filter": "/ASCIIHexDecode",
            "/Height": 1,
            "/Subtype": "/Image",
            "/Type": "/XObject",
            "/Width": 2
          }
        }
      },
      "obj:7 0 R": {
        "stream": {
          "data": "cnI8JCEhPDN+Pg==",
          "dict": {
            "/BitsPerComponent": 8,
            "/ColorSpace": "/DeviceRGB",
            "/Filter": "/ASCII85Decode",
            "/Height": 1,
            "/Subtype": "/Image",
            "/Type": "/XObject",
            "/Width": 2
          }
        }
      },
      "obj:8 0 R": {
        "stream": {
          "data": "Bf8AAAAA/4A=",
          "dict": {
            "/BitsPerComponent": 8,
            "/ColorSpace": "/DeviceRGB",
            "/Filter": "/RunLengthDecode",
            "/Height": 1,
            "/Subtype": "/Image",
            "/Type": "/XObject",
            "/Width": 2
          }
        }
      },
      "obj:9 0 R": {
        "stream": {
          "data": "eNr7zwAE/wEG/wH/",
          "dict": {
            "/BitsPerComponent": 8,
            "/ColorSpace": "/DeviceRGB",
            "/Filter": "/FlateDecode",
            "/Height": 1,
            "/Subtype": "/Image",
            "/Type": "/XObject",
            "/Width": 2
          }
        }
      },
      "obj:10 0 R": {
        "stream": {
          "data": "R2hXJkAhIU48JiM2K2Aofj4=",
          "dict": {
            "/BitsPerComponent": 8,
            "/ColorSpace": "/DeviceRGB",
            "/DecodeParms": [
              null,
              null
            ],
            "/Filter": [
              "/ASCII85Decode",
              "/FlateDecode"
            ],
            "/Height": 1,
            "/Subtype": "/Image",
            "/Type": "/XObject",
            "/Width": 2
          }
        }
      },
      "obj:11 0 R": {
        "stream": {
          "data": "eNr7z8DAyPAfAAcCAgA=",
          "dict": {
            "/BitsPerComponent": 8,
            "/ColorSpace": "/DeviceRGB",
            "/DecodeParms": {
              "/BitsPerComponent": 8,
              "/Colors": 3,
              "/Columns": 2,
              "/Predictor": 2
            },
            "/Filter": "/FlateDecode",
            "/Height": 1,
            "/Subtype": "/Image",
            "/Type": "/XObject",
            "/Width": 2
          }
        }
      },
      "obj:12 0 R": {
        "stream": {
          "data": "eNpj/M/AwMjwHwAHCgIB",
          "dict": {
            "/BitsPerComponent": 8,
            "/ColorSpace": "/DeviceRGB",
            "/DecodeParms": {
              "/BitsPerComponent": 8,
              "/Colors": 3,
              "/Columns": 2,
              "/Predictor": 15
            },
            "/Filter": "/FlateDecode",
            "/Height": 1,
            "/Subtype": "/Image",
            "/Type": "/XObject",
            "/Width": 2
          }
        }
      },
      "trailer": {
        "value": {
          "/ID": [
            "b:f964a5be5e4f63b22e52841695d28dde",
            "b:f964a5be5e4f63b22e52841695d28dde"
          ],
          "/Root": "1 0 R",
          "/Size": 13
        }
      }
    }
  ]
}
