FF
======================================================================
FAIL: test_unimplemented_font_data_produces_an_indeterminate_record (scripts.tests.test_t13_program_standards.T13ProgramStandardsTest.test_unimplemented_font_data_produces_an_indeterminate_record) (font='cff-unknown-charset-format')
----------------------------------------------------------------------
Traceback (most recent call last):
  File "/home/ubuntu/IdeaProjects/open-pdf/scripts/tests/test_t13_program_standards.py", line 23, in test_unimplemented_font_data_produces_an_indeterminate_record
    values = self.observe(directory, pdf, 'indeterminate', scope='fonts')
             ^^^^^^^^^^^^^^^^^^^^^^^^^^^^^^^^^^^^^^^^^^^^^^^^^^^^^^^^^^^^
  File "/home/ubuntu/IdeaProjects/open-pdf/scripts/tests/test_t13_program_standards.py", line 233, in observe
    self.assertEqual(0, result.returncode, result.stderr)
AssertionError: 0 != 1 : Traceback (most recent call last):
  File "/home/ubuntu/IdeaProjects/open-pdf/scripts/t13-program-standards.py", line 662, in <module>
    inspect(Path(sys.argv[1]).resolve(), Path(sys.argv[2]).resolve(), sys.argv[3], Path(sys.argv[4]).resolve())
  File "/home/ubuntu/IdeaProjects/open-pdf/scripts/t13-program-standards.py", line 638, in inspect
    result['observed-font-programs'] = check_font_programs(graph, root, result)
                                       ^^^^^^^^^^^^^^^^^^^^^^^^^^^^^^^^^^^^^^^^
  File "/home/ubuntu/IdeaProjects/open-pdf/scripts/t13-program-standards.py", line 589, in check_font_programs
    font_program_data(data, kind)
  File "/home/ubuntu/IdeaProjects/open-pdf/scripts/t13-program-standards.py", line 553, in font_program_data
    if len(top.CharStrings) > 4096:
           ^^^^^^^^^^^^^^^
  File "/home/ubuntu/IdeaProjects/open-pdf/.build-cache/t75-fonttools-4.59.2/fonttools-4.59.2-py3-none-any.whl/fontTools/cffLib/__init__.py", line 2509, in __getattr__
  File "/home/ubuntu/IdeaProjects/open-pdf/.build-cache/t75-fonttools-4.59.2/fonttools-4.59.2-py3-none-any.whl/fontTools/cffLib/__init__.py", line 1201, in read
  File "/home/ubuntu/IdeaProjects/open-pdf/.build-cache/t75-fonttools-4.59.2/fonttools-4.59.2-py3-none-any.whl/fontTools/cffLib/__init__.py", line 1386, in _read
  File "/home/ubuntu/IdeaProjects/open-pdf/.build-cache/t75-fonttools-4.59.2/fonttools-4.59.2-py3-none-any.whl/fontTools/cffLib/__init__.py", line 2509, in __getattr__
  File "/home/ubuntu/IdeaProjects/open-pdf/.build-cache/t75-fonttools-4.59.2/fonttools-4.59.2-py3-none-any.whl/fontTools/cffLib/__init__.py", line 1201, in read
  File "/home/ubuntu/IdeaProjects/open-pdf/.build-cache/t75-fonttools-4.59.2/fonttools-4.59.2-py3-none-any.whl/fontTools/cffLib/__init__.py", line 1457, in _read
NotImplementedError


======================================================================
FAIL: test_unimplemented_font_data_produces_an_indeterminate_record (scripts.tests.test_t13_program_standards.T13ProgramStandardsTest.test_unimplemented_font_data_produces_an_indeterminate_record) (font='cidcff-unknown-charset-format')
----------------------------------------------------------------------
Traceback (most recent call last):
  File "/home/ubuntu/IdeaProjects/open-pdf/scripts/tests/test_t13_program_standards.py", line 23, in test_unimplemented_font_data_produces_an_indeterminate_record
    values = self.observe(directory, pdf, 'indeterminate', scope='fonts')
             ^^^^^^^^^^^^^^^^^^^^^^^^^^^^^^^^^^^^^^^^^^^^^^^^^^^^^^^^^^^^
  File "/home/ubuntu/IdeaProjects/open-pdf/scripts/tests/test_t13_program_standards.py", line 233, in observe
    self.assertEqual(0, result.returncode, result.stderr)
AssertionError: 0 != 1 : Traceback (most recent call last):
  File "/home/ubuntu/IdeaProjects/open-pdf/scripts/t13-program-standards.py", line 662, in <module>
    inspect(Path(sys.argv[1]).resolve(), Path(sys.argv[2]).resolve(), sys.argv[3], Path(sys.argv[4]).resolve())
  File "/home/ubuntu/IdeaProjects/open-pdf/scripts/t13-program-standards.py", line 638, in inspect
    result['observed-font-programs'] = check_font_programs(graph, root, result)
                                       ^^^^^^^^^^^^^^^^^^^^^^^^^^^^^^^^^^^^^^^^
  File "/home/ubuntu/IdeaProjects/open-pdf/scripts/t13-program-standards.py", line 589, in check_font_programs
    font_program_data(data, kind)
  File "/home/ubuntu/IdeaProjects/open-pdf/scripts/t13-program-standards.py", line 553, in font_program_data
    if len(top.CharStrings) > 4096:
           ^^^^^^^^^^^^^^^
  File "/home/ubuntu/IdeaProjects/open-pdf/.build-cache/t75-fonttools-4.59.2/fonttools-4.59.2-py3-none-any.whl/fontTools/cffLib/__init__.py", line 2509, in __getattr__
  File "/home/ubuntu/IdeaProjects/open-pdf/.build-cache/t75-fonttools-4.59.2/fonttools-4.59.2-py3-none-any.whl/fontTools/cffLib/__init__.py", line 1201, in read
  File "/home/ubuntu/IdeaProjects/open-pdf/.build-cache/t75-fonttools-4.59.2/fonttools-4.59.2-py3-none-any.whl/fontTools/cffLib/__init__.py", line 1386, in _read
  File "/home/ubuntu/IdeaProjects/open-pdf/.build-cache/t75-fonttools-4.59.2/fonttools-4.59.2-py3-none-any.whl/fontTools/cffLib/__init__.py", line 2509, in __getattr__
  File "/home/ubuntu/IdeaProjects/open-pdf/.build-cache/t75-fonttools-4.59.2/fonttools-4.59.2-py3-none-any.whl/fontTools/cffLib/__init__.py", line 1201, in read
  File "/home/ubuntu/IdeaProjects/open-pdf/.build-cache/t75-fonttools-4.59.2/fonttools-4.59.2-py3-none-any.whl/fontTools/cffLib/__init__.py", line 1457, in _read
NotImplementedError


----------------------------------------------------------------------
Ran 1 test in 1.423s

FAILED (failures=2)
