FFF
======================================================================
FAIL: test_valid_font_headers_cannot_hide_invalid_checksums_or_missing_cff_dictionaries (test_t13_program_standards.T13ProgramStandardsTest.test_valid_font_headers_cannot_hide_invalid_checksums_or_missing_cff_dictionaries) (font='FolioT13Rectangle.ttf')
----------------------------------------------------------------------
Traceback (most recent call last):
  File "/home/ubuntu/IdeaProjects/open-pdf/scripts/tests/test_t13_program_standards.py", line 34, in test_valid_font_headers_cannot_hide_invalid_checksums_or_missing_cff_dictionaries
    self.observe(directory, pdf, 'fail', 'font-program-data', scope='fonts')
  File "/home/ubuntu/IdeaProjects/open-pdf/scripts/tests/test_t13_program_standards.py", line 178, in observe
    self.assertEqual(expected, values['standards'], pdf.name + ': ' + values['finding'])
AssertionError: 'fail' != 'pass'
- fail
+ pass
 : FolioT13Rectangle.ttf.pdf: Embedded CFF and TrueType header declarations are consistent.

======================================================================
FAIL: test_valid_font_headers_cannot_hide_invalid_checksums_or_missing_cff_dictionaries (test_t13_program_standards.T13ProgramStandardsTest.test_valid_font_headers_cannot_hide_invalid_checksums_or_missing_cff_dictionaries) (font='FolioT13Rectangle.cff')
----------------------------------------------------------------------
Traceback (most recent call last):
  File "/home/ubuntu/IdeaProjects/open-pdf/scripts/tests/test_t13_program_standards.py", line 34, in test_valid_font_headers_cannot_hide_invalid_checksums_or_missing_cff_dictionaries
    self.observe(directory, pdf, 'fail', 'font-program-data', scope='fonts')
  File "/home/ubuntu/IdeaProjects/open-pdf/scripts/tests/test_t13_program_standards.py", line 178, in observe
    self.assertEqual(expected, values['standards'], pdf.name + ': ' + values['finding'])
AssertionError: 'fail' != 'pass'
- fail
+ pass
 : FolioT13Rectangle.cff.pdf: Embedded CFF and TrueType header declarations are consistent.

======================================================================
FAIL: test_valid_font_headers_cannot_hide_invalid_checksums_or_missing_cff_dictionaries (test_t13_program_standards.T13ProgramStandardsTest.test_valid_font_headers_cannot_hide_invalid_checksums_or_missing_cff_dictionaries) (font='FolioT13RectangleCID.cff')
----------------------------------------------------------------------
Traceback (most recent call last):
  File "/home/ubuntu/IdeaProjects/open-pdf/scripts/tests/test_t13_program_standards.py", line 34, in test_valid_font_headers_cannot_hide_invalid_checksums_or_missing_cff_dictionaries
    self.observe(directory, pdf, 'fail', 'font-program-data', scope='fonts')
  File "/home/ubuntu/IdeaProjects/open-pdf/scripts/tests/test_t13_program_standards.py", line 178, in observe
    self.assertEqual(expected, values['standards'], pdf.name + ': ' + values['finding'])
AssertionError: 'fail' != 'pass'
- fail
+ pass
 : FolioT13RectangleCID.cff.pdf: Embedded CFF and TrueType header declarations are consistent.

----------------------------------------------------------------------
Ran 1 test in 0.376s

FAILED (failures=3)
