checking @repository/capabilities/profiles/T78-password/aes-256-pdf20.pdf
PDF Version: 2.0
R = 6
P = -4
[credential redacted]
Supplied password is user password
extract for accessibility: allowed
extract for any purpose: allowed
print low resolution: allowed
print high resolution: allowed
modify document assembly: allowed
modify forms: allowed
modify annotations: allowed
modify other: allowed
modify anything: allowed
stream encryption method: AESv3
string encryption method: AESv3
file encryption method: AESv3
File is not linearized
No syntax or stream encoding errors found; the file may still contain
errors that qpdf cannot detect
