Processing "@repository/capabilities/profiles/T79-controls/r-type.pdf" to stdout BEGIN - TestGrammar v0.81 built Sep  8 2026 00:00:00 (GNU-C linux release) pdfium
Arlington TSV data: "@repository/.build-cache/t79-arlington-model/output"
PDF: "@repository/capabilities/profiles/T79-controls/r-type.pdf"
Info: Traditional trailer dictionary detected.
Info: Unsupported encryption
Info: Header is version PDF 2.0
Info: Processing as PDF 2.0
       2:     Trailer->Encrypt (as EncryptionStandard)
Info: detected a dictionary key version-based feature that was deprecated in PDF 2.0 (using PDF 2.0) for EncryptionStandard/Length
Error: special case not correct: O (EncryptionStandard) in PDF 2.0 should be: string-byte [fn:Eval(fn:AlwaysUnencrypted() && (((@R<=4) && (fn:StringLength(O)==32)) || (((@R==5) || (@R==6)) && (fn:StringLength(O)==48))))] - string when unsupported encryption
Error: wrong type: R (EncryptionStandard) should be integer in PDF 2.0 and is name
Error: special case not correct: U (EncryptionStandard) in PDF 2.0 should be: string-byte [fn:Eval(fn:AlwaysUnencrypted() && (((@R<=4) && (fn:StringLength(U)==32)) || (((@R==5) || (@R==6)) && (fn:StringLength(U)==48))))] - string when unsupported encryption
Error: special case not correct: V (EncryptionStandard) in PDF 2.0 should be: integer [fn:Eval((fn:BeforeVersion(2.0) || ((@V==5) && (@R==6))) && (((@V==4) && fn:SinceVersion(1.5)) || ((@V==5) && (fn:SinceVersion(2.0) || (fn:IsPDFVersion(1.7) && fn:IsPresent(trailer::Catalog::Extensions::ADBE::BaseVersion) && fn:IsPresent(trailer::Catalog::Extensions::ADBE::ExtensionLevel) && (trailer::Catalog::Extensions::ADBE::@BaseVersion==1.7) && (trailer::Catalog::Extensions::ADBE::@ExtensionLevel>=8))))))] and is integer==5
       4:     Trailer->Info (as DocInfo)
Info: detected a dictionary key version-based feature that was deprecated in PDF 2.0 (using PDF 2.0) for DocInfo/Keywords
Info: detected a dictionary key version-based feature that was deprecated in PDF 2.0 (using PDF 2.0) for DocInfo/Title
      10:         Trailer->Encrypt (as EncryptionStandard)->CF (as CryptFilterMap)->StdCF (as CryptFilter)
Info: detected a dictionary key version-based feature that was deprecated in PDF 2.0 (using PDF 2.0) for CryptFilter/Length
Info: Latest Arlington object was PDF 1.5 (EncryptionStandard/CF) compared using PDF 2.0
END

DONE - 1 files processed
