test_empty_and_relative_cache_values_select_the_same_observed_and_executed_tool (scripts.tests.test_t13_qpdf_identity.T13QpdfIdentityTest.test_empty_and_relative_cache_values_select_the_same_observed_and_executed_tool) ... 
  test_empty_and_relative_cache_values_select_the_same_observed_and_executed_tool (scripts.tests.test_t13_qpdf_identity.T13QpdfIdentityTest.test_empty_and_relative_cache_values_select_the_same_observed_and_executed_tool) (sample='empty-substitute', observer='t13-program-standards.py') ... FAIL
  test_empty_and_relative_cache_values_select_the_same_observed_and_executed_tool (scripts.tests.test_t13_qpdf_identity.T13QpdfIdentityTest.test_empty_and_relative_cache_values_select_the_same_observed_and_executed_tool) (sample='empty-substitute', observer='t13-semantics.py') ... FAIL

======================================================================
FAIL: test_empty_and_relative_cache_values_select_the_same_observed_and_executed_tool (scripts.tests.test_t13_qpdf_identity.T13QpdfIdentityTest.test_empty_and_relative_cache_values_select_the_same_observed_and_executed_tool) (sample='empty-substitute', observer='t13-program-standards.py')
----------------------------------------------------------------------
Traceback (most recent call last):
  File "/home/ubuntu/IdeaProjects/open-pdf/scripts/tests/test_t13_qpdf_identity.py", line 67, in test_empty_and_relative_cache_values_select_the_same_observed_and_executed_tool
    self.assertEqual(expected, values[chain], values['finding'])
AssertionError: 'indeterminate' != 'pass'
- indeterminate
+ pass
 : Decoded CMap grammar, character domains and declared inheritance are consistent.

======================================================================
FAIL: test_empty_and_relative_cache_values_select_the_same_observed_and_executed_tool (scripts.tests.test_t13_qpdf_identity.T13QpdfIdentityTest.test_empty_and_relative_cache_values_select_the_same_observed_and_executed_tool) (sample='empty-substitute', observer='t13-semantics.py')
----------------------------------------------------------------------
Traceback (most recent call last):
  File "/home/ubuntu/IdeaProjects/open-pdf/scripts/tests/test_t13_qpdf_identity.py", line 67, in test_empty_and_relative_cache_values_select_the_same_observed_and_executed_tool
    self.assertEqual(expected, values[chain], values['finding'])
AssertionError: 'indeterminate' != 'pass'
- indeterminate
+ pass
 : The complete reachable decoded graph matches the frozen original Source.

----------------------------------------------------------------------
Ran 1 test in 2.232s

FAILED (failures=2)
