test_redirected_pin_cannot_substitute_the_observed_pdf (scripts.tests.test_t13_qpdf_identity.T13QpdfIdentityTest.test_redirected_pin_cannot_substitute_the_observed_pdf) ... 
  test_redirected_pin_cannot_substitute_the_observed_pdf (scripts.tests.test_t13_qpdf_identity.T13QpdfIdentityTest.test_redirected_pin_cannot_substitute_the_observed_pdf) (observer='t13-program-standards.py') ... FAIL
  test_redirected_pin_cannot_substitute_the_observed_pdf (scripts.tests.test_t13_qpdf_identity.T13QpdfIdentityTest.test_redirected_pin_cannot_substitute_the_observed_pdf) (observer='t13-semantics.py') ... FAIL

======================================================================
FAIL: test_redirected_pin_cannot_substitute_the_observed_pdf (scripts.tests.test_t13_qpdf_identity.T13QpdfIdentityTest.test_redirected_pin_cannot_substitute_the_observed_pdf) (observer='t13-program-standards.py')
----------------------------------------------------------------------
Traceback (most recent call last):
  File "/home/ubuntu/IdeaProjects/open-pdf/scripts/tests/test_t13_qpdf_identity.py", line 51, in test_redirected_pin_cannot_substitute_the_observed_pdf
    self.assertEqual('indeterminate', values[chain], values['finding'])
AssertionError: 'indeterminate' != 'pass'
- indeterminate
+ pass
 : Decoded CMap grammar, character domains and declared inheritance are consistent.

======================================================================
FAIL: test_redirected_pin_cannot_substitute_the_observed_pdf (scripts.tests.test_t13_qpdf_identity.T13QpdfIdentityTest.test_redirected_pin_cannot_substitute_the_observed_pdf) (observer='t13-semantics.py')
----------------------------------------------------------------------
Traceback (most recent call last):
  File "/home/ubuntu/IdeaProjects/open-pdf/scripts/tests/test_t13_qpdf_identity.py", line 51, in test_redirected_pin_cannot_substitute_the_observed_pdf
    self.assertEqual('indeterminate', values[chain], values['finding'])
AssertionError: 'indeterminate' != 'pass'
- indeterminate
+ pass
 : The complete reachable decoded graph matches the frozen original Source.

----------------------------------------------------------------------
Ran 1 test in 0.357s

FAILED (failures=2)
