[INFO] Scanning for projects...
[INFO] ------------------------------------------------------------------------
[INFO] Reactor Build Order:
[INFO] 
[INFO] Folio PDF by ZeroCloud - Parent                                    [pom]
[INFO] Folio PDF by ZeroCloud - Capability Provider Contract              [jar]
[INFO] Folio PDF by ZeroCloud - Conversion                                [jar]
[INFO] Folio PDF by ZeroCloud - Document Engine                           [jar]
[INFO] Folio PDF by ZeroCloud - Preview iText 7 Migration Facade          [jar]
[INFO] 
[INFO] ----------------------< net.zerocloud:pdf-parent >----------------------
[INFO] Building Folio PDF by ZeroCloud - Parent 0.1.0-SNAPSHOT            [1/5]
[INFO]   from pom.xml
[INFO] --------------------------------[ pom ]---------------------------------
[INFO] 
[INFO] --- enforcer:3.6.2:enforce (enforce-build-runtime) @ pdf-parent ---
[INFO] Rule 0: org.apache.maven.enforcer.rules.version.RequireMavenVersion passed
[INFO] Rule 1: org.apache.maven.enforcer.rules.version.RequireJavaVersion passed
[INFO] 
[INFO] ----------------< net.zerocloud:pdf-provider-contract >-----------------
[INFO] Building Folio PDF by ZeroCloud - Capability Provider Contract 0.1.0-SNAPSHOT [2/5]
[INFO]   from pdf-provider-contract/pom.xml
[INFO] --------------------------------[ jar ]---------------------------------
[INFO] 
[INFO] --- enforcer:3.6.2:enforce (enforce-build-runtime) @ pdf-provider-contract ---
[INFO] 
[INFO] --- resources:3.3.1:resources (default-resources) @ pdf-provider-contract ---
[INFO] Copying 1 resource from src/main/resources to target/classes
[INFO] Copying 2 resources from .. to target/classes/META-INF
[INFO] 
[INFO] --- compiler:3.15.0:compile (default-compile) @ pdf-provider-contract ---
[INFO] Nothing to compile - all classes are up to date.
[INFO] 
[INFO] --- resources:3.3.1:testResources (default-testResources) @ pdf-provider-contract ---
[INFO] skip non existing resourceDirectory /home/ubuntu/IdeaProjects/open-pdf/pdf-provider-contract/src/test/resources
[INFO] 
[INFO] --- compiler:3.15.0:testCompile (default-testCompile) @ pdf-provider-contract ---
[INFO] Nothing to compile - all classes are up to date.
[INFO] 
[INFO] --- surefire:3.5.4:test (default-test) @ pdf-provider-contract ---
[INFO] 
[INFO] --- jar:3.4.2:jar (default-jar) @ pdf-provider-contract ---
[INFO] Building jar: /home/ubuntu/IdeaProjects/open-pdf/pdf-provider-contract/target/pdf-provider-contract-0.1.0-SNAPSHOT.jar
[INFO] 
[INFO] --------------------< net.zerocloud:pdf-conversion >--------------------
[INFO] Building Folio PDF by ZeroCloud - Conversion 0.1.0-SNAPSHOT        [3/5]
[INFO]   from pdf-conversion/pom.xml
[INFO] --------------------------------[ jar ]---------------------------------
[INFO] 
[INFO] --- enforcer:3.6.2:enforce (enforce-build-runtime) @ pdf-conversion ---
[INFO] 
[INFO] --- resources:3.3.1:resources (default-resources) @ pdf-conversion ---
[INFO] skip non existing resourceDirectory /home/ubuntu/IdeaProjects/open-pdf/pdf-conversion/src/main/resources
[INFO] Copying 2 resources from .. to target/classes/META-INF
[INFO] 
[INFO] --- compiler:3.15.0:compile (default-compile) @ pdf-conversion ---
[INFO] Recompiling the module because of changed dependency.
[INFO] Compiling 3 source files with javac [debug parameters release 8] to target/classes
[INFO] 
[INFO] --- resources:3.3.1:testResources (default-testResources) @ pdf-conversion ---
[INFO] skip non existing resourceDirectory /home/ubuntu/IdeaProjects/open-pdf/pdf-conversion/src/test/resources
[INFO] Copying 1 resource from ../pdf-acceptance/src/main/resources/net/zerocloud/pdf/acceptance/fonts/noto to target/test-classes/net/zerocloud/pdf/fixtures/noto
[INFO] 
[INFO] --- compiler:3.15.0:testCompile (default-testCompile) @ pdf-conversion ---
[INFO] Recompiling the module because of changed dependency.
[INFO] Compiling 5 source files with javac [debug parameters release 8] to target/test-classes
[INFO] 
[INFO] --- surefire:3.5.4:test (default-test) @ pdf-conversion ---
[INFO] 
[INFO] --- jar:3.4.2:jar (default-jar) @ pdf-conversion ---
[INFO] Building jar: /home/ubuntu/IdeaProjects/open-pdf/pdf-conversion/target/pdf-conversion-0.1.0-SNAPSHOT.jar
[INFO] 
[INFO] --- failsafe:3.5.4:integration-test (default) @ pdf-conversion ---
[INFO] Using auto detected provider org.apache.maven.surefire.junit4.JUnit4Provider
[INFO] 
[INFO] -------------------------------------------------------
[INFO]  T E S T S
[INFO] -------------------------------------------------------
[INFO] Running net.zerocloud.pdf.conversion.contract.JarContractIT
[INFO] Tests run: 1, Failures: 0, Errors: 0, Skipped: 0, Time elapsed: 0.051 s -- in net.zerocloud.pdf.conversion.contract.JarContractIT
[INFO] 
[INFO] Results:
[INFO] 
[INFO] Tests run: 1, Failures: 0, Errors: 0, Skipped: 0
[INFO] 
[INFO] 
[INFO] --- failsafe:3.5.4:verify (default) @ pdf-conversion ---
[INFO] 
[INFO] ---------------------< net.zerocloud:pdf-document >---------------------
[INFO] Building Folio PDF by ZeroCloud - Document Engine 0.1.0-SNAPSHOT   [4/5]
[INFO]   from pdf-document/pom.xml
[INFO] --------------------------------[ jar ]---------------------------------
[INFO] 
[INFO] --- enforcer:3.6.2:enforce (enforce-build-runtime) @ pdf-document ---
[INFO] 
[INFO] --- resources:3.3.1:resources (default-resources) @ pdf-document ---
[INFO] Copying 1 resource from src/main/resources to target/classes
[INFO] Copying 2 resources from .. to target/classes/META-INF
[INFO] 
[INFO] --- compiler:3.15.0:compile (default-compile) @ pdf-document ---
[INFO] Recompiling the module because of changed dependency.
[INFO] Compiling 274 source files with javac [debug parameters release 8] to target/classes
[INFO] 
[INFO] --- resources:3.3.1:testResources (default-testResources) @ pdf-document ---
[INFO] Copying 12 resources from src/test/resources to target/test-classes
[INFO] Copying 15 resources from ../pdf-acceptance/src/main/resources/net/zerocloud/pdf/acceptance/fonts/noto to target/test-classes/net/zerocloud/pdf/fixtures/noto
[INFO] 
[INFO] --- compiler:3.15.0:testCompile (default-testCompile) @ pdf-document ---
[INFO] Recompiling the module because of changed dependency.
[INFO] Compiling 44 source files with javac [debug parameters release 8] to target/test-classes
[INFO] /home/ubuntu/IdeaProjects/open-pdf/pdf-document/src/test/java/net/zerocloud/pdf/consumer/BlankDocumentWorkflowTest.java: Some input files use or override a deprecated API.
[INFO] /home/ubuntu/IdeaProjects/open-pdf/pdf-document/src/test/java/net/zerocloud/pdf/consumer/BlankDocumentWorkflowTest.java: Recompile with -Xlint:deprecation for details.
[INFO] 
[INFO] --- surefire:3.5.4:test (default-test) @ pdf-document ---
[INFO] 
[INFO] --- jar:3.4.2:jar (default-jar) @ pdf-document ---
[INFO] Building jar: /home/ubuntu/IdeaProjects/open-pdf/pdf-document/target/pdf-document-0.1.0-SNAPSHOT.jar
[INFO] 
[INFO] --- failsafe:3.5.4:integration-test (default) @ pdf-document ---
[INFO] Using auto detected provider org.apache.maven.surefire.junit4.JUnit4Provider
[INFO] 
[INFO] -------------------------------------------------------
[INFO]  T E S T S
[INFO] -------------------------------------------------------
[INFO] Running net.zerocloud.pdf.contract.JarContractIT
[INFO] Tests run: 1, Failures: 0, Errors: 0, Skipped: 0, Time elapsed: 0.076 s -- in net.zerocloud.pdf.contract.JarContractIT
[INFO] 
[INFO] Results:
[INFO] 
[INFO] Tests run: 1, Failures: 0, Errors: 0, Skipped: 0
[INFO] 
[INFO] 
[INFO] --- failsafe:3.5.4:verify (default) @ pdf-document ---
[INFO] 
[INFO] -------------< net.zerocloud:pdf-migration-itext7-preview >-------------
[INFO] Building Folio PDF by ZeroCloud - Preview iText 7 Migration Facade 0.1.0-SNAPSHOT [5/5]
[INFO]   from pdf-migration-itext7-preview/pom.xml
[INFO] --------------------------------[ jar ]---------------------------------
[INFO] 
[INFO] --- enforcer:3.6.2:enforce (enforce-build-runtime) @ pdf-migration-itext7-preview ---
[INFO] 
[INFO] --- resources:3.3.1:resources (default-resources) @ pdf-migration-itext7-preview ---
[INFO] Copying 1 resource from src/main/resources to target/classes
[INFO] Copying 2 resources from .. to target/classes/META-INF
[INFO] 
[INFO] --- compiler:3.15.0:compile (default-compile) @ pdf-migration-itext7-preview ---
[INFO] Recompiling the module because of changed dependency.
[INFO] Compiling 29 source files with javac [debug parameters release 8] to target/classes
[INFO] 
[INFO] --- resources:3.3.1:testResources (default-testResources) @ pdf-migration-itext7-preview ---
[INFO] Copying 5 resources from ../pdf-document/src/test/resources to target/test-classes
[INFO] 
[INFO] --- compiler:3.15.0:testCompile (default-testCompile) @ pdf-migration-itext7-preview ---
[INFO] Recompiling the module because of changed dependency.
[INFO] Compiling 10 source files with javac [debug parameters release 8] to target/test-classes
[INFO] 
[INFO] --- surefire:3.5.4:test (default-test) @ pdf-migration-itext7-preview ---
[INFO] Using auto detected provider org.apache.maven.surefire.junit4.JUnit4Provider
[INFO] 
[INFO] -------------------------------------------------------
[INFO]  T E S T S
[INFO] -------------------------------------------------------
[INFO] Running net.zerocloud.pdf.itext7.consumer.TextStructureFacadeTest
[INFO] Tests run: 9, Failures: 0, Errors: 0, Skipped: 0, Time elapsed: 0.838 s -- in net.zerocloud.pdf.itext7.consumer.TextStructureFacadeTest
[INFO] 
[INFO] Results:
[INFO] 
[INFO] Tests run: 9, Failures: 0, Errors: 0, Skipped: 0
[INFO] 
[INFO] 
[INFO] --- jar:3.4.2:jar (default-jar) @ pdf-migration-itext7-preview ---
[INFO] Building jar: /home/ubuntu/IdeaProjects/open-pdf/pdf-migration-itext7-preview/target/pdf-migration-itext7-preview-0.1.0-SNAPSHOT.jar
[INFO] 
[INFO] --- failsafe:3.5.4:integration-test (default) @ pdf-migration-itext7-preview ---
[INFO] Using auto detected provider org.apache.maven.surefire.junit4.JUnit4Provider
[INFO] 
[INFO] -------------------------------------------------------
[INFO]  T E S T S
[INFO] -------------------------------------------------------
[INFO] Running net.zerocloud.pdf.migration.itext7.contract.JarContractIT
[ERROR] Tests run: 1, Failures: 0, Errors: 1, Skipped: 0, Time elapsed: 0.052 s <<< FAILURE! -- in net.zerocloud.pdf.migration.itext7.contract.JarContractIT
[ERROR] net.zerocloud.pdf.migration.itext7.contract.JarContractIT.bothJava8ArtifactsContainTheExactDeclaredSurface -- Time elapsed: 0.008 s <<< ERROR!
java.nio.file.NoSuchFileException: /home/ubuntu/IdeaProjects/open-pdf/pdf-migration-itext7/target/pdf-migration-itext7-0.1.0-SNAPSHOT.jar
	at java.base/sun.nio.fs.UnixException.translateToIOException(UnixException.java:92)
	at java.base/sun.nio.fs.UnixException.rethrowAsIOException(UnixException.java:106)
	at java.base/sun.nio.fs.UnixException.rethrowAsIOException(UnixException.java:111)
	at java.base/sun.nio.fs.UnixFileAttributeViews$Basic.readAttributes(UnixFileAttributeViews.java:55)
	at java.base/sun.nio.fs.UnixFileSystemProvider.readAttributes(UnixFileSystemProvider.java:148)
	at java.base/sun.nio.fs.LinuxFileSystemProvider.readAttributes(LinuxFileSystemProvider.java:99)
	at java.base/java.nio.file.Files.readAttributes(Files.java:1851)
	at java.base/java.util.zip.ZipFile$Source.get(ZipFile.java:1428)
	at java.base/java.util.zip.ZipFile$CleanableResource.<init>(ZipFile.java:718)
	at java.base/java.util.zip.ZipFile.<init>(ZipFile.java:252)
	at java.base/java.util.zip.ZipFile.<init>(ZipFile.java:181)
	at java.base/java.util.jar.JarFile.<init>(JarFile.java:346)
	at java.base/java.util.jar.JarFile.<init>(JarFile.java:317)
	at java.base/java.util.jar.JarFile.<init>(JarFile.java:283)
	at net.zerocloud.pdf.migration.itext7.contract.JarContractIT.bothJava8ArtifactsContainTheExactDeclaredSurface(JarContractIT.java:81)
	at java.base/jdk.internal.reflect.NativeMethodAccessorImpl.invoke0(Native Method)
	at java.base/jdk.internal.reflect.NativeMethodAccessorImpl.invoke(NativeMethodAccessorImpl.java:77)
	at java.base/jdk.internal.reflect.DelegatingMethodAccessorImpl.invoke(DelegatingMethodAccessorImpl.java:43)
	at java.base/java.lang.reflect.Method.invoke(Method.java:568)
	at org.junit.runners.model.FrameworkMethod$1.runReflectiveCall(FrameworkMethod.java:59)
	at org.junit.internal.runners.model.ReflectiveCallable.run(ReflectiveCallable.java:12)
	at org.junit.runners.model.FrameworkMethod.invokeExplosively(FrameworkMethod.java:56)
	at org.junit.internal.runners.statements.InvokeMethod.evaluate(InvokeMethod.java:17)
	at org.junit.runners.ParentRunner$3.evaluate(ParentRunner.java:306)
	at org.junit.runners.BlockJUnit4ClassRunner$1.evaluate(BlockJUnit4ClassRunner.java:100)
	at org.junit.runners.ParentRunner.runLeaf(ParentRunner.java:366)
	at org.junit.runners.BlockJUnit4ClassRunner.runChild(BlockJUnit4ClassRunner.java:103)
	at org.junit.runners.BlockJUnit4ClassRunner.runChild(BlockJUnit4ClassRunner.java:63)
	at org.junit.runners.ParentRunner$4.run(ParentRunner.java:331)
	at org.junit.runners.ParentRunner$1.schedule(ParentRunner.java:79)
	at org.junit.runners.ParentRunner.runChildren(ParentRunner.java:329)
	at org.junit.runners.ParentRunner.access$100(ParentRunner.java:66)
	at org.junit.runners.ParentRunner$2.evaluate(ParentRunner.java:293)
	at org.junit.runners.ParentRunner$3.evaluate(ParentRunner.java:306)
	at org.junit.runners.ParentRunner.run(ParentRunner.java:413)
	at org.apache.maven.surefire.junit4.JUnit4Provider.execute(JUnit4Provider.java:316)
	at org.apache.maven.surefire.junit4.JUnit4Provider.executeWithRerun(JUnit4Provider.java:240)
	at org.apache.maven.surefire.junit4.JUnit4Provider.executeTestSet(JUnit4Provider.java:214)
	at org.apache.maven.surefire.junit4.JUnit4Provider.invoke(JUnit4Provider.java:155)
	at org.apache.maven.surefire.booter.ForkedBooter.runSuitesInProcess(ForkedBooter.java:385)
	at org.apache.maven.surefire.booter.ForkedBooter.execute(ForkedBooter.java:162)
	at org.apache.maven.surefire.booter.ForkedBooter.run(ForkedBooter.java:507)
	at org.apache.maven.surefire.booter.ForkedBooter.main(ForkedBooter.java:495)

[INFO] 
[INFO] Results:
[INFO] 
[ERROR] Errors: 
[ERROR]   JarContractIT.bothJava8ArtifactsContainTheExactDeclaredSurface:81 » NoSuchFile /home/ubuntu/IdeaProjects/open-pdf/pdf-migration-itext7/target/pdf-migration-itext7-0.1.0-SNAPSHOT.jar
[INFO] 
[ERROR] Tests run: 1, Failures: 0, Errors: 1, Skipped: 0
[INFO] 
[INFO] 
[INFO] --- failsafe:3.5.4:verify (default) @ pdf-migration-itext7-preview ---
[INFO] ------------------------------------------------------------------------
[INFO] Reactor Summary for Folio PDF by ZeroCloud - Parent 0.1.0-SNAPSHOT:
[INFO] 
[INFO] Folio PDF by ZeroCloud - Parent .................... SUCCESS [  0.336 s]
[INFO] Folio PDF by ZeroCloud - Capability Provider Contract SUCCESS [  0.846 s]
[INFO] Folio PDF by ZeroCloud - Conversion ................ SUCCESS [  1.495 s]
[INFO] Folio PDF by ZeroCloud - Document Engine ........... SUCCESS [  8.580 s]
[INFO] Folio PDF by ZeroCloud - Preview iText 7 Migration Facade FAILURE [  2.225 s]
[INFO] ------------------------------------------------------------------------
[INFO] BUILD FAILURE
[INFO] ------------------------------------------------------------------------
[INFO] Total time:  13.664 s
[INFO] Finished at: 2026-09-13T04:40:19+08:00
[INFO] ------------------------------------------------------------------------
[ERROR] Failed to execute goal org.apache.maven.plugins:maven-failsafe-plugin:3.5.4:verify (default) on project pdf-migration-itext7-preview: 
[ERROR] 
[ERROR] See /home/ubuntu/IdeaProjects/open-pdf/pdf-migration-itext7-preview/target/failsafe-reports for the individual test results.
[ERROR] See dump files (if any exist) [date].dump, [date]-jvmRun[N].dump and [date].dumpstream.
[ERROR] -> [Help 1]
[ERROR] 
[ERROR] To see the full stack trace of the errors, re-run Maven with the -e switch.
[ERROR] Re-run Maven using the -X switch to enable full debug logging.
[ERROR] 
[ERROR] For more information about the errors and possible solutions, please read the following articles:
[ERROR] [Help 1] http://cwiki.apache.org/confluence/display/MAVEN/MojoFailureException
[ERROR] 
[ERROR] After correcting the problems, you can resume the build with the command
[ERROR]   mvn <args> -rf :pdf-migration-itext7-preview
