checking @repository/capabilities/profiles/T79-clear-metadata/aes-128-pdf20.pdf
PDF Version: 2.0
R = 4
P = -3904
[credential redacted]
Supplied password is user password
extract for accessibility: not allowed
extract for any purpose: not allowed
print low resolution: not allowed
print high resolution: not allowed
modify document assembly: not allowed
modify forms: not allowed
modify annotations: not allowed
modify other: not allowed
modify anything: not allowed
stream encryption method: AESv2
string encryption method: AESv2
file encryption method: AESv2
File is not linearized
No syntax or stream encoding errors found; the file may still contain
errors that qpdf cannot detect
