checking @evidence/facade-credential-legacy-32/product.pdf
PDF Version: 1.7
R = 4
P = -3904
[credential redacted]
Supplied password is user password
extract for accessibility: not allowed
extract for any purpose: not allowed
print low resolution: not allowed
print high resolution: not allowed
modify document assembly: not allowed
modify forms: not allowed
modify annotations: not allowed
modify other: not allowed
modify anything: not allowed
stream encryption method: none
string encryption method: none
file encryption method: AESv2
File is not linearized
No syntax or stream encoding errors found; the file may still contain
errors that qpdf cannot detect
