{
  "version": 2,
  "parameters": {
    "decodelevel": "none"
  },
  "pages": [
    {
      "contents": [
        "4 0 R"
      ],
      "images": [
        {
          "bitspercomponent": 1,
          "colorspace": "/DeviceGray",
          "decodeparms": [
            {
              "/BlackIs1": true,
              "/Columns": 15,
              "/K": -1,
              "/Rows": 16
            }
          ],
          "filter": [
            "/CCITTFaxDecode"
          ],
          "filterable": false,
          "height": 16,
          "name": "/ACcitt",
          "object": "5 0 R",
          "width": 16
        },
        {
          "bitspercomponent": 8,
          "colorspace": "/DeviceGray",
          "decodeparms": [
            null
          ],
          "filter": [
            "/DCTDecode"
          ],
          "filterable": false,
          "height": 8,
          "name": "/BDct",
          "object": "6 0 R",
          "width": 8
        },
        {
          "bitspercomponent": 1,
          "colorspace": "/DeviceGray",
          "decodeparms": [
            null
          ],
          "filter": [
            "/JBIG2Decode"
          ],
          "filterable": false,
          "height": 16,
          "name": "/CJbig2",
          "object": "7 0 R",
          "width": 16
        },
        {
          "bitspercomponent": 8,
          "colorspace": "/DeviceGray",
          "decodeparms": [
            null
          ],
          "filter": [
            "/JPXDecode"
          ],
          "filterable": false,
          "height": 8,
          "name": "/DJpx",
          "object": "8 0 R",
          "width": 8
        },
        {
          "bitspercomponent": 8,
          "colorspace": "/DeviceGray",
          "decodeparms": [
            {
              "/EarlyChange": 1
            }
          ],
          "filter": [
            "/LZWDecode"
          ],
          "filterable": false,
          "height": 8,
          "name": "/ELzw",
          "object": "9 0 R",
          "width": 8
        }
      ],
      "label": null,
      "object": "3 0 R",
      "outlines": [],
      "pageposfrom1": 1
    }
  ],
  "pagelabels": [],
  "acroform": {
    "fields": [],
    "hasacroform": false,
    "needappearances": false
  },
  "attachments": {},
  "encrypt": {
    "capabilities": {
      "accessibility": true,
      "extract": true,
      "modify": true,
      "modifyannotations": true,
      "modifyassembly": true,
      "modifyforms": true,
      "modifyother": true,
      "printhigh": true,
      "printlow": true
    },
    "encrypted": false,
    "ownerpasswordmatched": false,
    "parameters": {
      "P": 0,
      "R": 0,
      "V": 0,
      "bits": 0,
      "filemethod": "none",
      "key": null,
      "method": "none",
      "streammethod": "none",
      "stringmethod": "none"
    },
    "recovereduserpassword": null,
    "userpasswordmatched": false
  },
  "outlines": [],
  "qpdf": [
    {
      "jsonversion": 2,
      "pdfversion": "2.0",
      "pushedinheritedpageresources": false,
      "calledgetallpages": true,
      "maxobjectid": 9
    },
    {
      "obj:1 0 R": {
        "value": {
          "/Pages": "2 0 R",
          "/Type": "/Catalog"
        }
      },
      "obj:2 0 R": {
        "value": {
          "/Count": 1,
          "/Kids": [
            "3 0 R"
          ],
          "/Type": "/Pages"
        }
      },
      "obj:3 0 R": {
        "value": {
          "/Contents": "4 0 R",
          "/CropBox": [
            0,
            0,
            120,
            100
          ],
          "/MediaBox": [
            0,
            0,
            120,
            100
          ],
          "/Parent": "2 0 R",
          "/Resources": {
            "/XObject": {
              "/ACcitt": "5 0 R",
              "/BDct": "6 0 R",
              "/CJbig2": "7 0 R",
              "/DJpx": "8 0 R",
              "/ELzw": "9 0 R"
            }
          },
          "/Type": "/Page"
        }
      },
      "obj:4 0 R": {
        "stream": {
          "data": "cSAxNiAwIDAgMTYgMTAgMTAgY20gL0FDY2l0dCBEbyBRCnEgMTYgMCAwIDE2IDQ1IDEwIGNtIC9CRGN0IERvIFEKcSAxNiAwIDAgMTYgODAgMTAgY20gL0NKYmlnMiBEbyBRCnEgMTYgMCAwIDE2IDEwIDUwIGNtIC9ESnB4IERvIFEKcSAxNiAwIDAgMTYgNDUgNTAgY20gL0VMencgRG8gUQo=",
          "dict": {}
        }
      },
      "obj:5 0 R": {
        "stream": {
          "data": "//8AEAE=",
          "dict": {
            "/BitsPerComponent": 1,
            "/ColorSpace": "/DeviceGray",
            "/DecodeParms": {
              "/BlackIs1": true,
              "/Columns": 15,
              "/K": -1,
              "/Rows": 16
            },
            "/Filter": "/CCITTFaxDecode",
            "/Height": 16,
            "/Subtype": "/Image",
            "/Type": "/XObject",
            "/Width": 16
          }
        }
      },
      "obj:6 0 R": {
        "stream": {
          "data": "/9j/4AAQSkZJRgABAQAAAQABAAD/2wBDAAEBAQEBAQEBAQEBAQEBAQEBAQEBAQEBAQEBAQEBAQEBAQEBAQEBAQEBAQEBAQEBAQEBAQEBAQEBAQEBAQEBAQH/wAALCAAIAAgBAREA/8QAFAABAAAAAAAAAAAAAAAAAAAAAP/EABQQAQAAAAAAAAAAAAAAAAAAAAD/2gAIAQEAAD8AP//Z",
          "dict": {
            "/BitsPerComponent": 8,
            "/ColorSpace": "/DeviceGray",
            "/Filter": "/DCTDecode",
            "/Height": 8,
            "/Subtype": "/Image",
            "/Type": "/XObject",
            "/Width": 8
          }
        }
      },
      "obj:7 0 R": {
        "stream": {
          "data": "AAAAADAAAQAAABMAAAAQAAAAEAAAAAAAAAAAAAAAAAAAASYAAQAAABwAAAAQAAAAEAAAAAAAAAAAAAEmoL/////gAgAgAAAAAjEAAQAAAAA=",
          "dict": {
            "/BitsPerComponent": 1,
            "/ColorSpace": "/DeviceGray",
            "/Filter": "/JBIG2Decode",
            "/Height": 16,
            "/Subtype": "/Image",
            "/Type": "/XObject",
            "/Width": 16
          }
        }
      },
      "obj:8 0 R": {
        "stream": {
          "data": "AAAADGpQICANCocKAAAAFGZ0eXBqcDIgAAAAAGpwMiAAAAAtanAyaAAAABZpaGRyAAAACAAAAAgAAQcHAAAAAAAPY29scgEAAAAAABEAAACNanAyY/9P/1EAKQAAAAAACAAAAAgAAAAAAAAAAAAAAAgAAAAIAAAAAAAAAAAAAQcBAf9SAAwAAAABAAMEBAAB/1wADUBASEhQSEhQSEhQ/2QAJQABQ3JlYXRlZCBieSBPcGVuSlBFRyB2ZXJzaW9uIDIuNC4w/5AACgAAAAAAEgAB/5OAgICA/9k=",
          "dict": {
            "/BitsPerComponent": 8,
            "/ColorSpace": "/DeviceGray",
            "/Filter": "/JPXDecode",
            "/Height": 8,
            "/Subtype": "/Image",
            "/Type": "/XObject",
            "/Width": 8
          }
        }
      },
      "obj:9 0 R": {
        "stream": {
          "data": "gCAQCAQCAQCAQCAQCAQCAQCAQCAQCAQCAQCAQCAQCAQCAQCAQCAQCAQCAQCAQCAQCAQCAQCAQCAQCAQCAQCAQCAQCAQCAQCAQEBA",
          "dict": {
            "/BitsPerComponent": 8,
            "/ColorSpace": "/DeviceGray",
            "/DecodeParms": {
              "/EarlyChange": 1
            },
            "/Filter": "/LZWDecode",
            "/Height": 8,
            "/Subtype": "/Image",
            "/Type": "/XObject",
            "/Width": 8
          }
        }
      },
      "trailer": {
        "value": {
          "/ID": [
            "b:421475e10a8cb8adbcb6ceda30801cef",
            "b:421475e10a8cb8adbcb6ceda30801cef"
          ],
          "/Root": "1 0 R",
          "/Size": 10
        }
      }
    }
  ]
}
