Waiting for the already-running text certification actual result.
2026-09-13T08:52:25.771184+00:00 text actual exit 0; eight tuples and 32 matching PASS records retained
Starting transactions on the same staged candidate.
Started PID 3309717 with original output at /tmp/t75-final-transactions-certify-r3.log
{"command": ["/usr/bin/python3", "scripts/t03-foundation.py", "certify", "capabilities/evidence/T75-foundation-20260913-r3/transactions", "--obligation", "transactions"], "cwd": "/home/ubuntu/IdeaProjects/open-pdf", "started-utc": "2026-09-13T08:52:25.817673+00:00", "wrapper-pid": 3309716, "explicit-environment": {"FOLIO_HARFBUZZ_HELPER": "/home/ubuntu/IdeaProjects/open-pdf/.build-cache/harfbuzz/10.2.0-final/bin/folio-harfbuzz"}, "original-log": "/tmp/t75-final-transactions-certify-r3.log", "command-pid": 3309717, "returncode": 0, "completed-utc": "2026-09-13T09:18:12.417480+00:00"}
2026-09-13T09:18:12.432022+00:00 transactions actual exit 0; eight tuples and 32 matching PASS records retained
Starting values on the same staged candidate.
Started PID 3332817 with original output at /tmp/t75-final-values-certify-r3.log
{"command": ["/usr/bin/python3", "scripts/t03-foundation.py", "certify", "capabilities/evidence/T75-foundation-20260913-r3/values", "--obligation", "values"], "cwd": "/home/ubuntu/IdeaProjects/open-pdf", "started-utc": "2026-09-13T09:18:12.477161+00:00", "wrapper-pid": 3332816, "explicit-environment": {"FOLIO_HARFBUZZ_HELPER": "/home/ubuntu/IdeaProjects/open-pdf/.build-cache/harfbuzz/10.2.0-final/bin/folio-harfbuzz"}, "original-log": "/tmp/t75-final-values-certify-r3.log", "command-pid": 3332817, "returncode": 0, "completed-utc": "2026-09-13T09:50:54.251735+00:00"}
2026-09-13T09:50:54.273130+00:00 values actual exit 0; eight tuples and 32 matching PASS records retained
Starting pages on the same staged candidate.
Started PID 3370889 with original output at /tmp/t75-final-pages-certify-r3.log
{"command": ["/usr/bin/python3", "scripts/t03-foundation.py", "certify", "capabilities/evidence/T75-foundation-20260913-r3/pages", "--obligation", "pages"], "cwd": "/home/ubuntu/IdeaProjects/open-pdf", "started-utc": "2026-09-13T09:50:54.317289+00:00", "wrapper-pid": 3370888, "explicit-environment": {"FOLIO_HARFBUZZ_HELPER": "/home/ubuntu/IdeaProjects/open-pdf/.build-cache/harfbuzz/10.2.0-final/bin/folio-harfbuzz"}, "original-log": "/tmp/t75-final-pages-certify-r3.log", "command-pid": 3370889, "returncode": 0, "completed-utc": "2026-09-13T10:42:52.550524+00:00"}
2026-09-13T10:42:52.574482+00:00 pages actual exit 0; eight tuples and 32 matching PASS records retained
Starting metadata on the same staged candidate.
Started PID 3468503 with original output at /tmp/t75-final-metadata-certify-r3.log
{"command": ["/usr/bin/python3", "scripts/t03-foundation.py", "certify", "capabilities/evidence/T75-foundation-20260913-r3/metadata", "--obligation", "metadata"], "cwd": "/home/ubuntu/IdeaProjects/open-pdf", "started-utc": "2026-09-13T10:42:52.617312+00:00", "wrapper-pid": 3468502, "explicit-environment": {"FOLIO_HARFBUZZ_HELPER": "/home/ubuntu/IdeaProjects/open-pdf/.build-cache/harfbuzz/10.2.0-final/bin/folio-harfbuzz"}, "original-log": "/tmp/t75-final-metadata-certify-r3.log", "command-pid": 3468503, "returncode": 0, "completed-utc": "2026-09-13T11:32:07.174509+00:00"}
2026-09-13T11:32:07.210596+00:00 metadata actual exit 0; eight tuples and 32 matching PASS records retained
Starting annotations on the same staged candidate.
Started PID 3566941 with original output at /tmp/t75-final-annotations-certify-r3.log
{"command": ["/usr/bin/python3", "scripts/t03-foundation.py", "certify", "capabilities/evidence/T75-foundation-20260913-r3/annotations", "--obligation", "annotations"], "cwd": "/home/ubuntu/IdeaProjects/open-pdf", "started-utc": "2026-09-13T11:32:07.253285+00:00", "wrapper-pid": 3566940, "explicit-environment": {"FOLIO_HARFBUZZ_HELPER": "/home/ubuntu/IdeaProjects/open-pdf/.build-cache/harfbuzz/10.2.0-final/bin/folio-harfbuzz"}, "original-log": "/tmp/t75-final-annotations-certify-r3.log", "command-pid": 3566941, "returncode": 0, "completed-utc": "2026-09-13T13:21:07.752621+00:00"}
2026-09-13T13:21:07.826787+00:00 annotations actual exit 0; eight tuples and 32 matching PASS records retained
All six actual certification commands completed successfully.
