FFFFFFFF
======================================================================
FAIL: test_simple_pdf_widths_agree_with_the_embedded_glyph_program (scripts.tests.test_t13_program_standards.T13ProgramStandardsTest.test_simple_pdf_widths_agree_with_the_embedded_glyph_program) (positive='nested-split-type3')
----------------------------------------------------------------------
Traceback (most recent call last):
  File "/home/ubuntu/IdeaProjects/open-pdf/scripts/tests/test_t13_program_standards.py", line 25, in test_simple_pdf_widths_agree_with_the_embedded_glyph_program
    self.observe(directory, pdf, 'pass', scope='font-metrics')
  File "/home/ubuntu/IdeaProjects/open-pdf/scripts/tests/test_t13_program_standards.py", line 528, in observe
    self.assertEqual(expected, values['standards'], pdf.name + ': ' + values['finding'])
AssertionError: 'pass' != 'indeterminate'
- pass
+ indeterminate
 : nested-split-type3.pdf: Unknown program qualification scope

======================================================================
FAIL: test_simple_pdf_widths_agree_with_the_embedded_glyph_program (scripts.tests.test_t13_program_standards.T13ProgramStandardsTest.test_simple_pdf_widths_agree_with_the_embedded_glyph_program) (positive='marked-structure')
----------------------------------------------------------------------
Traceback (most recent call last):
  File "/home/ubuntu/IdeaProjects/open-pdf/scripts/tests/test_t13_program_standards.py", line 25, in test_simple_pdf_widths_agree_with_the_embedded_glyph_program
    self.observe(directory, pdf, 'pass', scope='font-metrics')
  File "/home/ubuntu/IdeaProjects/open-pdf/scripts/tests/test_t13_program_standards.py", line 528, in observe
    self.assertEqual(expected, values['standards'], pdf.name + ': ' + values['finding'])
AssertionError: 'pass' != 'indeterminate'
- pass
+ indeterminate
 : marked-structure.pdf: Unknown program qualification scope

======================================================================
FAIL: test_simple_pdf_widths_agree_with_the_embedded_glyph_program (scripts.tests.test_t13_program_standards.T13ProgramStandardsTest.test_simple_pdf_widths_agree_with_the_embedded_glyph_program) (positive='embedded-font-kinds')
----------------------------------------------------------------------
Traceback (most recent call last):
  File "/home/ubuntu/IdeaProjects/open-pdf/scripts/tests/test_t13_program_standards.py", line 25, in test_simple_pdf_widths_agree_with_the_embedded_glyph_program
    self.observe(directory, pdf, 'pass', scope='font-metrics')
  File "/home/ubuntu/IdeaProjects/open-pdf/scripts/tests/test_t13_program_standards.py", line 528, in observe
    self.assertEqual(expected, values['standards'], pdf.name + ': ' + values['finding'])
AssertionError: 'pass' != 'indeterminate'
- pass
+ indeterminate
 : embedded-font-kinds.pdf: Unknown program qualification scope

======================================================================
FAIL: test_simple_pdf_widths_agree_with_the_embedded_glyph_program (scripts.tests.test_t13_program_standards.T13ProgramStandardsTest.test_simple_pdf_widths_agree_with_the_embedded_glyph_program) (positive='embedded-font-inheritance')
----------------------------------------------------------------------
Traceback (most recent call last):
  File "/home/ubuntu/IdeaProjects/open-pdf/scripts/tests/test_t13_program_standards.py", line 25, in test_simple_pdf_widths_agree_with_the_embedded_glyph_program
    self.observe(directory, pdf, 'pass', scope='font-metrics')
  File "/home/ubuntu/IdeaProjects/open-pdf/scripts/tests/test_t13_program_standards.py", line 528, in observe
    self.assertEqual(expected, values['standards'], pdf.name + ': ' + values['finding'])
AssertionError: 'pass' != 'indeterminate'
- pass
+ indeterminate
 : embedded-font-inheritance.pdf: Unknown program qualification scope

======================================================================
FAIL: test_simple_pdf_widths_agree_with_the_embedded_glyph_program (scripts.tests.test_t13_program_standards.T13ProgramStandardsTest.test_simple_pdf_widths_agree_with_the_embedded_glyph_program) (positive='uncertain-geometry')
----------------------------------------------------------------------
Traceback (most recent call last):
  File "/home/ubuntu/IdeaProjects/open-pdf/scripts/tests/test_t13_program_standards.py", line 25, in test_simple_pdf_widths_agree_with_the_embedded_glyph_program
    self.observe(directory, pdf, 'pass', scope='font-metrics')
  File "/home/ubuntu/IdeaProjects/open-pdf/scripts/tests/test_t13_program_standards.py", line 528, in observe
    self.assertEqual(expected, values['standards'], pdf.name + ': ' + values['finding'])
AssertionError: 'pass' != 'indeterminate'
- pass
+ indeterminate
 : uncertain-geometry.pdf: Unknown program qualification scope

======================================================================
FAIL: test_simple_pdf_widths_agree_with_the_embedded_glyph_program (scripts.tests.test_t13_program_standards.T13ProgramStandardsTest.test_simple_pdf_widths_agree_with_the_embedded_glyph_program) (font=5)
----------------------------------------------------------------------
Traceback (most recent call last):
  File "/home/ubuntu/IdeaProjects/open-pdf/scripts/tests/test_t13_program_standards.py", line 35, in test_simple_pdf_widths_agree_with_the_embedded_glyph_program
    self.observe(directory, pdf, 'fail', 'font-widths', scope='font-metrics')
  File "/home/ubuntu/IdeaProjects/open-pdf/scripts/tests/test_t13_program_standards.py", line 528, in observe
    self.assertEqual(expected, values['standards'], pdf.name + ': ' + values['finding'])
AssertionError: 'fail' != 'indeterminate'
- fail
+ indeterminate
 : font-5-inconsistent-width.pdf: Unknown program qualification scope

======================================================================
FAIL: test_simple_pdf_widths_agree_with_the_embedded_glyph_program (scripts.tests.test_t13_program_standards.T13ProgramStandardsTest.test_simple_pdf_widths_agree_with_the_embedded_glyph_program) (font=6)
----------------------------------------------------------------------
Traceback (most recent call last):
  File "/home/ubuntu/IdeaProjects/open-pdf/scripts/tests/test_t13_program_standards.py", line 35, in test_simple_pdf_widths_agree_with_the_embedded_glyph_program
    self.observe(directory, pdf, 'fail', 'font-widths', scope='font-metrics')
  File "/home/ubuntu/IdeaProjects/open-pdf/scripts/tests/test_t13_program_standards.py", line 528, in observe
    self.assertEqual(expected, values['standards'], pdf.name + ': ' + values['finding'])
AssertionError: 'fail' != 'indeterminate'
- fail
+ indeterminate
 : font-6-inconsistent-width.pdf: Unknown program qualification scope

======================================================================
FAIL: test_simple_pdf_widths_agree_with_the_embedded_glyph_program (scripts.tests.test_t13_program_standards.T13ProgramStandardsTest.test_simple_pdf_widths_agree_with_the_embedded_glyph_program) (font=7)
----------------------------------------------------------------------
Traceback (most recent call last):
  File "/home/ubuntu/IdeaProjects/open-pdf/scripts/tests/test_t13_program_standards.py", line 35, in test_simple_pdf_widths_agree_with_the_embedded_glyph_program
    self.observe(directory, pdf, 'fail', 'font-widths', scope='font-metrics')
  File "/home/ubuntu/IdeaProjects/open-pdf/scripts/tests/test_t13_program_standards.py", line 528, in observe
    self.assertEqual(expected, values['standards'], pdf.name + ': ' + values['finding'])
AssertionError: 'fail' != 'indeterminate'
- fail
+ indeterminate
 : font-7-inconsistent-width.pdf: Unknown program qualification scope

----------------------------------------------------------------------
Ran 1 test in 1.009s

FAILED (failures=8)
