test_authored_cmap_program_controls_and_inherited_range_positives_qualify (scripts.tests.test_t13_program_standards.T13ProgramStandardsTest.test_authored_cmap_program_controls_and_inherited_range_positives_qualify) ... ok
test_cff_charset_cannot_leave_declared_glyphs_unobserved (scripts.tests.test_t13_program_standards.T13ProgramStandardsTest.test_cff_charset_cannot_leave_declared_glyphs_unobserved) ... ok
test_cff_charstring_type_must_match_the_qualified_outline_grammar (scripts.tests.test_t13_program_standards.T13ProgramStandardsTest.test_cff_charstring_type_must_match_the_qualified_outline_grammar) ... ok
test_cff_compatible_minor_versions_remain_readable (scripts.tests.test_t13_program_standards.T13ProgramStandardsTest.test_cff_compatible_minor_versions_remain_readable) ... ok
test_cff_glyph_budget_observes_the_index_count_before_charset_expansion (scripts.tests.test_t13_program_standards.T13ProgramStandardsTest.test_cff_glyph_budget_observes_the_index_count_before_charset_expansion) ... ok
test_cff_index_offsets_start_at_one_and_remain_inside_the_program (scripts.tests.test_t13_program_standards.T13ProgramStandardsTest.test_cff_index_offsets_start_at_one_and_remain_inside_the_program) ... ok
test_cff_missing_required_charstrings_produces_a_failure_record (scripts.tests.test_t13_program_standards.T13ProgramStandardsTest.test_cff_missing_required_charstrings_produces_a_failure_record) ... ok
test_cff_outlines_require_moveto_valid_operands_and_terminal_endchar (scripts.tests.test_t13_program_standards.T13ProgramStandardsTest.test_cff_outlines_require_moveto_valid_operands_and_terminal_endchar) ... ok
test_cff_real_dictionary_widths_remain_unqualified_after_float_decoding (scripts.tests.test_t13_program_standards.T13ProgramStandardsTest.test_cff_real_dictionary_widths_remain_unqualified_after_float_decoding) ... ok
test_cid_cff_required_font_dictionary_selection_produces_failure_records (scripts.tests.test_t13_program_standards.T13ProgramStandardsTest.test_cid_cff_required_font_dictionary_selection_produces_failure_records) ... ok
test_cid_widths_and_default_widths_agree_with_selected_embedded_glyphs (scripts.tests.test_t13_program_standards.T13ProgramStandardsTest.test_cid_widths_and_default_widths_agree_with_selected_embedded_glyphs) ... ok
test_cmap_codespaces_and_mapping_domains_reject_invalid_ranges_and_unicode (scripts.tests.test_t13_program_standards.T13ProgramStandardsTest.test_cmap_codespaces_and_mapping_domains_reject_invalid_ranges_and_unicode) ... ok
test_cmap_dictionary_agreement_and_inheritance_are_observed (scripts.tests.test_t13_program_standards.T13ProgramStandardsTest.test_cmap_dictionary_agreement_and_inheritance_are_observed) ... ok
test_cmap_optional_identifiers_cannot_hide_unchecked_declarations (scripts.tests.test_t13_program_standards.T13ProgramStandardsTest.test_cmap_optional_identifiers_cannot_hide_unchecked_declarations) ... ok
test_cmap_program_names_and_comments_follow_postscript_lexical_rules (scripts.tests.test_t13_program_standards.T13ProgramStandardsTest.test_cmap_program_names_and_comments_follow_postscript_lexical_rules) ... ok
test_cmap_program_types_and_operators_match_the_owning_font_entry (scripts.tests.test_t13_program_standards.T13ProgramStandardsTest.test_cmap_program_types_and_operators_match_the_owning_font_entry) ... ok
test_cmap_qualification_distinguishes_legal_variants_from_unsupported_programs (scripts.tests.test_t13_program_standards.T13ProgramStandardsTest.test_cmap_qualification_distinguishes_legal_variants_from_unsupported_programs) ... ok
test_conflicting_platform_postscript_names_cannot_qualify_one_program_name (scripts.tests.test_t13_program_standards.T13ProgramStandardsTest.test_conflicting_platform_postscript_names_cannot_qualify_one_program_name) ... ok
test_curved_truetype_outlines_remain_outside_exact_polygon_bounds_qualification (scripts.tests.test_t13_program_standards.T13ProgramStandardsTest.test_curved_truetype_outlines_remain_outside_exact_polygon_bounds_qualification) ... ok
test_declared_truetype_length_matches_the_decoded_program (scripts.tests.test_t13_program_standards.T13ProgramStandardsTest.test_declared_truetype_length_matches_the_decoded_program) ... ok
test_direct_fonts_are_observed_and_program_work_is_bounded_before_expansion (scripts.tests.test_t13_program_standards.T13ProgramStandardsTest.test_direct_fonts_are_observed_and_program_work_is_bounded_before_expansion) ... ok
test_duplicate_truetype_table_tags_cannot_hide_an_unchecked_table (scripts.tests.test_t13_program_standards.T13ProgramStandardsTest.test_duplicate_truetype_table_tags_cannot_hide_an_unchecked_table) ... ok
test_embedded_font_headers_match_the_declared_binary_format (scripts.tests.test_t13_program_standards.T13ProgramStandardsTest.test_embedded_font_headers_match_the_declared_binary_format) ... ok
test_empty_mapping_blocks_still_require_a_preceding_codespace (scripts.tests.test_t13_program_standards.T13ProgramStandardsTest.test_empty_mapping_blocks_still_require_a_preceding_codespace) ... ok
test_encoding_and_tounicode_cannot_decode_the_same_prefix_with_different_lengths (scripts.tests.test_t13_program_standards.T13ProgramStandardsTest.test_encoding_and_tounicode_cannot_decode_the_same_prefix_with_different_lengths) ... ok
test_encoding_character_collection_matches_its_cidfont_without_requiring_equal_supplement (scripts.tests.test_t13_program_standards.T13ProgramStandardsTest.test_encoding_character_collection_matches_its_cidfont_without_requiring_equal_supplement) ... ok
test_explicit_cff_matrices_remain_unqualified_in_the_default_matrix_profile (scripts.tests.test_t13_program_standards.T13ProgramStandardsTest.test_explicit_cff_matrices_remain_unqualified_in_the_default_matrix_profile) ... ok
test_font_checksums_cannot_be_qualified_with_python_assertions_disabled (scripts.tests.test_t13_program_standards.T13ProgramStandardsTest.test_font_checksums_cannot_be_qualified_with_python_assertions_disabled) ... ok
test_font_data_qualification_refuses_missing_or_forged_fonttools (scripts.tests.test_t13_program_standards.T13ProgramStandardsTest.test_font_data_qualification_refuses_missing_or_forged_fonttools) ... ok
test_font_descriptor_bounds_enclose_the_embedded_glyph_outlines (scripts.tests.test_t13_program_standards.T13ProgramStandardsTest.test_font_descriptor_bounds_enclose_the_embedded_glyph_outlines) ... ok
test_font_descriptor_rectangle_can_use_either_diagonal_corner_order (scripts.tests.test_t13_program_standards.T13ProgramStandardsTest.test_font_descriptor_rectangle_can_use_either_diagonal_corner_order) ... ok
test_font_descriptor_rectangle_coordinates_may_be_indirect (scripts.tests.test_t13_program_standards.T13ProgramStandardsTest.test_font_descriptor_rectangle_coordinates_may_be_indirect) ... ok
test_indirect_font_subtype_cannot_hide_an_invalid_encoding (scripts.tests.test_t13_program_standards.T13ProgramStandardsTest.test_indirect_font_subtype_cannot_hide_an_invalid_encoding) ... ok
test_inherited_source_budget_allows_overrides_and_rejects_the_first_new_excess (scripts.tests.test_t13_program_standards.T13ProgramStandardsTest.test_inherited_source_budget_allows_overrides_and_rejects_the_first_new_excess) ... ok
test_no_codespace_block_can_follow_a_mapping_block_even_when_empty (scripts.tests.test_t13_program_standards.T13ProgramStandardsTest.test_no_codespace_block_can_follow_a_mapping_block_even_when_empty) ... ok
test_original_cmaps_pass_and_an_incorrect_mapping_count_fails (scripts.tests.test_t13_program_standards.T13ProgramStandardsTest.test_original_cmaps_pass_and_an_incorrect_mapping_count_fails) ... ok
test_pdf_font_names_must_identify_the_actual_embedded_program (scripts.tests.test_t13_program_standards.T13ProgramStandardsTest.test_pdf_font_names_must_identify_the_actual_embedded_program) ... ok
test_reserved_cff_dictionary_operators_cannot_be_silently_ignored (scripts.tests.test_t13_program_standards.T13ProgramStandardsTest.test_reserved_cff_dictionary_operators_cannot_be_silently_ignored) ... ok
test_simple_pdf_widths_agree_with_the_embedded_glyph_program (scripts.tests.test_t13_program_standards.T13ProgramStandardsTest.test_simple_pdf_widths_agree_with_the_embedded_glyph_program) ... ok
test_tounicode_can_select_font_zero_and_rejects_a_different_font_number (scripts.tests.test_t13_program_standards.T13ProgramStandardsTest.test_tounicode_can_select_font_zero_and_rejects_a_different_font_number) ... ok
test_tounicode_codespaces_match_the_owning_simple_or_composite_font (scripts.tests.test_t13_program_standards.T13ProgramStandardsTest.test_tounicode_codespaces_match_the_owning_simple_or_composite_font) ... ok
test_tounicode_mapping_sources_must_belong_to_the_owning_encoding_domain (scripts.tests.test_t13_program_standards.T13ProgramStandardsTest.test_tounicode_mapping_sources_must_belong_to_the_owning_encoding_domain) ... ok
test_truetype_directory_search_fields_and_record_order_are_validated (scripts.tests.test_t13_program_standards.T13ProgramStandardsTest.test_truetype_directory_search_fields_and_record_order_are_validated) ... ok
test_truetype_glyph_bounds_must_cover_the_actual_outline_with_valid_checksums (scripts.tests.test_t13_program_standards.T13ProgramStandardsTest.test_truetype_glyph_bounds_must_cover_the_actual_outline_with_valid_checksums) ... ok
test_truetype_outline_bounds_preserve_exact_units_per_em_ratios (scripts.tests.test_t13_program_standards.T13ProgramStandardsTest.test_truetype_outline_bounds_preserve_exact_units_per_em_ratios) ... ok
test_truetype_tables_have_valid_tags_ranges_alignment_and_zero_padding (scripts.tests.test_t13_program_standards.T13ProgramStandardsTest.test_truetype_tables_have_valid_tags_ranges_alignment_and_zero_padding) ... ok
test_truetype_units_per_em_must_be_valid_before_scaling_outlines (scripts.tests.test_t13_program_standards.T13ProgramStandardsTest.test_truetype_units_per_em_must_be_valid_before_scaling_outlines) ... ok
test_truetype_whole_font_checksum_is_checked_in_addition_to_each_table (scripts.tests.test_t13_program_standards.T13ProgramStandardsTest.test_truetype_whole_font_checksum_is_checked_in_addition_to_each_table) ... ok
test_truetype_widths_preserve_exact_units_per_em_ratios (scripts.tests.test_t13_program_standards.T13ProgramStandardsTest.test_truetype_widths_preserve_exact_units_per_em_ratios) ... ok
test_unimplemented_font_data_produces_an_indeterminate_record (scripts.tests.test_t13_program_standards.T13ProgramStandardsTest.test_unimplemented_font_data_produces_an_indeterminate_record) ... ok
test_valid_font_headers_cannot_hide_invalid_checksums_or_missing_cff_dictionaries (scripts.tests.test_t13_program_standards.T13ProgramStandardsTest.test_valid_font_headers_cannot_hide_invalid_checksums_or_missing_cff_dictionaries) ... ok
test_binary_font_controls_change_the_program_header_with_valid_pdf_storage (scripts.tests.test_t13_standards.T13StandardsTest.test_binary_font_controls_change_the_program_header_with_valid_pdf_storage) ... ok
test_cff_kind_controls_keep_the_declared_subtype_and_swap_only_the_binary_program (scripts.tests.test_t13_standards.T13StandardsTest.test_cff_kind_controls_keep_the_declared_subtype_and_swap_only_the_binary_program) ... ok
test_cid_and_composite_declarations_have_separate_qualified_profiles (scripts.tests.test_t13_standards.T13StandardsTest.test_cid_and_composite_declarations_have_separate_qualified_profiles) ... ok
test_cmap_dictionary_controls_distinguish_encoding_and_tounicode_requirements (scripts.tests.test_t13_standards.T13StandardsTest.test_cmap_dictionary_controls_distinguish_encoding_and_tounicode_requirements) ... ok
test_decoded_program_controls_and_legal_inheritance_examples_are_original (scripts.tests.test_t13_standards.T13StandardsTest.test_decoded_program_controls_and_legal_inheritance_examples_are_original) ... ok
test_font_descriptor_and_vertical_width_defects_have_original_reproducible_pdf_controls (scripts.tests.test_t13_standards.T13StandardsTest.test_font_descriptor_and_vertical_width_defects_have_original_reproducible_pdf_controls) ... ok
test_font_descriptors_and_program_streams_have_source_bound_controls (scripts.tests.test_t13_standards.T13StandardsTest.test_font_descriptors_and_program_streams_have_source_bound_controls) ... ok
test_font_layout_outline_and_binding_controls_have_isolated_public_recipes (scripts.tests.test_t13_standards.T13StandardsTest.test_font_layout_outline_and_binding_controls_have_isolated_public_recipes) ... ok
test_font_metric_controls_isolate_simple_and_cid_advance_disagreements (scripts.tests.test_t13_standards.T13StandardsTest.test_font_metric_controls_isolate_simple_and_cid_advance_disagreements) ... ok
test_font_profile_requires_each_control_identity_and_a_specific_checker_diagnostic (scripts.tests.test_t13_standards.T13StandardsTest.test_font_profile_requires_each_control_identity_and_a_specific_checker_diagnostic) ... ok
test_glyph_profile_keeps_legal_boundaries_separate_from_unobserved_mappings (scripts.tests.test_t13_standards.T13StandardsTest.test_glyph_profile_keeps_legal_boundaries_separate_from_unobserved_mappings) ... ok
test_program_qualification_authors_direct_font_and_exact_budget_boundaries (scripts.tests.test_t13_standards.T13StandardsTest.test_program_qualification_authors_direct_font_and_exact_budget_boundaries) ... ok
test_required_core_rules_retain_their_original_negative_identities (scripts.tests.test_t13_standards.T13StandardsTest.test_required_core_rules_retain_their_original_negative_identities) ... ok
test_required_simple_font_entries_treat_null_as_missing (scripts.tests.test_t13_standards.T13StandardsTest.test_required_simple_font_entries_treat_null_as_missing) ... ok
test_shared_descriptor_is_compared_to_the_second_owning_font (scripts.tests.test_t13_standards.T13StandardsTest.test_shared_descriptor_is_compared_to_the_second_owning_font) ... ok
test_simple_font_declarations_have_type_specific_controls (scripts.tests.test_t13_standards.T13StandardsTest.test_simple_font_declarations_have_type_specific_controls) ... ok
test_tounicode_owner_controls_preserve_valid_xref_and_change_only_the_character_domain (scripts.tests.test_t13_standards.T13StandardsTest.test_tounicode_owner_controls_preserve_valid_xref_and_change_only_the_character_domain) ... ok
test_type3_dictionary_obligations_have_isolated_source_grounded_controls (scripts.tests.test_t13_standards.T13StandardsTest.test_type3_dictionary_obligations_have_isolated_source_grounded_controls) ... ok
test_type3_glyph_headers_and_declared_widths_have_independent_negative_controls (scripts.tests.test_t13_standards.T13StandardsTest.test_type3_glyph_headers_and_declared_widths_have_independent_negative_controls) ... ok
test_type3_names_have_matching_and_optional_positives_and_an_illegal_mismatch (scripts.tests.test_t13_standards.T13StandardsTest.test_type3_names_have_matching_and_optional_positives_and_an_illegal_mismatch) ... ok
test_userunit_rules_bind_original_positive_and_non_numeric_and_zero_controls (scripts.tests.test_t13_standards.T13StandardsTest.test_userunit_rules_bind_original_positive_and_non_numeric_and_zero_controls) ... ok
test_public_plan_binds_all_eight_native_combinations_and_actual_facade_mode (scripts.tests.test_t13_foundation.T13FoundationTest.test_public_plan_binds_all_eight_native_combinations_and_actual_facade_mode) ... ok
test_public_collect_binds_complete_reports_and_rejects_missing_or_inconsistent_observations (scripts.tests.test_t12_foundation.T12FoundationTest.test_public_collect_binds_complete_reports_and_rejects_missing_or_inconsistent_observations) ... ok
test_public_plan_declares_eight_actual_execution_combinations_and_frozen_contract (scripts.tests.test_t12_foundation.T12FoundationTest.test_public_plan_declares_eight_actual_execution_combinations_and_frozen_contract) ... ok

----------------------------------------------------------------------
Ran 75 tests in 129.167s

OK
