{
  "catalog-version": null,
  "extensions": {},
  "pages": [
    {
      "content-sha256": [
        "c26b257c863cd6d34bbf59ab5d7561bf53b8aeca11e5ffdbe761c30425c7eaae"
      ],
      "media-box": [
        0,
        0,
        72,
        72
      ]
    }
  ],
  "security": {
    "EFF": null,
    "EncryptMetadata": false,
    "Filter": "/Standard",
    "Length": 128,
    "O-length": 32,
    "OE-length": null,
    "P": -4,
    "Perms-length": null,
    "R": 4,
    "StdCF": {
      "AuthEvent": "/EFOpen",
      "CFM": "/V2",
      "Length": 16
    },
    "StmF": "/Identity",
    "StrF": "/Identity",
    "U-length": 32,
    "UE-length": null,
    "V": 4
  },
  "title-sha256": "b6a40f0ee7f931673b2f6d6a4a84a44efea01167d0f5ec2d9b3bd94f8f3b9399"
}
