checking @repository/capabilities/profiles/T78-password/rc4-cf.pdf
PDF Version: 1.5
R = 4
P = -3904
[credential redacted]
Supplied password is user password
extract for accessibility: not allowed
extract for any purpose: not allowed
print low resolution: not allowed
print high resolution: not allowed
modify document assembly: not allowed
modify forms: not allowed
modify annotations: not allowed
modify other: not allowed
modify anything: not allowed
stream encryption method: RC4
string encryption method: RC4
file encryption method: RC4
File is not linearized
No syntax or stream encoding errors found; the file may still contain
errors that qpdf cannot detect
