[INFO] Scanning for projects...
[INFO] ------------------------------------------------------------------------
[INFO] Reactor Build Order:
[INFO] 
[INFO] Folio PDF by ZeroCloud - Parent                                    [pom]
[INFO] Folio PDF by ZeroCloud - Capability Provider Contract              [jar]
[INFO] Folio PDF by ZeroCloud - Conversion                                [jar]
[INFO] Folio PDF by ZeroCloud - Document Engine                           [jar]
[INFO] 
[INFO] ----------------------< net.zerocloud:pdf-parent >----------------------
[INFO] Building Folio PDF by ZeroCloud - Parent 0.1.0-SNAPSHOT            [1/4]
[INFO]   from pom.xml
[INFO] --------------------------------[ pom ]---------------------------------
[INFO] 
[INFO] --- enforcer:3.6.2:enforce (enforce-build-runtime) @ pdf-parent ---
[INFO] Rule 0: org.apache.maven.enforcer.rules.version.RequireMavenVersion passed
[INFO] Rule 1: org.apache.maven.enforcer.rules.version.RequireJavaVersion passed
[INFO] 
[INFO] ----------------< net.zerocloud:pdf-provider-contract >-----------------
[INFO] Building Folio PDF by ZeroCloud - Capability Provider Contract 0.1.0-SNAPSHOT [2/4]
[INFO]   from pdf-provider-contract/pom.xml
[INFO] --------------------------------[ jar ]---------------------------------
[INFO] 
[INFO] --- enforcer:3.6.2:enforce (enforce-build-runtime) @ pdf-provider-contract ---
[INFO] 
[INFO] --- resources:3.3.1:resources (default-resources) @ pdf-provider-contract ---
[INFO] Copying 1 resource from src/main/resources to target/classes
[INFO] Copying 2 resources from .. to target/classes/META-INF
[INFO] 
[INFO] --- compiler:3.15.0:compile (default-compile) @ pdf-provider-contract ---
[INFO] Nothing to compile - all classes are up to date.
[INFO] 
[INFO] --- resources:3.3.1:testResources (default-testResources) @ pdf-provider-contract ---
[INFO] skip non existing resourceDirectory /home/ubuntu/IdeaProjects/open-pdf/pdf-provider-contract/src/test/resources
[INFO] 
[INFO] --- compiler:3.15.0:testCompile (default-testCompile) @ pdf-provider-contract ---
[INFO] Nothing to compile - all classes are up to date.
[INFO] 
[INFO] --- surefire:3.5.4:test (default-test) @ pdf-provider-contract ---
[INFO] 
[INFO] --------------------< net.zerocloud:pdf-conversion >--------------------
[INFO] Building Folio PDF by ZeroCloud - Conversion 0.1.0-SNAPSHOT        [3/4]
[INFO]   from pdf-conversion/pom.xml
[INFO] --------------------------------[ jar ]---------------------------------
[INFO] 
[INFO] --- enforcer:3.6.2:enforce (enforce-build-runtime) @ pdf-conversion ---
[INFO] 
[INFO] --- resources:3.3.1:resources (default-resources) @ pdf-conversion ---
[INFO] skip non existing resourceDirectory /home/ubuntu/IdeaProjects/open-pdf/pdf-conversion/src/main/resources
[INFO] Copying 2 resources from .. to target/classes/META-INF
[INFO] 
[INFO] --- compiler:3.15.0:compile (default-compile) @ pdf-conversion ---
[INFO] Nothing to compile - all classes are up to date.
[INFO] 
[INFO] --- resources:3.3.1:testResources (default-testResources) @ pdf-conversion ---
[INFO] skip non existing resourceDirectory /home/ubuntu/IdeaProjects/open-pdf/pdf-conversion/src/test/resources
[INFO] Copying 1 resource from ../pdf-acceptance/src/main/resources/net/zerocloud/pdf/acceptance/fonts/noto to target/test-classes/net/zerocloud/pdf/fixtures/noto
[INFO] 
[INFO] --- compiler:3.15.0:testCompile (default-testCompile) @ pdf-conversion ---
[INFO] Nothing to compile - all classes are up to date.
[INFO] 
[INFO] --- surefire:3.5.4:test (default-test) @ pdf-conversion ---
[INFO] 
[INFO] ---------------------< net.zerocloud:pdf-document >---------------------
[INFO] Building Folio PDF by ZeroCloud - Document Engine 0.1.0-SNAPSHOT   [4/4]
[INFO]   from pdf-document/pom.xml
[INFO] --------------------------------[ jar ]---------------------------------
[INFO] 
[INFO] --- enforcer:3.6.2:enforce (enforce-build-runtime) @ pdf-document ---
[INFO] 
[INFO] --- resources:3.3.1:resources (default-resources) @ pdf-document ---
[INFO] Copying 1 resource from src/main/resources to target/classes
[INFO] Copying 2 resources from .. to target/classes/META-INF
[INFO] 
[INFO] --- compiler:3.15.0:compile (default-compile) @ pdf-document ---
[INFO] Nothing to compile - all classes are up to date.
[INFO] 
[INFO] --- resources:3.3.1:testResources (default-testResources) @ pdf-document ---
[INFO] Copying 12 resources from src/test/resources to target/test-classes
[INFO] Copying 15 resources from ../pdf-acceptance/src/main/resources/net/zerocloud/pdf/acceptance/fonts/noto to target/test-classes/net/zerocloud/pdf/fixtures/noto
[INFO] 
[INFO] --- compiler:3.15.0:testCompile (default-testCompile) @ pdf-document ---
[INFO] Recompiling the module because of changed source code.
[INFO] Compiling 44 source files with javac [debug parameters release 8] to target/test-classes
[INFO] /home/ubuntu/IdeaProjects/open-pdf/pdf-document/src/test/java/net/zerocloud/pdf/consumer/BlankDocumentWorkflowTest.java: Some input files use or override a deprecated API.
[INFO] /home/ubuntu/IdeaProjects/open-pdf/pdf-document/src/test/java/net/zerocloud/pdf/consumer/BlankDocumentWorkflowTest.java: Recompile with -Xlint:deprecation for details.
[INFO] 
[INFO] --- surefire:3.5.4:test (default-test) @ pdf-document ---
[INFO] Using auto detected provider org.apache.maven.surefire.junit4.JUnit4Provider
[INFO] 
[INFO] -------------------------------------------------------
[INFO]  T E S T S
[INFO] -------------------------------------------------------
[INFO] Running net.zerocloud.pdf.consumer.BarcodeWorkflowTest
[INFO] Tests run: 60, Failures: 0, Errors: 0, Skipped: 0, Time elapsed: 182.2 s -- in net.zerocloud.pdf.consumer.BarcodeWorkflowTest
[INFO] Running net.zerocloud.pdf.consumer.FontLoadingWorkflowTest
Sep 13, 2026 7:16:18 AM org.apache.fontbox.ttf.PostScriptTable read
WARNING: No PostScript name data is provided for the font FolioPrimary-Regular
Sep 13, 2026 7:16:18 AM org.apache.fontbox.ttf.PostScriptTable read
WARNING: No PostScript name data is provided for the font FolioPrimary-Regular
[INFO] Tests run: 22, Failures: 0, Errors: 0, Skipped: 0, Time elapsed: 1.222 s -- in net.zerocloud.pdf.consumer.FontLoadingWorkflowTest
[INFO] Running net.zerocloud.pdf.consumer.LargeTableWorkflowTest
[INFO] Tests run: 32, Failures: 0, Errors: 0, Skipped: 0, Time elapsed: 56.41 s -- in net.zerocloud.pdf.consumer.LargeTableWorkflowTest
[INFO] Running net.zerocloud.pdf.consumer.ParagraphCompositionWorkflowTest
[INFO] Tests run: 42, Failures: 0, Errors: 0, Skipped: 0, Time elapsed: 60.81 s -- in net.zerocloud.pdf.consumer.ParagraphCompositionWorkflowTest
[INFO] Running net.zerocloud.pdf.consumer.ParagraphPaginationWorkflowTest
[INFO] Tests run: 64, Failures: 0, Errors: 0, Skipped: 0, Time elapsed: 69.01 s -- in net.zerocloud.pdf.consumer.ParagraphPaginationWorkflowTest
[INFO] Running net.zerocloud.pdf.consumer.ShapingCompositionWorkflowTest
[INFO] Tests run: 34, Failures: 0, Errors: 0, Skipped: 0, Time elapsed: 102.2 s -- in net.zerocloud.pdf.consumer.ShapingCompositionWorkflowTest
[INFO] Running net.zerocloud.pdf.consumer.TableCompositionWorkflowTest
[INFO] Tests run: 68, Failures: 0, Errors: 0, Skipped: 0, Time elapsed: 77.25 s -- in net.zerocloud.pdf.consumer.TableCompositionWorkflowTest
[INFO] Running net.zerocloud.pdf.consumer.TablePaginationWorkflowTest
[INFO] Tests run: 24, Failures: 0, Errors: 0, Skipped: 0, Time elapsed: 37.52 s -- in net.zerocloud.pdf.consumer.TablePaginationWorkflowTest
[INFO] Running net.zerocloud.pdf.consumer.UnicodeCompositionWorkflowTest
Sep 13, 2026 7:23:03 AM org.apache.fontbox.ttf.CmapSubtable processSubtype14
WARNING: Format 14 cmap table is not supported and will be ignored
Sep 13, 2026 7:23:03 AM org.apache.fontbox.ttf.CmapSubtable processSubtype14
WARNING: Format 14 cmap table is not supported and will be ignored
Sep 13, 2026 7:23:04 AM org.apache.fontbox.ttf.CmapSubtable processSubtype14
WARNING: Format 14 cmap table is not supported and will be ignored
Sep 13, 2026 7:23:04 AM org.apache.fontbox.ttf.CmapSubtable processSubtype14
WARNING: Format 14 cmap table is not supported and will be ignored
Sep 13, 2026 7:23:04 AM org.apache.fontbox.ttf.CmapSubtable processSubtype14
WARNING: Format 14 cmap table is not supported and will be ignored
Sep 13, 2026 7:23:05 AM org.apache.fontbox.ttf.CmapSubtable processSubtype14
WARNING: Format 14 cmap table is not supported and will be ignored
Sep 13, 2026 7:23:06 AM org.apache.fontbox.ttf.CmapSubtable processSubtype14
WARNING: Format 14 cmap table is not supported and will be ignored
Sep 13, 2026 7:23:06 AM org.apache.fontbox.ttf.CmapSubtable processSubtype14
WARNING: Format 14 cmap table is not supported and will be ignored
Sep 13, 2026 7:23:06 AM org.apache.fontbox.ttf.CmapSubtable processSubtype14
WARNING: Format 14 cmap table is not supported and will be ignored
Sep 13, 2026 7:23:07 AM org.apache.fontbox.ttf.CmapSubtable processSubtype14
WARNING: Format 14 cmap table is not supported and will be ignored
Sep 13, 2026 7:23:07 AM org.apache.fontbox.ttf.CmapSubtable processSubtype14
WARNING: Format 14 cmap table is not supported and will be ignored
Sep 13, 2026 7:23:07 AM org.apache.fontbox.ttf.CmapSubtable processSubtype14
WARNING: Format 14 cmap table is not supported and will be ignored
Sep 13, 2026 7:23:08 AM org.apache.fontbox.ttf.CmapSubtable processSubtype14
WARNING: Format 14 cmap table is not supported and will be ignored
Sep 13, 2026 7:23:08 AM org.apache.fontbox.ttf.CmapSubtable processSubtype14
WARNING: Format 14 cmap table is not supported and will be ignored
Sep 13, 2026 7:23:08 AM org.apache.fontbox.ttf.CmapSubtable processSubtype14
WARNING: Format 14 cmap table is not supported and will be ignored
Sep 13, 2026 7:23:09 AM org.apache.fontbox.ttf.CmapSubtable processSubtype14
WARNING: Format 14 cmap table is not supported and will be ignored
Sep 13, 2026 7:23:09 AM org.apache.fontbox.ttf.CmapSubtable processSubtype14
WARNING: Format 14 cmap table is not supported and will be ignored
Sep 13, 2026 7:23:09 AM org.apache.fontbox.ttf.CmapSubtable processSubtype14
WARNING: Format 14 cmap table is not supported and will be ignored
Sep 13, 2026 7:23:10 AM org.apache.fontbox.ttf.CmapSubtable processSubtype14
WARNING: Format 14 cmap table is not supported and will be ignored
Sep 13, 2026 7:23:10 AM org.apache.fontbox.ttf.CmapSubtable processSubtype14
WARNING: Format 14 cmap table is not supported and will be ignored
[INFO] Tests run: 48, Failures: 0, Errors: 0, Skipped: 0, Time elapsed: 136.5 s -- in net.zerocloud.pdf.consumer.UnicodeCompositionWorkflowTest
[INFO] 
[INFO] Results:
[INFO] 
[INFO] Tests run: 394, Failures: 0, Errors: 0, Skipped: 0
[INFO] 
[INFO] ------------------------------------------------------------------------
[INFO] Reactor Summary for Folio PDF by ZeroCloud - Parent 0.1.0-SNAPSHOT:
[INFO] 
[INFO] Folio PDF by ZeroCloud - Parent .................... SUCCESS [  0.299 s]
[INFO] Folio PDF by ZeroCloud - Capability Provider Contract SUCCESS [  0.390 s]
[INFO] Folio PDF by ZeroCloud - Conversion ................ SUCCESS [  0.046 s]
[INFO] Folio PDF by ZeroCloud - Document Engine ........... SUCCESS [12:09 min]
[INFO] ------------------------------------------------------------------------
[INFO] BUILD SUCCESS
[INFO] ------------------------------------------------------------------------
[INFO] Total time:  12:10 min
[INFO] Finished at: 2026-09-13T07:25:19+08:00
[INFO] ------------------------------------------------------------------------
