FFF
======================================================================
FAIL: test_unobserved_form_page_associations_and_annotation_leaf_overlap_remain_unqualified (scripts.tests.test_t13_structure_standards.T13StructureStandardsTest.test_unobserved_form_page_associations_and_annotation_leaf_overlap_remain_unqualified) (qualified_association='unobserved-mcr-association')
----------------------------------------------------------------------
Traceback (most recent call last):
  File "/home/ubuntu/IdeaProjects/open-pdf/scripts/tests/test_t13_structure_standards.py", line 38, in test_unobserved_form_page_associations_and_annotation_leaf_overlap_remain_unqualified
    self.observe(directory, name, self.pdf(objects), expected, scope='structure-content')
  File "/home/ubuntu/IdeaProjects/open-pdf/scripts/tests/test_t13_structure_standards.py", line 662, in observe
    self.assertEqual(expected, result['standards'], name + ': ' + result['finding'])
AssertionError: 'indeterminate' != 'pass'
- indeterminate
+ pass
 : unobserved-mcr-association: The qualified structure content references have typed fields and matching ParentTree backlinks.

======================================================================
FAIL: test_unobserved_form_page_associations_and_annotation_leaf_overlap_remain_unqualified (scripts.tests.test_t13_structure_standards.T13StructureStandardsTest.test_unobserved_form_page_associations_and_annotation_leaf_overlap_remain_unqualified) (qualified_association='unobserved-whole-form-association')
----------------------------------------------------------------------
Traceback (most recent call last):
  File "/home/ubuntu/IdeaProjects/open-pdf/scripts/tests/test_t13_structure_standards.py", line 38, in test_unobserved_form_page_associations_and_annotation_leaf_overlap_remain_unqualified
    self.observe(directory, name, self.pdf(objects), expected, scope='structure-content')
  File "/home/ubuntu/IdeaProjects/open-pdf/scripts/tests/test_t13_structure_standards.py", line 662, in observe
    self.assertEqual(expected, result['standards'], name + ': ' + result['finding'])
AssertionError: 'indeterminate' != 'pass'
- indeterminate
+ pass
 : unobserved-whole-form-association: The qualified structure content references have typed fields and matching ParentTree backlinks.

======================================================================
FAIL: test_unobserved_form_page_associations_and_annotation_leaf_overlap_remain_unqualified (scripts.tests.test_t13_structure_standards.T13StructureStandardsTest.test_unobserved_form_page_associations_and_annotation_leaf_overlap_remain_unqualified) (qualified_association='whole-annotation-and-internal-appearance-item')
----------------------------------------------------------------------
Traceback (most recent call last):
  File "/home/ubuntu/IdeaProjects/open-pdf/scripts/tests/test_t13_structure_standards.py", line 38, in test_unobserved_form_page_associations_and_annotation_leaf_overlap_remain_unqualified
    self.observe(directory, name, self.pdf(objects), expected, scope='structure-content')
  File "/home/ubuntu/IdeaProjects/open-pdf/scripts/tests/test_t13_structure_standards.py", line 662, in observe
    self.assertEqual(expected, result['standards'], name + ': ' + result['finding'])
AssertionError: 'indeterminate' != 'pass'
- indeterminate
+ pass
 : whole-annotation-and-internal-appearance-item: The qualified structure content references have typed fields and matching ParentTree backlinks.

----------------------------------------------------------------------
Ran 1 test in 1.185s

FAILED (failures=3)
