test_content_references_have_typed_page_stream_object_and_mcid_fields (scripts.tests.test_t13_structure_standards.T13StructureStandardsTest.test_content_references_have_typed_page_stream_object_and_mcid_fields) ... ok
test_element_child_arrays_are_nonempty_while_root_arrays_can_be_empty (scripts.tests.test_t13_structure_standards.T13StructureStandardsTest.test_element_child_arrays_are_nonempty_while_root_arrays_can_be_empty) ... ok
test_forms_with_structural_mcids_have_one_invocation_while_unlinked_repetitions_remain_valid (scripts.tests.test_t13_structure_standards.T13StructureStandardsTest.test_forms_with_structural_mcids_have_one_invocation_while_unlinked_repetitions_remain_valid) ... ok
test_hierarchy_qualification_admits_exact_depth_and_item_bounds (scripts.tests.test_t13_structure_standards.T13StructureStandardsTest.test_hierarchy_qualification_admits_exact_depth_and_item_bounds) ... ok
test_namespace_qualification_bounds_include_root_role_maps_without_namespaces (scripts.tests.test_t13_structure_standards.T13StructureStandardsTest.test_namespace_qualification_bounds_include_root_role_maps_without_namespaces) ... ok
test_namespaces_bind_element_identifiers_and_typed_role_map_destinations (scripts.tests.test_t13_structure_standards.T13StructureStandardsTest.test_namespaces_bind_element_identifiers_and_typed_role_map_destinations) ... ok
test_next_parent_tree_key_has_integer_type_even_without_content_or_a_parent_tree (scripts.tests.test_t13_structure_standards.T13StructureStandardsTest.test_next_parent_tree_key_has_integer_type_even_without_content_or_a_parent_tree) ... ok
test_parent_tree_child_ranges_match_ordered_disjoint_leaf_keys (scripts.tests.test_t13_structure_standards.T13StructureStandardsTest.test_parent_tree_child_ranges_match_ordered_disjoint_leaf_keys) ... ok
test_parent_tree_has_ordered_integer_keys_structural_values_and_a_fresh_next_key (scripts.tests.test_t13_structure_standards.T13StructureStandardsTest.test_parent_tree_has_ordered_integer_keys_structural_values_and_a_fresh_next_key) ... ok
test_referenced_appearance_definitions_cannot_repeat_a_structured_descendant (scripts.tests.test_t13_structure_standards.T13StructureStandardsTest.test_referenced_appearance_definitions_cannot_repeat_a_structured_descendant) ... ok
test_stream_owners_identify_an_appearance_of_an_annotation_on_the_declared_page (scripts.tests.test_t13_structure_standards.T13StructureStandardsTest.test_stream_owners_identify_an_appearance_of_an_annotation_on_the_declared_page) ... ok
test_structural_content_backlinks_match_each_mcid_and_whole_object_parent (scripts.tests.test_t13_structure_standards.T13StructureStandardsTest.test_structural_content_backlinks_match_each_mcid_and_whole_object_parent) ... ok
test_structural_content_cannot_invoke_other_structural_form_content (scripts.tests.test_t13_structure_standards.T13StructureStandardsTest.test_structural_content_cannot_invoke_other_structural_form_content) ... ok
test_structural_marked_content_is_leaf_content_in_either_k_order (scripts.tests.test_t13_structure_standards.T13StructureStandardsTest.test_structural_marked_content_is_leaf_content_in_either_k_order) ... ok
test_structural_mcids_must_exist_in_the_declared_page_or_form_content (scripts.tests.test_t13_structure_standards.T13StructureStandardsTest.test_structural_mcids_must_exist_in_the_declared_page_or_form_content) ... ok
test_structural_pages_and_annotation_objects_belong_to_the_declared_document_page (scripts.tests.test_t13_structure_standards.T13StructureStandardsTest.test_structural_pages_and_annotation_objects_belong_to_the_declared_document_page) ... ok
test_structure_dictionary_positions_reject_stream_objects (scripts.tests.test_t13_structure_standards.T13StructureStandardsTest.test_structure_dictionary_positions_reject_stream_objects) ... ok
test_structure_hierarchy_has_typed_children_unique_elements_and_matching_parent_backlinks (scripts.tests.test_t13_structure_standards.T13StructureStandardsTest.test_structure_hierarchy_has_typed_children_unique_elements_and_matching_parent_backlinks) ... ok
test_structure_language_and_replacement_metadata_are_text_strings (scripts.tests.test_t13_structure_standards.T13StructureStandardsTest.test_structure_language_and_replacement_metadata_are_text_strings) ... ok
test_structure_root_and_parent_edges_preserve_required_indirect_identity (scripts.tests.test_t13_structure_standards.T13StructureStandardsTest.test_structure_root_and_parent_edges_preserve_required_indirect_identity) ... ok
test_unexecuted_referenced_forms_are_qualified_from_their_definitions (scripts.tests.test_t13_structure_standards.T13StructureStandardsTest.test_unexecuted_referenced_forms_are_qualified_from_their_definitions) ... ok

----------------------------------------------------------------------
Ran 21 tests in 48.816s

OK
