FFF
======================================================================
FAIL: test_alternative_annotation_appearances_do_not_prove_simultaneous_structured_invocations (scripts.tests.test_t13_structure_standards.T13StructureStandardsTest.test_alternative_annotation_appearances_do_not_prove_simultaneous_structured_invocations) (appearance_alternatives='normal-rollover-alternatives')
----------------------------------------------------------------------
Traceback (most recent call last):
  File "/home/ubuntu/IdeaProjects/open-pdf/scripts/tests/test_t13_structure_standards.py", line 39, in test_alternative_annotation_appearances_do_not_prove_simultaneous_structured_invocations
    self.observe(directory, name, self.pdf(objects), expected,
  File "/home/ubuntu/IdeaProjects/open-pdf/scripts/tests/test_t13_structure_standards.py", line 615, in observe
    self.assertEqual(expected, result['standards'], name + ': ' + result['finding'])
AssertionError: 'indeterminate' != 'fail'
- indeterminate
+ fail
 : normal-rollover-alternatives: A Form with structural MCIDs cannot repeat across declared content entry points

======================================================================
FAIL: test_alternative_annotation_appearances_do_not_prove_simultaneous_structured_invocations (scripts.tests.test_t13_structure_standards.T13StructureStandardsTest.test_alternative_annotation_appearances_do_not_prove_simultaneous_structured_invocations) (appearance_alternatives='normal-down-alternatives')
----------------------------------------------------------------------
Traceback (most recent call last):
  File "/home/ubuntu/IdeaProjects/open-pdf/scripts/tests/test_t13_structure_standards.py", line 39, in test_alternative_annotation_appearances_do_not_prove_simultaneous_structured_invocations
    self.observe(directory, name, self.pdf(objects), expected,
  File "/home/ubuntu/IdeaProjects/open-pdf/scripts/tests/test_t13_structure_standards.py", line 615, in observe
    self.assertEqual(expected, result['standards'], name + ': ' + result['finding'])
AssertionError: 'indeterminate' != 'fail'
- indeterminate
+ fail
 : normal-down-alternatives: A Form with structural MCIDs cannot repeat across declared content entry points

======================================================================
FAIL: test_alternative_annotation_appearances_do_not_prove_simultaneous_structured_invocations (scripts.tests.test_t13_structure_standards.T13StructureStandardsTest.test_alternative_annotation_appearances_do_not_prove_simultaneous_structured_invocations) (appearance_alternatives='normal-state-alternatives')
----------------------------------------------------------------------
Traceback (most recent call last):
  File "/home/ubuntu/IdeaProjects/open-pdf/scripts/tests/test_t13_structure_standards.py", line 39, in test_alternative_annotation_appearances_do_not_prove_simultaneous_structured_invocations
    self.observe(directory, name, self.pdf(objects), expected,
  File "/home/ubuntu/IdeaProjects/open-pdf/scripts/tests/test_t13_structure_standards.py", line 615, in observe
    self.assertEqual(expected, result['standards'], name + ': ' + result['finding'])
AssertionError: 'indeterminate' != 'fail'
- indeterminate
+ fail
 : normal-state-alternatives: A Form with structural MCIDs cannot repeat across declared content entry points

----------------------------------------------------------------------
Ran 1 test in 0.924s

FAILED (failures=3)
