FF
======================================================================
FAIL: test_whole_form_references_cover_every_observed_rendering_page (scripts.tests.test_t13_structure_standards.T13StructureStandardsTest.test_whole_form_references_cover_every_observed_rendering_page) (rendering_page='render-a-declare-b')
----------------------------------------------------------------------
Traceback (most recent call last):
  File "/home/ubuntu/IdeaProjects/open-pdf/scripts/tests/test_t13_structure_standards.py", line 39, in test_whole_form_references_cover_every_observed_rendering_page
    self.observe(directory, name, self.pdf(objects), expected,
  File "/home/ubuntu/IdeaProjects/open-pdf/scripts/tests/test_t13_structure_standards.py", line 589, in observe
    self.assertEqual(expected, result['standards'], name + ': ' + result['finding'])
AssertionError: 'fail' != 'pass'
- fail
+ pass
 : render-a-declare-b: The qualified structure content references have typed fields and matching ParentTree backlinks.

======================================================================
FAIL: test_whole_form_references_cover_every_observed_rendering_page (scripts.tests.test_t13_structure_standards.T13StructureStandardsTest.test_whole_form_references_cover_every_observed_rendering_page) (rendering_page='render-both-declare-a')
----------------------------------------------------------------------
Traceback (most recent call last):
  File "/home/ubuntu/IdeaProjects/open-pdf/scripts/tests/test_t13_structure_standards.py", line 39, in test_whole_form_references_cover_every_observed_rendering_page
    self.observe(directory, name, self.pdf(objects), expected,
  File "/home/ubuntu/IdeaProjects/open-pdf/scripts/tests/test_t13_structure_standards.py", line 589, in observe
    self.assertEqual(expected, result['standards'], name + ': ' + result['finding'])
AssertionError: 'fail' != 'pass'
- fail
+ pass
 : render-both-declare-a: The qualified structure content references have typed fields and matching ParentTree backlinks.

----------------------------------------------------------------------
Ran 1 test in 1.206s

FAILED (failures=2)
