[INFO] Scanning for projects...
[INFO] ------------------------------------------------------------------------
[INFO] Reactor Build Order:
[INFO] 
[INFO] Folio PDF by ZeroCloud - Parent                                    [pom]
[INFO] Folio PDF by ZeroCloud - Capability Provider Contract              [jar]
[INFO] Folio PDF by ZeroCloud - Conversion                                [jar]
[INFO] Folio PDF by ZeroCloud - Document Engine                           [jar]
[INFO] Folio PDF by ZeroCloud - Stable iText 7 Migration Facade           [jar]
[INFO] Folio PDF by ZeroCloud - Acceptance Evidence                       [jar]
[INFO] 
[INFO] ----------------------< net.zerocloud:pdf-parent >----------------------
[INFO] Building Folio PDF by ZeroCloud - Parent 0.1.0-SNAPSHOT            [1/6]
[INFO]   from pom.xml
[INFO] --------------------------------[ pom ]---------------------------------
[INFO] 
[INFO] --- enforcer:3.6.2:enforce (enforce-build-runtime) @ pdf-parent ---
[INFO] Rule 0: org.apache.maven.enforcer.rules.version.RequireMavenVersion passed
[INFO] Rule 1: org.apache.maven.enforcer.rules.version.RequireJavaVersion passed
[INFO] 
[INFO] ----------------< net.zerocloud:pdf-provider-contract >-----------------
[INFO] Building Folio PDF by ZeroCloud - Capability Provider Contract 0.1.0-SNAPSHOT [2/6]
[INFO]   from pdf-provider-contract/pom.xml
[INFO] --------------------------------[ jar ]---------------------------------
[INFO] 
[INFO] --- enforcer:3.6.2:enforce (enforce-build-runtime) @ pdf-provider-contract ---
[INFO] 
[INFO] --- resources:3.3.1:resources (default-resources) @ pdf-provider-contract ---
[INFO] Copying 1 resource from src/main/resources to target/classes
[INFO] Copying 2 resources from .. to target/classes/META-INF
[INFO] 
[INFO] --- compiler:3.15.0:compile (default-compile) @ pdf-provider-contract ---
[INFO] Nothing to compile - all classes are up to date.
[INFO] 
[INFO] --- resources:3.3.1:testResources (default-testResources) @ pdf-provider-contract ---
[INFO] skip non existing resourceDirectory /home/ubuntu/IdeaProjects/open-pdf/pdf-provider-contract/src/test/resources
[INFO] 
[INFO] --- compiler:3.15.0:testCompile (default-testCompile) @ pdf-provider-contract ---
[INFO] Nothing to compile - all classes are up to date.
[INFO] 
[INFO] --- surefire:3.5.4:test (default-test) @ pdf-provider-contract ---
[INFO] 
[INFO] --------------------< net.zerocloud:pdf-conversion >--------------------
[INFO] Building Folio PDF by ZeroCloud - Conversion 0.1.0-SNAPSHOT        [3/6]
[INFO]   from pdf-conversion/pom.xml
[INFO] --------------------------------[ jar ]---------------------------------
[INFO] 
[INFO] --- enforcer:3.6.2:enforce (enforce-build-runtime) @ pdf-conversion ---
[INFO] 
[INFO] --- resources:3.3.1:resources (default-resources) @ pdf-conversion ---
[INFO] skip non existing resourceDirectory /home/ubuntu/IdeaProjects/open-pdf/pdf-conversion/src/main/resources
[INFO] Copying 2 resources from .. to target/classes/META-INF
[INFO] 
[INFO] --- compiler:3.15.0:compile (default-compile) @ pdf-conversion ---
[INFO] Nothing to compile - all classes are up to date.
[INFO] 
[INFO] --- resources:3.3.1:testResources (default-testResources) @ pdf-conversion ---
[INFO] skip non existing resourceDirectory /home/ubuntu/IdeaProjects/open-pdf/pdf-conversion/src/test/resources
[INFO] Copying 1 resource from ../pdf-acceptance/src/main/resources/net/zerocloud/pdf/acceptance/fonts/noto to target/test-classes/net/zerocloud/pdf/fixtures/noto
[INFO] 
[INFO] --- compiler:3.15.0:testCompile (default-testCompile) @ pdf-conversion ---
[INFO] Nothing to compile - all classes are up to date.
[INFO] 
[INFO] --- surefire:3.5.4:test (default-test) @ pdf-conversion ---
[INFO] 
[INFO] ---------------------< net.zerocloud:pdf-document >---------------------
[INFO] Building Folio PDF by ZeroCloud - Document Engine 0.1.0-SNAPSHOT   [4/6]
[INFO]   from pdf-document/pom.xml
[INFO] --------------------------------[ jar ]---------------------------------
[INFO] 
[INFO] --- enforcer:3.6.2:enforce (enforce-build-runtime) @ pdf-document ---
[INFO] 
[INFO] --- resources:3.3.1:resources (default-resources) @ pdf-document ---
[INFO] Copying 1 resource from src/main/resources to target/classes
[INFO] Copying 2 resources from .. to target/classes/META-INF
[INFO] 
[INFO] --- compiler:3.15.0:compile (default-compile) @ pdf-document ---
[INFO] Nothing to compile - all classes are up to date.
[INFO] 
[INFO] --- resources:3.3.1:testResources (default-testResources) @ pdf-document ---
[INFO] Copying 12 resources from src/test/resources to target/test-classes
[INFO] Copying 15 resources from ../pdf-acceptance/src/main/resources/net/zerocloud/pdf/acceptance/fonts/noto to target/test-classes/net/zerocloud/pdf/fixtures/noto
[INFO] 
[INFO] --- compiler:3.15.0:testCompile (default-testCompile) @ pdf-document ---
[INFO] Nothing to compile - all classes are up to date.
[INFO] 
[INFO] --- surefire:3.5.4:test (default-test) @ pdf-document ---
[INFO] 
[INFO] -----------------< net.zerocloud:pdf-migration-itext7 >-----------------
[INFO] Building Folio PDF by ZeroCloud - Stable iText 7 Migration Facade 0.1.0-SNAPSHOT [5/6]
[INFO]   from pdf-migration-itext7/pom.xml
[INFO] --------------------------------[ jar ]---------------------------------
[INFO] 
[INFO] --- enforcer:3.6.2:enforce (enforce-build-runtime) @ pdf-migration-itext7 ---
[INFO] 
[INFO] --- resources:3.3.1:resources (default-resources) @ pdf-migration-itext7 ---
[INFO] Copying 1 resource from src/main/resources to target/classes
[INFO] Copying 2 resources from .. to target/classes/META-INF
[INFO] 
[INFO] --- compiler:3.15.0:compile (default-compile) @ pdf-migration-itext7 ---
[INFO] Nothing to compile - all classes are up to date.
[INFO] 
[INFO] --- resources:3.3.1:testResources (default-testResources) @ pdf-migration-itext7 ---
[INFO] Copying 5 resources from ../pdf-document/src/test/resources to target/test-classes
[INFO] 
[INFO] --- compiler:3.15.0:testCompile (default-testCompile) @ pdf-migration-itext7 ---
[INFO] Nothing to compile - all classes are up to date.
[INFO] 
[INFO] --- surefire:3.5.4:test (default-test) @ pdf-migration-itext7 ---
[INFO] 
[INFO] --------------------< net.zerocloud:pdf-acceptance >--------------------
[INFO] Building Folio PDF by ZeroCloud - Acceptance Evidence 0.1.0-SNAPSHOT [6/6]
[INFO]   from pdf-acceptance/pom.xml
[INFO] --------------------------------[ jar ]---------------------------------
[INFO] 
[INFO] --- enforcer:3.6.2:enforce (enforce-build-runtime) @ pdf-acceptance ---
[INFO] 
[INFO] --- resources:3.3.1:resources (default-resources) @ pdf-acceptance ---
[INFO] Copying 32 resources from src/main/resources to target/classes
[INFO] 
[INFO] --- compiler:3.15.0:compile (default-compile) @ pdf-acceptance ---
[INFO] Nothing to compile - all classes are up to date.
[INFO] 
[INFO] --- resources:3.3.1:testResources (default-testResources) @ pdf-acceptance ---
[INFO] skip non existing resourceDirectory /home/ubuntu/IdeaProjects/open-pdf/pdf-acceptance/src/test/resources
[INFO] 
[INFO] --- compiler:3.15.0:testCompile (default-testCompile) @ pdf-acceptance ---
[INFO] Nothing to compile - all classes are up to date.
[INFO] 
[INFO] --- surefire:3.5.4:test (default-test) @ pdf-acceptance ---
[INFO] Using auto detected provider org.apache.maven.surefire.junit4.JUnit4Provider
[INFO] 
[INFO] -------------------------------------------------------
[INFO]  T E S T S
[INFO] -------------------------------------------------------
[INFO] Running net.zerocloud.pdf.acceptance.T13StandardsQualificationTest
[ERROR] Tests run: 1, Failures: 1, Errors: 0, Skipped: 0, Time elapsed: 3.630 s <<< FAILURE! -- in net.zerocloud.pdf.acceptance.T13StandardsQualificationTest
[ERROR] net.zerocloud.pdf.acceptance.T13StandardsQualificationTest.allOriginalCasesQualifyTheirSharedPageFormStreamAndAnnotationRules -- Time elapsed: 3.572 s <<< FAILURE!
org.junit.ComparisonFailure: 
Version exit: 0


Arlington PDF Model C++ P.o.C. version v0.81-folio-t13-r1 built Sep 12 2026 00:00:00 (GNU-C linux release)
Choose one of: --pdf, --checkdva or --validate.

Usage:
	TestGrammar --tsvdir <dir> [--force <ver>|exact] [--out <fname|dir>] [--no-color] [--clobber] [--debug] [--brief] [--extensions <extn1[,extn2]>] [--password <pwd>] [--exclude string | @textfile.txt] [--dryrun] [--allfiles] [--validate | --checkdva <formalrep> | --pdf <fname|dir|@file.txt> ]

Options: 
-h, --help                   This usage message.
-b, --brief                  terse output when checking PDFs. The full PDF DOM tree is NOT output.
-c, --checkdva               Adobe DVA formal-rep PDF file to compare against Arlington PDF model.
-d, --debug                  output additional debugging information.
    --clobber                always overwrite PDF output report files (--pdf) rather than append underscores.
    --no-color               disable colorized text output (useful when redirecting or piping output)
-m, --batchmode              stop popup error dialog windows and redirect everything to console (Windows only, includes memory leak reports).
-o, --out                    output file or folder. Default is stdout. See --clobber for overwriting behavior.
-p, --pdf                    input PDF file, folder, or text file of PDF files/folders.
-f, --force                  force the PDF version to the specified value (1,0, 1.1, ..., 2.0 or 'exact'). Only applicable to --pdf.
-t, --tsvdir                 [required] folder containing Arlington PDF model TSV file set.
-v, --validate               validate the Arlington PDF model.
-e, --extensions             a comma-separated list of extensions, or '*' for all extensions.
    --password               password. Only applicable to --pdf.
    --exclude                PDF exclusion string or filelist (# is a comment). Only applicable to --pdf.
    --dryrun                 Dry run - don't do any actual processing.
-a, --allfiles               Process all files regardless of file extension.
    --explicit-values-only   Ignore wildcards in PossibleValues.

Built using pdfium

Validation exit: 0
Processing "/home/ubuntu/IdeaProjects/open-pdf/capabilities/profiles/T13-standards/fixtures/positive-pdf20-nested-split-type3.pdf" to stdout BEGIN - TestGrammar v0.81-folio-t13-r1 built Sep 12 2026 00:00:00 (GNU-C linux release) pdfium
Arlington TSV data: "/home/ubuntu/IdeaProjects/open-pdf/.build-cache/arlington/t13-r1/tsv/latest"
PDF: "/home/ubuntu/IdeaProjects/open-pdf/capabilities/profiles/T13-standards/fixtures/positive-pdf20-nested-split-type3.pdf"
Info: Traditional trailer dictionary detected.
Info: Header is version PDF 1.7
Info: Document Catalog/Version is PDF 2.0
Info: Command line forced to PDF 2.0
Info: Processing as PDF 2.0
       1: Trailer
       2:   Trailer->ID (as TrailerIDArray)
       3:   Trailer->Root (as Catalog)
       4:     Trailer->Root (as Catalog)->Pages (as PageTreeNodeRoot)
       5:       Trailer->Root (as Catalog)->Pages (as PageTreeNodeRoot)->Kids (as ArrayOfPageTreeNodeKids)
       6:         Trailer->Root (as Catalog)->Pages (as PageTreeNodeRoot)->Kids (as ArrayOfPageTreeNodeKids)[0 (as PageObject)]
       7:           Trailer->Root (as Catalog)->Pages (as PageTreeNodeRoot)->Kids (as ArrayOfPageTreeNodeKids)[0 (as PageObject)]->Contents (as ArrayOfStreamsGeneral)
       8:           Trailer->Root (as Catalog)->Pages (as PageTreeNodeRoot)->Kids (as ArrayOfPageTreeNodeKids)[0 (as PageObject)]->Parent (as PageTreeNodeRoot)
       9:           Trailer->Root (as Catalog)->Pages (as PageTreeNodeRoot)->Kids (as ArrayOfPageTreeNodeKids)[0 (as PageObject)]->Resources (as Resource)
      10:             Trailer->Root (as Catalog)->Pages (as PageTreeNodeRoot)->Kids (as ArrayOfPageTreeNodeKids)[0 (as PageObject)]->Contents (as ArrayOfStreamsGeneral)[0 (as Stream)]
      11:             Trailer->Root (as Catalog)->Pages (as PageTreeNodeRoot)->Kids (as ArrayOfPageTreeNodeKids)[0 (as PageObject)]->Contents (as ArrayOfStreamsGeneral)[1 (as Stream)]
      12:             Trailer->Root (as Catalog)->Pages (as PageTreeNodeRoot)->Kids (as ArrayOfPageTreeNodeKids)[0 (as PageObject)]->Resources (as Resource)->Font (as FontMap)
      13:             Trailer->Root (as Catalog)->Pages (as PageTreeNodeRoot)->Kids (as ArrayOfPageTreeNodeKids)[0 (as PageObject)]->Resources (as Resource)->XObject (as XObjectMap)
      14:               Trailer->Root (as Catalog)->Pages (as PageTreeNodeRoot)->Kids (as ArrayOfPageTreeNodeKids)[0 (as PageObject)]->Resources (as Resource)->Font (as FontMap)->F1 (as FontType3)
      15:               Trailer->Root (as Catalog)->Pages (as PageTreeNodeRoot)->Kids (as ArrayOfPageTreeNodeKids)[0 (as PageObject)]->Resources (as Resource)->XObject (as XObjectMap)->Middle (as XObjectFormType1)
      16:                 Trailer->Root (as Catalog)->Pages (as PageTreeNodeRoot)->Kids (as ArrayOfPageTreeNodeKids)[0 (as PageObject)]->Resources (as Resource)->Font (as FontMap)->F1 (as FontType3)->CharProcs (as CharProcMap)
      17:                 Trailer->Root (as Catalog)->Pages (as PageTreeNodeRoot)->Kids (as ArrayOfPageTreeNodeKids)[0 (as PageObject)]->Resources (as Resource)->Font (as FontMap)->F1 (as FontType3)->Encoding
      18:                 Trailer->Root (as Catalog)->Pages (as PageTreeNodeRoot)->Kids (as ArrayOfPageTreeNodeKids)[0 (as PageObject)]->Resources (as Resource)->Font (as FontMap)->F1 (as FontType3)->Resources (as Resource)
      19:                 Trailer->Root (as Catalog)->Pages (as PageTreeNodeRoot)->Kids (as ArrayOfPageTreeNodeKids)[0 (as PageObject)]->Resources (as Resource)->Font (as FontMap)->F1 (as FontType3)->Widths (as ArrayOfNumbersGeneral)
      20:                 Trailer->Root (as Catalog)->Pages (as PageTreeNodeRoot)->Kids (as ArrayOfPageTreeNodeKids)[0 (as PageObject)]->Resources (as Resource)->XObject (as XObjectMap)->Middle (as XObjectFormType1)->Resources (as Resource)
      21:                   Trailer->Root (as Catalog)->Pages (as PageTreeNodeRoot)->Kids (as ArrayOfPageTreeNodeKids)[0 (as PageObject)]->Resources (as Resource)->Font (as FontMap)->F1 (as FontType3)->CharProcs (as CharProcMap)->A (as Stream)
      22:                   Trailer->Root (as Catalog)->Pages (as PageTreeNodeRoot)->Kids (as ArrayOfPageTreeNodeKids)[0 (as PageObject)]->Resources (as Resource)->Font (as FontMap)->F1 (as FontType3)->Encoding->Differences (as ArrayOfDifferences)
      23:                   Trailer->Root (as Catalog)->Pages (as PageTreeNodeRoot)->Kids (as ArrayOfPageTreeNodeKids)[0 (as PageObject)]->Resources (as Resource)->XObject (as XObjectMap)->Middle (as XObjectFormType1)->Resources (as Resource)->XObject (as XObjectMap)
      24:                     Trailer->Root (as Catalog)->Pages (as PageTreeNodeRoot)->Kids (as ArrayOfPageTreeNodeKids)[0 (as PageObject)]->Resources (as Resource)->XObject (as XObjectMap)->Middle (as XObjectFormType1)->Resources (as Resource)->XObject (as XObjectMap)->Leaf (as XObjectFormType1)
      25:                       Trailer->Root (as Catalog)->Pages (as PageTreeNodeRoot)->Kids (as ArrayOfPageTreeNodeKids)[0 (as PageObject)]->Resources (as Resource)->XObject (as XObjectMap)->Middle (as XObjectFormType1)->Resources (as Resource)->XObject (as XObjectMap)->Leaf (as XObjectFormType1)->Resources (as Resource)
      26:                         Trailer->Root (as Catalog)->Pages (as PageTreeNodeRoot)->Kids (as ArrayOfPageTreeNodeKids)[0 (as PageObject)]->Resources (as Resource)->XObject (as XObjectMap)->Middle (as XObjectFormType1)->Resources (as Resource)->XObject (as XObjectMap)->Leaf (as XObjectFormType1)->Resources (as Resource)->Font (as FontMap)
      27:                           Trailer->Root (as Catalog)->Pages (as PageTreeNodeRoot)->Kids (as ArrayOfPageTreeNodeKids)[0 (as PageObject)]->Resources (as Resource)->XObject (as XObjectMap)->Middle (as XObjectFormType1)->Resources (as Resource)->XObject (as XObjectMap)->Leaf (as XObjectFormType1)->Resources (as Resource)->Font (as FontMap)->F1 (as FontType3)
Info: Latest Arlington object was PDF 1.4 (Catalog/Version) compared using forced PDF 2.0
END

DONE - 1 files processed

Negative control page-userunit-number sha256=ec92724158703737549b461ea5355be31928b2037b15a5d62f0db5821897124f detected=true
Negative control page-userunit-positive sha256=bbb6d18fda8c455918f7e18e9de77bbf350eadbb896974f82e5937e79440d4ca detected=true
Negative control type3-bbox-numbers sha256=fcc59fdbaa7f6a94de17cb758703d1f6e18f189516afaefeca3005dae8e1f9b0 detected=true
Negative control type3-bbox-required sha256=e2b545707dfcc8ca1bb03f5289af4f23f2c6a32ab1ad2e535d3869d819eecfa0 detected=true
Negative control type3-charproc-stream sha256=b60ca74f1ed3801963fefecc5beb51e5dc8877a4e429bbf985be3458dc6ef3e1 detected=true
Negative control type3-charprocs-dictionary sha256=17fee24a24d5331a1ee7ebcf82fa7be2ca1aafc22b3e257fe38451ba0c1b385f detected=true
Negative control type3-charprocs-required sha256=78b474754e2e6b6861099d2f2c78f3717ff95bf791f970bb0bb000863533f676 detected=true
Negative control type3-encoding-dictionary sha256=5247c28636d684164b2b712898a71088074f194839ec74c2221424ca3b9d94f9 detected=true
Negative control type3-encoding-required sha256=ac59e21550dd3083d01464f723576d710782ec7a5e91be296f8c18c1fe4770c0 detected=true
Negative control type3-firstchar-integer sha256=5f661ac67847842c5db8b8b536ad1f38d17564d5dd3b679388c3b8df93b52b3f detected=true
Negative control type3-firstchar-required sha256=3eaa3453e8698e002561c5db8427a84e63b937046bb2b5746bcdc2845b096b3e detected=true
Negative control type3-glyph-header-operands sha256=09048fcecce448392eccdb1852e73a5e91aa6f62b8624e7ce8b965adb999d40c detected=false
Negative control type3-glyph-header-operator sha256=09785b87cd5814438085e23c305c42c646150731d133d165974a9ec124cb3830 detected=false
Negative control type3-glyph-width-agreement sha256=1305470f12e46a19fc53ced1e8791b43b44261e600cbf83f1f01522081d2fb58 detected=false
Negative control type3-glyph-zero-wy sha256=b23e5374bdc080d953d7f02d65865a73315694b381a7a20fd74ed9a7120f3c87 detected=false
Negative control type3-lastchar-integer sha256=286a9c58ae989f2cd5a96949b07db072ed01fe44760e19f1ace9db3e4a1c4bf6 detected=true
Negative control type3-lastchar-required sha256=f73bfa7b33a014e8126ee9d9a8a7a74d859e13134e24611f6ec0fec43d391da8 detected=true
Negative control type3-matrix-count sha256=7da2c70c69656545acbbe71a02fc86e506d307621e5825166bd54c3c2fc19d3a detected=true
Negative control type3-matrix-numbers sha256=f5f0410d8b64fb5d21b99b372fe1f349630e38663c95f124e44bef92bb2aced5 detected=true
Negative control type3-matrix-required sha256=093eadc17a00b39fb8a5fa579f48448ef66deba9a1b8490d5af5b018504618a0 detected=true
Negative control type3-resources-dictionary sha256=f3cf3c3b6a1aae45f6ca0af3386bd79d327ff912fb992b99f68c4cf49ea23c72 detected=true
Negative control type3-tagged-descriptor-required sha256=5390c81765dfc6b352e342c23c805fb7fc66443303cf4ab7bb89282c679774d8 detected=true
Negative control type3-widths-cardinality sha256=e63efa5f203246d04c0dc29fd6d73ef17b82ef0904eed4502921ce4aa7356f50 detected=true
Negative control type3-widths-numbers sha256=ca8672897f7a95398f454c8941d6df920eb5e4ee0e850395188a384bdd5c48c2 detected=true
Negative control type3-widths-required sha256=553ee43ac46fce0afb194bbe71d6ae8bc9eab2903e862f4e39e3ae591280e5ea detected=true
 expected:<[pass]> but was:<[indeterminate]>
	at org.junit.Assert.assertEquals(Assert.java:117)
	at net.zerocloud.pdf.acceptance.T13StandardsQualificationTest.allOriginalCasesQualifyTheirSharedPageFormStreamAndAnnotationRules(T13StandardsQualificationTest.java:38)
	at java.base/jdk.internal.reflect.NativeMethodAccessorImpl.invoke0(Native Method)
	at java.base/jdk.internal.reflect.NativeMethodAccessorImpl.invoke(NativeMethodAccessorImpl.java:77)
	at java.base/jdk.internal.reflect.DelegatingMethodAccessorImpl.invoke(DelegatingMethodAccessorImpl.java:43)
	at java.base/java.lang.reflect.Method.invoke(Method.java:568)
	at org.junit.runners.model.FrameworkMethod$1.runReflectiveCall(FrameworkMethod.java:59)
	at org.junit.internal.runners.model.ReflectiveCallable.run(ReflectiveCallable.java:12)
	at org.junit.runners.model.FrameworkMethod.invokeExplosively(FrameworkMethod.java:56)
	at org.junit.internal.runners.statements.InvokeMethod.evaluate(InvokeMethod.java:17)
	at org.junit.rules.ExternalResource$1.evaluate(ExternalResource.java:54)
	at org.junit.runners.ParentRunner$3.evaluate(ParentRunner.java:306)
	at org.junit.runners.BlockJUnit4ClassRunner$1.evaluate(BlockJUnit4ClassRunner.java:100)
	at org.junit.runners.ParentRunner.runLeaf(ParentRunner.java:366)
	at org.junit.runners.BlockJUnit4ClassRunner.runChild(BlockJUnit4ClassRunner.java:103)
	at org.junit.runners.BlockJUnit4ClassRunner.runChild(BlockJUnit4ClassRunner.java:63)
	at org.junit.runners.ParentRunner$4.run(ParentRunner.java:331)
	at org.junit.runners.ParentRunner$1.schedule(ParentRunner.java:79)
	at org.junit.runners.ParentRunner.runChildren(ParentRunner.java:329)
	at org.junit.runners.ParentRunner.access$100(ParentRunner.java:66)
	at org.junit.runners.ParentRunner$2.evaluate(ParentRunner.java:293)
	at org.junit.runners.ParentRunner$3.evaluate(ParentRunner.java:306)
	at org.junit.runners.ParentRunner.run(ParentRunner.java:413)
	at org.apache.maven.surefire.junit4.JUnit4Provider.execute(JUnit4Provider.java:316)
	at org.apache.maven.surefire.junit4.JUnit4Provider.executeWithRerun(JUnit4Provider.java:240)
	at org.apache.maven.surefire.junit4.JUnit4Provider.executeTestSet(JUnit4Provider.java:214)
	at org.apache.maven.surefire.junit4.JUnit4Provider.invoke(JUnit4Provider.java:155)
	at org.apache.maven.surefire.booter.ForkedBooter.runSuitesInProcess(ForkedBooter.java:385)
	at org.apache.maven.surefire.booter.ForkedBooter.execute(ForkedBooter.java:162)
	at org.apache.maven.surefire.booter.ForkedBooter.run(ForkedBooter.java:507)
	at org.apache.maven.surefire.booter.ForkedBooter.main(ForkedBooter.java:495)

[INFO] 
[INFO] Results:
[INFO] 
[ERROR] Failures: 
[ERROR]   T13StandardsQualificationTest.allOriginalCasesQualifyTheirSharedPageFormStreamAndAnnotationRules:38 Version exit: 0


Arlington PDF Model C++ P.o.C. version v0.81-folio-t13-r1 built Sep 12 2026 00:00:00 (GNU-C linux release)
Choose one of: --pdf, --checkdva or --validate.

Usage:
	TestGrammar --tsvdir <dir> [--force <ver>|exact] [--out <fname|dir>] [--no-color] [--clobber] [--debug] [--brief] [--extensions <extn1[,extn2]>] [--password <pwd>] [--exclude string | @textfile.txt] [--dryrun] [--allfiles] [--validate | --checkdva <formalrep> | --pdf <fname|dir|@file.txt> ]

Options: 
-h, --help                   This usage message.
-b, --brief                  terse output when checking PDFs. The full PDF DOM tree is NOT output.
-c, --checkdva               Adobe DVA formal-rep PDF file to compare against Arlington PDF model.
-d, --debug                  output additional debugging information.
    --clobber                always overwrite PDF output report files (--pdf) rather than append underscores.
    --no-color               disable colorized text output (useful when redirecting or piping output)
-m, --batchmode              stop popup error dialog windows and redirect everything to console (Windows only, includes memory leak reports).
-o, --out                    output file or folder. Default is stdout. See --clobber for overwriting behavior.
-p, --pdf                    input PDF file, folder, or text file of PDF files/folders.
-f, --force                  force the PDF version to the specified value (1,0, 1.1, ..., 2.0 or 'exact'). Only applicable to --pdf.
-t, --tsvdir                 [required] folder containing Arlington PDF model TSV file set.
-v, --validate               validate the Arlington PDF model.
-e, --extensions             a comma-separated list of extensions, or '*' for all extensions.
    --password               password. Only applicable to --pdf.
    --exclude                PDF exclusion string or filelist (# is a comment). Only applicable to --pdf.
    --dryrun                 Dry run - don't do any actual processing.
-a, --allfiles               Process all files regardless of file extension.
    --explicit-values-only   Ignore wildcards in PossibleValues.

Built using pdfium

Validation exit: 0
Processing "/home/ubuntu/IdeaProjects/open-pdf/capabilities/profiles/T13-standards/fixtures/positive-pdf20-nested-split-type3.pdf" to stdout BEGIN - TestGrammar v0.81-folio-t13-r1 built Sep 12 2026 00:00:00 (GNU-C linux release) pdfium
Arlington TSV data: "/home/ubuntu/IdeaProjects/open-pdf/.build-cache/arlington/t13-r1/tsv/latest"
PDF: "/home/ubuntu/IdeaProjects/open-pdf/capabilities/profiles/T13-standards/fixtures/positive-pdf20-nested-split-type3.pdf"
Info: Traditional trailer dictionary detected.
Info: Header is version PDF 1.7
Info: Document Catalog/Version is PDF 2.0
Info: Command line forced to PDF 2.0
Info: Processing as PDF 2.0
       1: Trailer
       2:   Trailer->ID (as TrailerIDArray)
       3:   Trailer->Root (as Catalog)
       4:     Trailer->Root (as Catalog)->Pages (as PageTreeNodeRoot)
       5:       Trailer->Root (as Catalog)->Pages (as PageTreeNodeRoot)->Kids (as ArrayOfPageTreeNodeKids)
       6:         Trailer->Root (as Catalog)->Pages (as PageTreeNodeRoot)->Kids (as ArrayOfPageTreeNodeKids)[0 (as PageObject)]
       7:           Trailer->Root (as Catalog)->Pages (as PageTreeNodeRoot)->Kids (as ArrayOfPageTreeNodeKids)[0 (as PageObject)]->Contents (as ArrayOfStreamsGeneral)
       8:           Trailer->Root (as Catalog)->Pages (as PageTreeNodeRoot)->Kids (as ArrayOfPageTreeNodeKids)[0 (as PageObject)]->Parent (as PageTreeNodeRoot)
       9:           Trailer->Root (as Catalog)->Pages (as PageTreeNodeRoot)->Kids (as ArrayOfPageTreeNodeKids)[0 (as PageObject)]->Resources (as Resource)
      10:             Trailer->Root (as Catalog)->Pages (as PageTreeNodeRoot)->Kids (as ArrayOfPageTreeNodeKids)[0 (as PageObject)]->Contents (as ArrayOfStreamsGeneral)[0 (as Stream)]
      11:             Trailer->Root (as Catalog)->Pages (as PageTreeNodeRoot)->Kids (as ArrayOfPageTreeNodeKids)[0 (as PageObject)]->Contents (as ArrayOfStreamsGeneral)[1 (as Stream)]
      12:             Trailer->Root (as Catalog)->Pages (as PageTreeNodeRoot)->Kids (as ArrayOfPageTreeNodeKids)[0 (as PageObject)]->Resources (as Resource)->Font (as FontMap)
      13:             Trailer->Root (as Catalog)->Pages (as PageTreeNodeRoot)->Kids (as ArrayOfPageTreeNodeKids)[0 (as PageObject)]->Resources (as Resource)->XObject (as XObjectMap)
      14:               Trailer->Root (as Catalog)->Pages (as PageTreeNodeRoot)->Kids (as ArrayOfPageTreeNodeKids)[0 (as PageObject)]->Resources (as Resource)->Font (as FontMap)->F1 (as FontType3)
      15:               Trailer->Root (as Catalog)->Pages (as PageTreeNodeRoot)->Kids (as ArrayOfPageTreeNodeKids)[0 (as PageObject)]->Resources (as Resource)->XObject (as XObjectMap)->Middle (as XObjectFormType1)
      16:                 Trailer->Root (as Catalog)->Pages (as PageTreeNodeRoot)->Kids (as ArrayOfPageTreeNodeKids)[0 (as PageObject)]->Resources (as Resource)->Font (as FontMap)->F1 (as FontType3)->CharProcs (as CharProcMap)
      17:                 Trailer->Root (as Catalog)->Pages (as PageTreeNodeRoot)->Kids (as ArrayOfPageTreeNodeKids)[0 (as PageObject)]->Resources (as Resource)->Font (as FontMap)->F1 (as FontType3)->Encoding
      18:                 Trailer->Root (as Catalog)->Pages (as PageTreeNodeRoot)->Kids (as ArrayOfPageTreeNodeKids)[0 (as PageObject)]->Resources (as Resource)->Font (as FontMap)->F1 (as FontType3)->Resources (as Resource)
      19:                 Trailer->Root (as Catalog)->Pages (as PageTreeNodeRoot)->Kids (as ArrayOfPageTreeNodeKids)[0 (as PageObject)]->Resources (as Resource)->Font (as FontMap)->F1 (as FontType3)->Widths (as ArrayOfNumbersGeneral)
      20:                 Trailer->Root (as Catalog)->Pages (as PageTreeNodeRoot)->Kids (as ArrayOfPageTreeNodeKids)[0 (as PageObject)]->Resources (as Resource)->XObject (as XObjectMap)->Middle (as XObjectFormType1)->Resources (as Resource)
      21:                   Trailer->Root (as Catalog)->Pages (as PageTreeNodeRoot)->Kids (as ArrayOfPageTreeNodeKids)[0 (as PageObject)]->Resources (as Resource)->Font (as FontMap)->F1 (as FontType3)->CharProcs (as CharProcMap)->A (as Stream)
      22:                   Trailer->Root (as Catalog)->Pages (as PageTreeNodeRoot)->Kids (as ArrayOfPageTreeNodeKids)[0 (as PageObject)]->Resources (as Resource)->Font (as FontMap)->F1 (as FontType3)->Encoding->Differences (as ArrayOfDifferences)
      23:                   Trailer->Root (as Catalog)->Pages (as PageTreeNodeRoot)->Kids (as ArrayOfPageTreeNodeKids)[0 (as PageObject)]->Resources (as Resource)->XObject (as XObjectMap)->Middle (as XObjectFormType1)->Resources (as Resource)->XObject (as XObjectMap)
      24:                     Trailer->Root (as Catalog)->Pages (as PageTreeNodeRoot)->Kids (as ArrayOfPageTreeNodeKids)[0 (as PageObject)]->Resources (as Resource)->XObject (as XObjectMap)->Middle (as XObjectFormType1)->Resources (as Resource)->XObject (as XObjectMap)->Leaf (as XObjectFormType1)
      25:                       Trailer->Root (as Catalog)->Pages (as PageTreeNodeRoot)->Kids (as ArrayOfPageTreeNodeKids)[0 (as PageObject)]->Resources (as Resource)->XObject (as XObjectMap)->Middle (as XObjectFormType1)->Resources (as Resource)->XObject (as XObjectMap)->Leaf (as XObjectFormType1)->Resources (as Resource)
      26:                         Trailer->Root (as Catalog)->Pages (as PageTreeNodeRoot)->Kids (as ArrayOfPageTreeNodeKids)[0 (as PageObject)]->Resources (as Resource)->XObject (as XObjectMap)->Middle (as XObjectFormType1)->Resources (as Resource)->XObject (as XObjectMap)->Leaf (as XObjectFormType1)->Resources (as Resource)->Font (as FontMap)
      27:                           Trailer->Root (as Catalog)->Pages (as PageTreeNodeRoot)->Kids (as ArrayOfPageTreeNodeKids)[0 (as PageObject)]->Resources (as Resource)->XObject (as XObjectMap)->Middle (as XObjectFormType1)->Resources (as Resource)->XObject (as XObjectMap)->Leaf (as XObjectFormType1)->Resources (as Resource)->Font (as FontMap)->F1 (as FontType3)
Info: Latest Arlington object was PDF 1.4 (Catalog/Version) compared using forced PDF 2.0
END

DONE - 1 files processed

Negative control page-userunit-number sha256=ec92724158703737549b461ea5355be31928b2037b15a5d62f0db5821897124f detected=true
Negative control page-userunit-positive sha256=bbb6d18fda8c455918f7e18e9de77bbf350eadbb896974f82e5937e79440d4ca detected=true
Negative control type3-bbox-numbers sha256=fcc59fdbaa7f6a94de17cb758703d1f6e18f189516afaefeca3005dae8e1f9b0 detected=true
Negative control type3-bbox-required sha256=e2b545707dfcc8ca1bb03f5289af4f23f2c6a32ab1ad2e535d3869d819eecfa0 detected=true
Negative control type3-charproc-stream sha256=b60ca74f1ed3801963fefecc5beb51e5dc8877a4e429bbf985be3458dc6ef3e1 detected=true
Negative control type3-charprocs-dictionary sha256=17fee24a24d5331a1ee7ebcf82fa7be2ca1aafc22b3e257fe38451ba0c1b385f detected=true
Negative control type3-charprocs-required sha256=78b474754e2e6b6861099d2f2c78f3717ff95bf791f970bb0bb000863533f676 detected=true
Negative control type3-encoding-dictionary sha256=5247c28636d684164b2b712898a71088074f194839ec74c2221424ca3b9d94f9 detected=true
Negative control type3-encoding-required sha256=ac59e21550dd3083d01464f723576d710782ec7a5e91be296f8c18c1fe4770c0 detected=true
Negative control type3-firstchar-integer sha256=5f661ac67847842c5db8b8b536ad1f38d17564d5dd3b679388c3b8df93b52b3f detected=true
Negative control type3-firstchar-required sha256=3eaa3453e8698e002561c5db8427a84e63b937046bb2b5746bcdc2845b096b3e detected=true
Negative control type3-glyph-header-operands sha256=09048fcecce448392eccdb1852e73a5e91aa6f62b8624e7ce8b965adb999d40c detected=false
Negative control type3-glyph-header-operator sha256=09785b87cd5814438085e23c305c42c646150731d133d165974a9ec124cb3830 detected=false
Negative control type3-glyph-width-agreement sha256=1305470f12e46a19fc53ced1e8791b43b44261e600cbf83f1f01522081d2fb58 detected=false
Negative control type3-glyph-zero-wy sha256=b23e5374bdc080d953d7f02d65865a73315694b381a7a20fd74ed9a7120f3c87 detected=false
Negative control type3-lastchar-integer sha256=286a9c58ae989f2cd5a96949b07db072ed01fe44760e19f1ace9db3e4a1c4bf6 detected=true
Negative control type3-lastchar-required sha256=f73bfa7b33a014e8126ee9d9a8a7a74d859e13134e24611f6ec0fec43d391da8 detected=true
Negative control type3-matrix-count sha256=7da2c70c69656545acbbe71a02fc86e506d307621e5825166bd54c3c2fc19d3a detected=true
Negative control type3-matrix-numbers sha256=f5f0410d8b64fb5d21b99b372fe1f349630e38663c95f124e44bef92bb2aced5 detected=true
Negative control type3-matrix-required sha256=093eadc17a00b39fb8a5fa579f48448ef66deba9a1b8490d5af5b018504618a0 detected=true
Negative control type3-resources-dictionary sha256=f3cf3c3b6a1aae45f6ca0af3386bd79d327ff912fb992b99f68c4cf49ea23c72 detected=true
Negative control type3-tagged-descriptor-required sha256=5390c81765dfc6b352e342c23c805fb7fc66443303cf4ab7bb89282c679774d8 detected=true
Negative control type3-widths-cardinality sha256=e63efa5f203246d04c0dc29fd6d73ef17b82ef0904eed4502921ce4aa7356f50 detected=true
Negative control type3-widths-numbers sha256=ca8672897f7a95398f454c8941d6df920eb5e4ee0e850395188a384bdd5c48c2 detected=true
Negative control type3-widths-required sha256=553ee43ac46fce0afb194bbe71d6ae8bc9eab2903e862f4e39e3ae591280e5ea detected=true
 expected:<[pass]> but was:<[indeterminate]>
[INFO] 
[ERROR] Tests run: 1, Failures: 1, Errors: 0, Skipped: 0
[INFO] 
[INFO] ------------------------------------------------------------------------
[INFO] Reactor Summary for Folio PDF by ZeroCloud - Parent 0.1.0-SNAPSHOT:
[INFO] 
[INFO] Folio PDF by ZeroCloud - Parent .................... SUCCESS [  0.281 s]
[INFO] Folio PDF by ZeroCloud - Capability Provider Contract SUCCESS [  0.362 s]
[INFO] Folio PDF by ZeroCloud - Conversion ................ SUCCESS [  0.047 s]
[INFO] Folio PDF by ZeroCloud - Document Engine ........... SUCCESS [  0.105 s]
[INFO] Folio PDF by ZeroCloud - Stable iText 7 Migration Facade SUCCESS [  0.052 s]
[INFO] Folio PDF by ZeroCloud - Acceptance Evidence ....... FAILURE [  4.075 s]
[INFO] ------------------------------------------------------------------------
[INFO] BUILD FAILURE
[INFO] ------------------------------------------------------------------------
[INFO] Total time:  5.069 s
[INFO] Finished at: 2026-09-12T17:25:52+08:00
[INFO] ------------------------------------------------------------------------
[ERROR] Failed to execute goal org.apache.maven.plugins:maven-surefire-plugin:3.5.4:test (default-test) on project pdf-acceptance: There are test failures.
[ERROR] 
[ERROR] See /home/ubuntu/IdeaProjects/open-pdf/pdf-acceptance/target/surefire-reports for the individual test results.
[ERROR] See dump files (if any exist) [date].dump, [date]-jvmRun[N].dump and [date].dumpstream.
[ERROR] -> [Help 1]
[ERROR] 
[ERROR] To see the full stack trace of the errors, re-run Maven with the -e switch.
[ERROR] Re-run Maven using the -X switch to enable full debug logging.
[ERROR] 
[ERROR] For more information about the errors and possible solutions, please read the following articles:
[ERROR] [Help 1] http://cwiki.apache.org/confluence/display/MAVEN/MojoFailureException
[ERROR] 
[ERROR] After correcting the problems, you can resume the build with the command
[ERROR]   mvn <args> -rf :pdf-acceptance
