{
  "version": 2,
  "parameters": {
    "decodelevel": "none"
  },
  "pages": [
    {
      "contents": [
        "4 0 R"
      ],
      "images": [
        {
          "bitspercomponent": 8,
          "colorspace": "/Pattern",
          "decodeparms": [
            null
          ],
          "filter": [
            null
          ],
          "filterable": false,
          "height": 1,
          "name": "/AMalformed",
          "object": "5 0 R",
          "width": 1
        },
        {
          "bitspercomponent": 8,
          "colorspace": [
            "/ICCBased",
            "11 0 R"
          ],
          "decodeparms": [
            null
          ],
          "filter": [
            null
          ],
          "filterable": false,
          "height": 1,
          "name": "/BIcc",
          "object": "6 0 R",
          "width": 1
        },
        {
          "bitspercomponent": 8,
          "colorspace": [
            "/Indexed",
            "/DeviceRGB",
            0,
            "12 0 R"
          ],
          "decodeparms": [
            null
          ],
          "filter": [
            null
          ],
          "filterable": false,
          "height": 1,
          "name": "/CIndexed",
          "object": "7 0 R",
          "width": 1
        },
        {
          "bitspercomponent": 8,
          "colorspace": [
            "/Separation",
            "/Spot",
            "/DeviceRGB",
            {
              "/C0": [
                1,
                1,
                1
              ],
              "/C1": [
                0,
                0,
                0
              ],
              "/Domain": [
                0,
                1
              ],
              "/FunctionType": 2,
              "/N": 1
            }
          ],
          "decodeparms": [
            null
          ],
          "filter": [
            null
          ],
          "filterable": false,
          "height": 1,
          "name": "/DSeparation",
          "object": "8 0 R",
          "width": 1
        },
        {
          "bitspercomponent": 8,
          "colorspace": "/DeviceRGB",
          "decodeparms": [
            null
          ],
          "filter": [
            null
          ],
          "filterable": false,
          "height": 1,
          "name": "/EExternal",
          "object": "9 0 R",
          "width": 1
        },
        {
          "bitspercomponent": 8,
          "colorspace": "/DeviceGray",
          "decodeparms": [
            {
              "/Name": "/Identity"
            }
          ],
          "filter": [
            "/Crypt"
          ],
          "filterable": false,
          "height": 1,
          "name": "/FCrypt",
          "object": "10 0 R",
          "width": 1
        },
        {
          "bitspercomponent": 8,
          "colorspace": "/Alias",
          "decodeparms": [
            null
          ],
          "filter": [
            null
          ],
          "filterable": false,
          "height": 1,
          "name": "/GAlias",
          "object": "13 0 R",
          "width": 1
        }
      ],
      "label": null,
      "object": "3 0 R",
      "outlines": [],
      "pageposfrom1": 1
    }
  ],
  "pagelabels": [],
  "acroform": {
    "fields": [],
    "hasacroform": false,
    "needappearances": false
  },
  "attachments": {},
  "encrypt": {
    "capabilities": {
      "accessibility": true,
      "extract": true,
      "modify": true,
      "modifyannotations": true,
      "modifyassembly": true,
      "modifyforms": true,
      "modifyother": true,
      "printhigh": true,
      "printlow": true
    },
    "encrypted": false,
    "ownerpasswordmatched": false,
    "parameters": {
      "P": 0,
      "R": 0,
      "V": 0,
      "bits": 0,
      "filemethod": "none",
      "key": null,
      "method": "none",
      "streammethod": "none",
      "stringmethod": "none"
    },
    "recovereduserpassword": null,
    "userpasswordmatched": false
  },
  "outlines": [],
  "qpdf": [
    {
      "jsonversion": 2,
      "pdfversion": "2.0",
      "pushedinheritedpageresources": false,
      "calledgetallpages": true,
      "maxobjectid": 15
    },
    {
      "obj:1 0 R": {
        "value": {
          "/Pages": "2 0 R",
          "/Type": "/Catalog"
        }
      },
      "obj:2 0 R": {
        "value": {
          "/Count": 1,
          "/Kids": [
            "3 0 R"
          ],
          "/Type": "/Pages"
        }
      },
      "obj:3 0 R": {
        "value": {
          "/Contents": "4 0 R",
          "/CropBox": [
            0,
            0,
            120,
            100
          ],
          "/MediaBox": [
            0,
            0,
            120,
            100
          ],
          "/Parent": "2 0 R",
          "/Resources": {
            "/ColorSpace": {
              "/Alias": "/DeviceRGB"
            },
            "/XObject": {
              "/AMalformed": "5 0 R",
              "/BIcc": "6 0 R",
              "/CIndexed": "7 0 R",
              "/DSeparation": "8 0 R",
              "/EExternal": "9 0 R",
              "/FCrypt": "10 0 R",
              "/GAlias": "13 0 R"
            }
          },
          "/Type": "/Page"
        }
      },
      "obj:4 0 R": {
        "stream": {
          "data": "",
          "dict": {}
        }
      },
      "obj:5 0 R": {
        "stream": {
          "data": "gA==",
          "dict": {
            "/BitsPerComponent": 8,
            "/ColorSpace": "/Pattern",
            "/Height": 1,
            "/Subtype": "/Image",
            "/Type": "/XObject",
            "/Width": 1
          }
        }
      },
      "obj:6 0 R": {
        "stream": {
          "data": "/wAA",
          "dict": {
            "/BitsPerComponent": 8,
            "/ColorSpace": [
              "/ICCBased",
              "11 0 R"
            ],
            "/Height": 1,
            "/Subtype": "/Image",
            "/Type": "/XObject",
            "/Width": 1
          }
        }
      },
      "obj:7 0 R": {
        "stream": {
          "data": "AA==",
          "dict": {
            "/BitsPerComponent": 8,
            "/ColorSpace": [
              "/Indexed",
              "/DeviceRGB",
              0,
              "12 0 R"
            ],
            "/Height": 1,
            "/Subtype": "/Image",
            "/Type": "/XObject",
            "/Width": 1
          }
        }
      },
      "obj:8 0 R": {
        "stream": {
          "data": "gA==",
          "dict": {
            "/BitsPerComponent": 8,
            "/ColorSpace": [
              "/Separation",
              "/Spot",
              "/DeviceRGB",
              {
                "/C0": [
                  1,
                  1,
                  1
                ],
                "/C1": [
                  0,
                  0,
                  0
                ],
                "/Domain": [
                  0,
                  1
                ],
                "/FunctionType": 2,
                "/N": 1
              }
            ],
            "/Height": 1,
            "/Subtype": "/Image",
            "/Type": "/XObject",
            "/Width": 1
          }
        }
      },
      "obj:9 0 R": {
        "stream": {
          "data": "/wAA",
          "dict": {
            "/BitsPerComponent": 8,
            "/ColorSpace": "/DeviceRGB",
            "/F": "u:folio-t14-never-resolve.bin",
            "/Height": 1,
            "/Subtype": "/Image",
            "/Type": "/XObject",
            "/Width": 1
          }
        }
      },
      "obj:10 0 R": {
        "stream": {
          "data": "gA==",
          "dict": {
            "/BitsPerComponent": 8,
            "/ColorSpace": "/DeviceGray",
            "/DecodeParms": {
              "/Name": "/Identity"
            },
            "/Filter": "/Crypt",
            "/Height": 1,
            "/Subtype": "/Image",
            "/Type": "/XObject",
            "/Width": 1
          }
        }
      },
      "obj:11 0 R": {
        "stream": {
          "data": "bm90LWFuLWljYy1wcm9maWxl",
          "dict": {
            "/Alternate": "/DeviceRGB",
            "/N": 3
          }
        }
      },
      "obj:12 0 R": {
        "stream": {
          "data": "/wAA",
          "dict": {}
        }
      },
      "obj:13 0 R": {
        "stream": {
          "data": "/wAA",
          "dict": {
            "/BitsPerComponent": 8,
            "/ColorSpace": "/Alias",
            "/Height": 1,
            "/Subtype": "/Image",
            "/Type": "/XObject",
            "/Width": 1
          }
        }
      },
      "obj:14 0 R": {
        "stream": {
          "data": "eJxtUF2LwjAQ/Cv7D5JWz1MQwcYP5BCl3oMgPuTSvSNSsyGNUv+924Z7EHzYsDOz7MwmBwkDGOYwnYrvh0cQe/2HDYgvWzVwGrBcwhmEopuLkMFs9jrZvQFZyvtJscXK6oJaOEkmspxLyn5BIP+OL7GhWzBsyXsV1RQOXhvs0Ly2mpMs8G4NluuiMxfH3c8FTez1ra5/KVyxgo/kXmyMgVHq1cZV2LL2mfDigF4HHS05GCdquWwjBqdrmCRipcLD85kywXVKkKVfYPcugCIX+eAGhv/sE9VUWZU=",
          "dict": {
            "/Filter": "/FlateDecode",
            "/First": 9,
            "/N": 2,
            "/Type": "/ObjStm"
          }
        }
      },
      "obj:15 0 R": {
        "stream": {
          "data": "eJwVw0ENgDAQAMHdawkfUnSgoR+CJfTwwQ4a0FKOSQYYshK0v7IjJxr5wjiwbPnFeuNUc88Pzgsfr+YFsw==",
          "dict": {
            "/Filter": "/FlateDecode",
            "/ID": [
              "b:392433d6f15a976d699c9872cb363d12",
              "b:392433d6f15a976d699c9872cb363d12"
            ],
            "/Index": [
              0,
              16
            ],
            "/Root": "1 0 R",
            "/Size": 16,
            "/Type": "/XRef",
            "/W": [
              1,
              2,
              1
            ]
          }
        }
      },
      "trailer": {
        "value": {
          "/Filter": "/FlateDecode",
          "/ID": [
            "b:392433d6f15a976d699c9872cb363d12",
            "b:392433d6f15a976d699c9872cb363d12"
          ],
          "/Index": [
            0,
            16
          ],
          "/Length": 61,
          "/Root": "1 0 R",
          "/Size": 16,
          "/Type": "/XRef",
          "/W": [
            1,
            2,
            1
          ]
        }
      }
    }
  ]
}
